make[1]: Entering directory `/home/chuan/Desktop/magic-8.2'
--- making header file database/database.h
./scripts/makedbh database/database.h.in database/database.h
--- making modules
for dir in cmwind commands database dbwind debug drc extflat extract graphics netmenu plow resis select sim textio tiles utils windows wiring ext2sim ext2spice calma cif plot lef garouter grouter irouter mzrouter router gcr tcltk magic net2ir tcltk; do \
		(cd $dir && make module); done
make[2]: Entering directory `/home/chuan/Desktop/magic-8.2/cmwind'
--- compiling cmwind/CMWmain.o
rm -f CMWmain.o
gcc -g -m64 -fPIC -Wimplicit-int -fPIC  -I/usr/include/tcl8.6/tk-private/generic -I/usr/include/tcl8.6 -I. -I..  -DCAD_DIR=\"/home/chuan/Desktop/magic_install/lib\" -DBIN_DIR=\"/home/chuan/Desktop/magic_install/bin\" -DTCL_DIR=\"/home/chuan/Desktop/magic_install/lib/magic/tcl\" -DPACKAGE_NAME=\"\" -DPACKAGE_TARNAME=\"\" -DPACKAGE_VERSION=\"\" -DPACKAGE_STRING=\"\" -DPACKAGE_BUGREPORT=\"\" -DPACKAGE_URL=\"\" -DMAGIC_VERSION=\"8.2\" -DMAGIC_REVISION=\"19\" -DSTDC_HEADERS=1 -DHAVE_SYS_TYPES_H=1 -DHAVE_SYS_STAT_H=1 -DHAVE_STDLIB_H=1 -DHAVE_STRING_H=1 -DHAVE_MEMORY_H=1 -DHAVE_STRINGS_H=1 -DHAVE_INTTYPES_H=1 -DHAVE_STDINT_H=1 -DHAVE_UNISTD_H=1 -DSIZEOF_VOID_P=8 -DSIZEOF_UNSIGNED_INT=4 -DSIZEOF_UNSIGNED_LONG=8 -DSIZEOF_UNSIGNED_LONG_LONG=8 -DSTDC_HEADERS=1 -DHAVE_SETENV=1 -DHAVE_PUTENV=1 -DHAVE_SYS_MMAN_H=1 -DHAVE_DIRENT_H=1 -DHAVE_LIMITS_H=1 -DHAVE_PATHS_H=1 -DHAVE_VA_COPY=1 -DHAVE___VA_COPY=1 -DFILE_LOCKS=1 -DCALMA_MODULE=1 -DCIF_MODULE=1 -DX11_BACKING_STORE=1 -DPLOT_MODULE=1 -DLEF_MODULE=1 -DROUTE_MODULE=1 -DUSE_NEW_MACROS=1 -DVECTOR_FONTS=1 -DHAVE_LIBCAIRO=1 -DMAGIC_WRAPPER=1 -Dlinux=1 -DSYSV=1 -DISC=1 -DNDEBUG -DGCORE=\"/usr/bin/gcore\" -DSHDLIB_EXT=\".so\"  -c CMWmain.c
--- compiling cmwind/CMWcmmnds.o
rm -f CMWcmmnds.o
gcc -g -m64 -fPIC -Wimplicit-int -fPIC  -I/usr/include/tcl8.6/tk-private/generic -I/usr/include/tcl8.6 -I. -I..  -DCAD_DIR=\"/home/chuan/Desktop/magic_install/lib\" -DBIN_DIR=\"/home/chuan/Desktop/magic_install/bin\" -DTCL_DIR=\"/home/chuan/Desktop/magic_install/lib/magic/tcl\" -DPACKAGE_NAME=\"\" -DPACKAGE_TARNAME=\"\" -DPACKAGE_VERSION=\"\" -DPACKAGE_STRING=\"\" -DPACKAGE_BUGREPORT=\"\" -DPACKAGE_URL=\"\" -DMAGIC_VERSION=\"8.2\" -DMAGIC_REVISION=\"19\" -DSTDC_HEADERS=1 -DHAVE_SYS_TYPES_H=1 -DHAVE_SYS_STAT_H=1 -DHAVE_STDLIB_H=1 -DHAVE_STRING_H=1 -DHAVE_MEMORY_H=1 -DHAVE_STRINGS_H=1 -DHAVE_INTTYPES_H=1 -DHAVE_STDINT_H=1 -DHAVE_UNISTD_H=1 -DSIZEOF_VOID_P=8 -DSIZEOF_UNSIGNED_INT=4 -DSIZEOF_UNSIGNED_LONG=8 -DSIZEOF_UNSIGNED_LONG_LONG=8 -DSTDC_HEADERS=1 -DHAVE_SETENV=1 -DHAVE_PUTENV=1 -DHAVE_SYS_MMAN_H=1 -DHAVE_DIRENT_H=1 -DHAVE_LIMITS_H=1 -DHAVE_PATHS_H=1 -DHAVE_VA_COPY=1 -DHAVE___VA_COPY=1 -DFILE_LOCKS=1 -DCALMA_MODULE=1 -DCIF_MODULE=1 -DX11_BACKING_STORE=1 -DPLOT_MODULE=1 -DLEF_MODULE=1 -DROUTE_MODULE=1 -DUSE_NEW_MACROS=1 -DVECTOR_FONTS=1 -DHAVE_LIBCAIRO=1 -DMAGIC_WRAPPER=1 -Dlinux=1 -DSYSV=1 -DISC=1 -DNDEBUG -DGCORE=\"/usr/bin/gcore\" -DSHDLIB_EXT=\".so\"  -c CMWcmmnds.c
--- compiling cmwind/CMWundo.o
rm -f CMWundo.o
gcc -g -m64 -fPIC -Wimplicit-int -fPIC  -I/usr/include/tcl8.6/tk-private/generic -I/usr/include/tcl8.6 -I. -I..  -DCAD_DIR=\"/home/chuan/Desktop/magic_install/lib\" -DBIN_DIR=\"/home/chuan/Desktop/magic_install/bin\" -DTCL_DIR=\"/home/chuan/Desktop/magic_install/lib/magic/tcl\" -DPACKAGE_NAME=\"\" -DPACKAGE_TARNAME=\"\" -DPACKAGE_VERSION=\"\" -DPACKAGE_STRING=\"\" -DPACKAGE_BUGREPORT=\"\" -DPACKAGE_URL=\"\" -DMAGIC_VERSION=\"8.2\" -DMAGIC_REVISION=\"19\" -DSTDC_HEADERS=1 -DHAVE_SYS_TYPES_H=1 -DHAVE_SYS_STAT_H=1 -DHAVE_STDLIB_H=1 -DHAVE_STRING_H=1 -DHAVE_MEMORY_H=1 -DHAVE_STRINGS_H=1 -DHAVE_INTTYPES_H=1 -DHAVE_STDINT_H=1 -DHAVE_UNISTD_H=1 -DSIZEOF_VOID_P=8 -DSIZEOF_UNSIGNED_INT=4 -DSIZEOF_UNSIGNED_LONG=8 -DSIZEOF_UNSIGNED_LONG_LONG=8 -DSTDC_HEADERS=1 -DHAVE_SETENV=1 -DHAVE_PUTENV=1 -DHAVE_SYS_MMAN_H=1 -DHAVE_DIRENT_H=1 -DHAVE_LIMITS_H=1 -DHAVE_PATHS_H=1 -DHAVE_VA_COPY=1 -DHAVE___VA_COPY=1 -DFILE_LOCKS=1 -DCALMA_MODULE=1 -DCIF_MODULE=1 -DX11_BACKING_STORE=1 -DPLOT_MODULE=1 -DLEF_MODULE=1 -DROUTE_MODULE=1 -DUSE_NEW_MACROS=1 -DVECTOR_FONTS=1 -DHAVE_LIBCAIRO=1 -DMAGIC_WRAPPER=1 -Dlinux=1 -DSYSV=1 -DISC=1 -DNDEBUG -DGCORE=\"/usr/bin/gcore\" -DSHDLIB_EXT=\".so\"  -c CMWundo.c
--- compiling cmwind/CMWrgbhsv.o
rm -f CMWrgbhsv.o
gcc -g -m64 -fPIC -Wimplicit-int -fPIC  -I/usr/include/tcl8.6/tk-private/generic -I/usr/include/tcl8.6 -I. -I..  -DCAD_DIR=\"/home/chuan/Desktop/magic_install/lib\" -DBIN_DIR=\"/home/chuan/Desktop/magic_install/bin\" -DTCL_DIR=\"/home/chuan/Desktop/magic_install/lib/magic/tcl\" -DPACKAGE_NAME=\"\" -DPACKAGE_TARNAME=\"\" -DPACKAGE_VERSION=\"\" -DPACKAGE_STRING=\"\" -DPACKAGE_BUGREPORT=\"\" -DPACKAGE_URL=\"\" -DMAGIC_VERSION=\"8.2\" -DMAGIC_REVISION=\"19\" -DSTDC_HEADERS=1 -DHAVE_SYS_TYPES_H=1 -DHAVE_SYS_STAT_H=1 -DHAVE_STDLIB_H=1 -DHAVE_STRING_H=1 -DHAVE_MEMORY_H=1 -DHAVE_STRINGS_H=1 -DHAVE_INTTYPES_H=1 -DHAVE_STDINT_H=1 -DHAVE_UNISTD_H=1 -DSIZEOF_VOID_P=8 -DSIZEOF_UNSIGNED_INT=4 -DSIZEOF_UNSIGNED_LONG=8 -DSIZEOF_UNSIGNED_LONG_LONG=8 -DSTDC_HEADERS=1 -DHAVE_SETENV=1 -DHAVE_PUTENV=1 -DHAVE_SYS_MMAN_H=1 -DHAVE_DIRENT_H=1 -DHAVE_LIMITS_H=1 -DHAVE_PATHS_H=1 -DHAVE_VA_COPY=1 -DHAVE___VA_COPY=1 -DFILE_LOCKS=1 -DCALMA_MODULE=1 -DCIF_MODULE=1 -DX11_BACKING_STORE=1 -DPLOT_MODULE=1 -DLEF_MODULE=1 -DROUTE_MODULE=1 -DUSE_NEW_MACROS=1 -DVECTOR_FONTS=1 -DHAVE_LIBCAIRO=1 -DMAGIC_WRAPPER=1 -Dlinux=1 -DSYSV=1 -DISC=1 -DNDEBUG -DGCORE=\"/usr/bin/gcore\" -DSHDLIB_EXT=\".so\"  -c CMWrgbhsv.c
--- linking libcmwind.o
rm -f libcmwind.o
ld -r CMWmain.o CMWcmmnds.o CMWundo.o CMWrgbhsv.o  -o libcmwind.o 
make[2]: Leaving directory `/home/chuan/Desktop/magic-8.2/cmwind'
make[2]: Entering directory `/home/chuan/Desktop/magic-8.2/commands'
--- compiling commands/CmdSubrs.o
rm -f CmdSubrs.o
gcc -g -m64 -fPIC -Wimplicit-int -fPIC  -I/usr/include/tcl8.6/tk-private/generic -I/usr/include/tcl8.6 -I. -I..  -DCAD_DIR=\"/home/chuan/Desktop/magic_install/lib\" -DBIN_DIR=\"/home/chuan/Desktop/magic_install/bin\" -DTCL_DIR=\"/home/chuan/Desktop/magic_install/lib/magic/tcl\" -DPACKAGE_NAME=\"\" -DPACKAGE_TARNAME=\"\" -DPACKAGE_VERSION=\"\" -DPACKAGE_STRING=\"\" -DPACKAGE_BUGREPORT=\"\" -DPACKAGE_URL=\"\" -DMAGIC_VERSION=\"8.2\" -DMAGIC_REVISION=\"19\" -DSTDC_HEADERS=1 -DHAVE_SYS_TYPES_H=1 -DHAVE_SYS_STAT_H=1 -DHAVE_STDLIB_H=1 -DHAVE_STRING_H=1 -DHAVE_MEMORY_H=1 -DHAVE_STRINGS_H=1 -DHAVE_INTTYPES_H=1 -DHAVE_STDINT_H=1 -DHAVE_UNISTD_H=1 -DSIZEOF_VOID_P=8 -DSIZEOF_UNSIGNED_INT=4 -DSIZEOF_UNSIGNED_LONG=8 -DSIZEOF_UNSIGNED_LONG_LONG=8 -DSTDC_HEADERS=1 -DHAVE_SETENV=1 -DHAVE_PUTENV=1 -DHAVE_SYS_MMAN_H=1 -DHAVE_DIRENT_H=1 -DHAVE_LIMITS_H=1 -DHAVE_PATHS_H=1 -DHAVE_VA_COPY=1 -DHAVE___VA_COPY=1 -DFILE_LOCKS=1 -DCALMA_MODULE=1 -DCIF_MODULE=1 -DX11_BACKING_STORE=1 -DPLOT_MODULE=1 -DLEF_MODULE=1 -DROUTE_MODULE=1 -DUSE_NEW_MACROS=1 -DVECTOR_FONTS=1 -DHAVE_LIBCAIRO=1 -DMAGIC_WRAPPER=1 -Dlinux=1 -DSYSV=1 -DISC=1 -DNDEBUG -DGCORE=\"/usr/bin/gcore\" -DSHDLIB_EXT=\".so\"  -c CmdSubrs.c
--- compiling commands/CmdAB.o
rm -f CmdAB.o
gcc -g -m64 -fPIC -Wimplicit-int -fPIC  -I/usr/include/tcl8.6/tk-private/generic -I/usr/include/tcl8.6 -I. -I..  -DCAD_DIR=\"/home/chuan/Desktop/magic_install/lib\" -DBIN_DIR=\"/home/chuan/Desktop/magic_install/bin\" -DTCL_DIR=\"/home/chuan/Desktop/magic_install/lib/magic/tcl\" -DPACKAGE_NAME=\"\" -DPACKAGE_TARNAME=\"\" -DPACKAGE_VERSION=\"\" -DPACKAGE_STRING=\"\" -DPACKAGE_BUGREPORT=\"\" -DPACKAGE_URL=\"\" -DMAGIC_VERSION=\"8.2\" -DMAGIC_REVISION=\"19\" -DSTDC_HEADERS=1 -DHAVE_SYS_TYPES_H=1 -DHAVE_SYS_STAT_H=1 -DHAVE_STDLIB_H=1 -DHAVE_STRING_H=1 -DHAVE_MEMORY_H=1 -DHAVE_STRINGS_H=1 -DHAVE_INTTYPES_H=1 -DHAVE_STDINT_H=1 -DHAVE_UNISTD_H=1 -DSIZEOF_VOID_P=8 -DSIZEOF_UNSIGNED_INT=4 -DSIZEOF_UNSIGNED_LONG=8 -DSIZEOF_UNSIGNED_LONG_LONG=8 -DSTDC_HEADERS=1 -DHAVE_SETENV=1 -DHAVE_PUTENV=1 -DHAVE_SYS_MMAN_H=1 -DHAVE_DIRENT_H=1 -DHAVE_LIMITS_H=1 -DHAVE_PATHS_H=1 -DHAVE_VA_COPY=1 -DHAVE___VA_COPY=1 -DFILE_LOCKS=1 -DCALMA_MODULE=1 -DCIF_MODULE=1 -DX11_BACKING_STORE=1 -DPLOT_MODULE=1 -DLEF_MODULE=1 -DROUTE_MODULE=1 -DUSE_NEW_MACROS=1 -DVECTOR_FONTS=1 -DHAVE_LIBCAIRO=1 -DMAGIC_WRAPPER=1 -Dlinux=1 -DSYSV=1 -DISC=1 -DNDEBUG -DGCORE=\"/usr/bin/gcore\" -DSHDLIB_EXT=\".so\"  -c CmdAB.c
--- compiling commands/CmdCD.o
rm -f CmdCD.o
gcc -g -m64 -fPIC -Wimplicit-int -fPIC  -I/usr/include/tcl8.6/tk-private/generic -I/usr/include/tcl8.6 -I. -I..  -DCAD_DIR=\"/home/chuan/Desktop/magic_install/lib\" -DBIN_DIR=\"/home/chuan/Desktop/magic_install/bin\" -DTCL_DIR=\"/home/chuan/Desktop/magic_install/lib/magic/tcl\" -DPACKAGE_NAME=\"\" -DPACKAGE_TARNAME=\"\" -DPACKAGE_VERSION=\"\" -DPACKAGE_STRING=\"\" -DPACKAGE_BUGREPORT=\"\" -DPACKAGE_URL=\"\" -DMAGIC_VERSION=\"8.2\" -DMAGIC_REVISION=\"19\" -DSTDC_HEADERS=1 -DHAVE_SYS_TYPES_H=1 -DHAVE_SYS_STAT_H=1 -DHAVE_STDLIB_H=1 -DHAVE_STRING_H=1 -DHAVE_MEMORY_H=1 -DHAVE_STRINGS_H=1 -DHAVE_INTTYPES_H=1 -DHAVE_STDINT_H=1 -DHAVE_UNISTD_H=1 -DSIZEOF_VOID_P=8 -DSIZEOF_UNSIGNED_INT=4 -DSIZEOF_UNSIGNED_LONG=8 -DSIZEOF_UNSIGNED_LONG_LONG=8 -DSTDC_HEADERS=1 -DHAVE_SETENV=1 -DHAVE_PUTENV=1 -DHAVE_SYS_MMAN_H=1 -DHAVE_DIRENT_H=1 -DHAVE_LIMITS_H=1 -DHAVE_PATHS_H=1 -DHAVE_VA_COPY=1 -DHAVE___VA_COPY=1 -DFILE_LOCKS=1 -DCALMA_MODULE=1 -DCIF_MODULE=1 -DX11_BACKING_STORE=1 -DPLOT_MODULE=1 -DLEF_MODULE=1 -DROUTE_MODULE=1 -DUSE_NEW_MACROS=1 -DVECTOR_FONTS=1 -DHAVE_LIBCAIRO=1 -DMAGIC_WRAPPER=1 -Dlinux=1 -DSYSV=1 -DISC=1 -DNDEBUG -DGCORE=\"/usr/bin/gcore\" -DSHDLIB_EXT=\".so\"  -c CmdCD.c
--- compiling commands/CmdE.o
rm -f CmdE.o
gcc -g -m64 -fPIC -Wimplicit-int -fPIC  -I/usr/include/tcl8.6/tk-private/generic -I/usr/include/tcl8.6 -I. -I..  -DCAD_DIR=\"/home/chuan/Desktop/magic_install/lib\" -DBIN_DIR=\"/home/chuan/Desktop/magic_install/bin\" -DTCL_DIR=\"/home/chuan/Desktop/magic_install/lib/magic/tcl\" -DPACKAGE_NAME=\"\" -DPACKAGE_TARNAME=\"\" -DPACKAGE_VERSION=\"\" -DPACKAGE_STRING=\"\" -DPACKAGE_BUGREPORT=\"\" -DPACKAGE_URL=\"\" -DMAGIC_VERSION=\"8.2\" -DMAGIC_REVISION=\"19\" -DSTDC_HEADERS=1 -DHAVE_SYS_TYPES_H=1 -DHAVE_SYS_STAT_H=1 -DHAVE_STDLIB_H=1 -DHAVE_STRING_H=1 -DHAVE_MEMORY_H=1 -DHAVE_STRINGS_H=1 -DHAVE_INTTYPES_H=1 -DHAVE_STDINT_H=1 -DHAVE_UNISTD_H=1 -DSIZEOF_VOID_P=8 -DSIZEOF_UNSIGNED_INT=4 -DSIZEOF_UNSIGNED_LONG=8 -DSIZEOF_UNSIGNED_LONG_LONG=8 -DSTDC_HEADERS=1 -DHAVE_SETENV=1 -DHAVE_PUTENV=1 -DHAVE_SYS_MMAN_H=1 -DHAVE_DIRENT_H=1 -DHAVE_LIMITS_H=1 -DHAVE_PATHS_H=1 -DHAVE_VA_COPY=1 -DHAVE___VA_COPY=1 -DFILE_LOCKS=1 -DCALMA_MODULE=1 -DCIF_MODULE=1 -DX11_BACKING_STORE=1 -DPLOT_MODULE=1 -DLEF_MODULE=1 -DROUTE_MODULE=1 -DUSE_NEW_MACROS=1 -DVECTOR_FONTS=1 -DHAVE_LIBCAIRO=1 -DMAGIC_WRAPPER=1 -Dlinux=1 -DSYSV=1 -DISC=1 -DNDEBUG -DGCORE=\"/usr/bin/gcore\" -DSHDLIB_EXT=\".so\"  -c CmdE.c
--- compiling commands/CmdFI.o
rm -f CmdFI.o
gcc -g -m64 -fPIC -Wimplicit-int -fPIC  -I/usr/include/tcl8.6/tk-private/generic -I/usr/include/tcl8.6 -I. -I..  -DCAD_DIR=\"/home/chuan/Desktop/magic_install/lib\" -DBIN_DIR=\"/home/chuan/Desktop/magic_install/bin\" -DTCL_DIR=\"/home/chuan/Desktop/magic_install/lib/magic/tcl\" -DPACKAGE_NAME=\"\" -DPACKAGE_TARNAME=\"\" -DPACKAGE_VERSION=\"\" -DPACKAGE_STRING=\"\" -DPACKAGE_BUGREPORT=\"\" -DPACKAGE_URL=\"\" -DMAGIC_VERSION=\"8.2\" -DMAGIC_REVISION=\"19\" -DSTDC_HEADERS=1 -DHAVE_SYS_TYPES_H=1 -DHAVE_SYS_STAT_H=1 -DHAVE_STDLIB_H=1 -DHAVE_STRING_H=1 -DHAVE_MEMORY_H=1 -DHAVE_STRINGS_H=1 -DHAVE_INTTYPES_H=1 -DHAVE_STDINT_H=1 -DHAVE_UNISTD_H=1 -DSIZEOF_VOID_P=8 -DSIZEOF_UNSIGNED_INT=4 -DSIZEOF_UNSIGNED_LONG=8 -DSIZEOF_UNSIGNED_LONG_LONG=8 -DSTDC_HEADERS=1 -DHAVE_SETENV=1 -DHAVE_PUTENV=1 -DHAVE_SYS_MMAN_H=1 -DHAVE_DIRENT_H=1 -DHAVE_LIMITS_H=1 -DHAVE_PATHS_H=1 -DHAVE_VA_COPY=1 -DHAVE___VA_COPY=1 -DFILE_LOCKS=1 -DCALMA_MODULE=1 -DCIF_MODULE=1 -DX11_BACKING_STORE=1 -DPLOT_MODULE=1 -DLEF_MODULE=1 -DROUTE_MODULE=1 -DUSE_NEW_MACROS=1 -DVECTOR_FONTS=1 -DHAVE_LIBCAIRO=1 -DMAGIC_WRAPPER=1 -Dlinux=1 -DSYSV=1 -DISC=1 -DNDEBUG -DGCORE=\"/usr/bin/gcore\" -DSHDLIB_EXT=\".so\"  -c CmdFI.c
--- compiling commands/CmdLQ.o
rm -f CmdLQ.o
gcc -g -m64 -fPIC -Wimplicit-int -fPIC  -I/usr/include/tcl8.6/tk-private/generic -I/usr/include/tcl8.6 -I. -I..  -DCAD_DIR=\"/home/chuan/Desktop/magic_install/lib\" -DBIN_DIR=\"/home/chuan/Desktop/magic_install/bin\" -DTCL_DIR=\"/home/chuan/Desktop/magic_install/lib/magic/tcl\" -DPACKAGE_NAME=\"\" -DPACKAGE_TARNAME=\"\" -DPACKAGE_VERSION=\"\" -DPACKAGE_STRING=\"\" -DPACKAGE_BUGREPORT=\"\" -DPACKAGE_URL=\"\" -DMAGIC_VERSION=\"8.2\" -DMAGIC_REVISION=\"19\" -DSTDC_HEADERS=1 -DHAVE_SYS_TYPES_H=1 -DHAVE_SYS_STAT_H=1 -DHAVE_STDLIB_H=1 -DHAVE_STRING_H=1 -DHAVE_MEMORY_H=1 -DHAVE_STRINGS_H=1 -DHAVE_INTTYPES_H=1 -DHAVE_STDINT_H=1 -DHAVE_UNISTD_H=1 -DSIZEOF_VOID_P=8 -DSIZEOF_UNSIGNED_INT=4 -DSIZEOF_UNSIGNED_LONG=8 -DSIZEOF_UNSIGNED_LONG_LONG=8 -DSTDC_HEADERS=1 -DHAVE_SETENV=1 -DHAVE_PUTENV=1 -DHAVE_SYS_MMAN_H=1 -DHAVE_DIRENT_H=1 -DHAVE_LIMITS_H=1 -DHAVE_PATHS_H=1 -DHAVE_VA_COPY=1 -DHAVE___VA_COPY=1 -DFILE_LOCKS=1 -DCALMA_MODULE=1 -DCIF_MODULE=1 -DX11_BACKING_STORE=1 -DPLOT_MODULE=1 -DLEF_MODULE=1 -DROUTE_MODULE=1 -DUSE_NEW_MACROS=1 -DVECTOR_FONTS=1 -DHAVE_LIBCAIRO=1 -DMAGIC_WRAPPER=1 -Dlinux=1 -DSYSV=1 -DISC=1 -DNDEBUG -DGCORE=\"/usr/bin/gcore\" -DSHDLIB_EXT=\".so\"  -c CmdLQ.c
--- compiling commands/CmdRS.o
rm -f CmdRS.o
gcc -g -m64 -fPIC -Wimplicit-int -fPIC  -I/usr/include/tcl8.6/tk-private/generic -I/usr/include/tcl8.6 -I. -I..  -DCAD_DIR=\"/home/chuan/Desktop/magic_install/lib\" -DBIN_DIR=\"/home/chuan/Desktop/magic_install/bin\" -DTCL_DIR=\"/home/chuan/Desktop/magic_install/lib/magic/tcl\" -DPACKAGE_NAME=\"\" -DPACKAGE_TARNAME=\"\" -DPACKAGE_VERSION=\"\" -DPACKAGE_STRING=\"\" -DPACKAGE_BUGREPORT=\"\" -DPACKAGE_URL=\"\" -DMAGIC_VERSION=\"8.2\" -DMAGIC_REVISION=\"19\" -DSTDC_HEADERS=1 -DHAVE_SYS_TYPES_H=1 -DHAVE_SYS_STAT_H=1 -DHAVE_STDLIB_H=1 -DHAVE_STRING_H=1 -DHAVE_MEMORY_H=1 -DHAVE_STRINGS_H=1 -DHAVE_INTTYPES_H=1 -DHAVE_STDINT_H=1 -DHAVE_UNISTD_H=1 -DSIZEOF_VOID_P=8 -DSIZEOF_UNSIGNED_INT=4 -DSIZEOF_UNSIGNED_LONG=8 -DSIZEOF_UNSIGNED_LONG_LONG=8 -DSTDC_HEADERS=1 -DHAVE_SETENV=1 -DHAVE_PUTENV=1 -DHAVE_SYS_MMAN_H=1 -DHAVE_DIRENT_H=1 -DHAVE_LIMITS_H=1 -DHAVE_PATHS_H=1 -DHAVE_VA_COPY=1 -DHAVE___VA_COPY=1 -DFILE_LOCKS=1 -DCALMA_MODULE=1 -DCIF_MODULE=1 -DX11_BACKING_STORE=1 -DPLOT_MODULE=1 -DLEF_MODULE=1 -DROUTE_MODULE=1 -DUSE_NEW_MACROS=1 -DVECTOR_FONTS=1 -DHAVE_LIBCAIRO=1 -DMAGIC_WRAPPER=1 -Dlinux=1 -DSYSV=1 -DISC=1 -DNDEBUG -DGCORE=\"/usr/bin/gcore\" -DSHDLIB_EXT=\".so\"  -c CmdRS.c
--- compiling commands/CmdTZ.o
rm -f CmdTZ.o
gcc -g -m64 -fPIC -Wimplicit-int -fPIC  -I/usr/include/tcl8.6/tk-private/generic -I/usr/include/tcl8.6 -I. -I..  -DCAD_DIR=\"/home/chuan/Desktop/magic_install/lib\" -DBIN_DIR=\"/home/chuan/Desktop/magic_install/bin\" -DTCL_DIR=\"/home/chuan/Desktop/magic_install/lib/magic/tcl\" -DPACKAGE_NAME=\"\" -DPACKAGE_TARNAME=\"\" -DPACKAGE_VERSION=\"\" -DPACKAGE_STRING=\"\" -DPACKAGE_BUGREPORT=\"\" -DPACKAGE_URL=\"\" -DMAGIC_VERSION=\"8.2\" -DMAGIC_REVISION=\"19\" -DSTDC_HEADERS=1 -DHAVE_SYS_TYPES_H=1 -DHAVE_SYS_STAT_H=1 -DHAVE_STDLIB_H=1 -DHAVE_STRING_H=1 -DHAVE_MEMORY_H=1 -DHAVE_STRINGS_H=1 -DHAVE_INTTYPES_H=1 -DHAVE_STDINT_H=1 -DHAVE_UNISTD_H=1 -DSIZEOF_VOID_P=8 -DSIZEOF_UNSIGNED_INT=4 -DSIZEOF_UNSIGNED_LONG=8 -DSIZEOF_UNSIGNED_LONG_LONG=8 -DSTDC_HEADERS=1 -DHAVE_SETENV=1 -DHAVE_PUTENV=1 -DHAVE_SYS_MMAN_H=1 -DHAVE_DIRENT_H=1 -DHAVE_LIMITS_H=1 -DHAVE_PATHS_H=1 -DHAVE_VA_COPY=1 -DHAVE___VA_COPY=1 -DFILE_LOCKS=1 -DCALMA_MODULE=1 -DCIF_MODULE=1 -DX11_BACKING_STORE=1 -DPLOT_MODULE=1 -DLEF_MODULE=1 -DROUTE_MODULE=1 -DUSE_NEW_MACROS=1 -DVECTOR_FONTS=1 -DHAVE_LIBCAIRO=1 -DMAGIC_WRAPPER=1 -Dlinux=1 -DSYSV=1 -DISC=1 -DNDEBUG -DGCORE=\"/usr/bin/gcore\" -DSHDLIB_EXT=\".so\"  -c CmdTZ.c
--- compiling commands/CmdWizard.o
rm -f CmdWizard.o
gcc -g -m64 -fPIC -Wimplicit-int -fPIC  -I/usr/include/tcl8.6/tk-private/generic -I/usr/include/tcl8.6 -I. -I..  -DCAD_DIR=\"/home/chuan/Desktop/magic_install/lib\" -DBIN_DIR=\"/home/chuan/Desktop/magic_install/bin\" -DTCL_DIR=\"/home/chuan/Desktop/magic_install/lib/magic/tcl\" -DPACKAGE_NAME=\"\" -DPACKAGE_TARNAME=\"\" -DPACKAGE_VERSION=\"\" -DPACKAGE_STRING=\"\" -DPACKAGE_BUGREPORT=\"\" -DPACKAGE_URL=\"\" -DMAGIC_VERSION=\"8.2\" -DMAGIC_REVISION=\"19\" -DSTDC_HEADERS=1 -DHAVE_SYS_TYPES_H=1 -DHAVE_SYS_STAT_H=1 -DHAVE_STDLIB_H=1 -DHAVE_STRING_H=1 -DHAVE_MEMORY_H=1 -DHAVE_STRINGS_H=1 -DHAVE_INTTYPES_H=1 -DHAVE_STDINT_H=1 -DHAVE_UNISTD_H=1 -DSIZEOF_VOID_P=8 -DSIZEOF_UNSIGNED_INT=4 -DSIZEOF_UNSIGNED_LONG=8 -DSIZEOF_UNSIGNED_LONG_LONG=8 -DSTDC_HEADERS=1 -DHAVE_SETENV=1 -DHAVE_PUTENV=1 -DHAVE_SYS_MMAN_H=1 -DHAVE_DIRENT_H=1 -DHAVE_LIMITS_H=1 -DHAVE_PATHS_H=1 -DHAVE_VA_COPY=1 -DHAVE___VA_COPY=1 -DFILE_LOCKS=1 -DCALMA_MODULE=1 -DCIF_MODULE=1 -DX11_BACKING_STORE=1 -DPLOT_MODULE=1 -DLEF_MODULE=1 -DROUTE_MODULE=1 -DUSE_NEW_MACROS=1 -DVECTOR_FONTS=1 -DHAVE_LIBCAIRO=1 -DMAGIC_WRAPPER=1 -Dlinux=1 -DSYSV=1 -DISC=1 -DNDEBUG -DGCORE=\"/usr/bin/gcore\" -DSHDLIB_EXT=\".so\"  -c CmdWizard.c
--- compiling commands/CmdAuto.o
rm -f CmdAuto.o
gcc -g -m64 -fPIC -Wimplicit-int -fPIC  -I/usr/include/tcl8.6/tk-private/generic -I/usr/include/tcl8.6 -I. -I..  -DCAD_DIR=\"/home/chuan/Desktop/magic_install/lib\" -DBIN_DIR=\"/home/chuan/Desktop/magic_install/bin\" -DTCL_DIR=\"/home/chuan/Desktop/magic_install/lib/magic/tcl\" -DPACKAGE_NAME=\"\" -DPACKAGE_TARNAME=\"\" -DPACKAGE_VERSION=\"\" -DPACKAGE_STRING=\"\" -DPACKAGE_BUGREPORT=\"\" -DPACKAGE_URL=\"\" -DMAGIC_VERSION=\"8.2\" -DMAGIC_REVISION=\"19\" -DSTDC_HEADERS=1 -DHAVE_SYS_TYPES_H=1 -DHAVE_SYS_STAT_H=1 -DHAVE_STDLIB_H=1 -DHAVE_STRING_H=1 -DHAVE_MEMORY_H=1 -DHAVE_STRINGS_H=1 -DHAVE_INTTYPES_H=1 -DHAVE_STDINT_H=1 -DHAVE_UNISTD_H=1 -DSIZEOF_VOID_P=8 -DSIZEOF_UNSIGNED_INT=4 -DSIZEOF_UNSIGNED_LONG=8 -DSIZEOF_UNSIGNED_LONG_LONG=8 -DSTDC_HEADERS=1 -DHAVE_SETENV=1 -DHAVE_PUTENV=1 -DHAVE_SYS_MMAN_H=1 -DHAVE_DIRENT_H=1 -DHAVE_LIMITS_H=1 -DHAVE_PATHS_H=1 -DHAVE_VA_COPY=1 -DHAVE___VA_COPY=1 -DFILE_LOCKS=1 -DCALMA_MODULE=1 -DCIF_MODULE=1 -DX11_BACKING_STORE=1 -DPLOT_MODULE=1 -DLEF_MODULE=1 -DROUTE_MODULE=1 -DUSE_NEW_MACROS=1 -DVECTOR_FONTS=1 -DHAVE_LIBCAIRO=1 -DMAGIC_WRAPPER=1 -Dlinux=1 -DSYSV=1 -DISC=1 -DNDEBUG -DGCORE=\"/usr/bin/gcore\" -DSHDLIB_EXT=\".so\"  -c CmdAuto.c
--- linking libcommands.o
rm -f libcommands.o
ld -r CmdSubrs.o CmdAB.o CmdCD.o CmdE.o CmdFI.o CmdLQ.o CmdRS.o CmdTZ.o CmdWizard.o CmdAuto.o  -o libcommands.o 
make[2]: Leaving directory `/home/chuan/Desktop/magic-8.2/commands'
make[2]: Entering directory `/home/chuan/Desktop/magic-8.2/database'
--- compiling database/DBbound.o
rm -f DBbound.o
gcc -g -m64 -fPIC -Wimplicit-int -fPIC  -I/usr/include/tcl8.6/tk-private/generic -I/usr/include/tcl8.6 -I. -I..  -DCAD_DIR=\"/home/chuan/Desktop/magic_install/lib\" -DBIN_DIR=\"/home/chuan/Desktop/magic_install/bin\" -DTCL_DIR=\"/home/chuan/Desktop/magic_install/lib/magic/tcl\" -DPACKAGE_NAME=\"\" -DPACKAGE_TARNAME=\"\" -DPACKAGE_VERSION=\"\" -DPACKAGE_STRING=\"\" -DPACKAGE_BUGREPORT=\"\" -DPACKAGE_URL=\"\" -DMAGIC_VERSION=\"8.2\" -DMAGIC_REVISION=\"19\" -DSTDC_HEADERS=1 -DHAVE_SYS_TYPES_H=1 -DHAVE_SYS_STAT_H=1 -DHAVE_STDLIB_H=1 -DHAVE_STRING_H=1 -DHAVE_MEMORY_H=1 -DHAVE_STRINGS_H=1 -DHAVE_INTTYPES_H=1 -DHAVE_STDINT_H=1 -DHAVE_UNISTD_H=1 -DSIZEOF_VOID_P=8 -DSIZEOF_UNSIGNED_INT=4 -DSIZEOF_UNSIGNED_LONG=8 -DSIZEOF_UNSIGNED_LONG_LONG=8 -DSTDC_HEADERS=1 -DHAVE_SETENV=1 -DHAVE_PUTENV=1 -DHAVE_SYS_MMAN_H=1 -DHAVE_DIRENT_H=1 -DHAVE_LIMITS_H=1 -DHAVE_PATHS_H=1 -DHAVE_VA_COPY=1 -DHAVE___VA_COPY=1 -DFILE_LOCKS=1 -DCALMA_MODULE=1 -DCIF_MODULE=1 -DX11_BACKING_STORE=1 -DPLOT_MODULE=1 -DLEF_MODULE=1 -DROUTE_MODULE=1 -DUSE_NEW_MACROS=1 -DVECTOR_FONTS=1 -DHAVE_LIBCAIRO=1 -DMAGIC_WRAPPER=1 -Dlinux=1 -DSYSV=1 -DISC=1 -DNDEBUG -DGCORE=\"/usr/bin/gcore\" -DSHDLIB_EXT=\".so\"  -c DBbound.c
--- compiling database/DBcell.o
rm -f DBcell.o
gcc -g -m64 -fPIC -Wimplicit-int -fPIC  -I/usr/include/tcl8.6/tk-private/generic -I/usr/include/tcl8.6 -I. -I..  -DCAD_DIR=\"/home/chuan/Desktop/magic_install/lib\" -DBIN_DIR=\"/home/chuan/Desktop/magic_install/bin\" -DTCL_DIR=\"/home/chuan/Desktop/magic_install/lib/magic/tcl\" -DPACKAGE_NAME=\"\" -DPACKAGE_TARNAME=\"\" -DPACKAGE_VERSION=\"\" -DPACKAGE_STRING=\"\" -DPACKAGE_BUGREPORT=\"\" -DPACKAGE_URL=\"\" -DMAGIC_VERSION=\"8.2\" -DMAGIC_REVISION=\"19\" -DSTDC_HEADERS=1 -DHAVE_SYS_TYPES_H=1 -DHAVE_SYS_STAT_H=1 -DHAVE_STDLIB_H=1 -DHAVE_STRING_H=1 -DHAVE_MEMORY_H=1 -DHAVE_STRINGS_H=1 -DHAVE_INTTYPES_H=1 -DHAVE_STDINT_H=1 -DHAVE_UNISTD_H=1 -DSIZEOF_VOID_P=8 -DSIZEOF_UNSIGNED_INT=4 -DSIZEOF_UNSIGNED_LONG=8 -DSIZEOF_UNSIGNED_LONG_LONG=8 -DSTDC_HEADERS=1 -DHAVE_SETENV=1 -DHAVE_PUTENV=1 -DHAVE_SYS_MMAN_H=1 -DHAVE_DIRENT_H=1 -DHAVE_LIMITS_H=1 -DHAVE_PATHS_H=1 -DHAVE_VA_COPY=1 -DHAVE___VA_COPY=1 -DFILE_LOCKS=1 -DCALMA_MODULE=1 -DCIF_MODULE=1 -DX11_BACKING_STORE=1 -DPLOT_MODULE=1 -DLEF_MODULE=1 -DROUTE_MODULE=1 -DUSE_NEW_MACROS=1 -DVECTOR_FONTS=1 -DHAVE_LIBCAIRO=1 -DMAGIC_WRAPPER=1 -Dlinux=1 -DSYSV=1 -DISC=1 -DNDEBUG -DGCORE=\"/usr/bin/gcore\" -DSHDLIB_EXT=\".so\"  -c DBcell.c
--- compiling database/DBcellbox.o
rm -f DBcellbox.o
gcc -g -m64 -fPIC -Wimplicit-int -fPIC  -I/usr/include/tcl8.6/tk-private/generic -I/usr/include/tcl8.6 -I. -I..  -DCAD_DIR=\"/home/chuan/Desktop/magic_install/lib\" -DBIN_DIR=\"/home/chuan/Desktop/magic_install/bin\" -DTCL_DIR=\"/home/chuan/Desktop/magic_install/lib/magic/tcl\" -DPACKAGE_NAME=\"\" -DPACKAGE_TARNAME=\"\" -DPACKAGE_VERSION=\"\" -DPACKAGE_STRING=\"\" -DPACKAGE_BUGREPORT=\"\" -DPACKAGE_URL=\"\" -DMAGIC_VERSION=\"8.2\" -DMAGIC_REVISION=\"19\" -DSTDC_HEADERS=1 -DHAVE_SYS_TYPES_H=1 -DHAVE_SYS_STAT_H=1 -DHAVE_STDLIB_H=1 -DHAVE_STRING_H=1 -DHAVE_MEMORY_H=1 -DHAVE_STRINGS_H=1 -DHAVE_INTTYPES_H=1 -DHAVE_STDINT_H=1 -DHAVE_UNISTD_H=1 -DSIZEOF_VOID_P=8 -DSIZEOF_UNSIGNED_INT=4 -DSIZEOF_UNSIGNED_LONG=8 -DSIZEOF_UNSIGNED_LONG_LONG=8 -DSTDC_HEADERS=1 -DHAVE_SETENV=1 -DHAVE_PUTENV=1 -DHAVE_SYS_MMAN_H=1 -DHAVE_DIRENT_H=1 -DHAVE_LIMITS_H=1 -DHAVE_PATHS_H=1 -DHAVE_VA_COPY=1 -DHAVE___VA_COPY=1 -DFILE_LOCKS=1 -DCALMA_MODULE=1 -DCIF_MODULE=1 -DX11_BACKING_STORE=1 -DPLOT_MODULE=1 -DLEF_MODULE=1 -DROUTE_MODULE=1 -DUSE_NEW_MACROS=1 -DVECTOR_FONTS=1 -DHAVE_LIBCAIRO=1 -DMAGIC_WRAPPER=1 -Dlinux=1 -DSYSV=1 -DISC=1 -DNDEBUG -DGCORE=\"/usr/bin/gcore\" -DSHDLIB_EXT=\".so\"  -c DBcellbox.c
--- compiling database/DBcellcopy.o
rm -f DBcellcopy.o
gcc -g -m64 -fPIC -Wimplicit-int -fPIC  -I/usr/include/tcl8.6/tk-private/generic -I/usr/include/tcl8.6 -I. -I..  -DCAD_DIR=\"/home/chuan/Desktop/magic_install/lib\" -DBIN_DIR=\"/home/chuan/Desktop/magic_install/bin\" -DTCL_DIR=\"/home/chuan/Desktop/magic_install/lib/magic/tcl\" -DPACKAGE_NAME=\"\" -DPACKAGE_TARNAME=\"\" -DPACKAGE_VERSION=\"\" -DPACKAGE_STRING=\"\" -DPACKAGE_BUGREPORT=\"\" -DPACKAGE_URL=\"\" -DMAGIC_VERSION=\"8.2\" -DMAGIC_REVISION=\"19\" -DSTDC_HEADERS=1 -DHAVE_SYS_TYPES_H=1 -DHAVE_SYS_STAT_H=1 -DHAVE_STDLIB_H=1 -DHAVE_STRING_H=1 -DHAVE_MEMORY_H=1 -DHAVE_STRINGS_H=1 -DHAVE_INTTYPES_H=1 -DHAVE_STDINT_H=1 -DHAVE_UNISTD_H=1 -DSIZEOF_VOID_P=8 -DSIZEOF_UNSIGNED_INT=4 -DSIZEOF_UNSIGNED_LONG=8 -DSIZEOF_UNSIGNED_LONG_LONG=8 -DSTDC_HEADERS=1 -DHAVE_SETENV=1 -DHAVE_PUTENV=1 -DHAVE_SYS_MMAN_H=1 -DHAVE_DIRENT_H=1 -DHAVE_LIMITS_H=1 -DHAVE_PATHS_H=1 -DHAVE_VA_COPY=1 -DHAVE___VA_COPY=1 -DFILE_LOCKS=1 -DCALMA_MODULE=1 -DCIF_MODULE=1 -DX11_BACKING_STORE=1 -DPLOT_MODULE=1 -DLEF_MODULE=1 -DROUTE_MODULE=1 -DUSE_NEW_MACROS=1 -DVECTOR_FONTS=1 -DHAVE_LIBCAIRO=1 -DMAGIC_WRAPPER=1 -Dlinux=1 -DSYSV=1 -DISC=1 -DNDEBUG -DGCORE=\"/usr/bin/gcore\" -DSHDLIB_EXT=\".so\"  -c DBcellcopy.c
--- compiling database/DBcellname.o
rm -f DBcellname.o
gcc -g -m64 -fPIC -Wimplicit-int -fPIC  -I/usr/include/tcl8.6/tk-private/generic -I/usr/include/tcl8.6 -I. -I..  -DCAD_DIR=\"/home/chuan/Desktop/magic_install/lib\" -DBIN_DIR=\"/home/chuan/Desktop/magic_install/bin\" -DTCL_DIR=\"/home/chuan/Desktop/magic_install/lib/magic/tcl\" -DPACKAGE_NAME=\"\" -DPACKAGE_TARNAME=\"\" -DPACKAGE_VERSION=\"\" -DPACKAGE_STRING=\"\" -DPACKAGE_BUGREPORT=\"\" -DPACKAGE_URL=\"\" -DMAGIC_VERSION=\"8.2\" -DMAGIC_REVISION=\"19\" -DSTDC_HEADERS=1 -DHAVE_SYS_TYPES_H=1 -DHAVE_SYS_STAT_H=1 -DHAVE_STDLIB_H=1 -DHAVE_STRING_H=1 -DHAVE_MEMORY_H=1 -DHAVE_STRINGS_H=1 -DHAVE_INTTYPES_H=1 -DHAVE_STDINT_H=1 -DHAVE_UNISTD_H=1 -DSIZEOF_VOID_P=8 -DSIZEOF_UNSIGNED_INT=4 -DSIZEOF_UNSIGNED_LONG=8 -DSIZEOF_UNSIGNED_LONG_LONG=8 -DSTDC_HEADERS=1 -DHAVE_SETENV=1 -DHAVE_PUTENV=1 -DHAVE_SYS_MMAN_H=1 -DHAVE_DIRENT_H=1 -DHAVE_LIMITS_H=1 -DHAVE_PATHS_H=1 -DHAVE_VA_COPY=1 -DHAVE___VA_COPY=1 -DFILE_LOCKS=1 -DCALMA_MODULE=1 -DCIF_MODULE=1 -DX11_BACKING_STORE=1 -DPLOT_MODULE=1 -DLEF_MODULE=1 -DROUTE_MODULE=1 -DUSE_NEW_MACROS=1 -DVECTOR_FONTS=1 -DHAVE_LIBCAIRO=1 -DMAGIC_WRAPPER=1 -Dlinux=1 -DSYSV=1 -DISC=1 -DNDEBUG -DGCORE=\"/usr/bin/gcore\" -DSHDLIB_EXT=\".so\"  -c DBcellname.c
--- compiling database/DBcellsrch.o
rm -f DBcellsrch.o
gcc -g -m64 -fPIC -Wimplicit-int -fPIC  -I/usr/include/tcl8.6/tk-private/generic -I/usr/include/tcl8.6 -I. -I..  -DCAD_DIR=\"/home/chuan/Desktop/magic_install/lib\" -DBIN_DIR=\"/home/chuan/Desktop/magic_install/bin\" -DTCL_DIR=\"/home/chuan/Desktop/magic_install/lib/magic/tcl\" -DPACKAGE_NAME=\"\" -DPACKAGE_TARNAME=\"\" -DPACKAGE_VERSION=\"\" -DPACKAGE_STRING=\"\" -DPACKAGE_BUGREPORT=\"\" -DPACKAGE_URL=\"\" -DMAGIC_VERSION=\"8.2\" -DMAGIC_REVISION=\"19\" -DSTDC_HEADERS=1 -DHAVE_SYS_TYPES_H=1 -DHAVE_SYS_STAT_H=1 -DHAVE_STDLIB_H=1 -DHAVE_STRING_H=1 -DHAVE_MEMORY_H=1 -DHAVE_STRINGS_H=1 -DHAVE_INTTYPES_H=1 -DHAVE_STDINT_H=1 -DHAVE_UNISTD_H=1 -DSIZEOF_VOID_P=8 -DSIZEOF_UNSIGNED_INT=4 -DSIZEOF_UNSIGNED_LONG=8 -DSIZEOF_UNSIGNED_LONG_LONG=8 -DSTDC_HEADERS=1 -DHAVE_SETENV=1 -DHAVE_PUTENV=1 -DHAVE_SYS_MMAN_H=1 -DHAVE_DIRENT_H=1 -DHAVE_LIMITS_H=1 -DHAVE_PATHS_H=1 -DHAVE_VA_COPY=1 -DHAVE___VA_COPY=1 -DFILE_LOCKS=1 -DCALMA_MODULE=1 -DCIF_MODULE=1 -DX11_BACKING_STORE=1 -DPLOT_MODULE=1 -DLEF_MODULE=1 -DROUTE_MODULE=1 -DUSE_NEW_MACROS=1 -DVECTOR_FONTS=1 -DHAVE_LIBCAIRO=1 -DMAGIC_WRAPPER=1 -Dlinux=1 -DSYSV=1 -DISC=1 -DNDEBUG -DGCORE=\"/usr/bin/gcore\" -DSHDLIB_EXT=\".so\"  -c DBcellsrch.c
--- compiling database/DBcellsel.o
rm -f DBcellsel.o
gcc -g -m64 -fPIC -Wimplicit-int -fPIC  -I/usr/include/tcl8.6/tk-private/generic -I/usr/include/tcl8.6 -I. -I..  -DCAD_DIR=\"/home/chuan/Desktop/magic_install/lib\" -DBIN_DIR=\"/home/chuan/Desktop/magic_install/bin\" -DTCL_DIR=\"/home/chuan/Desktop/magic_install/lib/magic/tcl\" -DPACKAGE_NAME=\"\" -DPACKAGE_TARNAME=\"\" -DPACKAGE_VERSION=\"\" -DPACKAGE_STRING=\"\" -DPACKAGE_BUGREPORT=\"\" -DPACKAGE_URL=\"\" -DMAGIC_VERSION=\"8.2\" -DMAGIC_REVISION=\"19\" -DSTDC_HEADERS=1 -DHAVE_SYS_TYPES_H=1 -DHAVE_SYS_STAT_H=1 -DHAVE_STDLIB_H=1 -DHAVE_STRING_H=1 -DHAVE_MEMORY_H=1 -DHAVE_STRINGS_H=1 -DHAVE_INTTYPES_H=1 -DHAVE_STDINT_H=1 -DHAVE_UNISTD_H=1 -DSIZEOF_VOID_P=8 -DSIZEOF_UNSIGNED_INT=4 -DSIZEOF_UNSIGNED_LONG=8 -DSIZEOF_UNSIGNED_LONG_LONG=8 -DSTDC_HEADERS=1 -DHAVE_SETENV=1 -DHAVE_PUTENV=1 -DHAVE_SYS_MMAN_H=1 -DHAVE_DIRENT_H=1 -DHAVE_LIMITS_H=1 -DHAVE_PATHS_H=1 -DHAVE_VA_COPY=1 -DHAVE___VA_COPY=1 -DFILE_LOCKS=1 -DCALMA_MODULE=1 -DCIF_MODULE=1 -DX11_BACKING_STORE=1 -DPLOT_MODULE=1 -DLEF_MODULE=1 -DROUTE_MODULE=1 -DUSE_NEW_MACROS=1 -DVECTOR_FONTS=1 -DHAVE_LIBCAIRO=1 -DMAGIC_WRAPPER=1 -Dlinux=1 -DSYSV=1 -DISC=1 -DNDEBUG -DGCORE=\"/usr/bin/gcore\" -DSHDLIB_EXT=\".so\"  -c DBcellsel.c
--- compiling database/DBcellsubr.o
rm -f DBcellsubr.o
gcc -g -m64 -fPIC -Wimplicit-int -fPIC  -I/usr/include/tcl8.6/tk-private/generic -I/usr/include/tcl8.6 -I. -I..  -DCAD_DIR=\"/home/chuan/Desktop/magic_install/lib\" -DBIN_DIR=\"/home/chuan/Desktop/magic_install/bin\" -DTCL_DIR=\"/home/chuan/Desktop/magic_install/lib/magic/tcl\" -DPACKAGE_NAME=\"\" -DPACKAGE_TARNAME=\"\" -DPACKAGE_VERSION=\"\" -DPACKAGE_STRING=\"\" -DPACKAGE_BUGREPORT=\"\" -DPACKAGE_URL=\"\" -DMAGIC_VERSION=\"8.2\" -DMAGIC_REVISION=\"19\" -DSTDC_HEADERS=1 -DHAVE_SYS_TYPES_H=1 -DHAVE_SYS_STAT_H=1 -DHAVE_STDLIB_H=1 -DHAVE_STRING_H=1 -DHAVE_MEMORY_H=1 -DHAVE_STRINGS_H=1 -DHAVE_INTTYPES_H=1 -DHAVE_STDINT_H=1 -DHAVE_UNISTD_H=1 -DSIZEOF_VOID_P=8 -DSIZEOF_UNSIGNED_INT=4 -DSIZEOF_UNSIGNED_LONG=8 -DSIZEOF_UNSIGNED_LONG_LONG=8 -DSTDC_HEADERS=1 -DHAVE_SETENV=1 -DHAVE_PUTENV=1 -DHAVE_SYS_MMAN_H=1 -DHAVE_DIRENT_H=1 -DHAVE_LIMITS_H=1 -DHAVE_PATHS_H=1 -DHAVE_VA_COPY=1 -DHAVE___VA_COPY=1 -DFILE_LOCKS=1 -DCALMA_MODULE=1 -DCIF_MODULE=1 -DX11_BACKING_STORE=1 -DPLOT_MODULE=1 -DLEF_MODULE=1 -DROUTE_MODULE=1 -DUSE_NEW_MACROS=1 -DVECTOR_FONTS=1 -DHAVE_LIBCAIRO=1 -DMAGIC_WRAPPER=1 -Dlinux=1 -DSYSV=1 -DISC=1 -DNDEBUG -DGCORE=\"/usr/bin/gcore\" -DSHDLIB_EXT=\".so\"  -c DBcellsubr.c
--- compiling database/DBconnect.o
rm -f DBconnect.o
gcc -g -m64 -fPIC -Wimplicit-int -fPIC  -I/usr/include/tcl8.6/tk-private/generic -I/usr/include/tcl8.6 -I. -I..  -DCAD_DIR=\"/home/chuan/Desktop/magic_install/lib\" -DBIN_DIR=\"/home/chuan/Desktop/magic_install/bin\" -DTCL_DIR=\"/home/chuan/Desktop/magic_install/lib/magic/tcl\" -DPACKAGE_NAME=\"\" -DPACKAGE_TARNAME=\"\" -DPACKAGE_VERSION=\"\" -DPACKAGE_STRING=\"\" -DPACKAGE_BUGREPORT=\"\" -DPACKAGE_URL=\"\" -DMAGIC_VERSION=\"8.2\" -DMAGIC_REVISION=\"19\" -DSTDC_HEADERS=1 -DHAVE_SYS_TYPES_H=1 -DHAVE_SYS_STAT_H=1 -DHAVE_STDLIB_H=1 -DHAVE_STRING_H=1 -DHAVE_MEMORY_H=1 -DHAVE_STRINGS_H=1 -DHAVE_INTTYPES_H=1 -DHAVE_STDINT_H=1 -DHAVE_UNISTD_H=1 -DSIZEOF_VOID_P=8 -DSIZEOF_UNSIGNED_INT=4 -DSIZEOF_UNSIGNED_LONG=8 -DSIZEOF_UNSIGNED_LONG_LONG=8 -DSTDC_HEADERS=1 -DHAVE_SETENV=1 -DHAVE_PUTENV=1 -DHAVE_SYS_MMAN_H=1 -DHAVE_DIRENT_H=1 -DHAVE_LIMITS_H=1 -DHAVE_PATHS_H=1 -DHAVE_VA_COPY=1 -DHAVE___VA_COPY=1 -DFILE_LOCKS=1 -DCALMA_MODULE=1 -DCIF_MODULE=1 -DX11_BACKING_STORE=1 -DPLOT_MODULE=1 -DLEF_MODULE=1 -DROUTE_MODULE=1 -DUSE_NEW_MACROS=1 -DVECTOR_FONTS=1 -DHAVE_LIBCAIRO=1 -DMAGIC_WRAPPER=1 -Dlinux=1 -DSYSV=1 -DISC=1 -DNDEBUG -DGCORE=\"/usr/bin/gcore\" -DSHDLIB_EXT=\".so\"  -c DBconnect.c
--- compiling database/DBcount.o
rm -f DBcount.o
gcc -g -m64 -fPIC -Wimplicit-int -fPIC  -I/usr/include/tcl8.6/tk-private/generic -I/usr/include/tcl8.6 -I. -I..  -DCAD_DIR=\"/home/chuan/Desktop/magic_install/lib\" -DBIN_DIR=\"/home/chuan/Desktop/magic_install/bin\" -DTCL_DIR=\"/home/chuan/Desktop/magic_install/lib/magic/tcl\" -DPACKAGE_NAME=\"\" -DPACKAGE_TARNAME=\"\" -DPACKAGE_VERSION=\"\" -DPACKAGE_STRING=\"\" -DPACKAGE_BUGREPORT=\"\" -DPACKAGE_URL=\"\" -DMAGIC_VERSION=\"8.2\" -DMAGIC_REVISION=\"19\" -DSTDC_HEADERS=1 -DHAVE_SYS_TYPES_H=1 -DHAVE_SYS_STAT_H=1 -DHAVE_STDLIB_H=1 -DHAVE_STRING_H=1 -DHAVE_MEMORY_H=1 -DHAVE_STRINGS_H=1 -DHAVE_INTTYPES_H=1 -DHAVE_STDINT_H=1 -DHAVE_UNISTD_H=1 -DSIZEOF_VOID_P=8 -DSIZEOF_UNSIGNED_INT=4 -DSIZEOF_UNSIGNED_LONG=8 -DSIZEOF_UNSIGNED_LONG_LONG=8 -DSTDC_HEADERS=1 -DHAVE_SETENV=1 -DHAVE_PUTENV=1 -DHAVE_SYS_MMAN_H=1 -DHAVE_DIRENT_H=1 -DHAVE_LIMITS_H=1 -DHAVE_PATHS_H=1 -DHAVE_VA_COPY=1 -DHAVE___VA_COPY=1 -DFILE_LOCKS=1 -DCALMA_MODULE=1 -DCIF_MODULE=1 -DX11_BACKING_STORE=1 -DPLOT_MODULE=1 -DLEF_MODULE=1 -DROUTE_MODULE=1 -DUSE_NEW_MACROS=1 -DVECTOR_FONTS=1 -DHAVE_LIBCAIRO=1 -DMAGIC_WRAPPER=1 -Dlinux=1 -DSYSV=1 -DISC=1 -DNDEBUG -DGCORE=\"/usr/bin/gcore\" -DSHDLIB_EXT=\".so\"  -c DBcount.c
--- compiling database/DBexpand.o
rm -f DBexpand.o
gcc -g -m64 -fPIC -Wimplicit-int -fPIC  -I/usr/include/tcl8.6/tk-private/generic -I/usr/include/tcl8.6 -I. -I..  -DCAD_DIR=\"/home/chuan/Desktop/magic_install/lib\" -DBIN_DIR=\"/home/chuan/Desktop/magic_install/bin\" -DTCL_DIR=\"/home/chuan/Desktop/magic_install/lib/magic/tcl\" -DPACKAGE_NAME=\"\" -DPACKAGE_TARNAME=\"\" -DPACKAGE_VERSION=\"\" -DPACKAGE_STRING=\"\" -DPACKAGE_BUGREPORT=\"\" -DPACKAGE_URL=\"\" -DMAGIC_VERSION=\"8.2\" -DMAGIC_REVISION=\"19\" -DSTDC_HEADERS=1 -DHAVE_SYS_TYPES_H=1 -DHAVE_SYS_STAT_H=1 -DHAVE_STDLIB_H=1 -DHAVE_STRING_H=1 -DHAVE_MEMORY_H=1 -DHAVE_STRINGS_H=1 -DHAVE_INTTYPES_H=1 -DHAVE_STDINT_H=1 -DHAVE_UNISTD_H=1 -DSIZEOF_VOID_P=8 -DSIZEOF_UNSIGNED_INT=4 -DSIZEOF_UNSIGNED_LONG=8 -DSIZEOF_UNSIGNED_LONG_LONG=8 -DSTDC_HEADERS=1 -DHAVE_SETENV=1 -DHAVE_PUTENV=1 -DHAVE_SYS_MMAN_H=1 -DHAVE_DIRENT_H=1 -DHAVE_LIMITS_H=1 -DHAVE_PATHS_H=1 -DHAVE_VA_COPY=1 -DHAVE___VA_COPY=1 -DFILE_LOCKS=1 -DCALMA_MODULE=1 -DCIF_MODULE=1 -DX11_BACKING_STORE=1 -DPLOT_MODULE=1 -DLEF_MODULE=1 -DROUTE_MODULE=1 -DUSE_NEW_MACROS=1 -DVECTOR_FONTS=1 -DHAVE_LIBCAIRO=1 -DMAGIC_WRAPPER=1 -Dlinux=1 -DSYSV=1 -DISC=1 -DNDEBUG -DGCORE=\"/usr/bin/gcore\" -DSHDLIB_EXT=\".so\"  -c DBexpand.c
--- compiling database/DBio.o
rm -f DBio.o
gcc -g -m64 -fPIC -Wimplicit-int -fPIC  -I/usr/include/tcl8.6/tk-private/generic -I/usr/include/tcl8.6 -I. -I..  -DCAD_DIR=\"/home/chuan/Desktop/magic_install/lib\" -DBIN_DIR=\"/home/chuan/Desktop/magic_install/bin\" -DTCL_DIR=\"/home/chuan/Desktop/magic_install/lib/magic/tcl\" -DPACKAGE_NAME=\"\" -DPACKAGE_TARNAME=\"\" -DPACKAGE_VERSION=\"\" -DPACKAGE_STRING=\"\" -DPACKAGE_BUGREPORT=\"\" -DPACKAGE_URL=\"\" -DMAGIC_VERSION=\"8.2\" -DMAGIC_REVISION=\"19\" -DSTDC_HEADERS=1 -DHAVE_SYS_TYPES_H=1 -DHAVE_SYS_STAT_H=1 -DHAVE_STDLIB_H=1 -DHAVE_STRING_H=1 -DHAVE_MEMORY_H=1 -DHAVE_STRINGS_H=1 -DHAVE_INTTYPES_H=1 -DHAVE_STDINT_H=1 -DHAVE_UNISTD_H=1 -DSIZEOF_VOID_P=8 -DSIZEOF_UNSIGNED_INT=4 -DSIZEOF_UNSIGNED_LONG=8 -DSIZEOF_UNSIGNED_LONG_LONG=8 -DSTDC_HEADERS=1 -DHAVE_SETENV=1 -DHAVE_PUTENV=1 -DHAVE_SYS_MMAN_H=1 -DHAVE_DIRENT_H=1 -DHAVE_LIMITS_H=1 -DHAVE_PATHS_H=1 -DHAVE_VA_COPY=1 -DHAVE___VA_COPY=1 -DFILE_LOCKS=1 -DCALMA_MODULE=1 -DCIF_MODULE=1 -DX11_BACKING_STORE=1 -DPLOT_MODULE=1 -DLEF_MODULE=1 -DROUTE_MODULE=1 -DUSE_NEW_MACROS=1 -DVECTOR_FONTS=1 -DHAVE_LIBCAIRO=1 -DMAGIC_WRAPPER=1 -Dlinux=1 -DSYSV=1 -DISC=1 -DNDEBUG -DGCORE=\"/usr/bin/gcore\" -DSHDLIB_EXT=\".so\"  -c DBio.c
DBio.c: In function ‘DBCellWriteFile’:
DBio.c:2234:3: warning: format not a string literal and no format arguments [-Wformat-security]
   FPRINTF(f, headerstring);
   ^
DBio.c:2311:6: warning: format not a string literal and no format arguments [-Wformat-security]
      FPRINTF(f, lstring);
      ^
DBio.c:2371:3: warning: format not a string literal and no format arguments [-Wformat-security]
   FPRINTF(f, lstring); 
   ^
DBio.c:2381:2: warning: format not a string literal and no format arguments [-Wformat-security]
  FPRINTF(f, estring);
  ^
DBio.c:2410:2: warning: format not a string literal and no format arguments [-Wformat-security]
  FPRINTF(f, lstring);
  ^
DBio.c: In function ‘dbWritePropFunc’:
DBio.c:2460:5: warning: format not a string literal and no format arguments [-Wformat-security]
     FPRINTR(f, lstring);
     ^
DBio.c: In function ‘dbWritePaintFunc’:
DBio.c:2834:2: warning: format not a string literal and no format arguments [-Wformat-security]
  FPRINTR(arg->wa_file,pstring);
  ^
DBio.c:2851:5: warning: format not a string literal and no format arguments [-Wformat-security]
     FPRINTR(arg->wa_file,pstring);
     ^
DBio.c: In function ‘dbWriteCellFunc’:
DBio.c:2930:5: warning: format not a string literal and no format arguments [-Wformat-security]
     FPRINTR(arg->wa_file, cstring);
     ^
DBio.c:2941:2: warning: format not a string literal and no format arguments [-Wformat-security]
  FPRINTR(arg->wa_file,cstring);
  ^
DBio.c:2945:5: warning: format not a string literal and no format arguments [-Wformat-security]
     FPRINTR(arg->wa_file,cstring)
     ^
DBio.c:2949:5: warning: format not a string literal and no format arguments [-Wformat-security]
     FPRINTR(arg->wa_file,cstring)
     ^
DBio.c:2953:5: warning: format not a string literal and no format arguments [-Wformat-security]
     FPRINTR(arg->wa_file,cstring)
     ^
--- compiling database/DBlabel.o
rm -f DBlabel.o
gcc -g -m64 -fPIC -Wimplicit-int -fPIC  -I/usr/include/tcl8.6/tk-private/generic -I/usr/include/tcl8.6 -I. -I..  -DCAD_DIR=\"/home/chuan/Desktop/magic_install/lib\" -DBIN_DIR=\"/home/chuan/Desktop/magic_install/bin\" -DTCL_DIR=\"/home/chuan/Desktop/magic_install/lib/magic/tcl\" -DPACKAGE_NAME=\"\" -DPACKAGE_TARNAME=\"\" -DPACKAGE_VERSION=\"\" -DPACKAGE_STRING=\"\" -DPACKAGE_BUGREPORT=\"\" -DPACKAGE_URL=\"\" -DMAGIC_VERSION=\"8.2\" -DMAGIC_REVISION=\"19\" -DSTDC_HEADERS=1 -DHAVE_SYS_TYPES_H=1 -DHAVE_SYS_STAT_H=1 -DHAVE_STDLIB_H=1 -DHAVE_STRING_H=1 -DHAVE_MEMORY_H=1 -DHAVE_STRINGS_H=1 -DHAVE_INTTYPES_H=1 -DHAVE_STDINT_H=1 -DHAVE_UNISTD_H=1 -DSIZEOF_VOID_P=8 -DSIZEOF_UNSIGNED_INT=4 -DSIZEOF_UNSIGNED_LONG=8 -DSIZEOF_UNSIGNED_LONG_LONG=8 -DSTDC_HEADERS=1 -DHAVE_SETENV=1 -DHAVE_PUTENV=1 -DHAVE_SYS_MMAN_H=1 -DHAVE_DIRENT_H=1 -DHAVE_LIMITS_H=1 -DHAVE_PATHS_H=1 -DHAVE_VA_COPY=1 -DHAVE___VA_COPY=1 -DFILE_LOCKS=1 -DCALMA_MODULE=1 -DCIF_MODULE=1 -DX11_BACKING_STORE=1 -DPLOT_MODULE=1 -DLEF_MODULE=1 -DROUTE_MODULE=1 -DUSE_NEW_MACROS=1 -DVECTOR_FONTS=1 -DHAVE_LIBCAIRO=1 -DMAGIC_WRAPPER=1 -Dlinux=1 -DSYSV=1 -DISC=1 -DNDEBUG -DGCORE=\"/usr/bin/gcore\" -DSHDLIB_EXT=\".so\"  -c DBlabel.c
--- compiling database/DBlabel2.o
rm -f DBlabel2.o
gcc -g -m64 -fPIC -Wimplicit-int -fPIC  -I/usr/include/tcl8.6/tk-private/generic -I/usr/include/tcl8.6 -I. -I..  -DCAD_DIR=\"/home/chuan/Desktop/magic_install/lib\" -DBIN_DIR=\"/home/chuan/Desktop/magic_install/bin\" -DTCL_DIR=\"/home/chuan/Desktop/magic_install/lib/magic/tcl\" -DPACKAGE_NAME=\"\" -DPACKAGE_TARNAME=\"\" -DPACKAGE_VERSION=\"\" -DPACKAGE_STRING=\"\" -DPACKAGE_BUGREPORT=\"\" -DPACKAGE_URL=\"\" -DMAGIC_VERSION=\"8.2\" -DMAGIC_REVISION=\"19\" -DSTDC_HEADERS=1 -DHAVE_SYS_TYPES_H=1 -DHAVE_SYS_STAT_H=1 -DHAVE_STDLIB_H=1 -DHAVE_STRING_H=1 -DHAVE_MEMORY_H=1 -DHAVE_STRINGS_H=1 -DHAVE_INTTYPES_H=1 -DHAVE_STDINT_H=1 -DHAVE_UNISTD_H=1 -DSIZEOF_VOID_P=8 -DSIZEOF_UNSIGNED_INT=4 -DSIZEOF_UNSIGNED_LONG=8 -DSIZEOF_UNSIGNED_LONG_LONG=8 -DSTDC_HEADERS=1 -DHAVE_SETENV=1 -DHAVE_PUTENV=1 -DHAVE_SYS_MMAN_H=1 -DHAVE_DIRENT_H=1 -DHAVE_LIMITS_H=1 -DHAVE_PATHS_H=1 -DHAVE_VA_COPY=1 -DHAVE___VA_COPY=1 -DFILE_LOCKS=1 -DCALMA_MODULE=1 -DCIF_MODULE=1 -DX11_BACKING_STORE=1 -DPLOT_MODULE=1 -DLEF_MODULE=1 -DROUTE_MODULE=1 -DUSE_NEW_MACROS=1 -DVECTOR_FONTS=1 -DHAVE_LIBCAIRO=1 -DMAGIC_WRAPPER=1 -Dlinux=1 -DSYSV=1 -DISC=1 -DNDEBUG -DGCORE=\"/usr/bin/gcore\" -DSHDLIB_EXT=\".so\"  -c DBlabel2.c
--- compiling database/DBpaint2.o
rm -f DBpaint2.o
gcc -g -m64 -fPIC -Wimplicit-int -fPIC  -I/usr/include/tcl8.6/tk-private/generic -I/usr/include/tcl8.6 -I. -I..  -DCAD_DIR=\"/home/chuan/Desktop/magic_install/lib\" -DBIN_DIR=\"/home/chuan/Desktop/magic_install/bin\" -DTCL_DIR=\"/home/chuan/Desktop/magic_install/lib/magic/tcl\" -DPACKAGE_NAME=\"\" -DPACKAGE_TARNAME=\"\" -DPACKAGE_VERSION=\"\" -DPACKAGE_STRING=\"\" -DPACKAGE_BUGREPORT=\"\" -DPACKAGE_URL=\"\" -DMAGIC_VERSION=\"8.2\" -DMAGIC_REVISION=\"19\" -DSTDC_HEADERS=1 -DHAVE_SYS_TYPES_H=1 -DHAVE_SYS_STAT_H=1 -DHAVE_STDLIB_H=1 -DHAVE_STRING_H=1 -DHAVE_MEMORY_H=1 -DHAVE_STRINGS_H=1 -DHAVE_INTTYPES_H=1 -DHAVE_STDINT_H=1 -DHAVE_UNISTD_H=1 -DSIZEOF_VOID_P=8 -DSIZEOF_UNSIGNED_INT=4 -DSIZEOF_UNSIGNED_LONG=8 -DSIZEOF_UNSIGNED_LONG_LONG=8 -DSTDC_HEADERS=1 -DHAVE_SETENV=1 -DHAVE_PUTENV=1 -DHAVE_SYS_MMAN_H=1 -DHAVE_DIRENT_H=1 -DHAVE_LIMITS_H=1 -DHAVE_PATHS_H=1 -DHAVE_VA_COPY=1 -DHAVE___VA_COPY=1 -DFILE_LOCKS=1 -DCALMA_MODULE=1 -DCIF_MODULE=1 -DX11_BACKING_STORE=1 -DPLOT_MODULE=1 -DLEF_MODULE=1 -DROUTE_MODULE=1 -DUSE_NEW_MACROS=1 -DVECTOR_FONTS=1 -DHAVE_LIBCAIRO=1 -DMAGIC_WRAPPER=1 -Dlinux=1 -DSYSV=1 -DISC=1 -DNDEBUG -DGCORE=\"/usr/bin/gcore\" -DSHDLIB_EXT=\".so\"  -c DBpaint2.c
--- compiling database/DBpaint.o
rm -f DBpaint.o
gcc -g -m64 -fPIC -Wimplicit-int -fPIC  -I/usr/include/tcl8.6/tk-private/generic -I/usr/include/tcl8.6 -I. -I..  -DCAD_DIR=\"/home/chuan/Desktop/magic_install/lib\" -DBIN_DIR=\"/home/chuan/Desktop/magic_install/bin\" -DTCL_DIR=\"/home/chuan/Desktop/magic_install/lib/magic/tcl\" -DPACKAGE_NAME=\"\" -DPACKAGE_TARNAME=\"\" -DPACKAGE_VERSION=\"\" -DPACKAGE_STRING=\"\" -DPACKAGE_BUGREPORT=\"\" -DPACKAGE_URL=\"\" -DMAGIC_VERSION=\"8.2\" -DMAGIC_REVISION=\"19\" -DSTDC_HEADERS=1 -DHAVE_SYS_TYPES_H=1 -DHAVE_SYS_STAT_H=1 -DHAVE_STDLIB_H=1 -DHAVE_STRING_H=1 -DHAVE_MEMORY_H=1 -DHAVE_STRINGS_H=1 -DHAVE_INTTYPES_H=1 -DHAVE_STDINT_H=1 -DHAVE_UNISTD_H=1 -DSIZEOF_VOID_P=8 -DSIZEOF_UNSIGNED_INT=4 -DSIZEOF_UNSIGNED_LONG=8 -DSIZEOF_UNSIGNED_LONG_LONG=8 -DSTDC_HEADERS=1 -DHAVE_SETENV=1 -DHAVE_PUTENV=1 -DHAVE_SYS_MMAN_H=1 -DHAVE_DIRENT_H=1 -DHAVE_LIMITS_H=1 -DHAVE_PATHS_H=1 -DHAVE_VA_COPY=1 -DHAVE___VA_COPY=1 -DFILE_LOCKS=1 -DCALMA_MODULE=1 -DCIF_MODULE=1 -DX11_BACKING_STORE=1 -DPLOT_MODULE=1 -DLEF_MODULE=1 -DROUTE_MODULE=1 -DUSE_NEW_MACROS=1 -DVECTOR_FONTS=1 -DHAVE_LIBCAIRO=1 -DMAGIC_WRAPPER=1 -Dlinux=1 -DSYSV=1 -DISC=1 -DNDEBUG -DGCORE=\"/usr/bin/gcore\" -DSHDLIB_EXT=\".so\"  -c DBpaint.c
--- compiling database/DBprop.o
rm -f DBprop.o
gcc -g -m64 -fPIC -Wimplicit-int -fPIC  -I/usr/include/tcl8.6/tk-private/generic -I/usr/include/tcl8.6 -I. -I..  -DCAD_DIR=\"/home/chuan/Desktop/magic_install/lib\" -DBIN_DIR=\"/home/chuan/Desktop/magic_install/bin\" -DTCL_DIR=\"/home/chuan/Desktop/magic_install/lib/magic/tcl\" -DPACKAGE_NAME=\"\" -DPACKAGE_TARNAME=\"\" -DPACKAGE_VERSION=\"\" -DPACKAGE_STRING=\"\" -DPACKAGE_BUGREPORT=\"\" -DPACKAGE_URL=\"\" -DMAGIC_VERSION=\"8.2\" -DMAGIC_REVISION=\"19\" -DSTDC_HEADERS=1 -DHAVE_SYS_TYPES_H=1 -DHAVE_SYS_STAT_H=1 -DHAVE_STDLIB_H=1 -DHAVE_STRING_H=1 -DHAVE_MEMORY_H=1 -DHAVE_STRINGS_H=1 -DHAVE_INTTYPES_H=1 -DHAVE_STDINT_H=1 -DHAVE_UNISTD_H=1 -DSIZEOF_VOID_P=8 -DSIZEOF_UNSIGNED_INT=4 -DSIZEOF_UNSIGNED_LONG=8 -DSIZEOF_UNSIGNED_LONG_LONG=8 -DSTDC_HEADERS=1 -DHAVE_SETENV=1 -DHAVE_PUTENV=1 -DHAVE_SYS_MMAN_H=1 -DHAVE_DIRENT_H=1 -DHAVE_LIMITS_H=1 -DHAVE_PATHS_H=1 -DHAVE_VA_COPY=1 -DHAVE___VA_COPY=1 -DFILE_LOCKS=1 -DCALMA_MODULE=1 -DCIF_MODULE=1 -DX11_BACKING_STORE=1 -DPLOT_MODULE=1 -DLEF_MODULE=1 -DROUTE_MODULE=1 -DUSE_NEW_MACROS=1 -DVECTOR_FONTS=1 -DHAVE_LIBCAIRO=1 -DMAGIC_WRAPPER=1 -Dlinux=1 -DSYSV=1 -DISC=1 -DNDEBUG -DGCORE=\"/usr/bin/gcore\" -DSHDLIB_EXT=\".so\"  -c DBprop.c
--- compiling database/DBtech.o
rm -f DBtech.o
gcc -g -m64 -fPIC -Wimplicit-int -fPIC  -I/usr/include/tcl8.6/tk-private/generic -I/usr/include/tcl8.6 -I. -I..  -DCAD_DIR=\"/home/chuan/Desktop/magic_install/lib\" -DBIN_DIR=\"/home/chuan/Desktop/magic_install/bin\" -DTCL_DIR=\"/home/chuan/Desktop/magic_install/lib/magic/tcl\" -DPACKAGE_NAME=\"\" -DPACKAGE_TARNAME=\"\" -DPACKAGE_VERSION=\"\" -DPACKAGE_STRING=\"\" -DPACKAGE_BUGREPORT=\"\" -DPACKAGE_URL=\"\" -DMAGIC_VERSION=\"8.2\" -DMAGIC_REVISION=\"19\" -DSTDC_HEADERS=1 -DHAVE_SYS_TYPES_H=1 -DHAVE_SYS_STAT_H=1 -DHAVE_STDLIB_H=1 -DHAVE_STRING_H=1 -DHAVE_MEMORY_H=1 -DHAVE_STRINGS_H=1 -DHAVE_INTTYPES_H=1 -DHAVE_STDINT_H=1 -DHAVE_UNISTD_H=1 -DSIZEOF_VOID_P=8 -DSIZEOF_UNSIGNED_INT=4 -DSIZEOF_UNSIGNED_LONG=8 -DSIZEOF_UNSIGNED_LONG_LONG=8 -DSTDC_HEADERS=1 -DHAVE_SETENV=1 -DHAVE_PUTENV=1 -DHAVE_SYS_MMAN_H=1 -DHAVE_DIRENT_H=1 -DHAVE_LIMITS_H=1 -DHAVE_PATHS_H=1 -DHAVE_VA_COPY=1 -DHAVE___VA_COPY=1 -DFILE_LOCKS=1 -DCALMA_MODULE=1 -DCIF_MODULE=1 -DX11_BACKING_STORE=1 -DPLOT_MODULE=1 -DLEF_MODULE=1 -DROUTE_MODULE=1 -DUSE_NEW_MACROS=1 -DVECTOR_FONTS=1 -DHAVE_LIBCAIRO=1 -DMAGIC_WRAPPER=1 -Dlinux=1 -DSYSV=1 -DISC=1 -DNDEBUG -DGCORE=\"/usr/bin/gcore\" -DSHDLIB_EXT=\".so\"  -c DBtech.c
--- compiling database/DBtcontact.o
rm -f DBtcontact.o
gcc -g -m64 -fPIC -Wimplicit-int -fPIC  -I/usr/include/tcl8.6/tk-private/generic -I/usr/include/tcl8.6 -I. -I..  -DCAD_DIR=\"/home/chuan/Desktop/magic_install/lib\" -DBIN_DIR=\"/home/chuan/Desktop/magic_install/bin\" -DTCL_DIR=\"/home/chuan/Desktop/magic_install/lib/magic/tcl\" -DPACKAGE_NAME=\"\" -DPACKAGE_TARNAME=\"\" -DPACKAGE_VERSION=\"\" -DPACKAGE_STRING=\"\" -DPACKAGE_BUGREPORT=\"\" -DPACKAGE_URL=\"\" -DMAGIC_VERSION=\"8.2\" -DMAGIC_REVISION=\"19\" -DSTDC_HEADERS=1 -DHAVE_SYS_TYPES_H=1 -DHAVE_SYS_STAT_H=1 -DHAVE_STDLIB_H=1 -DHAVE_STRING_H=1 -DHAVE_MEMORY_H=1 -DHAVE_STRINGS_H=1 -DHAVE_INTTYPES_H=1 -DHAVE_STDINT_H=1 -DHAVE_UNISTD_H=1 -DSIZEOF_VOID_P=8 -DSIZEOF_UNSIGNED_INT=4 -DSIZEOF_UNSIGNED_LONG=8 -DSIZEOF_UNSIGNED_LONG_LONG=8 -DSTDC_HEADERS=1 -DHAVE_SETENV=1 -DHAVE_PUTENV=1 -DHAVE_SYS_MMAN_H=1 -DHAVE_DIRENT_H=1 -DHAVE_LIMITS_H=1 -DHAVE_PATHS_H=1 -DHAVE_VA_COPY=1 -DHAVE___VA_COPY=1 -DFILE_LOCKS=1 -DCALMA_MODULE=1 -DCIF_MODULE=1 -DX11_BACKING_STORE=1 -DPLOT_MODULE=1 -DLEF_MODULE=1 -DROUTE_MODULE=1 -DUSE_NEW_MACROS=1 -DVECTOR_FONTS=1 -DHAVE_LIBCAIRO=1 -DMAGIC_WRAPPER=1 -Dlinux=1 -DSYSV=1 -DISC=1 -DNDEBUG -DGCORE=\"/usr/bin/gcore\" -DSHDLIB_EXT=\".so\"  -c DBtcontact.c
--- compiling database/DBtechname.o
rm -f DBtechname.o
gcc -g -m64 -fPIC -Wimplicit-int -fPIC  -I/usr/include/tcl8.6/tk-private/generic -I/usr/include/tcl8.6 -I. -I..  -DCAD_DIR=\"/home/chuan/Desktop/magic_install/lib\" -DBIN_DIR=\"/home/chuan/Desktop/magic_install/bin\" -DTCL_DIR=\"/home/chuan/Desktop/magic_install/lib/magic/tcl\" -DPACKAGE_NAME=\"\" -DPACKAGE_TARNAME=\"\" -DPACKAGE_VERSION=\"\" -DPACKAGE_STRING=\"\" -DPACKAGE_BUGREPORT=\"\" -DPACKAGE_URL=\"\" -DMAGIC_VERSION=\"8.2\" -DMAGIC_REVISION=\"19\" -DSTDC_HEADERS=1 -DHAVE_SYS_TYPES_H=1 -DHAVE_SYS_STAT_H=1 -DHAVE_STDLIB_H=1 -DHAVE_STRING_H=1 -DHAVE_MEMORY_H=1 -DHAVE_STRINGS_H=1 -DHAVE_INTTYPES_H=1 -DHAVE_STDINT_H=1 -DHAVE_UNISTD_H=1 -DSIZEOF_VOID_P=8 -DSIZEOF_UNSIGNED_INT=4 -DSIZEOF_UNSIGNED_LONG=8 -DSIZEOF_UNSIGNED_LONG_LONG=8 -DSTDC_HEADERS=1 -DHAVE_SETENV=1 -DHAVE_PUTENV=1 -DHAVE_SYS_MMAN_H=1 -DHAVE_DIRENT_H=1 -DHAVE_LIMITS_H=1 -DHAVE_PATHS_H=1 -DHAVE_VA_COPY=1 -DHAVE___VA_COPY=1 -DFILE_LOCKS=1 -DCALMA_MODULE=1 -DCIF_MODULE=1 -DX11_BACKING_STORE=1 -DPLOT_MODULE=1 -DLEF_MODULE=1 -DROUTE_MODULE=1 -DUSE_NEW_MACROS=1 -DVECTOR_FONTS=1 -DHAVE_LIBCAIRO=1 -DMAGIC_WRAPPER=1 -Dlinux=1 -DSYSV=1 -DISC=1 -DNDEBUG -DGCORE=\"/usr/bin/gcore\" -DSHDLIB_EXT=\".so\"  -c DBtechname.c
--- compiling database/DBtpaint.o
rm -f DBtpaint.o
gcc -g -m64 -fPIC -Wimplicit-int -fPIC  -I/usr/include/tcl8.6/tk-private/generic -I/usr/include/tcl8.6 -I. -I..  -DCAD_DIR=\"/home/chuan/Desktop/magic_install/lib\" -DBIN_DIR=\"/home/chuan/Desktop/magic_install/bin\" -DTCL_DIR=\"/home/chuan/Desktop/magic_install/lib/magic/tcl\" -DPACKAGE_NAME=\"\" -DPACKAGE_TARNAME=\"\" -DPACKAGE_VERSION=\"\" -DPACKAGE_STRING=\"\" -DPACKAGE_BUGREPORT=\"\" -DPACKAGE_URL=\"\" -DMAGIC_VERSION=\"8.2\" -DMAGIC_REVISION=\"19\" -DSTDC_HEADERS=1 -DHAVE_SYS_TYPES_H=1 -DHAVE_SYS_STAT_H=1 -DHAVE_STDLIB_H=1 -DHAVE_STRING_H=1 -DHAVE_MEMORY_H=1 -DHAVE_STRINGS_H=1 -DHAVE_INTTYPES_H=1 -DHAVE_STDINT_H=1 -DHAVE_UNISTD_H=1 -DSIZEOF_VOID_P=8 -DSIZEOF_UNSIGNED_INT=4 -DSIZEOF_UNSIGNED_LONG=8 -DSIZEOF_UNSIGNED_LONG_LONG=8 -DSTDC_HEADERS=1 -DHAVE_SETENV=1 -DHAVE_PUTENV=1 -DHAVE_SYS_MMAN_H=1 -DHAVE_DIRENT_H=1 -DHAVE_LIMITS_H=1 -DHAVE_PATHS_H=1 -DHAVE_VA_COPY=1 -DHAVE___VA_COPY=1 -DFILE_LOCKS=1 -DCALMA_MODULE=1 -DCIF_MODULE=1 -DX11_BACKING_STORE=1 -DPLOT_MODULE=1 -DLEF_MODULE=1 -DROUTE_MODULE=1 -DUSE_NEW_MACROS=1 -DVECTOR_FONTS=1 -DHAVE_LIBCAIRO=1 -DMAGIC_WRAPPER=1 -Dlinux=1 -DSYSV=1 -DISC=1 -DNDEBUG -DGCORE=\"/usr/bin/gcore\" -DSHDLIB_EXT=\".so\"  -c DBtpaint.c
--- compiling database/DBtpaint2.o
rm -f DBtpaint2.o
gcc -g -m64 -fPIC -Wimplicit-int -fPIC  -I/usr/include/tcl8.6/tk-private/generic -I/usr/include/tcl8.6 -I. -I..  -DCAD_DIR=\"/home/chuan/Desktop/magic_install/lib\" -DBIN_DIR=\"/home/chuan/Desktop/magic_install/bin\" -DTCL_DIR=\"/home/chuan/Desktop/magic_install/lib/magic/tcl\" -DPACKAGE_NAME=\"\" -DPACKAGE_TARNAME=\"\" -DPACKAGE_VERSION=\"\" -DPACKAGE_STRING=\"\" -DPACKAGE_BUGREPORT=\"\" -DPACKAGE_URL=\"\" -DMAGIC_VERSION=\"8.2\" -DMAGIC_REVISION=\"19\" -DSTDC_HEADERS=1 -DHAVE_SYS_TYPES_H=1 -DHAVE_SYS_STAT_H=1 -DHAVE_STDLIB_H=1 -DHAVE_STRING_H=1 -DHAVE_MEMORY_H=1 -DHAVE_STRINGS_H=1 -DHAVE_INTTYPES_H=1 -DHAVE_STDINT_H=1 -DHAVE_UNISTD_H=1 -DSIZEOF_VOID_P=8 -DSIZEOF_UNSIGNED_INT=4 -DSIZEOF_UNSIGNED_LONG=8 -DSIZEOF_UNSIGNED_LONG_LONG=8 -DSTDC_HEADERS=1 -DHAVE_SETENV=1 -DHAVE_PUTENV=1 -DHAVE_SYS_MMAN_H=1 -DHAVE_DIRENT_H=1 -DHAVE_LIMITS_H=1 -DHAVE_PATHS_H=1 -DHAVE_VA_COPY=1 -DHAVE___VA_COPY=1 -DFILE_LOCKS=1 -DCALMA_MODULE=1 -DCIF_MODULE=1 -DX11_BACKING_STORE=1 -DPLOT_MODULE=1 -DLEF_MODULE=1 -DROUTE_MODULE=1 -DUSE_NEW_MACROS=1 -DVECTOR_FONTS=1 -DHAVE_LIBCAIRO=1 -DMAGIC_WRAPPER=1 -Dlinux=1 -DSYSV=1 -DISC=1 -DNDEBUG -DGCORE=\"/usr/bin/gcore\" -DSHDLIB_EXT=\".so\"  -c DBtpaint2.c
--- compiling database/DBtechtype.o
rm -f DBtechtype.o
gcc -g -m64 -fPIC -Wimplicit-int -fPIC  -I/usr/include/tcl8.6/tk-private/generic -I/usr/include/tcl8.6 -I. -I..  -DCAD_DIR=\"/home/chuan/Desktop/magic_install/lib\" -DBIN_DIR=\"/home/chuan/Desktop/magic_install/bin\" -DTCL_DIR=\"/home/chuan/Desktop/magic_install/lib/magic/tcl\" -DPACKAGE_NAME=\"\" -DPACKAGE_TARNAME=\"\" -DPACKAGE_VERSION=\"\" -DPACKAGE_STRING=\"\" -DPACKAGE_BUGREPORT=\"\" -DPACKAGE_URL=\"\" -DMAGIC_VERSION=\"8.2\" -DMAGIC_REVISION=\"19\" -DSTDC_HEADERS=1 -DHAVE_SYS_TYPES_H=1 -DHAVE_SYS_STAT_H=1 -DHAVE_STDLIB_H=1 -DHAVE_STRING_H=1 -DHAVE_MEMORY_H=1 -DHAVE_STRINGS_H=1 -DHAVE_INTTYPES_H=1 -DHAVE_STDINT_H=1 -DHAVE_UNISTD_H=1 -DSIZEOF_VOID_P=8 -DSIZEOF_UNSIGNED_INT=4 -DSIZEOF_UNSIGNED_LONG=8 -DSIZEOF_UNSIGNED_LONG_LONG=8 -DSTDC_HEADERS=1 -DHAVE_SETENV=1 -DHAVE_PUTENV=1 -DHAVE_SYS_MMAN_H=1 -DHAVE_DIRENT_H=1 -DHAVE_LIMITS_H=1 -DHAVE_PATHS_H=1 -DHAVE_VA_COPY=1 -DHAVE___VA_COPY=1 -DFILE_LOCKS=1 -DCALMA_MODULE=1 -DCIF_MODULE=1 -DX11_BACKING_STORE=1 -DPLOT_MODULE=1 -DLEF_MODULE=1 -DROUTE_MODULE=1 -DUSE_NEW_MACROS=1 -DVECTOR_FONTS=1 -DHAVE_LIBCAIRO=1 -DMAGIC_WRAPPER=1 -Dlinux=1 -DSYSV=1 -DISC=1 -DNDEBUG -DGCORE=\"/usr/bin/gcore\" -DSHDLIB_EXT=\".so\"  -c DBtechtype.c
--- compiling database/DBtiles.o
rm -f DBtiles.o
gcc -g -m64 -fPIC -Wimplicit-int -fPIC  -I/usr/include/tcl8.6/tk-private/generic -I/usr/include/tcl8.6 -I. -I..  -DCAD_DIR=\"/home/chuan/Desktop/magic_install/lib\" -DBIN_DIR=\"/home/chuan/Desktop/magic_install/bin\" -DTCL_DIR=\"/home/chuan/Desktop/magic_install/lib/magic/tcl\" -DPACKAGE_NAME=\"\" -DPACKAGE_TARNAME=\"\" -DPACKAGE_VERSION=\"\" -DPACKAGE_STRING=\"\" -DPACKAGE_BUGREPORT=\"\" -DPACKAGE_URL=\"\" -DMAGIC_VERSION=\"8.2\" -DMAGIC_REVISION=\"19\" -DSTDC_HEADERS=1 -DHAVE_SYS_TYPES_H=1 -DHAVE_SYS_STAT_H=1 -DHAVE_STDLIB_H=1 -DHAVE_STRING_H=1 -DHAVE_MEMORY_H=1 -DHAVE_STRINGS_H=1 -DHAVE_INTTYPES_H=1 -DHAVE_STDINT_H=1 -DHAVE_UNISTD_H=1 -DSIZEOF_VOID_P=8 -DSIZEOF_UNSIGNED_INT=4 -DSIZEOF_UNSIGNED_LONG=8 -DSIZEOF_UNSIGNED_LONG_LONG=8 -DSTDC_HEADERS=1 -DHAVE_SETENV=1 -DHAVE_PUTENV=1 -DHAVE_SYS_MMAN_H=1 -DHAVE_DIRENT_H=1 -DHAVE_LIMITS_H=1 -DHAVE_PATHS_H=1 -DHAVE_VA_COPY=1 -DHAVE___VA_COPY=1 -DFILE_LOCKS=1 -DCALMA_MODULE=1 -DCIF_MODULE=1 -DX11_BACKING_STORE=1 -DPLOT_MODULE=1 -DLEF_MODULE=1 -DROUTE_MODULE=1 -DUSE_NEW_MACROS=1 -DVECTOR_FONTS=1 -DHAVE_LIBCAIRO=1 -DMAGIC_WRAPPER=1 -Dlinux=1 -DSYSV=1 -DISC=1 -DNDEBUG -DGCORE=\"/usr/bin/gcore\" -DSHDLIB_EXT=\".so\"  -c DBtiles.c
--- compiling database/DBtimestmp.o
rm -f DBtimestmp.o
gcc -g -m64 -fPIC -Wimplicit-int -fPIC  -I/usr/include/tcl8.6/tk-private/generic -I/usr/include/tcl8.6 -I. -I..  -DCAD_DIR=\"/home/chuan/Desktop/magic_install/lib\" -DBIN_DIR=\"/home/chuan/Desktop/magic_install/bin\" -DTCL_DIR=\"/home/chuan/Desktop/magic_install/lib/magic/tcl\" -DPACKAGE_NAME=\"\" -DPACKAGE_TARNAME=\"\" -DPACKAGE_VERSION=\"\" -DPACKAGE_STRING=\"\" -DPACKAGE_BUGREPORT=\"\" -DPACKAGE_URL=\"\" -DMAGIC_VERSION=\"8.2\" -DMAGIC_REVISION=\"19\" -DSTDC_HEADERS=1 -DHAVE_SYS_TYPES_H=1 -DHAVE_SYS_STAT_H=1 -DHAVE_STDLIB_H=1 -DHAVE_STRING_H=1 -DHAVE_MEMORY_H=1 -DHAVE_STRINGS_H=1 -DHAVE_INTTYPES_H=1 -DHAVE_STDINT_H=1 -DHAVE_UNISTD_H=1 -DSIZEOF_VOID_P=8 -DSIZEOF_UNSIGNED_INT=4 -DSIZEOF_UNSIGNED_LONG=8 -DSIZEOF_UNSIGNED_LONG_LONG=8 -DSTDC_HEADERS=1 -DHAVE_SETENV=1 -DHAVE_PUTENV=1 -DHAVE_SYS_MMAN_H=1 -DHAVE_DIRENT_H=1 -DHAVE_LIMITS_H=1 -DHAVE_PATHS_H=1 -DHAVE_VA_COPY=1 -DHAVE___VA_COPY=1 -DFILE_LOCKS=1 -DCALMA_MODULE=1 -DCIF_MODULE=1 -DX11_BACKING_STORE=1 -DPLOT_MODULE=1 -DLEF_MODULE=1 -DROUTE_MODULE=1 -DUSE_NEW_MACROS=1 -DVECTOR_FONTS=1 -DHAVE_LIBCAIRO=1 -DMAGIC_WRAPPER=1 -Dlinux=1 -DSYSV=1 -DISC=1 -DNDEBUG -DGCORE=\"/usr/bin/gcore\" -DSHDLIB_EXT=\".so\"  -c DBtimestmp.c
--- compiling database/DBundo.o
rm -f DBundo.o
gcc -g -m64 -fPIC -Wimplicit-int -fPIC  -I/usr/include/tcl8.6/tk-private/generic -I/usr/include/tcl8.6 -I. -I..  -DCAD_DIR=\"/home/chuan/Desktop/magic_install/lib\" -DBIN_DIR=\"/home/chuan/Desktop/magic_install/bin\" -DTCL_DIR=\"/home/chuan/Desktop/magic_install/lib/magic/tcl\" -DPACKAGE_NAME=\"\" -DPACKAGE_TARNAME=\"\" -DPACKAGE_VERSION=\"\" -DPACKAGE_STRING=\"\" -DPACKAGE_BUGREPORT=\"\" -DPACKAGE_URL=\"\" -DMAGIC_VERSION=\"8.2\" -DMAGIC_REVISION=\"19\" -DSTDC_HEADERS=1 -DHAVE_SYS_TYPES_H=1 -DHAVE_SYS_STAT_H=1 -DHAVE_STDLIB_H=1 -DHAVE_STRING_H=1 -DHAVE_MEMORY_H=1 -DHAVE_STRINGS_H=1 -DHAVE_INTTYPES_H=1 -DHAVE_STDINT_H=1 -DHAVE_UNISTD_H=1 -DSIZEOF_VOID_P=8 -DSIZEOF_UNSIGNED_INT=4 -DSIZEOF_UNSIGNED_LONG=8 -DSIZEOF_UNSIGNED_LONG_LONG=8 -DSTDC_HEADERS=1 -DHAVE_SETENV=1 -DHAVE_PUTENV=1 -DHAVE_SYS_MMAN_H=1 -DHAVE_DIRENT_H=1 -DHAVE_LIMITS_H=1 -DHAVE_PATHS_H=1 -DHAVE_VA_COPY=1 -DHAVE___VA_COPY=1 -DFILE_LOCKS=1 -DCALMA_MODULE=1 -DCIF_MODULE=1 -DX11_BACKING_STORE=1 -DPLOT_MODULE=1 -DLEF_MODULE=1 -DROUTE_MODULE=1 -DUSE_NEW_MACROS=1 -DVECTOR_FONTS=1 -DHAVE_LIBCAIRO=1 -DMAGIC_WRAPPER=1 -Dlinux=1 -DSYSV=1 -DISC=1 -DNDEBUG -DGCORE=\"/usr/bin/gcore\" -DSHDLIB_EXT=\".so\"  -c DBundo.c
--- linking libdatabase.o
rm -f libdatabase.o
ld -r DBbound.o DBcell.o DBcellbox.o DBcellcopy.o DBcellname.o DBcellsrch.o DBcellsel.o DBcellsubr.o DBconnect.o DBcount.o DBexpand.o DBio.o DBlabel.o DBlabel2.o DBpaint2.o DBpaint.o DBprop.o DBtech.o DBtcontact.o DBtechname.o DBtpaint.o DBtpaint2.o DBtechtype.o DBtiles.o DBtimestmp.o DBundo.o  -o libdatabase.o 
make[2]: Leaving directory `/home/chuan/Desktop/magic-8.2/database'
make[2]: Entering directory `/home/chuan/Desktop/magic-8.2/dbwind'
--- compiling dbwind/DBWcommands.o
rm -f DBWcommands.o
gcc -g -m64 -fPIC -Wimplicit-int -fPIC  -I/usr/include/tcl8.6/tk-private/generic -I/usr/include/tcl8.6 -I. -I..  -DCAD_DIR=\"/home/chuan/Desktop/magic_install/lib\" -DBIN_DIR=\"/home/chuan/Desktop/magic_install/bin\" -DTCL_DIR=\"/home/chuan/Desktop/magic_install/lib/magic/tcl\" -DPACKAGE_NAME=\"\" -DPACKAGE_TARNAME=\"\" -DPACKAGE_VERSION=\"\" -DPACKAGE_STRING=\"\" -DPACKAGE_BUGREPORT=\"\" -DPACKAGE_URL=\"\" -DMAGIC_VERSION=\"8.2\" -DMAGIC_REVISION=\"19\" -DSTDC_HEADERS=1 -DHAVE_SYS_TYPES_H=1 -DHAVE_SYS_STAT_H=1 -DHAVE_STDLIB_H=1 -DHAVE_STRING_H=1 -DHAVE_MEMORY_H=1 -DHAVE_STRINGS_H=1 -DHAVE_INTTYPES_H=1 -DHAVE_STDINT_H=1 -DHAVE_UNISTD_H=1 -DSIZEOF_VOID_P=8 -DSIZEOF_UNSIGNED_INT=4 -DSIZEOF_UNSIGNED_LONG=8 -DSIZEOF_UNSIGNED_LONG_LONG=8 -DSTDC_HEADERS=1 -DHAVE_SETENV=1 -DHAVE_PUTENV=1 -DHAVE_SYS_MMAN_H=1 -DHAVE_DIRENT_H=1 -DHAVE_LIMITS_H=1 -DHAVE_PATHS_H=1 -DHAVE_VA_COPY=1 -DHAVE___VA_COPY=1 -DFILE_LOCKS=1 -DCALMA_MODULE=1 -DCIF_MODULE=1 -DX11_BACKING_STORE=1 -DPLOT_MODULE=1 -DLEF_MODULE=1 -DROUTE_MODULE=1 -DUSE_NEW_MACROS=1 -DVECTOR_FONTS=1 -DHAVE_LIBCAIRO=1 -DMAGIC_WRAPPER=1 -Dlinux=1 -DSYSV=1 -DISC=1 -DNDEBUG -DGCORE=\"/usr/bin/gcore\" -DSHDLIB_EXT=\".so\"  -c DBWcommands.c
--- compiling dbwind/DBWdisplay.o
rm -f DBWdisplay.o
gcc -g -m64 -fPIC -Wimplicit-int -fPIC  -I/usr/include/tcl8.6/tk-private/generic -I/usr/include/tcl8.6 -I. -I..  -DCAD_DIR=\"/home/chuan/Desktop/magic_install/lib\" -DBIN_DIR=\"/home/chuan/Desktop/magic_install/bin\" -DTCL_DIR=\"/home/chuan/Desktop/magic_install/lib/magic/tcl\" -DPACKAGE_NAME=\"\" -DPACKAGE_TARNAME=\"\" -DPACKAGE_VERSION=\"\" -DPACKAGE_STRING=\"\" -DPACKAGE_BUGREPORT=\"\" -DPACKAGE_URL=\"\" -DMAGIC_VERSION=\"8.2\" -DMAGIC_REVISION=\"19\" -DSTDC_HEADERS=1 -DHAVE_SYS_TYPES_H=1 -DHAVE_SYS_STAT_H=1 -DHAVE_STDLIB_H=1 -DHAVE_STRING_H=1 -DHAVE_MEMORY_H=1 -DHAVE_STRINGS_H=1 -DHAVE_INTTYPES_H=1 -DHAVE_STDINT_H=1 -DHAVE_UNISTD_H=1 -DSIZEOF_VOID_P=8 -DSIZEOF_UNSIGNED_INT=4 -DSIZEOF_UNSIGNED_LONG=8 -DSIZEOF_UNSIGNED_LONG_LONG=8 -DSTDC_HEADERS=1 -DHAVE_SETENV=1 -DHAVE_PUTENV=1 -DHAVE_SYS_MMAN_H=1 -DHAVE_DIRENT_H=1 -DHAVE_LIMITS_H=1 -DHAVE_PATHS_H=1 -DHAVE_VA_COPY=1 -DHAVE___VA_COPY=1 -DFILE_LOCKS=1 -DCALMA_MODULE=1 -DCIF_MODULE=1 -DX11_BACKING_STORE=1 -DPLOT_MODULE=1 -DLEF_MODULE=1 -DROUTE_MODULE=1 -DUSE_NEW_MACROS=1 -DVECTOR_FONTS=1 -DHAVE_LIBCAIRO=1 -DMAGIC_WRAPPER=1 -Dlinux=1 -DSYSV=1 -DISC=1 -DNDEBUG -DGCORE=\"/usr/bin/gcore\" -DSHDLIB_EXT=\".so\"  -c DBWdisplay.c
--- compiling dbwind/DBWbuttons.o
rm -f DBWbuttons.o
gcc -g -m64 -fPIC -Wimplicit-int -fPIC  -I/usr/include/tcl8.6/tk-private/generic -I/usr/include/tcl8.6 -I. -I..  -DCAD_DIR=\"/home/chuan/Desktop/magic_install/lib\" -DBIN_DIR=\"/home/chuan/Desktop/magic_install/bin\" -DTCL_DIR=\"/home/chuan/Desktop/magic_install/lib/magic/tcl\" -DPACKAGE_NAME=\"\" -DPACKAGE_TARNAME=\"\" -DPACKAGE_VERSION=\"\" -DPACKAGE_STRING=\"\" -DPACKAGE_BUGREPORT=\"\" -DPACKAGE_URL=\"\" -DMAGIC_VERSION=\"8.2\" -DMAGIC_REVISION=\"19\" -DSTDC_HEADERS=1 -DHAVE_SYS_TYPES_H=1 -DHAVE_SYS_STAT_H=1 -DHAVE_STDLIB_H=1 -DHAVE_STRING_H=1 -DHAVE_MEMORY_H=1 -DHAVE_STRINGS_H=1 -DHAVE_INTTYPES_H=1 -DHAVE_STDINT_H=1 -DHAVE_UNISTD_H=1 -DSIZEOF_VOID_P=8 -DSIZEOF_UNSIGNED_INT=4 -DSIZEOF_UNSIGNED_LONG=8 -DSIZEOF_UNSIGNED_LONG_LONG=8 -DSTDC_HEADERS=1 -DHAVE_SETENV=1 -DHAVE_PUTENV=1 -DHAVE_SYS_MMAN_H=1 -DHAVE_DIRENT_H=1 -DHAVE_LIMITS_H=1 -DHAVE_PATHS_H=1 -DHAVE_VA_COPY=1 -DHAVE___VA_COPY=1 -DFILE_LOCKS=1 -DCALMA_MODULE=1 -DCIF_MODULE=1 -DX11_BACKING_STORE=1 -DPLOT_MODULE=1 -DLEF_MODULE=1 -DROUTE_MODULE=1 -DUSE_NEW_MACROS=1 -DVECTOR_FONTS=1 -DHAVE_LIBCAIRO=1 -DMAGIC_WRAPPER=1 -Dlinux=1 -DSYSV=1 -DISC=1 -DNDEBUG -DGCORE=\"/usr/bin/gcore\" -DSHDLIB_EXT=\".so\"  -c DBWbuttons.c
--- compiling dbwind/DBWelement.o
rm -f DBWelement.o
gcc -g -m64 -fPIC -Wimplicit-int -fPIC  -I/usr/include/tcl8.6/tk-private/generic -I/usr/include/tcl8.6 -I. -I..  -DCAD_DIR=\"/home/chuan/Desktop/magic_install/lib\" -DBIN_DIR=\"/home/chuan/Desktop/magic_install/bin\" -DTCL_DIR=\"/home/chuan/Desktop/magic_install/lib/magic/tcl\" -DPACKAGE_NAME=\"\" -DPACKAGE_TARNAME=\"\" -DPACKAGE_VERSION=\"\" -DPACKAGE_STRING=\"\" -DPACKAGE_BUGREPORT=\"\" -DPACKAGE_URL=\"\" -DMAGIC_VERSION=\"8.2\" -DMAGIC_REVISION=\"19\" -DSTDC_HEADERS=1 -DHAVE_SYS_TYPES_H=1 -DHAVE_SYS_STAT_H=1 -DHAVE_STDLIB_H=1 -DHAVE_STRING_H=1 -DHAVE_MEMORY_H=1 -DHAVE_STRINGS_H=1 -DHAVE_INTTYPES_H=1 -DHAVE_STDINT_H=1 -DHAVE_UNISTD_H=1 -DSIZEOF_VOID_P=8 -DSIZEOF_UNSIGNED_INT=4 -DSIZEOF_UNSIGNED_LONG=8 -DSIZEOF_UNSIGNED_LONG_LONG=8 -DSTDC_HEADERS=1 -DHAVE_SETENV=1 -DHAVE_PUTENV=1 -DHAVE_SYS_MMAN_H=1 -DHAVE_DIRENT_H=1 -DHAVE_LIMITS_H=1 -DHAVE_PATHS_H=1 -DHAVE_VA_COPY=1 -DHAVE___VA_COPY=1 -DFILE_LOCKS=1 -DCALMA_MODULE=1 -DCIF_MODULE=1 -DX11_BACKING_STORE=1 -DPLOT_MODULE=1 -DLEF_MODULE=1 -DROUTE_MODULE=1 -DUSE_NEW_MACROS=1 -DVECTOR_FONTS=1 -DHAVE_LIBCAIRO=1 -DMAGIC_WRAPPER=1 -Dlinux=1 -DSYSV=1 -DISC=1 -DNDEBUG -DGCORE=\"/usr/bin/gcore\" -DSHDLIB_EXT=\".so\"  -c DBWelement.c
--- compiling dbwind/DBWfdback.o
rm -f DBWfdback.o
gcc -g -m64 -fPIC -Wimplicit-int -fPIC  -I/usr/include/tcl8.6/tk-private/generic -I/usr/include/tcl8.6 -I. -I..  -DCAD_DIR=\"/home/chuan/Desktop/magic_install/lib\" -DBIN_DIR=\"/home/chuan/Desktop/magic_install/bin\" -DTCL_DIR=\"/home/chuan/Desktop/magic_install/lib/magic/tcl\" -DPACKAGE_NAME=\"\" -DPACKAGE_TARNAME=\"\" -DPACKAGE_VERSION=\"\" -DPACKAGE_STRING=\"\" -DPACKAGE_BUGREPORT=\"\" -DPACKAGE_URL=\"\" -DMAGIC_VERSION=\"8.2\" -DMAGIC_REVISION=\"19\" -DSTDC_HEADERS=1 -DHAVE_SYS_TYPES_H=1 -DHAVE_SYS_STAT_H=1 -DHAVE_STDLIB_H=1 -DHAVE_STRING_H=1 -DHAVE_MEMORY_H=1 -DHAVE_STRINGS_H=1 -DHAVE_INTTYPES_H=1 -DHAVE_STDINT_H=1 -DHAVE_UNISTD_H=1 -DSIZEOF_VOID_P=8 -DSIZEOF_UNSIGNED_INT=4 -DSIZEOF_UNSIGNED_LONG=8 -DSIZEOF_UNSIGNED_LONG_LONG=8 -DSTDC_HEADERS=1 -DHAVE_SETENV=1 -DHAVE_PUTENV=1 -DHAVE_SYS_MMAN_H=1 -DHAVE_DIRENT_H=1 -DHAVE_LIMITS_H=1 -DHAVE_PATHS_H=1 -DHAVE_VA_COPY=1 -DHAVE___VA_COPY=1 -DFILE_LOCKS=1 -DCALMA_MODULE=1 -DCIF_MODULE=1 -DX11_BACKING_STORE=1 -DPLOT_MODULE=1 -DLEF_MODULE=1 -DROUTE_MODULE=1 -DUSE_NEW_MACROS=1 -DVECTOR_FONTS=1 -DHAVE_LIBCAIRO=1 -DMAGIC_WRAPPER=1 -Dlinux=1 -DSYSV=1 -DISC=1 -DNDEBUG -DGCORE=\"/usr/bin/gcore\" -DSHDLIB_EXT=\".so\"  -c DBWfdback.c
--- compiling dbwind/DBWhlights.o
rm -f DBWhlights.o
gcc -g -m64 -fPIC -Wimplicit-int -fPIC  -I/usr/include/tcl8.6/tk-private/generic -I/usr/include/tcl8.6 -I. -I..  -DCAD_DIR=\"/home/chuan/Desktop/magic_install/lib\" -DBIN_DIR=\"/home/chuan/Desktop/magic_install/bin\" -DTCL_DIR=\"/home/chuan/Desktop/magic_install/lib/magic/tcl\" -DPACKAGE_NAME=\"\" -DPACKAGE_TARNAME=\"\" -DPACKAGE_VERSION=\"\" -DPACKAGE_STRING=\"\" -DPACKAGE_BUGREPORT=\"\" -DPACKAGE_URL=\"\" -DMAGIC_VERSION=\"8.2\" -DMAGIC_REVISION=\"19\" -DSTDC_HEADERS=1 -DHAVE_SYS_TYPES_H=1 -DHAVE_SYS_STAT_H=1 -DHAVE_STDLIB_H=1 -DHAVE_STRING_H=1 -DHAVE_MEMORY_H=1 -DHAVE_STRINGS_H=1 -DHAVE_INTTYPES_H=1 -DHAVE_STDINT_H=1 -DHAVE_UNISTD_H=1 -DSIZEOF_VOID_P=8 -DSIZEOF_UNSIGNED_INT=4 -DSIZEOF_UNSIGNED_LONG=8 -DSIZEOF_UNSIGNED_LONG_LONG=8 -DSTDC_HEADERS=1 -DHAVE_SETENV=1 -DHAVE_PUTENV=1 -DHAVE_SYS_MMAN_H=1 -DHAVE_DIRENT_H=1 -DHAVE_LIMITS_H=1 -DHAVE_PATHS_H=1 -DHAVE_VA_COPY=1 -DHAVE___VA_COPY=1 -DFILE_LOCKS=1 -DCALMA_MODULE=1 -DCIF_MODULE=1 -DX11_BACKING_STORE=1 -DPLOT_MODULE=1 -DLEF_MODULE=1 -DROUTE_MODULE=1 -DUSE_NEW_MACROS=1 -DVECTOR_FONTS=1 -DHAVE_LIBCAIRO=1 -DMAGIC_WRAPPER=1 -Dlinux=1 -DSYSV=1 -DISC=1 -DNDEBUG -DGCORE=\"/usr/bin/gcore\" -DSHDLIB_EXT=\".so\"  -c DBWhlights.c
--- compiling dbwind/DBWprocs.o
rm -f DBWprocs.o
gcc -g -m64 -fPIC -Wimplicit-int -fPIC  -I/usr/include/tcl8.6/tk-private/generic -I/usr/include/tcl8.6 -I. -I..  -DCAD_DIR=\"/home/chuan/Desktop/magic_install/lib\" -DBIN_DIR=\"/home/chuan/Desktop/magic_install/bin\" -DTCL_DIR=\"/home/chuan/Desktop/magic_install/lib/magic/tcl\" -DPACKAGE_NAME=\"\" -DPACKAGE_TARNAME=\"\" -DPACKAGE_VERSION=\"\" -DPACKAGE_STRING=\"\" -DPACKAGE_BUGREPORT=\"\" -DPACKAGE_URL=\"\" -DMAGIC_VERSION=\"8.2\" -DMAGIC_REVISION=\"19\" -DSTDC_HEADERS=1 -DHAVE_SYS_TYPES_H=1 -DHAVE_SYS_STAT_H=1 -DHAVE_STDLIB_H=1 -DHAVE_STRING_H=1 -DHAVE_MEMORY_H=1 -DHAVE_STRINGS_H=1 -DHAVE_INTTYPES_H=1 -DHAVE_STDINT_H=1 -DHAVE_UNISTD_H=1 -DSIZEOF_VOID_P=8 -DSIZEOF_UNSIGNED_INT=4 -DSIZEOF_UNSIGNED_LONG=8 -DSIZEOF_UNSIGNED_LONG_LONG=8 -DSTDC_HEADERS=1 -DHAVE_SETENV=1 -DHAVE_PUTENV=1 -DHAVE_SYS_MMAN_H=1 -DHAVE_DIRENT_H=1 -DHAVE_LIMITS_H=1 -DHAVE_PATHS_H=1 -DHAVE_VA_COPY=1 -DHAVE___VA_COPY=1 -DFILE_LOCKS=1 -DCALMA_MODULE=1 -DCIF_MODULE=1 -DX11_BACKING_STORE=1 -DPLOT_MODULE=1 -DLEF_MODULE=1 -DROUTE_MODULE=1 -DUSE_NEW_MACROS=1 -DVECTOR_FONTS=1 -DHAVE_LIBCAIRO=1 -DMAGIC_WRAPPER=1 -Dlinux=1 -DSYSV=1 -DISC=1 -DNDEBUG -DGCORE=\"/usr/bin/gcore\" -DSHDLIB_EXT=\".so\"  -c DBWprocs.c
--- compiling dbwind/DBWtools.o
rm -f DBWtools.o
gcc -g -m64 -fPIC -Wimplicit-int -fPIC  -I/usr/include/tcl8.6/tk-private/generic -I/usr/include/tcl8.6 -I. -I..  -DCAD_DIR=\"/home/chuan/Desktop/magic_install/lib\" -DBIN_DIR=\"/home/chuan/Desktop/magic_install/bin\" -DTCL_DIR=\"/home/chuan/Desktop/magic_install/lib/magic/tcl\" -DPACKAGE_NAME=\"\" -DPACKAGE_TARNAME=\"\" -DPACKAGE_VERSION=\"\" -DPACKAGE_STRING=\"\" -DPACKAGE_BUGREPORT=\"\" -DPACKAGE_URL=\"\" -DMAGIC_VERSION=\"8.2\" -DMAGIC_REVISION=\"19\" -DSTDC_HEADERS=1 -DHAVE_SYS_TYPES_H=1 -DHAVE_SYS_STAT_H=1 -DHAVE_STDLIB_H=1 -DHAVE_STRING_H=1 -DHAVE_MEMORY_H=1 -DHAVE_STRINGS_H=1 -DHAVE_INTTYPES_H=1 -DHAVE_STDINT_H=1 -DHAVE_UNISTD_H=1 -DSIZEOF_VOID_P=8 -DSIZEOF_UNSIGNED_INT=4 -DSIZEOF_UNSIGNED_LONG=8 -DSIZEOF_UNSIGNED_LONG_LONG=8 -DSTDC_HEADERS=1 -DHAVE_SETENV=1 -DHAVE_PUTENV=1 -DHAVE_SYS_MMAN_H=1 -DHAVE_DIRENT_H=1 -DHAVE_LIMITS_H=1 -DHAVE_PATHS_H=1 -DHAVE_VA_COPY=1 -DHAVE___VA_COPY=1 -DFILE_LOCKS=1 -DCALMA_MODULE=1 -DCIF_MODULE=1 -DX11_BACKING_STORE=1 -DPLOT_MODULE=1 -DLEF_MODULE=1 -DROUTE_MODULE=1 -DUSE_NEW_MACROS=1 -DVECTOR_FONTS=1 -DHAVE_LIBCAIRO=1 -DMAGIC_WRAPPER=1 -Dlinux=1 -DSYSV=1 -DISC=1 -DNDEBUG -DGCORE=\"/usr/bin/gcore\" -DSHDLIB_EXT=\".so\"  -c DBWtools.c
--- compiling dbwind/DBWundo.o
rm -f DBWundo.o
gcc -g -m64 -fPIC -Wimplicit-int -fPIC  -I/usr/include/tcl8.6/tk-private/generic -I/usr/include/tcl8.6 -I. -I..  -DCAD_DIR=\"/home/chuan/Desktop/magic_install/lib\" -DBIN_DIR=\"/home/chuan/Desktop/magic_install/bin\" -DTCL_DIR=\"/home/chuan/Desktop/magic_install/lib/magic/tcl\" -DPACKAGE_NAME=\"\" -DPACKAGE_TARNAME=\"\" -DPACKAGE_VERSION=\"\" -DPACKAGE_STRING=\"\" -DPACKAGE_BUGREPORT=\"\" -DPACKAGE_URL=\"\" -DMAGIC_VERSION=\"8.2\" -DMAGIC_REVISION=\"19\" -DSTDC_HEADERS=1 -DHAVE_SYS_TYPES_H=1 -DHAVE_SYS_STAT_H=1 -DHAVE_STDLIB_H=1 -DHAVE_STRING_H=1 -DHAVE_MEMORY_H=1 -DHAVE_STRINGS_H=1 -DHAVE_INTTYPES_H=1 -DHAVE_STDINT_H=1 -DHAVE_UNISTD_H=1 -DSIZEOF_VOID_P=8 -DSIZEOF_UNSIGNED_INT=4 -DSIZEOF_UNSIGNED_LONG=8 -DSIZEOF_UNSIGNED_LONG_LONG=8 -DSTDC_HEADERS=1 -DHAVE_SETENV=1 -DHAVE_PUTENV=1 -DHAVE_SYS_MMAN_H=1 -DHAVE_DIRENT_H=1 -DHAVE_LIMITS_H=1 -DHAVE_PATHS_H=1 -DHAVE_VA_COPY=1 -DHAVE___VA_COPY=1 -DFILE_LOCKS=1 -DCALMA_MODULE=1 -DCIF_MODULE=1 -DX11_BACKING_STORE=1 -DPLOT_MODULE=1 -DLEF_MODULE=1 -DROUTE_MODULE=1 -DUSE_NEW_MACROS=1 -DVECTOR_FONTS=1 -DHAVE_LIBCAIRO=1 -DMAGIC_WRAPPER=1 -Dlinux=1 -DSYSV=1 -DISC=1 -DNDEBUG -DGCORE=\"/usr/bin/gcore\" -DSHDLIB_EXT=\".so\"  -c DBWundo.c
--- linking libdbwind.o
rm -f libdbwind.o
ld -r DBWcommands.o DBWdisplay.o DBWbuttons.o DBWelement.o DBWfdback.o DBWhlights.o DBWprocs.o DBWtools.o DBWundo.o  -o libdbwind.o 
make[2]: Leaving directory `/home/chuan/Desktop/magic-8.2/dbwind'
make[2]: Entering directory `/home/chuan/Desktop/magic-8.2/debug'
--- compiling debug/debugFlags.o
rm -f debugFlags.o
gcc -g -m64 -fPIC -Wimplicit-int -fPIC  -I/usr/include/tcl8.6/tk-private/generic -I/usr/include/tcl8.6 -I. -I..  -DCAD_DIR=\"/home/chuan/Desktop/magic_install/lib\" -DBIN_DIR=\"/home/chuan/Desktop/magic_install/bin\" -DTCL_DIR=\"/home/chuan/Desktop/magic_install/lib/magic/tcl\" -DPACKAGE_NAME=\"\" -DPACKAGE_TARNAME=\"\" -DPACKAGE_VERSION=\"\" -DPACKAGE_STRING=\"\" -DPACKAGE_BUGREPORT=\"\" -DPACKAGE_URL=\"\" -DMAGIC_VERSION=\"8.2\" -DMAGIC_REVISION=\"19\" -DSTDC_HEADERS=1 -DHAVE_SYS_TYPES_H=1 -DHAVE_SYS_STAT_H=1 -DHAVE_STDLIB_H=1 -DHAVE_STRING_H=1 -DHAVE_MEMORY_H=1 -DHAVE_STRINGS_H=1 -DHAVE_INTTYPES_H=1 -DHAVE_STDINT_H=1 -DHAVE_UNISTD_H=1 -DSIZEOF_VOID_P=8 -DSIZEOF_UNSIGNED_INT=4 -DSIZEOF_UNSIGNED_LONG=8 -DSIZEOF_UNSIGNED_LONG_LONG=8 -DSTDC_HEADERS=1 -DHAVE_SETENV=1 -DHAVE_PUTENV=1 -DHAVE_SYS_MMAN_H=1 -DHAVE_DIRENT_H=1 -DHAVE_LIMITS_H=1 -DHAVE_PATHS_H=1 -DHAVE_VA_COPY=1 -DHAVE___VA_COPY=1 -DFILE_LOCKS=1 -DCALMA_MODULE=1 -DCIF_MODULE=1 -DX11_BACKING_STORE=1 -DPLOT_MODULE=1 -DLEF_MODULE=1 -DROUTE_MODULE=1 -DUSE_NEW_MACROS=1 -DVECTOR_FONTS=1 -DHAVE_LIBCAIRO=1 -DMAGIC_WRAPPER=1 -Dlinux=1 -DSYSV=1 -DISC=1 -DNDEBUG -DGCORE=\"/usr/bin/gcore\" -DSHDLIB_EXT=\".so\"  -c debugFlags.c
--- compiling debug/hist.o
rm -f hist.o
gcc -g -m64 -fPIC -Wimplicit-int -fPIC  -I/usr/include/tcl8.6/tk-private/generic -I/usr/include/tcl8.6 -I. -I..  -DCAD_DIR=\"/home/chuan/Desktop/magic_install/lib\" -DBIN_DIR=\"/home/chuan/Desktop/magic_install/bin\" -DTCL_DIR=\"/home/chuan/Desktop/magic_install/lib/magic/tcl\" -DPACKAGE_NAME=\"\" -DPACKAGE_TARNAME=\"\" -DPACKAGE_VERSION=\"\" -DPACKAGE_STRING=\"\" -DPACKAGE_BUGREPORT=\"\" -DPACKAGE_URL=\"\" -DMAGIC_VERSION=\"8.2\" -DMAGIC_REVISION=\"19\" -DSTDC_HEADERS=1 -DHAVE_SYS_TYPES_H=1 -DHAVE_SYS_STAT_H=1 -DHAVE_STDLIB_H=1 -DHAVE_STRING_H=1 -DHAVE_MEMORY_H=1 -DHAVE_STRINGS_H=1 -DHAVE_INTTYPES_H=1 -DHAVE_STDINT_H=1 -DHAVE_UNISTD_H=1 -DSIZEOF_VOID_P=8 -DSIZEOF_UNSIGNED_INT=4 -DSIZEOF_UNSIGNED_LONG=8 -DSIZEOF_UNSIGNED_LONG_LONG=8 -DSTDC_HEADERS=1 -DHAVE_SETENV=1 -DHAVE_PUTENV=1 -DHAVE_SYS_MMAN_H=1 -DHAVE_DIRENT_H=1 -DHAVE_LIMITS_H=1 -DHAVE_PATHS_H=1 -DHAVE_VA_COPY=1 -DHAVE___VA_COPY=1 -DFILE_LOCKS=1 -DCALMA_MODULE=1 -DCIF_MODULE=1 -DX11_BACKING_STORE=1 -DPLOT_MODULE=1 -DLEF_MODULE=1 -DROUTE_MODULE=1 -DUSE_NEW_MACROS=1 -DVECTOR_FONTS=1 -DHAVE_LIBCAIRO=1 -DMAGIC_WRAPPER=1 -Dlinux=1 -DSYSV=1 -DISC=1 -DNDEBUG -DGCORE=\"/usr/bin/gcore\" -DSHDLIB_EXT=\".so\"  -c hist.c
hist.c: In function ‘HistPrint’:
hist.c:197:6: warning: format ‘%lld’ expects argument of type ‘long long int’, but argument 3 has type ‘long int’ [-Wformat=]
      fprintf(fp, "Histogram %"DLONG_PREFIX"d", (dlong) h->hi_title);
      ^
--- linking libdebug.o
rm -f libdebug.o
ld -r debugFlags.o hist.o  -o libdebug.o 
make[2]: Leaving directory `/home/chuan/Desktop/magic-8.2/debug'
make[2]: Entering directory `/home/chuan/Desktop/magic-8.2/drc'
--- compiling drc/DRCarray.o
rm -f DRCarray.o
gcc -g -m64 -fPIC -Wimplicit-int -fPIC  -I/usr/include/tcl8.6/tk-private/generic -I/usr/include/tcl8.6 -I. -I..  -DCAD_DIR=\"/home/chuan/Desktop/magic_install/lib\" -DBIN_DIR=\"/home/chuan/Desktop/magic_install/bin\" -DTCL_DIR=\"/home/chuan/Desktop/magic_install/lib/magic/tcl\" -DPACKAGE_NAME=\"\" -DPACKAGE_TARNAME=\"\" -DPACKAGE_VERSION=\"\" -DPACKAGE_STRING=\"\" -DPACKAGE_BUGREPORT=\"\" -DPACKAGE_URL=\"\" -DMAGIC_VERSION=\"8.2\" -DMAGIC_REVISION=\"19\" -DSTDC_HEADERS=1 -DHAVE_SYS_TYPES_H=1 -DHAVE_SYS_STAT_H=1 -DHAVE_STDLIB_H=1 -DHAVE_STRING_H=1 -DHAVE_MEMORY_H=1 -DHAVE_STRINGS_H=1 -DHAVE_INTTYPES_H=1 -DHAVE_STDINT_H=1 -DHAVE_UNISTD_H=1 -DSIZEOF_VOID_P=8 -DSIZEOF_UNSIGNED_INT=4 -DSIZEOF_UNSIGNED_LONG=8 -DSIZEOF_UNSIGNED_LONG_LONG=8 -DSTDC_HEADERS=1 -DHAVE_SETENV=1 -DHAVE_PUTENV=1 -DHAVE_SYS_MMAN_H=1 -DHAVE_DIRENT_H=1 -DHAVE_LIMITS_H=1 -DHAVE_PATHS_H=1 -DHAVE_VA_COPY=1 -DHAVE___VA_COPY=1 -DFILE_LOCKS=1 -DCALMA_MODULE=1 -DCIF_MODULE=1 -DX11_BACKING_STORE=1 -DPLOT_MODULE=1 -DLEF_MODULE=1 -DROUTE_MODULE=1 -DUSE_NEW_MACROS=1 -DVECTOR_FONTS=1 -DHAVE_LIBCAIRO=1 -DMAGIC_WRAPPER=1 -Dlinux=1 -DSYSV=1 -DISC=1 -DNDEBUG -DGCORE=\"/usr/bin/gcore\" -DSHDLIB_EXT=\".so\"  -c DRCarray.c
--- compiling drc/DRCbasic.o
rm -f DRCbasic.o
gcc -g -m64 -fPIC -Wimplicit-int -fPIC  -I/usr/include/tcl8.6/tk-private/generic -I/usr/include/tcl8.6 -I. -I..  -DCAD_DIR=\"/home/chuan/Desktop/magic_install/lib\" -DBIN_DIR=\"/home/chuan/Desktop/magic_install/bin\" -DTCL_DIR=\"/home/chuan/Desktop/magic_install/lib/magic/tcl\" -DPACKAGE_NAME=\"\" -DPACKAGE_TARNAME=\"\" -DPACKAGE_VERSION=\"\" -DPACKAGE_STRING=\"\" -DPACKAGE_BUGREPORT=\"\" -DPACKAGE_URL=\"\" -DMAGIC_VERSION=\"8.2\" -DMAGIC_REVISION=\"19\" -DSTDC_HEADERS=1 -DHAVE_SYS_TYPES_H=1 -DHAVE_SYS_STAT_H=1 -DHAVE_STDLIB_H=1 -DHAVE_STRING_H=1 -DHAVE_MEMORY_H=1 -DHAVE_STRINGS_H=1 -DHAVE_INTTYPES_H=1 -DHAVE_STDINT_H=1 -DHAVE_UNISTD_H=1 -DSIZEOF_VOID_P=8 -DSIZEOF_UNSIGNED_INT=4 -DSIZEOF_UNSIGNED_LONG=8 -DSIZEOF_UNSIGNED_LONG_LONG=8 -DSTDC_HEADERS=1 -DHAVE_SETENV=1 -DHAVE_PUTENV=1 -DHAVE_SYS_MMAN_H=1 -DHAVE_DIRENT_H=1 -DHAVE_LIMITS_H=1 -DHAVE_PATHS_H=1 -DHAVE_VA_COPY=1 -DHAVE___VA_COPY=1 -DFILE_LOCKS=1 -DCALMA_MODULE=1 -DCIF_MODULE=1 -DX11_BACKING_STORE=1 -DPLOT_MODULE=1 -DLEF_MODULE=1 -DROUTE_MODULE=1 -DUSE_NEW_MACROS=1 -DVECTOR_FONTS=1 -DHAVE_LIBCAIRO=1 -DMAGIC_WRAPPER=1 -Dlinux=1 -DSYSV=1 -DISC=1 -DNDEBUG -DGCORE=\"/usr/bin/gcore\" -DSHDLIB_EXT=\".so\"  -c DRCbasic.c
--- compiling drc/DRCcif.o
rm -f DRCcif.o
gcc -g -m64 -fPIC -Wimplicit-int -fPIC  -I/usr/include/tcl8.6/tk-private/generic -I/usr/include/tcl8.6 -I. -I..  -DCAD_DIR=\"/home/chuan/Desktop/magic_install/lib\" -DBIN_DIR=\"/home/chuan/Desktop/magic_install/bin\" -DTCL_DIR=\"/home/chuan/Desktop/magic_install/lib/magic/tcl\" -DPACKAGE_NAME=\"\" -DPACKAGE_TARNAME=\"\" -DPACKAGE_VERSION=\"\" -DPACKAGE_STRING=\"\" -DPACKAGE_BUGREPORT=\"\" -DPACKAGE_URL=\"\" -DMAGIC_VERSION=\"8.2\" -DMAGIC_REVISION=\"19\" -DSTDC_HEADERS=1 -DHAVE_SYS_TYPES_H=1 -DHAVE_SYS_STAT_H=1 -DHAVE_STDLIB_H=1 -DHAVE_STRING_H=1 -DHAVE_MEMORY_H=1 -DHAVE_STRINGS_H=1 -DHAVE_INTTYPES_H=1 -DHAVE_STDINT_H=1 -DHAVE_UNISTD_H=1 -DSIZEOF_VOID_P=8 -DSIZEOF_UNSIGNED_INT=4 -DSIZEOF_UNSIGNED_LONG=8 -DSIZEOF_UNSIGNED_LONG_LONG=8 -DSTDC_HEADERS=1 -DHAVE_SETENV=1 -DHAVE_PUTENV=1 -DHAVE_SYS_MMAN_H=1 -DHAVE_DIRENT_H=1 -DHAVE_LIMITS_H=1 -DHAVE_PATHS_H=1 -DHAVE_VA_COPY=1 -DHAVE___VA_COPY=1 -DFILE_LOCKS=1 -DCALMA_MODULE=1 -DCIF_MODULE=1 -DX11_BACKING_STORE=1 -DPLOT_MODULE=1 -DLEF_MODULE=1 -DROUTE_MODULE=1 -DUSE_NEW_MACROS=1 -DVECTOR_FONTS=1 -DHAVE_LIBCAIRO=1 -DMAGIC_WRAPPER=1 -Dlinux=1 -DSYSV=1 -DISC=1 -DNDEBUG -DGCORE=\"/usr/bin/gcore\" -DSHDLIB_EXT=\".so\"  -c DRCcif.c
--- compiling drc/DRCcontin.o
rm -f DRCcontin.o
gcc -g -m64 -fPIC -Wimplicit-int -fPIC  -I/usr/include/tcl8.6/tk-private/generic -I/usr/include/tcl8.6 -I. -I..  -DCAD_DIR=\"/home/chuan/Desktop/magic_install/lib\" -DBIN_DIR=\"/home/chuan/Desktop/magic_install/bin\" -DTCL_DIR=\"/home/chuan/Desktop/magic_install/lib/magic/tcl\" -DPACKAGE_NAME=\"\" -DPACKAGE_TARNAME=\"\" -DPACKAGE_VERSION=\"\" -DPACKAGE_STRING=\"\" -DPACKAGE_BUGREPORT=\"\" -DPACKAGE_URL=\"\" -DMAGIC_VERSION=\"8.2\" -DMAGIC_REVISION=\"19\" -DSTDC_HEADERS=1 -DHAVE_SYS_TYPES_H=1 -DHAVE_SYS_STAT_H=1 -DHAVE_STDLIB_H=1 -DHAVE_STRING_H=1 -DHAVE_MEMORY_H=1 -DHAVE_STRINGS_H=1 -DHAVE_INTTYPES_H=1 -DHAVE_STDINT_H=1 -DHAVE_UNISTD_H=1 -DSIZEOF_VOID_P=8 -DSIZEOF_UNSIGNED_INT=4 -DSIZEOF_UNSIGNED_LONG=8 -DSIZEOF_UNSIGNED_LONG_LONG=8 -DSTDC_HEADERS=1 -DHAVE_SETENV=1 -DHAVE_PUTENV=1 -DHAVE_SYS_MMAN_H=1 -DHAVE_DIRENT_H=1 -DHAVE_LIMITS_H=1 -DHAVE_PATHS_H=1 -DHAVE_VA_COPY=1 -DHAVE___VA_COPY=1 -DFILE_LOCKS=1 -DCALMA_MODULE=1 -DCIF_MODULE=1 -DX11_BACKING_STORE=1 -DPLOT_MODULE=1 -DLEF_MODULE=1 -DROUTE_MODULE=1 -DUSE_NEW_MACROS=1 -DVECTOR_FONTS=1 -DHAVE_LIBCAIRO=1 -DMAGIC_WRAPPER=1 -Dlinux=1 -DSYSV=1 -DISC=1 -DNDEBUG -DGCORE=\"/usr/bin/gcore\" -DSHDLIB_EXT=\".so\"  -c DRCcontin.c
--- compiling drc/DRCmain.o
rm -f DRCmain.o
gcc -g -m64 -fPIC -Wimplicit-int -fPIC  -I/usr/include/tcl8.6/tk-private/generic -I/usr/include/tcl8.6 -I. -I..  -DCAD_DIR=\"/home/chuan/Desktop/magic_install/lib\" -DBIN_DIR=\"/home/chuan/Desktop/magic_install/bin\" -DTCL_DIR=\"/home/chuan/Desktop/magic_install/lib/magic/tcl\" -DPACKAGE_NAME=\"\" -DPACKAGE_TARNAME=\"\" -DPACKAGE_VERSION=\"\" -DPACKAGE_STRING=\"\" -DPACKAGE_BUGREPORT=\"\" -DPACKAGE_URL=\"\" -DMAGIC_VERSION=\"8.2\" -DMAGIC_REVISION=\"19\" -DSTDC_HEADERS=1 -DHAVE_SYS_TYPES_H=1 -DHAVE_SYS_STAT_H=1 -DHAVE_STDLIB_H=1 -DHAVE_STRING_H=1 -DHAVE_MEMORY_H=1 -DHAVE_STRINGS_H=1 -DHAVE_INTTYPES_H=1 -DHAVE_STDINT_H=1 -DHAVE_UNISTD_H=1 -DSIZEOF_VOID_P=8 -DSIZEOF_UNSIGNED_INT=4 -DSIZEOF_UNSIGNED_LONG=8 -DSIZEOF_UNSIGNED_LONG_LONG=8 -DSTDC_HEADERS=1 -DHAVE_SETENV=1 -DHAVE_PUTENV=1 -DHAVE_SYS_MMAN_H=1 -DHAVE_DIRENT_H=1 -DHAVE_LIMITS_H=1 -DHAVE_PATHS_H=1 -DHAVE_VA_COPY=1 -DHAVE___VA_COPY=1 -DFILE_LOCKS=1 -DCALMA_MODULE=1 -DCIF_MODULE=1 -DX11_BACKING_STORE=1 -DPLOT_MODULE=1 -DLEF_MODULE=1 -DROUTE_MODULE=1 -DUSE_NEW_MACROS=1 -DVECTOR_FONTS=1 -DHAVE_LIBCAIRO=1 -DMAGIC_WRAPPER=1 -Dlinux=1 -DSYSV=1 -DISC=1 -DNDEBUG -DGCORE=\"/usr/bin/gcore\" -DSHDLIB_EXT=\".so\"  -c DRCmain.c
--- compiling drc/DRCsubcell.o
rm -f DRCsubcell.o
gcc -g -m64 -fPIC -Wimplicit-int -fPIC  -I/usr/include/tcl8.6/tk-private/generic -I/usr/include/tcl8.6 -I. -I..  -DCAD_DIR=\"/home/chuan/Desktop/magic_install/lib\" -DBIN_DIR=\"/home/chuan/Desktop/magic_install/bin\" -DTCL_DIR=\"/home/chuan/Desktop/magic_install/lib/magic/tcl\" -DPACKAGE_NAME=\"\" -DPACKAGE_TARNAME=\"\" -DPACKAGE_VERSION=\"\" -DPACKAGE_STRING=\"\" -DPACKAGE_BUGREPORT=\"\" -DPACKAGE_URL=\"\" -DMAGIC_VERSION=\"8.2\" -DMAGIC_REVISION=\"19\" -DSTDC_HEADERS=1 -DHAVE_SYS_TYPES_H=1 -DHAVE_SYS_STAT_H=1 -DHAVE_STDLIB_H=1 -DHAVE_STRING_H=1 -DHAVE_MEMORY_H=1 -DHAVE_STRINGS_H=1 -DHAVE_INTTYPES_H=1 -DHAVE_STDINT_H=1 -DHAVE_UNISTD_H=1 -DSIZEOF_VOID_P=8 -DSIZEOF_UNSIGNED_INT=4 -DSIZEOF_UNSIGNED_LONG=8 -DSIZEOF_UNSIGNED_LONG_LONG=8 -DSTDC_HEADERS=1 -DHAVE_SETENV=1 -DHAVE_PUTENV=1 -DHAVE_SYS_MMAN_H=1 -DHAVE_DIRENT_H=1 -DHAVE_LIMITS_H=1 -DHAVE_PATHS_H=1 -DHAVE_VA_COPY=1 -DHAVE___VA_COPY=1 -DFILE_LOCKS=1 -DCALMA_MODULE=1 -DCIF_MODULE=1 -DX11_BACKING_STORE=1 -DPLOT_MODULE=1 -DLEF_MODULE=1 -DROUTE_MODULE=1 -DUSE_NEW_MACROS=1 -DVECTOR_FONTS=1 -DHAVE_LIBCAIRO=1 -DMAGIC_WRAPPER=1 -Dlinux=1 -DSYSV=1 -DISC=1 -DNDEBUG -DGCORE=\"/usr/bin/gcore\" -DSHDLIB_EXT=\".so\"  -c DRCsubcell.c
--- compiling drc/DRCtech.o
rm -f DRCtech.o
gcc -g -m64 -fPIC -Wimplicit-int -fPIC  -I/usr/include/tcl8.6/tk-private/generic -I/usr/include/tcl8.6 -I. -I..  -DCAD_DIR=\"/home/chuan/Desktop/magic_install/lib\" -DBIN_DIR=\"/home/chuan/Desktop/magic_install/bin\" -DTCL_DIR=\"/home/chuan/Desktop/magic_install/lib/magic/tcl\" -DPACKAGE_NAME=\"\" -DPACKAGE_TARNAME=\"\" -DPACKAGE_VERSION=\"\" -DPACKAGE_STRING=\"\" -DPACKAGE_BUGREPORT=\"\" -DPACKAGE_URL=\"\" -DMAGIC_VERSION=\"8.2\" -DMAGIC_REVISION=\"19\" -DSTDC_HEADERS=1 -DHAVE_SYS_TYPES_H=1 -DHAVE_SYS_STAT_H=1 -DHAVE_STDLIB_H=1 -DHAVE_STRING_H=1 -DHAVE_MEMORY_H=1 -DHAVE_STRINGS_H=1 -DHAVE_INTTYPES_H=1 -DHAVE_STDINT_H=1 -DHAVE_UNISTD_H=1 -DSIZEOF_VOID_P=8 -DSIZEOF_UNSIGNED_INT=4 -DSIZEOF_UNSIGNED_LONG=8 -DSIZEOF_UNSIGNED_LONG_LONG=8 -DSTDC_HEADERS=1 -DHAVE_SETENV=1 -DHAVE_PUTENV=1 -DHAVE_SYS_MMAN_H=1 -DHAVE_DIRENT_H=1 -DHAVE_LIMITS_H=1 -DHAVE_PATHS_H=1 -DHAVE_VA_COPY=1 -DHAVE___VA_COPY=1 -DFILE_LOCKS=1 -DCALMA_MODULE=1 -DCIF_MODULE=1 -DX11_BACKING_STORE=1 -DPLOT_MODULE=1 -DLEF_MODULE=1 -DROUTE_MODULE=1 -DUSE_NEW_MACROS=1 -DVECTOR_FONTS=1 -DHAVE_LIBCAIRO=1 -DMAGIC_WRAPPER=1 -Dlinux=1 -DSYSV=1 -DISC=1 -DNDEBUG -DGCORE=\"/usr/bin/gcore\" -DSHDLIB_EXT=\".so\"  -c DRCtech.c
--- compiling drc/DRCprint.o
rm -f DRCprint.o
gcc -g -m64 -fPIC -Wimplicit-int -fPIC  -I/usr/include/tcl8.6/tk-private/generic -I/usr/include/tcl8.6 -I. -I..  -DCAD_DIR=\"/home/chuan/Desktop/magic_install/lib\" -DBIN_DIR=\"/home/chuan/Desktop/magic_install/bin\" -DTCL_DIR=\"/home/chuan/Desktop/magic_install/lib/magic/tcl\" -DPACKAGE_NAME=\"\" -DPACKAGE_TARNAME=\"\" -DPACKAGE_VERSION=\"\" -DPACKAGE_STRING=\"\" -DPACKAGE_BUGREPORT=\"\" -DPACKAGE_URL=\"\" -DMAGIC_VERSION=\"8.2\" -DMAGIC_REVISION=\"19\" -DSTDC_HEADERS=1 -DHAVE_SYS_TYPES_H=1 -DHAVE_SYS_STAT_H=1 -DHAVE_STDLIB_H=1 -DHAVE_STRING_H=1 -DHAVE_MEMORY_H=1 -DHAVE_STRINGS_H=1 -DHAVE_INTTYPES_H=1 -DHAVE_STDINT_H=1 -DHAVE_UNISTD_H=1 -DSIZEOF_VOID_P=8 -DSIZEOF_UNSIGNED_INT=4 -DSIZEOF_UNSIGNED_LONG=8 -DSIZEOF_UNSIGNED_LONG_LONG=8 -DSTDC_HEADERS=1 -DHAVE_SETENV=1 -DHAVE_PUTENV=1 -DHAVE_SYS_MMAN_H=1 -DHAVE_DIRENT_H=1 -DHAVE_LIMITS_H=1 -DHAVE_PATHS_H=1 -DHAVE_VA_COPY=1 -DHAVE___VA_COPY=1 -DFILE_LOCKS=1 -DCALMA_MODULE=1 -DCIF_MODULE=1 -DX11_BACKING_STORE=1 -DPLOT_MODULE=1 -DLEF_MODULE=1 -DROUTE_MODULE=1 -DUSE_NEW_MACROS=1 -DVECTOR_FONTS=1 -DHAVE_LIBCAIRO=1 -DMAGIC_WRAPPER=1 -Dlinux=1 -DSYSV=1 -DISC=1 -DNDEBUG -DGCORE=\"/usr/bin/gcore\" -DSHDLIB_EXT=\".so\"  -c DRCprint.c
--- compiling drc/DRCextend.o
rm -f DRCextend.o
gcc -g -m64 -fPIC -Wimplicit-int -fPIC  -I/usr/include/tcl8.6/tk-private/generic -I/usr/include/tcl8.6 -I. -I..  -DCAD_DIR=\"/home/chuan/Desktop/magic_install/lib\" -DBIN_DIR=\"/home/chuan/Desktop/magic_install/bin\" -DTCL_DIR=\"/home/chuan/Desktop/magic_install/lib/magic/tcl\" -DPACKAGE_NAME=\"\" -DPACKAGE_TARNAME=\"\" -DPACKAGE_VERSION=\"\" -DPACKAGE_STRING=\"\" -DPACKAGE_BUGREPORT=\"\" -DPACKAGE_URL=\"\" -DMAGIC_VERSION=\"8.2\" -DMAGIC_REVISION=\"19\" -DSTDC_HEADERS=1 -DHAVE_SYS_TYPES_H=1 -DHAVE_SYS_STAT_H=1 -DHAVE_STDLIB_H=1 -DHAVE_STRING_H=1 -DHAVE_MEMORY_H=1 -DHAVE_STRINGS_H=1 -DHAVE_INTTYPES_H=1 -DHAVE_STDINT_H=1 -DHAVE_UNISTD_H=1 -DSIZEOF_VOID_P=8 -DSIZEOF_UNSIGNED_INT=4 -DSIZEOF_UNSIGNED_LONG=8 -DSIZEOF_UNSIGNED_LONG_LONG=8 -DSTDC_HEADERS=1 -DHAVE_SETENV=1 -DHAVE_PUTENV=1 -DHAVE_SYS_MMAN_H=1 -DHAVE_DIRENT_H=1 -DHAVE_LIMITS_H=1 -DHAVE_PATHS_H=1 -DHAVE_VA_COPY=1 -DHAVE___VA_COPY=1 -DFILE_LOCKS=1 -DCALMA_MODULE=1 -DCIF_MODULE=1 -DX11_BACKING_STORE=1 -DPLOT_MODULE=1 -DLEF_MODULE=1 -DROUTE_MODULE=1 -DUSE_NEW_MACROS=1 -DVECTOR_FONTS=1 -DHAVE_LIBCAIRO=1 -DMAGIC_WRAPPER=1 -Dlinux=1 -DSYSV=1 -DISC=1 -DNDEBUG -DGCORE=\"/usr/bin/gcore\" -DSHDLIB_EXT=\".so\"  -c DRCextend.c
--- linking libdrc.o
rm -f libdrc.o
ld -r DRCarray.o DRCbasic.o DRCcif.o DRCcontin.o DRCmain.o DRCsubcell.o DRCtech.o DRCprint.o DRCextend.o  -o libdrc.o 
make[2]: Leaving directory `/home/chuan/Desktop/magic-8.2/drc'
make[2]: Entering directory `/home/chuan/Desktop/magic-8.2/extflat'
--- compiling extflat/EFargs.o
rm -f EFargs.o
gcc -g -m64 -fPIC -Wimplicit-int -fPIC  -I/usr/include/tcl8.6/tk-private/generic -I/usr/include/tcl8.6 -I. -I..  -DCAD_DIR=\"/home/chuan/Desktop/magic_install/lib\" -DBIN_DIR=\"/home/chuan/Desktop/magic_install/bin\" -DTCL_DIR=\"/home/chuan/Desktop/magic_install/lib/magic/tcl\" -DPACKAGE_NAME=\"\" -DPACKAGE_TARNAME=\"\" -DPACKAGE_VERSION=\"\" -DPACKAGE_STRING=\"\" -DPACKAGE_BUGREPORT=\"\" -DPACKAGE_URL=\"\" -DMAGIC_VERSION=\"8.2\" -DMAGIC_REVISION=\"19\" -DSTDC_HEADERS=1 -DHAVE_SYS_TYPES_H=1 -DHAVE_SYS_STAT_H=1 -DHAVE_STDLIB_H=1 -DHAVE_STRING_H=1 -DHAVE_MEMORY_H=1 -DHAVE_STRINGS_H=1 -DHAVE_INTTYPES_H=1 -DHAVE_STDINT_H=1 -DHAVE_UNISTD_H=1 -DSIZEOF_VOID_P=8 -DSIZEOF_UNSIGNED_INT=4 -DSIZEOF_UNSIGNED_LONG=8 -DSIZEOF_UNSIGNED_LONG_LONG=8 -DSTDC_HEADERS=1 -DHAVE_SETENV=1 -DHAVE_PUTENV=1 -DHAVE_SYS_MMAN_H=1 -DHAVE_DIRENT_H=1 -DHAVE_LIMITS_H=1 -DHAVE_PATHS_H=1 -DHAVE_VA_COPY=1 -DHAVE___VA_COPY=1 -DFILE_LOCKS=1 -DCALMA_MODULE=1 -DCIF_MODULE=1 -DX11_BACKING_STORE=1 -DPLOT_MODULE=1 -DLEF_MODULE=1 -DROUTE_MODULE=1 -DUSE_NEW_MACROS=1 -DVECTOR_FONTS=1 -DHAVE_LIBCAIRO=1 -DMAGIC_WRAPPER=1 -Dlinux=1 -DSYSV=1 -DISC=1 -DNDEBUG -DGCORE=\"/usr/bin/gcore\" -DSHDLIB_EXT=\".so\"  -c EFargs.c
--- compiling extflat/EFbuild.o
rm -f EFbuild.o
gcc -g -m64 -fPIC -Wimplicit-int -fPIC  -I/usr/include/tcl8.6/tk-private/generic -I/usr/include/tcl8.6 -I. -I..  -DCAD_DIR=\"/home/chuan/Desktop/magic_install/lib\" -DBIN_DIR=\"/home/chuan/Desktop/magic_install/bin\" -DTCL_DIR=\"/home/chuan/Desktop/magic_install/lib/magic/tcl\" -DPACKAGE_NAME=\"\" -DPACKAGE_TARNAME=\"\" -DPACKAGE_VERSION=\"\" -DPACKAGE_STRING=\"\" -DPACKAGE_BUGREPORT=\"\" -DPACKAGE_URL=\"\" -DMAGIC_VERSION=\"8.2\" -DMAGIC_REVISION=\"19\" -DSTDC_HEADERS=1 -DHAVE_SYS_TYPES_H=1 -DHAVE_SYS_STAT_H=1 -DHAVE_STDLIB_H=1 -DHAVE_STRING_H=1 -DHAVE_MEMORY_H=1 -DHAVE_STRINGS_H=1 -DHAVE_INTTYPES_H=1 -DHAVE_STDINT_H=1 -DHAVE_UNISTD_H=1 -DSIZEOF_VOID_P=8 -DSIZEOF_UNSIGNED_INT=4 -DSIZEOF_UNSIGNED_LONG=8 -DSIZEOF_UNSIGNED_LONG_LONG=8 -DSTDC_HEADERS=1 -DHAVE_SETENV=1 -DHAVE_PUTENV=1 -DHAVE_SYS_MMAN_H=1 -DHAVE_DIRENT_H=1 -DHAVE_LIMITS_H=1 -DHAVE_PATHS_H=1 -DHAVE_VA_COPY=1 -DHAVE___VA_COPY=1 -DFILE_LOCKS=1 -DCALMA_MODULE=1 -DCIF_MODULE=1 -DX11_BACKING_STORE=1 -DPLOT_MODULE=1 -DLEF_MODULE=1 -DROUTE_MODULE=1 -DUSE_NEW_MACROS=1 -DVECTOR_FONTS=1 -DHAVE_LIBCAIRO=1 -DMAGIC_WRAPPER=1 -Dlinux=1 -DSYSV=1 -DISC=1 -DNDEBUG -DGCORE=\"/usr/bin/gcore\" -DSHDLIB_EXT=\".so\"  -c EFbuild.c
--- compiling extflat/EFdef.o
rm -f EFdef.o
gcc -g -m64 -fPIC -Wimplicit-int -fPIC  -I/usr/include/tcl8.6/tk-private/generic -I/usr/include/tcl8.6 -I. -I..  -DCAD_DIR=\"/home/chuan/Desktop/magic_install/lib\" -DBIN_DIR=\"/home/chuan/Desktop/magic_install/bin\" -DTCL_DIR=\"/home/chuan/Desktop/magic_install/lib/magic/tcl\" -DPACKAGE_NAME=\"\" -DPACKAGE_TARNAME=\"\" -DPACKAGE_VERSION=\"\" -DPACKAGE_STRING=\"\" -DPACKAGE_BUGREPORT=\"\" -DPACKAGE_URL=\"\" -DMAGIC_VERSION=\"8.2\" -DMAGIC_REVISION=\"19\" -DSTDC_HEADERS=1 -DHAVE_SYS_TYPES_H=1 -DHAVE_SYS_STAT_H=1 -DHAVE_STDLIB_H=1 -DHAVE_STRING_H=1 -DHAVE_MEMORY_H=1 -DHAVE_STRINGS_H=1 -DHAVE_INTTYPES_H=1 -DHAVE_STDINT_H=1 -DHAVE_UNISTD_H=1 -DSIZEOF_VOID_P=8 -DSIZEOF_UNSIGNED_INT=4 -DSIZEOF_UNSIGNED_LONG=8 -DSIZEOF_UNSIGNED_LONG_LONG=8 -DSTDC_HEADERS=1 -DHAVE_SETENV=1 -DHAVE_PUTENV=1 -DHAVE_SYS_MMAN_H=1 -DHAVE_DIRENT_H=1 -DHAVE_LIMITS_H=1 -DHAVE_PATHS_H=1 -DHAVE_VA_COPY=1 -DHAVE___VA_COPY=1 -DFILE_LOCKS=1 -DCALMA_MODULE=1 -DCIF_MODULE=1 -DX11_BACKING_STORE=1 -DPLOT_MODULE=1 -DLEF_MODULE=1 -DROUTE_MODULE=1 -DUSE_NEW_MACROS=1 -DVECTOR_FONTS=1 -DHAVE_LIBCAIRO=1 -DMAGIC_WRAPPER=1 -Dlinux=1 -DSYSV=1 -DISC=1 -DNDEBUG -DGCORE=\"/usr/bin/gcore\" -DSHDLIB_EXT=\".so\"  -c EFdef.c
--- compiling extflat/EFerr.o
rm -f EFerr.o
gcc -g -m64 -fPIC -Wimplicit-int -fPIC  -I/usr/include/tcl8.6/tk-private/generic -I/usr/include/tcl8.6 -I. -I..  -DCAD_DIR=\"/home/chuan/Desktop/magic_install/lib\" -DBIN_DIR=\"/home/chuan/Desktop/magic_install/bin\" -DTCL_DIR=\"/home/chuan/Desktop/magic_install/lib/magic/tcl\" -DPACKAGE_NAME=\"\" -DPACKAGE_TARNAME=\"\" -DPACKAGE_VERSION=\"\" -DPACKAGE_STRING=\"\" -DPACKAGE_BUGREPORT=\"\" -DPACKAGE_URL=\"\" -DMAGIC_VERSION=\"8.2\" -DMAGIC_REVISION=\"19\" -DSTDC_HEADERS=1 -DHAVE_SYS_TYPES_H=1 -DHAVE_SYS_STAT_H=1 -DHAVE_STDLIB_H=1 -DHAVE_STRING_H=1 -DHAVE_MEMORY_H=1 -DHAVE_STRINGS_H=1 -DHAVE_INTTYPES_H=1 -DHAVE_STDINT_H=1 -DHAVE_UNISTD_H=1 -DSIZEOF_VOID_P=8 -DSIZEOF_UNSIGNED_INT=4 -DSIZEOF_UNSIGNED_LONG=8 -DSIZEOF_UNSIGNED_LONG_LONG=8 -DSTDC_HEADERS=1 -DHAVE_SETENV=1 -DHAVE_PUTENV=1 -DHAVE_SYS_MMAN_H=1 -DHAVE_DIRENT_H=1 -DHAVE_LIMITS_H=1 -DHAVE_PATHS_H=1 -DHAVE_VA_COPY=1 -DHAVE___VA_COPY=1 -DFILE_LOCKS=1 -DCALMA_MODULE=1 -DCIF_MODULE=1 -DX11_BACKING_STORE=1 -DPLOT_MODULE=1 -DLEF_MODULE=1 -DROUTE_MODULE=1 -DUSE_NEW_MACROS=1 -DVECTOR_FONTS=1 -DHAVE_LIBCAIRO=1 -DMAGIC_WRAPPER=1 -Dlinux=1 -DSYSV=1 -DISC=1 -DNDEBUG -DGCORE=\"/usr/bin/gcore\" -DSHDLIB_EXT=\".so\"  -c EFerr.c
--- compiling extflat/EFflat.o
rm -f EFflat.o
gcc -g -m64 -fPIC -Wimplicit-int -fPIC  -I/usr/include/tcl8.6/tk-private/generic -I/usr/include/tcl8.6 -I. -I..  -DCAD_DIR=\"/home/chuan/Desktop/magic_install/lib\" -DBIN_DIR=\"/home/chuan/Desktop/magic_install/bin\" -DTCL_DIR=\"/home/chuan/Desktop/magic_install/lib/magic/tcl\" -DPACKAGE_NAME=\"\" -DPACKAGE_TARNAME=\"\" -DPACKAGE_VERSION=\"\" -DPACKAGE_STRING=\"\" -DPACKAGE_BUGREPORT=\"\" -DPACKAGE_URL=\"\" -DMAGIC_VERSION=\"8.2\" -DMAGIC_REVISION=\"19\" -DSTDC_HEADERS=1 -DHAVE_SYS_TYPES_H=1 -DHAVE_SYS_STAT_H=1 -DHAVE_STDLIB_H=1 -DHAVE_STRING_H=1 -DHAVE_MEMORY_H=1 -DHAVE_STRINGS_H=1 -DHAVE_INTTYPES_H=1 -DHAVE_STDINT_H=1 -DHAVE_UNISTD_H=1 -DSIZEOF_VOID_P=8 -DSIZEOF_UNSIGNED_INT=4 -DSIZEOF_UNSIGNED_LONG=8 -DSIZEOF_UNSIGNED_LONG_LONG=8 -DSTDC_HEADERS=1 -DHAVE_SETENV=1 -DHAVE_PUTENV=1 -DHAVE_SYS_MMAN_H=1 -DHAVE_DIRENT_H=1 -DHAVE_LIMITS_H=1 -DHAVE_PATHS_H=1 -DHAVE_VA_COPY=1 -DHAVE___VA_COPY=1 -DFILE_LOCKS=1 -DCALMA_MODULE=1 -DCIF_MODULE=1 -DX11_BACKING_STORE=1 -DPLOT_MODULE=1 -DLEF_MODULE=1 -DROUTE_MODULE=1 -DUSE_NEW_MACROS=1 -DVECTOR_FONTS=1 -DHAVE_LIBCAIRO=1 -DMAGIC_WRAPPER=1 -Dlinux=1 -DSYSV=1 -DISC=1 -DNDEBUG -DGCORE=\"/usr/bin/gcore\" -DSHDLIB_EXT=\".so\"  -c EFflat.c
--- compiling extflat/EFhier.o
rm -f EFhier.o
gcc -g -m64 -fPIC -Wimplicit-int -fPIC  -I/usr/include/tcl8.6/tk-private/generic -I/usr/include/tcl8.6 -I. -I..  -DCAD_DIR=\"/home/chuan/Desktop/magic_install/lib\" -DBIN_DIR=\"/home/chuan/Desktop/magic_install/bin\" -DTCL_DIR=\"/home/chuan/Desktop/magic_install/lib/magic/tcl\" -DPACKAGE_NAME=\"\" -DPACKAGE_TARNAME=\"\" -DPACKAGE_VERSION=\"\" -DPACKAGE_STRING=\"\" -DPACKAGE_BUGREPORT=\"\" -DPACKAGE_URL=\"\" -DMAGIC_VERSION=\"8.2\" -DMAGIC_REVISION=\"19\" -DSTDC_HEADERS=1 -DHAVE_SYS_TYPES_H=1 -DHAVE_SYS_STAT_H=1 -DHAVE_STDLIB_H=1 -DHAVE_STRING_H=1 -DHAVE_MEMORY_H=1 -DHAVE_STRINGS_H=1 -DHAVE_INTTYPES_H=1 -DHAVE_STDINT_H=1 -DHAVE_UNISTD_H=1 -DSIZEOF_VOID_P=8 -DSIZEOF_UNSIGNED_INT=4 -DSIZEOF_UNSIGNED_LONG=8 -DSIZEOF_UNSIGNED_LONG_LONG=8 -DSTDC_HEADERS=1 -DHAVE_SETENV=1 -DHAVE_PUTENV=1 -DHAVE_SYS_MMAN_H=1 -DHAVE_DIRENT_H=1 -DHAVE_LIMITS_H=1 -DHAVE_PATHS_H=1 -DHAVE_VA_COPY=1 -DHAVE___VA_COPY=1 -DFILE_LOCKS=1 -DCALMA_MODULE=1 -DCIF_MODULE=1 -DX11_BACKING_STORE=1 -DPLOT_MODULE=1 -DLEF_MODULE=1 -DROUTE_MODULE=1 -DUSE_NEW_MACROS=1 -DVECTOR_FONTS=1 -DHAVE_LIBCAIRO=1 -DMAGIC_WRAPPER=1 -Dlinux=1 -DSYSV=1 -DISC=1 -DNDEBUG -DGCORE=\"/usr/bin/gcore\" -DSHDLIB_EXT=\".so\"  -c EFhier.c
--- compiling extflat/EFname.o
rm -f EFname.o
gcc -g -m64 -fPIC -Wimplicit-int -fPIC  -I/usr/include/tcl8.6/tk-private/generic -I/usr/include/tcl8.6 -I. -I..  -DCAD_DIR=\"/home/chuan/Desktop/magic_install/lib\" -DBIN_DIR=\"/home/chuan/Desktop/magic_install/bin\" -DTCL_DIR=\"/home/chuan/Desktop/magic_install/lib/magic/tcl\" -DPACKAGE_NAME=\"\" -DPACKAGE_TARNAME=\"\" -DPACKAGE_VERSION=\"\" -DPACKAGE_STRING=\"\" -DPACKAGE_BUGREPORT=\"\" -DPACKAGE_URL=\"\" -DMAGIC_VERSION=\"8.2\" -DMAGIC_REVISION=\"19\" -DSTDC_HEADERS=1 -DHAVE_SYS_TYPES_H=1 -DHAVE_SYS_STAT_H=1 -DHAVE_STDLIB_H=1 -DHAVE_STRING_H=1 -DHAVE_MEMORY_H=1 -DHAVE_STRINGS_H=1 -DHAVE_INTTYPES_H=1 -DHAVE_STDINT_H=1 -DHAVE_UNISTD_H=1 -DSIZEOF_VOID_P=8 -DSIZEOF_UNSIGNED_INT=4 -DSIZEOF_UNSIGNED_LONG=8 -DSIZEOF_UNSIGNED_LONG_LONG=8 -DSTDC_HEADERS=1 -DHAVE_SETENV=1 -DHAVE_PUTENV=1 -DHAVE_SYS_MMAN_H=1 -DHAVE_DIRENT_H=1 -DHAVE_LIMITS_H=1 -DHAVE_PATHS_H=1 -DHAVE_VA_COPY=1 -DHAVE___VA_COPY=1 -DFILE_LOCKS=1 -DCALMA_MODULE=1 -DCIF_MODULE=1 -DX11_BACKING_STORE=1 -DPLOT_MODULE=1 -DLEF_MODULE=1 -DROUTE_MODULE=1 -DUSE_NEW_MACROS=1 -DVECTOR_FONTS=1 -DHAVE_LIBCAIRO=1 -DMAGIC_WRAPPER=1 -Dlinux=1 -DSYSV=1 -DISC=1 -DNDEBUG -DGCORE=\"/usr/bin/gcore\" -DSHDLIB_EXT=\".so\"  -c EFname.c
--- compiling extflat/EFread.o
rm -f EFread.o
gcc -g -m64 -fPIC -Wimplicit-int -fPIC  -I/usr/include/tcl8.6/tk-private/generic -I/usr/include/tcl8.6 -I. -I..  -DCAD_DIR=\"/home/chuan/Desktop/magic_install/lib\" -DBIN_DIR=\"/home/chuan/Desktop/magic_install/bin\" -DTCL_DIR=\"/home/chuan/Desktop/magic_install/lib/magic/tcl\" -DPACKAGE_NAME=\"\" -DPACKAGE_TARNAME=\"\" -DPACKAGE_VERSION=\"\" -DPACKAGE_STRING=\"\" -DPACKAGE_BUGREPORT=\"\" -DPACKAGE_URL=\"\" -DMAGIC_VERSION=\"8.2\" -DMAGIC_REVISION=\"19\" -DSTDC_HEADERS=1 -DHAVE_SYS_TYPES_H=1 -DHAVE_SYS_STAT_H=1 -DHAVE_STDLIB_H=1 -DHAVE_STRING_H=1 -DHAVE_MEMORY_H=1 -DHAVE_STRINGS_H=1 -DHAVE_INTTYPES_H=1 -DHAVE_STDINT_H=1 -DHAVE_UNISTD_H=1 -DSIZEOF_VOID_P=8 -DSIZEOF_UNSIGNED_INT=4 -DSIZEOF_UNSIGNED_LONG=8 -DSIZEOF_UNSIGNED_LONG_LONG=8 -DSTDC_HEADERS=1 -DHAVE_SETENV=1 -DHAVE_PUTENV=1 -DHAVE_SYS_MMAN_H=1 -DHAVE_DIRENT_H=1 -DHAVE_LIMITS_H=1 -DHAVE_PATHS_H=1 -DHAVE_VA_COPY=1 -DHAVE___VA_COPY=1 -DFILE_LOCKS=1 -DCALMA_MODULE=1 -DCIF_MODULE=1 -DX11_BACKING_STORE=1 -DPLOT_MODULE=1 -DLEF_MODULE=1 -DROUTE_MODULE=1 -DUSE_NEW_MACROS=1 -DVECTOR_FONTS=1 -DHAVE_LIBCAIRO=1 -DMAGIC_WRAPPER=1 -Dlinux=1 -DSYSV=1 -DISC=1 -DNDEBUG -DGCORE=\"/usr/bin/gcore\" -DSHDLIB_EXT=\".so\"  -c EFread.c
--- compiling extflat/EFsym.o
rm -f EFsym.o
gcc -g -m64 -fPIC -Wimplicit-int -fPIC  -I/usr/include/tcl8.6/tk-private/generic -I/usr/include/tcl8.6 -I. -I..  -DCAD_DIR=\"/home/chuan/Desktop/magic_install/lib\" -DBIN_DIR=\"/home/chuan/Desktop/magic_install/bin\" -DTCL_DIR=\"/home/chuan/Desktop/magic_install/lib/magic/tcl\" -DPACKAGE_NAME=\"\" -DPACKAGE_TARNAME=\"\" -DPACKAGE_VERSION=\"\" -DPACKAGE_STRING=\"\" -DPACKAGE_BUGREPORT=\"\" -DPACKAGE_URL=\"\" -DMAGIC_VERSION=\"8.2\" -DMAGIC_REVISION=\"19\" -DSTDC_HEADERS=1 -DHAVE_SYS_TYPES_H=1 -DHAVE_SYS_STAT_H=1 -DHAVE_STDLIB_H=1 -DHAVE_STRING_H=1 -DHAVE_MEMORY_H=1 -DHAVE_STRINGS_H=1 -DHAVE_INTTYPES_H=1 -DHAVE_STDINT_H=1 -DHAVE_UNISTD_H=1 -DSIZEOF_VOID_P=8 -DSIZEOF_UNSIGNED_INT=4 -DSIZEOF_UNSIGNED_LONG=8 -DSIZEOF_UNSIGNED_LONG_LONG=8 -DSTDC_HEADERS=1 -DHAVE_SETENV=1 -DHAVE_PUTENV=1 -DHAVE_SYS_MMAN_H=1 -DHAVE_DIRENT_H=1 -DHAVE_LIMITS_H=1 -DHAVE_PATHS_H=1 -DHAVE_VA_COPY=1 -DHAVE___VA_COPY=1 -DFILE_LOCKS=1 -DCALMA_MODULE=1 -DCIF_MODULE=1 -DX11_BACKING_STORE=1 -DPLOT_MODULE=1 -DLEF_MODULE=1 -DROUTE_MODULE=1 -DUSE_NEW_MACROS=1 -DVECTOR_FONTS=1 -DHAVE_LIBCAIRO=1 -DMAGIC_WRAPPER=1 -Dlinux=1 -DSYSV=1 -DISC=1 -DNDEBUG -DGCORE=\"/usr/bin/gcore\" -DSHDLIB_EXT=\".so\"  -c EFsym.c
--- compiling extflat/EFvisit.o
rm -f EFvisit.o
gcc -g -m64 -fPIC -Wimplicit-int -fPIC  -I/usr/include/tcl8.6/tk-private/generic -I/usr/include/tcl8.6 -I. -I..  -DCAD_DIR=\"/home/chuan/Desktop/magic_install/lib\" -DBIN_DIR=\"/home/chuan/Desktop/magic_install/bin\" -DTCL_DIR=\"/home/chuan/Desktop/magic_install/lib/magic/tcl\" -DPACKAGE_NAME=\"\" -DPACKAGE_TARNAME=\"\" -DPACKAGE_VERSION=\"\" -DPACKAGE_STRING=\"\" -DPACKAGE_BUGREPORT=\"\" -DPACKAGE_URL=\"\" -DMAGIC_VERSION=\"8.2\" -DMAGIC_REVISION=\"19\" -DSTDC_HEADERS=1 -DHAVE_SYS_TYPES_H=1 -DHAVE_SYS_STAT_H=1 -DHAVE_STDLIB_H=1 -DHAVE_STRING_H=1 -DHAVE_MEMORY_H=1 -DHAVE_STRINGS_H=1 -DHAVE_INTTYPES_H=1 -DHAVE_STDINT_H=1 -DHAVE_UNISTD_H=1 -DSIZEOF_VOID_P=8 -DSIZEOF_UNSIGNED_INT=4 -DSIZEOF_UNSIGNED_LONG=8 -DSIZEOF_UNSIGNED_LONG_LONG=8 -DSTDC_HEADERS=1 -DHAVE_SETENV=1 -DHAVE_PUTENV=1 -DHAVE_SYS_MMAN_H=1 -DHAVE_DIRENT_H=1 -DHAVE_LIMITS_H=1 -DHAVE_PATHS_H=1 -DHAVE_VA_COPY=1 -DHAVE___VA_COPY=1 -DFILE_LOCKS=1 -DCALMA_MODULE=1 -DCIF_MODULE=1 -DX11_BACKING_STORE=1 -DPLOT_MODULE=1 -DLEF_MODULE=1 -DROUTE_MODULE=1 -DUSE_NEW_MACROS=1 -DVECTOR_FONTS=1 -DHAVE_LIBCAIRO=1 -DMAGIC_WRAPPER=1 -Dlinux=1 -DSYSV=1 -DISC=1 -DNDEBUG -DGCORE=\"/usr/bin/gcore\" -DSHDLIB_EXT=\".so\"  -c EFvisit.c
--- linking libextflat.o
rm -f libextflat.o
ld -r EFargs.o EFbuild.o EFdef.o EFerr.o EFflat.o EFhier.o EFname.o EFread.o EFsym.o EFvisit.o  -o libextflat.o 
make[2]: Leaving directory `/home/chuan/Desktop/magic-8.2/extflat'
make[2]: Entering directory `/home/chuan/Desktop/magic-8.2/extract'
--- compiling extract/ExtArray.o
rm -f ExtArray.o
gcc -g -m64 -fPIC -Wimplicit-int -fPIC  -I/usr/include/tcl8.6/tk-private/generic -I/usr/include/tcl8.6 -I. -I..  -DCAD_DIR=\"/home/chuan/Desktop/magic_install/lib\" -DBIN_DIR=\"/home/chuan/Desktop/magic_install/bin\" -DTCL_DIR=\"/home/chuan/Desktop/magic_install/lib/magic/tcl\" -DPACKAGE_NAME=\"\" -DPACKAGE_TARNAME=\"\" -DPACKAGE_VERSION=\"\" -DPACKAGE_STRING=\"\" -DPACKAGE_BUGREPORT=\"\" -DPACKAGE_URL=\"\" -DMAGIC_VERSION=\"8.2\" -DMAGIC_REVISION=\"19\" -DSTDC_HEADERS=1 -DHAVE_SYS_TYPES_H=1 -DHAVE_SYS_STAT_H=1 -DHAVE_STDLIB_H=1 -DHAVE_STRING_H=1 -DHAVE_MEMORY_H=1 -DHAVE_STRINGS_H=1 -DHAVE_INTTYPES_H=1 -DHAVE_STDINT_H=1 -DHAVE_UNISTD_H=1 -DSIZEOF_VOID_P=8 -DSIZEOF_UNSIGNED_INT=4 -DSIZEOF_UNSIGNED_LONG=8 -DSIZEOF_UNSIGNED_LONG_LONG=8 -DSTDC_HEADERS=1 -DHAVE_SETENV=1 -DHAVE_PUTENV=1 -DHAVE_SYS_MMAN_H=1 -DHAVE_DIRENT_H=1 -DHAVE_LIMITS_H=1 -DHAVE_PATHS_H=1 -DHAVE_VA_COPY=1 -DHAVE___VA_COPY=1 -DFILE_LOCKS=1 -DCALMA_MODULE=1 -DCIF_MODULE=1 -DX11_BACKING_STORE=1 -DPLOT_MODULE=1 -DLEF_MODULE=1 -DROUTE_MODULE=1 -DUSE_NEW_MACROS=1 -DVECTOR_FONTS=1 -DHAVE_LIBCAIRO=1 -DMAGIC_WRAPPER=1 -Dlinux=1 -DSYSV=1 -DISC=1 -DNDEBUG -DGCORE=\"/usr/bin/gcore\" -DSHDLIB_EXT=\".so\"  -c ExtArray.c
--- compiling extract/ExtBasic.o
rm -f ExtBasic.o
gcc -g -m64 -fPIC -Wimplicit-int -fPIC  -I/usr/include/tcl8.6/tk-private/generic -I/usr/include/tcl8.6 -I. -I..  -DCAD_DIR=\"/home/chuan/Desktop/magic_install/lib\" -DBIN_DIR=\"/home/chuan/Desktop/magic_install/bin\" -DTCL_DIR=\"/home/chuan/Desktop/magic_install/lib/magic/tcl\" -DPACKAGE_NAME=\"\" -DPACKAGE_TARNAME=\"\" -DPACKAGE_VERSION=\"\" -DPACKAGE_STRING=\"\" -DPACKAGE_BUGREPORT=\"\" -DPACKAGE_URL=\"\" -DMAGIC_VERSION=\"8.2\" -DMAGIC_REVISION=\"19\" -DSTDC_HEADERS=1 -DHAVE_SYS_TYPES_H=1 -DHAVE_SYS_STAT_H=1 -DHAVE_STDLIB_H=1 -DHAVE_STRING_H=1 -DHAVE_MEMORY_H=1 -DHAVE_STRINGS_H=1 -DHAVE_INTTYPES_H=1 -DHAVE_STDINT_H=1 -DHAVE_UNISTD_H=1 -DSIZEOF_VOID_P=8 -DSIZEOF_UNSIGNED_INT=4 -DSIZEOF_UNSIGNED_LONG=8 -DSIZEOF_UNSIGNED_LONG_LONG=8 -DSTDC_HEADERS=1 -DHAVE_SETENV=1 -DHAVE_PUTENV=1 -DHAVE_SYS_MMAN_H=1 -DHAVE_DIRENT_H=1 -DHAVE_LIMITS_H=1 -DHAVE_PATHS_H=1 -DHAVE_VA_COPY=1 -DHAVE___VA_COPY=1 -DFILE_LOCKS=1 -DCALMA_MODULE=1 -DCIF_MODULE=1 -DX11_BACKING_STORE=1 -DPLOT_MODULE=1 -DLEF_MODULE=1 -DROUTE_MODULE=1 -DUSE_NEW_MACROS=1 -DVECTOR_FONTS=1 -DHAVE_LIBCAIRO=1 -DMAGIC_WRAPPER=1 -Dlinux=1 -DSYSV=1 -DISC=1 -DNDEBUG -DGCORE=\"/usr/bin/gcore\" -DSHDLIB_EXT=\".so\"  -c ExtBasic.c
--- compiling extract/ExtCell.o
rm -f ExtCell.o
gcc -g -m64 -fPIC -Wimplicit-int -fPIC  -I/usr/include/tcl8.6/tk-private/generic -I/usr/include/tcl8.6 -I. -I..  -DCAD_DIR=\"/home/chuan/Desktop/magic_install/lib\" -DBIN_DIR=\"/home/chuan/Desktop/magic_install/bin\" -DTCL_DIR=\"/home/chuan/Desktop/magic_install/lib/magic/tcl\" -DPACKAGE_NAME=\"\" -DPACKAGE_TARNAME=\"\" -DPACKAGE_VERSION=\"\" -DPACKAGE_STRING=\"\" -DPACKAGE_BUGREPORT=\"\" -DPACKAGE_URL=\"\" -DMAGIC_VERSION=\"8.2\" -DMAGIC_REVISION=\"19\" -DSTDC_HEADERS=1 -DHAVE_SYS_TYPES_H=1 -DHAVE_SYS_STAT_H=1 -DHAVE_STDLIB_H=1 -DHAVE_STRING_H=1 -DHAVE_MEMORY_H=1 -DHAVE_STRINGS_H=1 -DHAVE_INTTYPES_H=1 -DHAVE_STDINT_H=1 -DHAVE_UNISTD_H=1 -DSIZEOF_VOID_P=8 -DSIZEOF_UNSIGNED_INT=4 -DSIZEOF_UNSIGNED_LONG=8 -DSIZEOF_UNSIGNED_LONG_LONG=8 -DSTDC_HEADERS=1 -DHAVE_SETENV=1 -DHAVE_PUTENV=1 -DHAVE_SYS_MMAN_H=1 -DHAVE_DIRENT_H=1 -DHAVE_LIMITS_H=1 -DHAVE_PATHS_H=1 -DHAVE_VA_COPY=1 -DHAVE___VA_COPY=1 -DFILE_LOCKS=1 -DCALMA_MODULE=1 -DCIF_MODULE=1 -DX11_BACKING_STORE=1 -DPLOT_MODULE=1 -DLEF_MODULE=1 -DROUTE_MODULE=1 -DUSE_NEW_MACROS=1 -DVECTOR_FONTS=1 -DHAVE_LIBCAIRO=1 -DMAGIC_WRAPPER=1 -Dlinux=1 -DSYSV=1 -DISC=1 -DNDEBUG -DGCORE=\"/usr/bin/gcore\" -DSHDLIB_EXT=\".so\"  -c ExtCell.c
--- compiling extract/ExtCouple.o
rm -f ExtCouple.o
gcc -g -m64 -fPIC -Wimplicit-int -fPIC  -I/usr/include/tcl8.6/tk-private/generic -I/usr/include/tcl8.6 -I. -I..  -DCAD_DIR=\"/home/chuan/Desktop/magic_install/lib\" -DBIN_DIR=\"/home/chuan/Desktop/magic_install/bin\" -DTCL_DIR=\"/home/chuan/Desktop/magic_install/lib/magic/tcl\" -DPACKAGE_NAME=\"\" -DPACKAGE_TARNAME=\"\" -DPACKAGE_VERSION=\"\" -DPACKAGE_STRING=\"\" -DPACKAGE_BUGREPORT=\"\" -DPACKAGE_URL=\"\" -DMAGIC_VERSION=\"8.2\" -DMAGIC_REVISION=\"19\" -DSTDC_HEADERS=1 -DHAVE_SYS_TYPES_H=1 -DHAVE_SYS_STAT_H=1 -DHAVE_STDLIB_H=1 -DHAVE_STRING_H=1 -DHAVE_MEMORY_H=1 -DHAVE_STRINGS_H=1 -DHAVE_INTTYPES_H=1 -DHAVE_STDINT_H=1 -DHAVE_UNISTD_H=1 -DSIZEOF_VOID_P=8 -DSIZEOF_UNSIGNED_INT=4 -DSIZEOF_UNSIGNED_LONG=8 -DSIZEOF_UNSIGNED_LONG_LONG=8 -DSTDC_HEADERS=1 -DHAVE_SETENV=1 -DHAVE_PUTENV=1 -DHAVE_SYS_MMAN_H=1 -DHAVE_DIRENT_H=1 -DHAVE_LIMITS_H=1 -DHAVE_PATHS_H=1 -DHAVE_VA_COPY=1 -DHAVE___VA_COPY=1 -DFILE_LOCKS=1 -DCALMA_MODULE=1 -DCIF_MODULE=1 -DX11_BACKING_STORE=1 -DPLOT_MODULE=1 -DLEF_MODULE=1 -DROUTE_MODULE=1 -DUSE_NEW_MACROS=1 -DVECTOR_FONTS=1 -DHAVE_LIBCAIRO=1 -DMAGIC_WRAPPER=1 -Dlinux=1 -DSYSV=1 -DISC=1 -DNDEBUG -DGCORE=\"/usr/bin/gcore\" -DSHDLIB_EXT=\".so\"  -c ExtCouple.c
--- compiling extract/ExtHard.o
rm -f ExtHard.o
gcc -g -m64 -fPIC -Wimplicit-int -fPIC  -I/usr/include/tcl8.6/tk-private/generic -I/usr/include/tcl8.6 -I. -I..  -DCAD_DIR=\"/home/chuan/Desktop/magic_install/lib\" -DBIN_DIR=\"/home/chuan/Desktop/magic_install/bin\" -DTCL_DIR=\"/home/chuan/Desktop/magic_install/lib/magic/tcl\" -DPACKAGE_NAME=\"\" -DPACKAGE_TARNAME=\"\" -DPACKAGE_VERSION=\"\" -DPACKAGE_STRING=\"\" -DPACKAGE_BUGREPORT=\"\" -DPACKAGE_URL=\"\" -DMAGIC_VERSION=\"8.2\" -DMAGIC_REVISION=\"19\" -DSTDC_HEADERS=1 -DHAVE_SYS_TYPES_H=1 -DHAVE_SYS_STAT_H=1 -DHAVE_STDLIB_H=1 -DHAVE_STRING_H=1 -DHAVE_MEMORY_H=1 -DHAVE_STRINGS_H=1 -DHAVE_INTTYPES_H=1 -DHAVE_STDINT_H=1 -DHAVE_UNISTD_H=1 -DSIZEOF_VOID_P=8 -DSIZEOF_UNSIGNED_INT=4 -DSIZEOF_UNSIGNED_LONG=8 -DSIZEOF_UNSIGNED_LONG_LONG=8 -DSTDC_HEADERS=1 -DHAVE_SETENV=1 -DHAVE_PUTENV=1 -DHAVE_SYS_MMAN_H=1 -DHAVE_DIRENT_H=1 -DHAVE_LIMITS_H=1 -DHAVE_PATHS_H=1 -DHAVE_VA_COPY=1 -DHAVE___VA_COPY=1 -DFILE_LOCKS=1 -DCALMA_MODULE=1 -DCIF_MODULE=1 -DX11_BACKING_STORE=1 -DPLOT_MODULE=1 -DLEF_MODULE=1 -DROUTE_MODULE=1 -DUSE_NEW_MACROS=1 -DVECTOR_FONTS=1 -DHAVE_LIBCAIRO=1 -DMAGIC_WRAPPER=1 -Dlinux=1 -DSYSV=1 -DISC=1 -DNDEBUG -DGCORE=\"/usr/bin/gcore\" -DSHDLIB_EXT=\".so\"  -c ExtHard.c
--- compiling extract/ExtHier.o
rm -f ExtHier.o
gcc -g -m64 -fPIC -Wimplicit-int -fPIC  -I/usr/include/tcl8.6/tk-private/generic -I/usr/include/tcl8.6 -I. -I..  -DCAD_DIR=\"/home/chuan/Desktop/magic_install/lib\" -DBIN_DIR=\"/home/chuan/Desktop/magic_install/bin\" -DTCL_DIR=\"/home/chuan/Desktop/magic_install/lib/magic/tcl\" -DPACKAGE_NAME=\"\" -DPACKAGE_TARNAME=\"\" -DPACKAGE_VERSION=\"\" -DPACKAGE_STRING=\"\" -DPACKAGE_BUGREPORT=\"\" -DPACKAGE_URL=\"\" -DMAGIC_VERSION=\"8.2\" -DMAGIC_REVISION=\"19\" -DSTDC_HEADERS=1 -DHAVE_SYS_TYPES_H=1 -DHAVE_SYS_STAT_H=1 -DHAVE_STDLIB_H=1 -DHAVE_STRING_H=1 -DHAVE_MEMORY_H=1 -DHAVE_STRINGS_H=1 -DHAVE_INTTYPES_H=1 -DHAVE_STDINT_H=1 -DHAVE_UNISTD_H=1 -DSIZEOF_VOID_P=8 -DSIZEOF_UNSIGNED_INT=4 -DSIZEOF_UNSIGNED_LONG=8 -DSIZEOF_UNSIGNED_LONG_LONG=8 -DSTDC_HEADERS=1 -DHAVE_SETENV=1 -DHAVE_PUTENV=1 -DHAVE_SYS_MMAN_H=1 -DHAVE_DIRENT_H=1 -DHAVE_LIMITS_H=1 -DHAVE_PATHS_H=1 -DHAVE_VA_COPY=1 -DHAVE___VA_COPY=1 -DFILE_LOCKS=1 -DCALMA_MODULE=1 -DCIF_MODULE=1 -DX11_BACKING_STORE=1 -DPLOT_MODULE=1 -DLEF_MODULE=1 -DROUTE_MODULE=1 -DUSE_NEW_MACROS=1 -DVECTOR_FONTS=1 -DHAVE_LIBCAIRO=1 -DMAGIC_WRAPPER=1 -Dlinux=1 -DSYSV=1 -DISC=1 -DNDEBUG -DGCORE=\"/usr/bin/gcore\" -DSHDLIB_EXT=\".so\"  -c ExtHier.c
--- compiling extract/ExtLength.o
rm -f ExtLength.o
gcc -g -m64 -fPIC -Wimplicit-int -fPIC  -I/usr/include/tcl8.6/tk-private/generic -I/usr/include/tcl8.6 -I. -I..  -DCAD_DIR=\"/home/chuan/Desktop/magic_install/lib\" -DBIN_DIR=\"/home/chuan/Desktop/magic_install/bin\" -DTCL_DIR=\"/home/chuan/Desktop/magic_install/lib/magic/tcl\" -DPACKAGE_NAME=\"\" -DPACKAGE_TARNAME=\"\" -DPACKAGE_VERSION=\"\" -DPACKAGE_STRING=\"\" -DPACKAGE_BUGREPORT=\"\" -DPACKAGE_URL=\"\" -DMAGIC_VERSION=\"8.2\" -DMAGIC_REVISION=\"19\" -DSTDC_HEADERS=1 -DHAVE_SYS_TYPES_H=1 -DHAVE_SYS_STAT_H=1 -DHAVE_STDLIB_H=1 -DHAVE_STRING_H=1 -DHAVE_MEMORY_H=1 -DHAVE_STRINGS_H=1 -DHAVE_INTTYPES_H=1 -DHAVE_STDINT_H=1 -DHAVE_UNISTD_H=1 -DSIZEOF_VOID_P=8 -DSIZEOF_UNSIGNED_INT=4 -DSIZEOF_UNSIGNED_LONG=8 -DSIZEOF_UNSIGNED_LONG_LONG=8 -DSTDC_HEADERS=1 -DHAVE_SETENV=1 -DHAVE_PUTENV=1 -DHAVE_SYS_MMAN_H=1 -DHAVE_DIRENT_H=1 -DHAVE_LIMITS_H=1 -DHAVE_PATHS_H=1 -DHAVE_VA_COPY=1 -DHAVE___VA_COPY=1 -DFILE_LOCKS=1 -DCALMA_MODULE=1 -DCIF_MODULE=1 -DX11_BACKING_STORE=1 -DPLOT_MODULE=1 -DLEF_MODULE=1 -DROUTE_MODULE=1 -DUSE_NEW_MACROS=1 -DVECTOR_FONTS=1 -DHAVE_LIBCAIRO=1 -DMAGIC_WRAPPER=1 -Dlinux=1 -DSYSV=1 -DISC=1 -DNDEBUG -DGCORE=\"/usr/bin/gcore\" -DSHDLIB_EXT=\".so\"  -c ExtLength.c
--- compiling extract/ExtMain.o
rm -f ExtMain.o
gcc -g -m64 -fPIC -Wimplicit-int -fPIC  -I/usr/include/tcl8.6/tk-private/generic -I/usr/include/tcl8.6 -I. -I..  -DCAD_DIR=\"/home/chuan/Desktop/magic_install/lib\" -DBIN_DIR=\"/home/chuan/Desktop/magic_install/bin\" -DTCL_DIR=\"/home/chuan/Desktop/magic_install/lib/magic/tcl\" -DPACKAGE_NAME=\"\" -DPACKAGE_TARNAME=\"\" -DPACKAGE_VERSION=\"\" -DPACKAGE_STRING=\"\" -DPACKAGE_BUGREPORT=\"\" -DPACKAGE_URL=\"\" -DMAGIC_VERSION=\"8.2\" -DMAGIC_REVISION=\"19\" -DSTDC_HEADERS=1 -DHAVE_SYS_TYPES_H=1 -DHAVE_SYS_STAT_H=1 -DHAVE_STDLIB_H=1 -DHAVE_STRING_H=1 -DHAVE_MEMORY_H=1 -DHAVE_STRINGS_H=1 -DHAVE_INTTYPES_H=1 -DHAVE_STDINT_H=1 -DHAVE_UNISTD_H=1 -DSIZEOF_VOID_P=8 -DSIZEOF_UNSIGNED_INT=4 -DSIZEOF_UNSIGNED_LONG=8 -DSIZEOF_UNSIGNED_LONG_LONG=8 -DSTDC_HEADERS=1 -DHAVE_SETENV=1 -DHAVE_PUTENV=1 -DHAVE_SYS_MMAN_H=1 -DHAVE_DIRENT_H=1 -DHAVE_LIMITS_H=1 -DHAVE_PATHS_H=1 -DHAVE_VA_COPY=1 -DHAVE___VA_COPY=1 -DFILE_LOCKS=1 -DCALMA_MODULE=1 -DCIF_MODULE=1 -DX11_BACKING_STORE=1 -DPLOT_MODULE=1 -DLEF_MODULE=1 -DROUTE_MODULE=1 -DUSE_NEW_MACROS=1 -DVECTOR_FONTS=1 -DHAVE_LIBCAIRO=1 -DMAGIC_WRAPPER=1 -Dlinux=1 -DSYSV=1 -DISC=1 -DNDEBUG -DGCORE=\"/usr/bin/gcore\" -DSHDLIB_EXT=\".so\"  -c ExtMain.c
--- compiling extract/ExtNghbors.o
rm -f ExtNghbors.o
gcc -g -m64 -fPIC -Wimplicit-int -fPIC  -I/usr/include/tcl8.6/tk-private/generic -I/usr/include/tcl8.6 -I. -I..  -DCAD_DIR=\"/home/chuan/Desktop/magic_install/lib\" -DBIN_DIR=\"/home/chuan/Desktop/magic_install/bin\" -DTCL_DIR=\"/home/chuan/Desktop/magic_install/lib/magic/tcl\" -DPACKAGE_NAME=\"\" -DPACKAGE_TARNAME=\"\" -DPACKAGE_VERSION=\"\" -DPACKAGE_STRING=\"\" -DPACKAGE_BUGREPORT=\"\" -DPACKAGE_URL=\"\" -DMAGIC_VERSION=\"8.2\" -DMAGIC_REVISION=\"19\" -DSTDC_HEADERS=1 -DHAVE_SYS_TYPES_H=1 -DHAVE_SYS_STAT_H=1 -DHAVE_STDLIB_H=1 -DHAVE_STRING_H=1 -DHAVE_MEMORY_H=1 -DHAVE_STRINGS_H=1 -DHAVE_INTTYPES_H=1 -DHAVE_STDINT_H=1 -DHAVE_UNISTD_H=1 -DSIZEOF_VOID_P=8 -DSIZEOF_UNSIGNED_INT=4 -DSIZEOF_UNSIGNED_LONG=8 -DSIZEOF_UNSIGNED_LONG_LONG=8 -DSTDC_HEADERS=1 -DHAVE_SETENV=1 -DHAVE_PUTENV=1 -DHAVE_SYS_MMAN_H=1 -DHAVE_DIRENT_H=1 -DHAVE_LIMITS_H=1 -DHAVE_PATHS_H=1 -DHAVE_VA_COPY=1 -DHAVE___VA_COPY=1 -DFILE_LOCKS=1 -DCALMA_MODULE=1 -DCIF_MODULE=1 -DX11_BACKING_STORE=1 -DPLOT_MODULE=1 -DLEF_MODULE=1 -DROUTE_MODULE=1 -DUSE_NEW_MACROS=1 -DVECTOR_FONTS=1 -DHAVE_LIBCAIRO=1 -DMAGIC_WRAPPER=1 -Dlinux=1 -DSYSV=1 -DISC=1 -DNDEBUG -DGCORE=\"/usr/bin/gcore\" -DSHDLIB_EXT=\".so\"  -c ExtNghbors.c
--- compiling extract/ExtPerim.o
rm -f ExtPerim.o
gcc -g -m64 -fPIC -Wimplicit-int -fPIC  -I/usr/include/tcl8.6/tk-private/generic -I/usr/include/tcl8.6 -I. -I..  -DCAD_DIR=\"/home/chuan/Desktop/magic_install/lib\" -DBIN_DIR=\"/home/chuan/Desktop/magic_install/bin\" -DTCL_DIR=\"/home/chuan/Desktop/magic_install/lib/magic/tcl\" -DPACKAGE_NAME=\"\" -DPACKAGE_TARNAME=\"\" -DPACKAGE_VERSION=\"\" -DPACKAGE_STRING=\"\" -DPACKAGE_BUGREPORT=\"\" -DPACKAGE_URL=\"\" -DMAGIC_VERSION=\"8.2\" -DMAGIC_REVISION=\"19\" -DSTDC_HEADERS=1 -DHAVE_SYS_TYPES_H=1 -DHAVE_SYS_STAT_H=1 -DHAVE_STDLIB_H=1 -DHAVE_STRING_H=1 -DHAVE_MEMORY_H=1 -DHAVE_STRINGS_H=1 -DHAVE_INTTYPES_H=1 -DHAVE_STDINT_H=1 -DHAVE_UNISTD_H=1 -DSIZEOF_VOID_P=8 -DSIZEOF_UNSIGNED_INT=4 -DSIZEOF_UNSIGNED_LONG=8 -DSIZEOF_UNSIGNED_LONG_LONG=8 -DSTDC_HEADERS=1 -DHAVE_SETENV=1 -DHAVE_PUTENV=1 -DHAVE_SYS_MMAN_H=1 -DHAVE_DIRENT_H=1 -DHAVE_LIMITS_H=1 -DHAVE_PATHS_H=1 -DHAVE_VA_COPY=1 -DHAVE___VA_COPY=1 -DFILE_LOCKS=1 -DCALMA_MODULE=1 -DCIF_MODULE=1 -DX11_BACKING_STORE=1 -DPLOT_MODULE=1 -DLEF_MODULE=1 -DROUTE_MODULE=1 -DUSE_NEW_MACROS=1 -DVECTOR_FONTS=1 -DHAVE_LIBCAIRO=1 -DMAGIC_WRAPPER=1 -Dlinux=1 -DSYSV=1 -DISC=1 -DNDEBUG -DGCORE=\"/usr/bin/gcore\" -DSHDLIB_EXT=\".so\"  -c ExtPerim.c
--- compiling extract/ExtRegion.o
rm -f ExtRegion.o
gcc -g -m64 -fPIC -Wimplicit-int -fPIC  -I/usr/include/tcl8.6/tk-private/generic -I/usr/include/tcl8.6 -I. -I..  -DCAD_DIR=\"/home/chuan/Desktop/magic_install/lib\" -DBIN_DIR=\"/home/chuan/Desktop/magic_install/bin\" -DTCL_DIR=\"/home/chuan/Desktop/magic_install/lib/magic/tcl\" -DPACKAGE_NAME=\"\" -DPACKAGE_TARNAME=\"\" -DPACKAGE_VERSION=\"\" -DPACKAGE_STRING=\"\" -DPACKAGE_BUGREPORT=\"\" -DPACKAGE_URL=\"\" -DMAGIC_VERSION=\"8.2\" -DMAGIC_REVISION=\"19\" -DSTDC_HEADERS=1 -DHAVE_SYS_TYPES_H=1 -DHAVE_SYS_STAT_H=1 -DHAVE_STDLIB_H=1 -DHAVE_STRING_H=1 -DHAVE_MEMORY_H=1 -DHAVE_STRINGS_H=1 -DHAVE_INTTYPES_H=1 -DHAVE_STDINT_H=1 -DHAVE_UNISTD_H=1 -DSIZEOF_VOID_P=8 -DSIZEOF_UNSIGNED_INT=4 -DSIZEOF_UNSIGNED_LONG=8 -DSIZEOF_UNSIGNED_LONG_LONG=8 -DSTDC_HEADERS=1 -DHAVE_SETENV=1 -DHAVE_PUTENV=1 -DHAVE_SYS_MMAN_H=1 -DHAVE_DIRENT_H=1 -DHAVE_LIMITS_H=1 -DHAVE_PATHS_H=1 -DHAVE_VA_COPY=1 -DHAVE___VA_COPY=1 -DFILE_LOCKS=1 -DCALMA_MODULE=1 -DCIF_MODULE=1 -DX11_BACKING_STORE=1 -DPLOT_MODULE=1 -DLEF_MODULE=1 -DROUTE_MODULE=1 -DUSE_NEW_MACROS=1 -DVECTOR_FONTS=1 -DHAVE_LIBCAIRO=1 -DMAGIC_WRAPPER=1 -Dlinux=1 -DSYSV=1 -DISC=1 -DNDEBUG -DGCORE=\"/usr/bin/gcore\" -DSHDLIB_EXT=\".so\"  -c ExtRegion.c
--- compiling extract/ExtSubtree.o
rm -f ExtSubtree.o
gcc -g -m64 -fPIC -Wimplicit-int -fPIC  -I/usr/include/tcl8.6/tk-private/generic -I/usr/include/tcl8.6 -I. -I..  -DCAD_DIR=\"/home/chuan/Desktop/magic_install/lib\" -DBIN_DIR=\"/home/chuan/Desktop/magic_install/bin\" -DTCL_DIR=\"/home/chuan/Desktop/magic_install/lib/magic/tcl\" -DPACKAGE_NAME=\"\" -DPACKAGE_TARNAME=\"\" -DPACKAGE_VERSION=\"\" -DPACKAGE_STRING=\"\" -DPACKAGE_BUGREPORT=\"\" -DPACKAGE_URL=\"\" -DMAGIC_VERSION=\"8.2\" -DMAGIC_REVISION=\"19\" -DSTDC_HEADERS=1 -DHAVE_SYS_TYPES_H=1 -DHAVE_SYS_STAT_H=1 -DHAVE_STDLIB_H=1 -DHAVE_STRING_H=1 -DHAVE_MEMORY_H=1 -DHAVE_STRINGS_H=1 -DHAVE_INTTYPES_H=1 -DHAVE_STDINT_H=1 -DHAVE_UNISTD_H=1 -DSIZEOF_VOID_P=8 -DSIZEOF_UNSIGNED_INT=4 -DSIZEOF_UNSIGNED_LONG=8 -DSIZEOF_UNSIGNED_LONG_LONG=8 -DSTDC_HEADERS=1 -DHAVE_SETENV=1 -DHAVE_PUTENV=1 -DHAVE_SYS_MMAN_H=1 -DHAVE_DIRENT_H=1 -DHAVE_LIMITS_H=1 -DHAVE_PATHS_H=1 -DHAVE_VA_COPY=1 -DHAVE___VA_COPY=1 -DFILE_LOCKS=1 -DCALMA_MODULE=1 -DCIF_MODULE=1 -DX11_BACKING_STORE=1 -DPLOT_MODULE=1 -DLEF_MODULE=1 -DROUTE_MODULE=1 -DUSE_NEW_MACROS=1 -DVECTOR_FONTS=1 -DHAVE_LIBCAIRO=1 -DMAGIC_WRAPPER=1 -Dlinux=1 -DSYSV=1 -DISC=1 -DNDEBUG -DGCORE=\"/usr/bin/gcore\" -DSHDLIB_EXT=\".so\"  -c ExtSubtree.c
--- compiling extract/ExtTech.o
rm -f ExtTech.o
gcc -g -m64 -fPIC -Wimplicit-int -fPIC  -I/usr/include/tcl8.6/tk-private/generic -I/usr/include/tcl8.6 -I. -I..  -DCAD_DIR=\"/home/chuan/Desktop/magic_install/lib\" -DBIN_DIR=\"/home/chuan/Desktop/magic_install/bin\" -DTCL_DIR=\"/home/chuan/Desktop/magic_install/lib/magic/tcl\" -DPACKAGE_NAME=\"\" -DPACKAGE_TARNAME=\"\" -DPACKAGE_VERSION=\"\" -DPACKAGE_STRING=\"\" -DPACKAGE_BUGREPORT=\"\" -DPACKAGE_URL=\"\" -DMAGIC_VERSION=\"8.2\" -DMAGIC_REVISION=\"19\" -DSTDC_HEADERS=1 -DHAVE_SYS_TYPES_H=1 -DHAVE_SYS_STAT_H=1 -DHAVE_STDLIB_H=1 -DHAVE_STRING_H=1 -DHAVE_MEMORY_H=1 -DHAVE_STRINGS_H=1 -DHAVE_INTTYPES_H=1 -DHAVE_STDINT_H=1 -DHAVE_UNISTD_H=1 -DSIZEOF_VOID_P=8 -DSIZEOF_UNSIGNED_INT=4 -DSIZEOF_UNSIGNED_LONG=8 -DSIZEOF_UNSIGNED_LONG_LONG=8 -DSTDC_HEADERS=1 -DHAVE_SETENV=1 -DHAVE_PUTENV=1 -DHAVE_SYS_MMAN_H=1 -DHAVE_DIRENT_H=1 -DHAVE_LIMITS_H=1 -DHAVE_PATHS_H=1 -DHAVE_VA_COPY=1 -DHAVE___VA_COPY=1 -DFILE_LOCKS=1 -DCALMA_MODULE=1 -DCIF_MODULE=1 -DX11_BACKING_STORE=1 -DPLOT_MODULE=1 -DLEF_MODULE=1 -DROUTE_MODULE=1 -DUSE_NEW_MACROS=1 -DVECTOR_FONTS=1 -DHAVE_LIBCAIRO=1 -DMAGIC_WRAPPER=1 -Dlinux=1 -DSYSV=1 -DISC=1 -DNDEBUG -DGCORE=\"/usr/bin/gcore\" -DSHDLIB_EXT=\".so\"  -c ExtTech.c
--- compiling extract/ExtTest.o
rm -f ExtTest.o
gcc -g -m64 -fPIC -Wimplicit-int -fPIC  -I/usr/include/tcl8.6/tk-private/generic -I/usr/include/tcl8.6 -I. -I..  -DCAD_DIR=\"/home/chuan/Desktop/magic_install/lib\" -DBIN_DIR=\"/home/chuan/Desktop/magic_install/bin\" -DTCL_DIR=\"/home/chuan/Desktop/magic_install/lib/magic/tcl\" -DPACKAGE_NAME=\"\" -DPACKAGE_TARNAME=\"\" -DPACKAGE_VERSION=\"\" -DPACKAGE_STRING=\"\" -DPACKAGE_BUGREPORT=\"\" -DPACKAGE_URL=\"\" -DMAGIC_VERSION=\"8.2\" -DMAGIC_REVISION=\"19\" -DSTDC_HEADERS=1 -DHAVE_SYS_TYPES_H=1 -DHAVE_SYS_STAT_H=1 -DHAVE_STDLIB_H=1 -DHAVE_STRING_H=1 -DHAVE_MEMORY_H=1 -DHAVE_STRINGS_H=1 -DHAVE_INTTYPES_H=1 -DHAVE_STDINT_H=1 -DHAVE_UNISTD_H=1 -DSIZEOF_VOID_P=8 -DSIZEOF_UNSIGNED_INT=4 -DSIZEOF_UNSIGNED_LONG=8 -DSIZEOF_UNSIGNED_LONG_LONG=8 -DSTDC_HEADERS=1 -DHAVE_SETENV=1 -DHAVE_PUTENV=1 -DHAVE_SYS_MMAN_H=1 -DHAVE_DIRENT_H=1 -DHAVE_LIMITS_H=1 -DHAVE_PATHS_H=1 -DHAVE_VA_COPY=1 -DHAVE___VA_COPY=1 -DFILE_LOCKS=1 -DCALMA_MODULE=1 -DCIF_MODULE=1 -DX11_BACKING_STORE=1 -DPLOT_MODULE=1 -DLEF_MODULE=1 -DROUTE_MODULE=1 -DUSE_NEW_MACROS=1 -DVECTOR_FONTS=1 -DHAVE_LIBCAIRO=1 -DMAGIC_WRAPPER=1 -Dlinux=1 -DSYSV=1 -DISC=1 -DNDEBUG -DGCORE=\"/usr/bin/gcore\" -DSHDLIB_EXT=\".so\"  -c ExtTest.c
--- compiling extract/ExtTimes.o
rm -f ExtTimes.o
gcc -g -m64 -fPIC -Wimplicit-int -fPIC  -I/usr/include/tcl8.6/tk-private/generic -I/usr/include/tcl8.6 -I. -I..  -DCAD_DIR=\"/home/chuan/Desktop/magic_install/lib\" -DBIN_DIR=\"/home/chuan/Desktop/magic_install/bin\" -DTCL_DIR=\"/home/chuan/Desktop/magic_install/lib/magic/tcl\" -DPACKAGE_NAME=\"\" -DPACKAGE_TARNAME=\"\" -DPACKAGE_VERSION=\"\" -DPACKAGE_STRING=\"\" -DPACKAGE_BUGREPORT=\"\" -DPACKAGE_URL=\"\" -DMAGIC_VERSION=\"8.2\" -DMAGIC_REVISION=\"19\" -DSTDC_HEADERS=1 -DHAVE_SYS_TYPES_H=1 -DHAVE_SYS_STAT_H=1 -DHAVE_STDLIB_H=1 -DHAVE_STRING_H=1 -DHAVE_MEMORY_H=1 -DHAVE_STRINGS_H=1 -DHAVE_INTTYPES_H=1 -DHAVE_STDINT_H=1 -DHAVE_UNISTD_H=1 -DSIZEOF_VOID_P=8 -DSIZEOF_UNSIGNED_INT=4 -DSIZEOF_UNSIGNED_LONG=8 -DSIZEOF_UNSIGNED_LONG_LONG=8 -DSTDC_HEADERS=1 -DHAVE_SETENV=1 -DHAVE_PUTENV=1 -DHAVE_SYS_MMAN_H=1 -DHAVE_DIRENT_H=1 -DHAVE_LIMITS_H=1 -DHAVE_PATHS_H=1 -DHAVE_VA_COPY=1 -DHAVE___VA_COPY=1 -DFILE_LOCKS=1 -DCALMA_MODULE=1 -DCIF_MODULE=1 -DX11_BACKING_STORE=1 -DPLOT_MODULE=1 -DLEF_MODULE=1 -DROUTE_MODULE=1 -DUSE_NEW_MACROS=1 -DVECTOR_FONTS=1 -DHAVE_LIBCAIRO=1 -DMAGIC_WRAPPER=1 -Dlinux=1 -DSYSV=1 -DISC=1 -DNDEBUG -DGCORE=\"/usr/bin/gcore\" -DSHDLIB_EXT=\".so\"  -c ExtTimes.c
--- compiling extract/ExtYank.o
rm -f ExtYank.o
gcc -g -m64 -fPIC -Wimplicit-int -fPIC  -I/usr/include/tcl8.6/tk-private/generic -I/usr/include/tcl8.6 -I. -I..  -DCAD_DIR=\"/home/chuan/Desktop/magic_install/lib\" -DBIN_DIR=\"/home/chuan/Desktop/magic_install/bin\" -DTCL_DIR=\"/home/chuan/Desktop/magic_install/lib/magic/tcl\" -DPACKAGE_NAME=\"\" -DPACKAGE_TARNAME=\"\" -DPACKAGE_VERSION=\"\" -DPACKAGE_STRING=\"\" -DPACKAGE_BUGREPORT=\"\" -DPACKAGE_URL=\"\" -DMAGIC_VERSION=\"8.2\" -DMAGIC_REVISION=\"19\" -DSTDC_HEADERS=1 -DHAVE_SYS_TYPES_H=1 -DHAVE_SYS_STAT_H=1 -DHAVE_STDLIB_H=1 -DHAVE_STRING_H=1 -DHAVE_MEMORY_H=1 -DHAVE_STRINGS_H=1 -DHAVE_INTTYPES_H=1 -DHAVE_STDINT_H=1 -DHAVE_UNISTD_H=1 -DSIZEOF_VOID_P=8 -DSIZEOF_UNSIGNED_INT=4 -DSIZEOF_UNSIGNED_LONG=8 -DSIZEOF_UNSIGNED_LONG_LONG=8 -DSTDC_HEADERS=1 -DHAVE_SETENV=1 -DHAVE_PUTENV=1 -DHAVE_SYS_MMAN_H=1 -DHAVE_DIRENT_H=1 -DHAVE_LIMITS_H=1 -DHAVE_PATHS_H=1 -DHAVE_VA_COPY=1 -DHAVE___VA_COPY=1 -DFILE_LOCKS=1 -DCALMA_MODULE=1 -DCIF_MODULE=1 -DX11_BACKING_STORE=1 -DPLOT_MODULE=1 -DLEF_MODULE=1 -DROUTE_MODULE=1 -DUSE_NEW_MACROS=1 -DVECTOR_FONTS=1 -DHAVE_LIBCAIRO=1 -DMAGIC_WRAPPER=1 -Dlinux=1 -DSYSV=1 -DISC=1 -DNDEBUG -DGCORE=\"/usr/bin/gcore\" -DSHDLIB_EXT=\".so\"  -c ExtYank.c
--- compiling extract/ExtInter.o
rm -f ExtInter.o
gcc -g -m64 -fPIC -Wimplicit-int -fPIC  -I/usr/include/tcl8.6/tk-private/generic -I/usr/include/tcl8.6 -I. -I..  -DCAD_DIR=\"/home/chuan/Desktop/magic_install/lib\" -DBIN_DIR=\"/home/chuan/Desktop/magic_install/bin\" -DTCL_DIR=\"/home/chuan/Desktop/magic_install/lib/magic/tcl\" -DPACKAGE_NAME=\"\" -DPACKAGE_TARNAME=\"\" -DPACKAGE_VERSION=\"\" -DPACKAGE_STRING=\"\" -DPACKAGE_BUGREPORT=\"\" -DPACKAGE_URL=\"\" -DMAGIC_VERSION=\"8.2\" -DMAGIC_REVISION=\"19\" -DSTDC_HEADERS=1 -DHAVE_SYS_TYPES_H=1 -DHAVE_SYS_STAT_H=1 -DHAVE_STDLIB_H=1 -DHAVE_STRING_H=1 -DHAVE_MEMORY_H=1 -DHAVE_STRINGS_H=1 -DHAVE_INTTYPES_H=1 -DHAVE_STDINT_H=1 -DHAVE_UNISTD_H=1 -DSIZEOF_VOID_P=8 -DSIZEOF_UNSIGNED_INT=4 -DSIZEOF_UNSIGNED_LONG=8 -DSIZEOF_UNSIGNED_LONG_LONG=8 -DSTDC_HEADERS=1 -DHAVE_SETENV=1 -DHAVE_PUTENV=1 -DHAVE_SYS_MMAN_H=1 -DHAVE_DIRENT_H=1 -DHAVE_LIMITS_H=1 -DHAVE_PATHS_H=1 -DHAVE_VA_COPY=1 -DHAVE___VA_COPY=1 -DFILE_LOCKS=1 -DCALMA_MODULE=1 -DCIF_MODULE=1 -DX11_BACKING_STORE=1 -DPLOT_MODULE=1 -DLEF_MODULE=1 -DROUTE_MODULE=1 -DUSE_NEW_MACROS=1 -DVECTOR_FONTS=1 -DHAVE_LIBCAIRO=1 -DMAGIC_WRAPPER=1 -Dlinux=1 -DSYSV=1 -DISC=1 -DNDEBUG -DGCORE=\"/usr/bin/gcore\" -DSHDLIB_EXT=\".so\"  -c ExtInter.c
--- compiling extract/ExtUnique.o
rm -f ExtUnique.o
gcc -g -m64 -fPIC -Wimplicit-int -fPIC  -I/usr/include/tcl8.6/tk-private/generic -I/usr/include/tcl8.6 -I. -I..  -DCAD_DIR=\"/home/chuan/Desktop/magic_install/lib\" -DBIN_DIR=\"/home/chuan/Desktop/magic_install/bin\" -DTCL_DIR=\"/home/chuan/Desktop/magic_install/lib/magic/tcl\" -DPACKAGE_NAME=\"\" -DPACKAGE_TARNAME=\"\" -DPACKAGE_VERSION=\"\" -DPACKAGE_STRING=\"\" -DPACKAGE_BUGREPORT=\"\" -DPACKAGE_URL=\"\" -DMAGIC_VERSION=\"8.2\" -DMAGIC_REVISION=\"19\" -DSTDC_HEADERS=1 -DHAVE_SYS_TYPES_H=1 -DHAVE_SYS_STAT_H=1 -DHAVE_STDLIB_H=1 -DHAVE_STRING_H=1 -DHAVE_MEMORY_H=1 -DHAVE_STRINGS_H=1 -DHAVE_INTTYPES_H=1 -DHAVE_STDINT_H=1 -DHAVE_UNISTD_H=1 -DSIZEOF_VOID_P=8 -DSIZEOF_UNSIGNED_INT=4 -DSIZEOF_UNSIGNED_LONG=8 -DSIZEOF_UNSIGNED_LONG_LONG=8 -DSTDC_HEADERS=1 -DHAVE_SETENV=1 -DHAVE_PUTENV=1 -DHAVE_SYS_MMAN_H=1 -DHAVE_DIRENT_H=1 -DHAVE_LIMITS_H=1 -DHAVE_PATHS_H=1 -DHAVE_VA_COPY=1 -DHAVE___VA_COPY=1 -DFILE_LOCKS=1 -DCALMA_MODULE=1 -DCIF_MODULE=1 -DX11_BACKING_STORE=1 -DPLOT_MODULE=1 -DLEF_MODULE=1 -DROUTE_MODULE=1 -DUSE_NEW_MACROS=1 -DVECTOR_FONTS=1 -DHAVE_LIBCAIRO=1 -DMAGIC_WRAPPER=1 -Dlinux=1 -DSYSV=1 -DISC=1 -DNDEBUG -DGCORE=\"/usr/bin/gcore\" -DSHDLIB_EXT=\".so\"  -c ExtUnique.c
--- linking libextract.o
rm -f libextract.o
ld -r ExtArray.o ExtBasic.o ExtCell.o ExtCouple.o ExtHard.o ExtHier.o ExtLength.o ExtMain.o ExtNghbors.o ExtPerim.o ExtRegion.o ExtSubtree.o ExtTech.o ExtTest.o ExtTimes.o ExtYank.o ExtInter.o ExtUnique.o  -o libextract.o 
make[2]: Leaving directory `/home/chuan/Desktop/magic-8.2/extract'
make[2]: Entering directory `/home/chuan/Desktop/magic-8.2/graphics'
--- compiling graphics/grMain.o
rm -f grMain.o
gcc -g -m64 -fPIC -Wimplicit-int -fPIC  -I/usr/include/tcl8.6/tk-private/generic -I/usr/include/tcl8.6  -I. -I..  -DCAD_DIR=\"/home/chuan/Desktop/magic_install/lib\" -DBIN_DIR=\"/home/chuan/Desktop/magic_install/bin\" -DTCL_DIR=\"/home/chuan/Desktop/magic_install/lib/magic/tcl\" -DPACKAGE_NAME=\"\" -DPACKAGE_TARNAME=\"\" -DPACKAGE_VERSION=\"\" -DPACKAGE_STRING=\"\" -DPACKAGE_BUGREPORT=\"\" -DPACKAGE_URL=\"\" -DMAGIC_VERSION=\"8.2\" -DMAGIC_REVISION=\"19\" -DSTDC_HEADERS=1 -DHAVE_SYS_TYPES_H=1 -DHAVE_SYS_STAT_H=1 -DHAVE_STDLIB_H=1 -DHAVE_STRING_H=1 -DHAVE_MEMORY_H=1 -DHAVE_STRINGS_H=1 -DHAVE_INTTYPES_H=1 -DHAVE_STDINT_H=1 -DHAVE_UNISTD_H=1 -DSIZEOF_VOID_P=8 -DSIZEOF_UNSIGNED_INT=4 -DSIZEOF_UNSIGNED_LONG=8 -DSIZEOF_UNSIGNED_LONG_LONG=8 -DSTDC_HEADERS=1 -DHAVE_SETENV=1 -DHAVE_PUTENV=1 -DHAVE_SYS_MMAN_H=1 -DHAVE_DIRENT_H=1 -DHAVE_LIMITS_H=1 -DHAVE_PATHS_H=1 -DHAVE_VA_COPY=1 -DHAVE___VA_COPY=1 -DFILE_LOCKS=1 -DCALMA_MODULE=1 -DCIF_MODULE=1 -DX11_BACKING_STORE=1 -DPLOT_MODULE=1 -DLEF_MODULE=1 -DROUTE_MODULE=1 -DUSE_NEW_MACROS=1 -DVECTOR_FONTS=1 -DHAVE_LIBCAIRO=1 -DMAGIC_WRAPPER=1 -Dlinux=1 -DSYSV=1 -DISC=1 -DNDEBUG -DGCORE=\"/usr/bin/gcore\" -DSHDLIB_EXT=\".so\" -DX11 -DXLIB -DCAIRO -DNDEBUG  -c grMain.c
--- compiling graphics/grLock.o
rm -f grLock.o
gcc -g -m64 -fPIC -Wimplicit-int -fPIC  -I/usr/include/tcl8.6/tk-private/generic -I/usr/include/tcl8.6  -I. -I..  -DCAD_DIR=\"/home/chuan/Desktop/magic_install/lib\" -DBIN_DIR=\"/home/chuan/Desktop/magic_install/bin\" -DTCL_DIR=\"/home/chuan/Desktop/magic_install/lib/magic/tcl\" -DPACKAGE_NAME=\"\" -DPACKAGE_TARNAME=\"\" -DPACKAGE_VERSION=\"\" -DPACKAGE_STRING=\"\" -DPACKAGE_BUGREPORT=\"\" -DPACKAGE_URL=\"\" -DMAGIC_VERSION=\"8.2\" -DMAGIC_REVISION=\"19\" -DSTDC_HEADERS=1 -DHAVE_SYS_TYPES_H=1 -DHAVE_SYS_STAT_H=1 -DHAVE_STDLIB_H=1 -DHAVE_STRING_H=1 -DHAVE_MEMORY_H=1 -DHAVE_STRINGS_H=1 -DHAVE_INTTYPES_H=1 -DHAVE_STDINT_H=1 -DHAVE_UNISTD_H=1 -DSIZEOF_VOID_P=8 -DSIZEOF_UNSIGNED_INT=4 -DSIZEOF_UNSIGNED_LONG=8 -DSIZEOF_UNSIGNED_LONG_LONG=8 -DSTDC_HEADERS=1 -DHAVE_SETENV=1 -DHAVE_PUTENV=1 -DHAVE_SYS_MMAN_H=1 -DHAVE_DIRENT_H=1 -DHAVE_LIMITS_H=1 -DHAVE_PATHS_H=1 -DHAVE_VA_COPY=1 -DHAVE___VA_COPY=1 -DFILE_LOCKS=1 -DCALMA_MODULE=1 -DCIF_MODULE=1 -DX11_BACKING_STORE=1 -DPLOT_MODULE=1 -DLEF_MODULE=1 -DROUTE_MODULE=1 -DUSE_NEW_MACROS=1 -DVECTOR_FONTS=1 -DHAVE_LIBCAIRO=1 -DMAGIC_WRAPPER=1 -Dlinux=1 -DSYSV=1 -DISC=1 -DNDEBUG -DGCORE=\"/usr/bin/gcore\" -DSHDLIB_EXT=\".so\" -DX11 -DXLIB -DCAIRO -DNDEBUG  -c grLock.c
--- compiling graphics/grDStyle.o
rm -f grDStyle.o
gcc -g -m64 -fPIC -Wimplicit-int -fPIC  -I/usr/include/tcl8.6/tk-private/generic -I/usr/include/tcl8.6  -I. -I..  -DCAD_DIR=\"/home/chuan/Desktop/magic_install/lib\" -DBIN_DIR=\"/home/chuan/Desktop/magic_install/bin\" -DTCL_DIR=\"/home/chuan/Desktop/magic_install/lib/magic/tcl\" -DPACKAGE_NAME=\"\" -DPACKAGE_TARNAME=\"\" -DPACKAGE_VERSION=\"\" -DPACKAGE_STRING=\"\" -DPACKAGE_BUGREPORT=\"\" -DPACKAGE_URL=\"\" -DMAGIC_VERSION=\"8.2\" -DMAGIC_REVISION=\"19\" -DSTDC_HEADERS=1 -DHAVE_SYS_TYPES_H=1 -DHAVE_SYS_STAT_H=1 -DHAVE_STDLIB_H=1 -DHAVE_STRING_H=1 -DHAVE_MEMORY_H=1 -DHAVE_STRINGS_H=1 -DHAVE_INTTYPES_H=1 -DHAVE_STDINT_H=1 -DHAVE_UNISTD_H=1 -DSIZEOF_VOID_P=8 -DSIZEOF_UNSIGNED_INT=4 -DSIZEOF_UNSIGNED_LONG=8 -DSIZEOF_UNSIGNED_LONG_LONG=8 -DSTDC_HEADERS=1 -DHAVE_SETENV=1 -DHAVE_PUTENV=1 -DHAVE_SYS_MMAN_H=1 -DHAVE_DIRENT_H=1 -DHAVE_LIMITS_H=1 -DHAVE_PATHS_H=1 -DHAVE_VA_COPY=1 -DHAVE___VA_COPY=1 -DFILE_LOCKS=1 -DCALMA_MODULE=1 -DCIF_MODULE=1 -DX11_BACKING_STORE=1 -DPLOT_MODULE=1 -DLEF_MODULE=1 -DROUTE_MODULE=1 -DUSE_NEW_MACROS=1 -DVECTOR_FONTS=1 -DHAVE_LIBCAIRO=1 -DMAGIC_WRAPPER=1 -Dlinux=1 -DSYSV=1 -DISC=1 -DNDEBUG -DGCORE=\"/usr/bin/gcore\" -DSHDLIB_EXT=\".so\" -DX11 -DXLIB -DCAIRO -DNDEBUG  -c grDStyle.c
--- compiling graphics/grText.o
rm -f grText.o
gcc -g -m64 -fPIC -Wimplicit-int -fPIC  -I/usr/include/tcl8.6/tk-private/generic -I/usr/include/tcl8.6  -I. -I..  -DCAD_DIR=\"/home/chuan/Desktop/magic_install/lib\" -DBIN_DIR=\"/home/chuan/Desktop/magic_install/bin\" -DTCL_DIR=\"/home/chuan/Desktop/magic_install/lib/magic/tcl\" -DPACKAGE_NAME=\"\" -DPACKAGE_TARNAME=\"\" -DPACKAGE_VERSION=\"\" -DPACKAGE_STRING=\"\" -DPACKAGE_BUGREPORT=\"\" -DPACKAGE_URL=\"\" -DMAGIC_VERSION=\"8.2\" -DMAGIC_REVISION=\"19\" -DSTDC_HEADERS=1 -DHAVE_SYS_TYPES_H=1 -DHAVE_SYS_STAT_H=1 -DHAVE_STDLIB_H=1 -DHAVE_STRING_H=1 -DHAVE_MEMORY_H=1 -DHAVE_STRINGS_H=1 -DHAVE_INTTYPES_H=1 -DHAVE_STDINT_H=1 -DHAVE_UNISTD_H=1 -DSIZEOF_VOID_P=8 -DSIZEOF_UNSIGNED_INT=4 -DSIZEOF_UNSIGNED_LONG=8 -DSIZEOF_UNSIGNED_LONG_LONG=8 -DSTDC_HEADERS=1 -DHAVE_SETENV=1 -DHAVE_PUTENV=1 -DHAVE_SYS_MMAN_H=1 -DHAVE_DIRENT_H=1 -DHAVE_LIMITS_H=1 -DHAVE_PATHS_H=1 -DHAVE_VA_COPY=1 -DHAVE___VA_COPY=1 -DFILE_LOCKS=1 -DCALMA_MODULE=1 -DCIF_MODULE=1 -DX11_BACKING_STORE=1 -DPLOT_MODULE=1 -DLEF_MODULE=1 -DROUTE_MODULE=1 -DUSE_NEW_MACROS=1 -DVECTOR_FONTS=1 -DHAVE_LIBCAIRO=1 -DMAGIC_WRAPPER=1 -Dlinux=1 -DSYSV=1 -DISC=1 -DNDEBUG -DGCORE=\"/usr/bin/gcore\" -DSHDLIB_EXT=\".so\" -DX11 -DXLIB -DCAIRO -DNDEBUG  -c grText.c
--- compiling graphics/grCMap.o
rm -f grCMap.o
gcc -g -m64 -fPIC -Wimplicit-int -fPIC  -I/usr/include/tcl8.6/tk-private/generic -I/usr/include/tcl8.6  -I. -I..  -DCAD_DIR=\"/home/chuan/Desktop/magic_install/lib\" -DBIN_DIR=\"/home/chuan/Desktop/magic_install/bin\" -DTCL_DIR=\"/home/chuan/Desktop/magic_install/lib/magic/tcl\" -DPACKAGE_NAME=\"\" -DPACKAGE_TARNAME=\"\" -DPACKAGE_VERSION=\"\" -DPACKAGE_STRING=\"\" -DPACKAGE_BUGREPORT=\"\" -DPACKAGE_URL=\"\" -DMAGIC_VERSION=\"8.2\" -DMAGIC_REVISION=\"19\" -DSTDC_HEADERS=1 -DHAVE_SYS_TYPES_H=1 -DHAVE_SYS_STAT_H=1 -DHAVE_STDLIB_H=1 -DHAVE_STRING_H=1 -DHAVE_MEMORY_H=1 -DHAVE_STRINGS_H=1 -DHAVE_INTTYPES_H=1 -DHAVE_STDINT_H=1 -DHAVE_UNISTD_H=1 -DSIZEOF_VOID_P=8 -DSIZEOF_UNSIGNED_INT=4 -DSIZEOF_UNSIGNED_LONG=8 -DSIZEOF_UNSIGNED_LONG_LONG=8 -DSTDC_HEADERS=1 -DHAVE_SETENV=1 -DHAVE_PUTENV=1 -DHAVE_SYS_MMAN_H=1 -DHAVE_DIRENT_H=1 -DHAVE_LIMITS_H=1 -DHAVE_PATHS_H=1 -DHAVE_VA_COPY=1 -DHAVE___VA_COPY=1 -DFILE_LOCKS=1 -DCALMA_MODULE=1 -DCIF_MODULE=1 -DX11_BACKING_STORE=1 -DPLOT_MODULE=1 -DLEF_MODULE=1 -DROUTE_MODULE=1 -DUSE_NEW_MACROS=1 -DVECTOR_FONTS=1 -DHAVE_LIBCAIRO=1 -DMAGIC_WRAPPER=1 -Dlinux=1 -DSYSV=1 -DISC=1 -DNDEBUG -DGCORE=\"/usr/bin/gcore\" -DSHDLIB_EXT=\".so\" -DX11 -DXLIB -DCAIRO -DNDEBUG  -c grCMap.c
--- compiling graphics/grClip.o
rm -f grClip.o
gcc -g -m64 -fPIC -Wimplicit-int -fPIC  -I/usr/include/tcl8.6/tk-private/generic -I/usr/include/tcl8.6  -I. -I..  -DCAD_DIR=\"/home/chuan/Desktop/magic_install/lib\" -DBIN_DIR=\"/home/chuan/Desktop/magic_install/bin\" -DTCL_DIR=\"/home/chuan/Desktop/magic_install/lib/magic/tcl\" -DPACKAGE_NAME=\"\" -DPACKAGE_TARNAME=\"\" -DPACKAGE_VERSION=\"\" -DPACKAGE_STRING=\"\" -DPACKAGE_BUGREPORT=\"\" -DPACKAGE_URL=\"\" -DMAGIC_VERSION=\"8.2\" -DMAGIC_REVISION=\"19\" -DSTDC_HEADERS=1 -DHAVE_SYS_TYPES_H=1 -DHAVE_SYS_STAT_H=1 -DHAVE_STDLIB_H=1 -DHAVE_STRING_H=1 -DHAVE_MEMORY_H=1 -DHAVE_STRINGS_H=1 -DHAVE_INTTYPES_H=1 -DHAVE_STDINT_H=1 -DHAVE_UNISTD_H=1 -DSIZEOF_VOID_P=8 -DSIZEOF_UNSIGNED_INT=4 -DSIZEOF_UNSIGNED_LONG=8 -DSIZEOF_UNSIGNED_LONG_LONG=8 -DSTDC_HEADERS=1 -DHAVE_SETENV=1 -DHAVE_PUTENV=1 -DHAVE_SYS_MMAN_H=1 -DHAVE_DIRENT_H=1 -DHAVE_LIMITS_H=1 -DHAVE_PATHS_H=1 -DHAVE_VA_COPY=1 -DHAVE___VA_COPY=1 -DFILE_LOCKS=1 -DCALMA_MODULE=1 -DCIF_MODULE=1 -DX11_BACKING_STORE=1 -DPLOT_MODULE=1 -DLEF_MODULE=1 -DROUTE_MODULE=1 -DUSE_NEW_MACROS=1 -DVECTOR_FONTS=1 -DHAVE_LIBCAIRO=1 -DMAGIC_WRAPPER=1 -Dlinux=1 -DSYSV=1 -DISC=1 -DNDEBUG -DGCORE=\"/usr/bin/gcore\" -DSHDLIB_EXT=\".so\" -DX11 -DXLIB -DCAIRO -DNDEBUG  -c grClip.c
--- compiling graphics/grGlyphs.o
rm -f grGlyphs.o
gcc -g -m64 -fPIC -Wimplicit-int -fPIC  -I/usr/include/tcl8.6/tk-private/generic -I/usr/include/tcl8.6  -I. -I..  -DCAD_DIR=\"/home/chuan/Desktop/magic_install/lib\" -DBIN_DIR=\"/home/chuan/Desktop/magic_install/bin\" -DTCL_DIR=\"/home/chuan/Desktop/magic_install/lib/magic/tcl\" -DPACKAGE_NAME=\"\" -DPACKAGE_TARNAME=\"\" -DPACKAGE_VERSION=\"\" -DPACKAGE_STRING=\"\" -DPACKAGE_BUGREPORT=\"\" -DPACKAGE_URL=\"\" -DMAGIC_VERSION=\"8.2\" -DMAGIC_REVISION=\"19\" -DSTDC_HEADERS=1 -DHAVE_SYS_TYPES_H=1 -DHAVE_SYS_STAT_H=1 -DHAVE_STDLIB_H=1 -DHAVE_STRING_H=1 -DHAVE_MEMORY_H=1 -DHAVE_STRINGS_H=1 -DHAVE_INTTYPES_H=1 -DHAVE_STDINT_H=1 -DHAVE_UNISTD_H=1 -DSIZEOF_VOID_P=8 -DSIZEOF_UNSIGNED_INT=4 -DSIZEOF_UNSIGNED_LONG=8 -DSIZEOF_UNSIGNED_LONG_LONG=8 -DSTDC_HEADERS=1 -DHAVE_SETENV=1 -DHAVE_PUTENV=1 -DHAVE_SYS_MMAN_H=1 -DHAVE_DIRENT_H=1 -DHAVE_LIMITS_H=1 -DHAVE_PATHS_H=1 -DHAVE_VA_COPY=1 -DHAVE___VA_COPY=1 -DFILE_LOCKS=1 -DCALMA_MODULE=1 -DCIF_MODULE=1 -DX11_BACKING_STORE=1 -DPLOT_MODULE=1 -DLEF_MODULE=1 -DROUTE_MODULE=1 -DUSE_NEW_MACROS=1 -DVECTOR_FONTS=1 -DHAVE_LIBCAIRO=1 -DMAGIC_WRAPPER=1 -Dlinux=1 -DSYSV=1 -DISC=1 -DNDEBUG -DGCORE=\"/usr/bin/gcore\" -DSHDLIB_EXT=\".so\" -DX11 -DXLIB -DCAIRO -DNDEBUG  -c grGlyphs.c
--- compiling graphics/grNull.o
rm -f grNull.o
gcc -g -m64 -fPIC -Wimplicit-int -fPIC  -I/usr/include/tcl8.6/tk-private/generic -I/usr/include/tcl8.6  -I. -I..  -DCAD_DIR=\"/home/chuan/Desktop/magic_install/lib\" -DBIN_DIR=\"/home/chuan/Desktop/magic_install/bin\" -DTCL_DIR=\"/home/chuan/Desktop/magic_install/lib/magic/tcl\" -DPACKAGE_NAME=\"\" -DPACKAGE_TARNAME=\"\" -DPACKAGE_VERSION=\"\" -DPACKAGE_STRING=\"\" -DPACKAGE_BUGREPORT=\"\" -DPACKAGE_URL=\"\" -DMAGIC_VERSION=\"8.2\" -DMAGIC_REVISION=\"19\" -DSTDC_HEADERS=1 -DHAVE_SYS_TYPES_H=1 -DHAVE_SYS_STAT_H=1 -DHAVE_STDLIB_H=1 -DHAVE_STRING_H=1 -DHAVE_MEMORY_H=1 -DHAVE_STRINGS_H=1 -DHAVE_INTTYPES_H=1 -DHAVE_STDINT_H=1 -DHAVE_UNISTD_H=1 -DSIZEOF_VOID_P=8 -DSIZEOF_UNSIGNED_INT=4 -DSIZEOF_UNSIGNED_LONG=8 -DSIZEOF_UNSIGNED_LONG_LONG=8 -DSTDC_HEADERS=1 -DHAVE_SETENV=1 -DHAVE_PUTENV=1 -DHAVE_SYS_MMAN_H=1 -DHAVE_DIRENT_H=1 -DHAVE_LIMITS_H=1 -DHAVE_PATHS_H=1 -DHAVE_VA_COPY=1 -DHAVE___VA_COPY=1 -DFILE_LOCKS=1 -DCALMA_MODULE=1 -DCIF_MODULE=1 -DX11_BACKING_STORE=1 -DPLOT_MODULE=1 -DLEF_MODULE=1 -DROUTE_MODULE=1 -DUSE_NEW_MACROS=1 -DVECTOR_FONTS=1 -DHAVE_LIBCAIRO=1 -DMAGIC_WRAPPER=1 -Dlinux=1 -DSYSV=1 -DISC=1 -DNDEBUG -DGCORE=\"/usr/bin/gcore\" -DSHDLIB_EXT=\".so\" -DX11 -DXLIB -DCAIRO -DNDEBUG  -c grNull.c
--- compiling graphics/W3Dmain.o
rm -f W3Dmain.o
gcc -g -m64 -fPIC -Wimplicit-int -fPIC  -I/usr/include/tcl8.6/tk-private/generic -I/usr/include/tcl8.6  -I. -I..  -DCAD_DIR=\"/home/chuan/Desktop/magic_install/lib\" -DBIN_DIR=\"/home/chuan/Desktop/magic_install/bin\" -DTCL_DIR=\"/home/chuan/Desktop/magic_install/lib/magic/tcl\" -DPACKAGE_NAME=\"\" -DPACKAGE_TARNAME=\"\" -DPACKAGE_VERSION=\"\" -DPACKAGE_STRING=\"\" -DPACKAGE_BUGREPORT=\"\" -DPACKAGE_URL=\"\" -DMAGIC_VERSION=\"8.2\" -DMAGIC_REVISION=\"19\" -DSTDC_HEADERS=1 -DHAVE_SYS_TYPES_H=1 -DHAVE_SYS_STAT_H=1 -DHAVE_STDLIB_H=1 -DHAVE_STRING_H=1 -DHAVE_MEMORY_H=1 -DHAVE_STRINGS_H=1 -DHAVE_INTTYPES_H=1 -DHAVE_STDINT_H=1 -DHAVE_UNISTD_H=1 -DSIZEOF_VOID_P=8 -DSIZEOF_UNSIGNED_INT=4 -DSIZEOF_UNSIGNED_LONG=8 -DSIZEOF_UNSIGNED_LONG_LONG=8 -DSTDC_HEADERS=1 -DHAVE_SETENV=1 -DHAVE_PUTENV=1 -DHAVE_SYS_MMAN_H=1 -DHAVE_DIRENT_H=1 -DHAVE_LIMITS_H=1 -DHAVE_PATHS_H=1 -DHAVE_VA_COPY=1 -DHAVE___VA_COPY=1 -DFILE_LOCKS=1 -DCALMA_MODULE=1 -DCIF_MODULE=1 -DX11_BACKING_STORE=1 -DPLOT_MODULE=1 -DLEF_MODULE=1 -DROUTE_MODULE=1 -DUSE_NEW_MACROS=1 -DVECTOR_FONTS=1 -DHAVE_LIBCAIRO=1 -DMAGIC_WRAPPER=1 -Dlinux=1 -DSYSV=1 -DISC=1 -DNDEBUG -DGCORE=\"/usr/bin/gcore\" -DSHDLIB_EXT=\".so\" -DX11 -DXLIB -DCAIRO -DNDEBUG  -c W3Dmain.c
--- compiling graphics/grTk1.o
rm -f grTk1.o
gcc -g -m64 -fPIC -Wimplicit-int -fPIC  -I/usr/include/tcl8.6/tk-private/generic -I/usr/include/tcl8.6  -I. -I..  -DCAD_DIR=\"/home/chuan/Desktop/magic_install/lib\" -DBIN_DIR=\"/home/chuan/Desktop/magic_install/bin\" -DTCL_DIR=\"/home/chuan/Desktop/magic_install/lib/magic/tcl\" -DPACKAGE_NAME=\"\" -DPACKAGE_TARNAME=\"\" -DPACKAGE_VERSION=\"\" -DPACKAGE_STRING=\"\" -DPACKAGE_BUGREPORT=\"\" -DPACKAGE_URL=\"\" -DMAGIC_VERSION=\"8.2\" -DMAGIC_REVISION=\"19\" -DSTDC_HEADERS=1 -DHAVE_SYS_TYPES_H=1 -DHAVE_SYS_STAT_H=1 -DHAVE_STDLIB_H=1 -DHAVE_STRING_H=1 -DHAVE_MEMORY_H=1 -DHAVE_STRINGS_H=1 -DHAVE_INTTYPES_H=1 -DHAVE_STDINT_H=1 -DHAVE_UNISTD_H=1 -DSIZEOF_VOID_P=8 -DSIZEOF_UNSIGNED_INT=4 -DSIZEOF_UNSIGNED_LONG=8 -DSIZEOF_UNSIGNED_LONG_LONG=8 -DSTDC_HEADERS=1 -DHAVE_SETENV=1 -DHAVE_PUTENV=1 -DHAVE_SYS_MMAN_H=1 -DHAVE_DIRENT_H=1 -DHAVE_LIMITS_H=1 -DHAVE_PATHS_H=1 -DHAVE_VA_COPY=1 -DHAVE___VA_COPY=1 -DFILE_LOCKS=1 -DCALMA_MODULE=1 -DCIF_MODULE=1 -DX11_BACKING_STORE=1 -DPLOT_MODULE=1 -DLEF_MODULE=1 -DROUTE_MODULE=1 -DUSE_NEW_MACROS=1 -DVECTOR_FONTS=1 -DHAVE_LIBCAIRO=1 -DMAGIC_WRAPPER=1 -Dlinux=1 -DSYSV=1 -DISC=1 -DNDEBUG -DGCORE=\"/usr/bin/gcore\" -DSHDLIB_EXT=\".so\" -DX11 -DXLIB -DCAIRO -DNDEBUG  -c grTk1.c
--- compiling graphics/grTk2.o
rm -f grTk2.o
gcc -g -m64 -fPIC -Wimplicit-int -fPIC  -I/usr/include/tcl8.6/tk-private/generic -I/usr/include/tcl8.6  -I. -I..  -DCAD_DIR=\"/home/chuan/Desktop/magic_install/lib\" -DBIN_DIR=\"/home/chuan/Desktop/magic_install/bin\" -DTCL_DIR=\"/home/chuan/Desktop/magic_install/lib/magic/tcl\" -DPACKAGE_NAME=\"\" -DPACKAGE_TARNAME=\"\" -DPACKAGE_VERSION=\"\" -DPACKAGE_STRING=\"\" -DPACKAGE_BUGREPORT=\"\" -DPACKAGE_URL=\"\" -DMAGIC_VERSION=\"8.2\" -DMAGIC_REVISION=\"19\" -DSTDC_HEADERS=1 -DHAVE_SYS_TYPES_H=1 -DHAVE_SYS_STAT_H=1 -DHAVE_STDLIB_H=1 -DHAVE_STRING_H=1 -DHAVE_MEMORY_H=1 -DHAVE_STRINGS_H=1 -DHAVE_INTTYPES_H=1 -DHAVE_STDINT_H=1 -DHAVE_UNISTD_H=1 -DSIZEOF_VOID_P=8 -DSIZEOF_UNSIGNED_INT=4 -DSIZEOF_UNSIGNED_LONG=8 -DSIZEOF_UNSIGNED_LONG_LONG=8 -DSTDC_HEADERS=1 -DHAVE_SETENV=1 -DHAVE_PUTENV=1 -DHAVE_SYS_MMAN_H=1 -DHAVE_DIRENT_H=1 -DHAVE_LIMITS_H=1 -DHAVE_PATHS_H=1 -DHAVE_VA_COPY=1 -DHAVE___VA_COPY=1 -DFILE_LOCKS=1 -DCALMA_MODULE=1 -DCIF_MODULE=1 -DX11_BACKING_STORE=1 -DPLOT_MODULE=1 -DLEF_MODULE=1 -DROUTE_MODULE=1 -DUSE_NEW_MACROS=1 -DVECTOR_FONTS=1 -DHAVE_LIBCAIRO=1 -DMAGIC_WRAPPER=1 -Dlinux=1 -DSYSV=1 -DISC=1 -DNDEBUG -DGCORE=\"/usr/bin/gcore\" -DSHDLIB_EXT=\".so\" -DX11 -DXLIB -DCAIRO -DNDEBUG  -c grTk2.c
--- compiling graphics/grTk3.o
rm -f grTk3.o
gcc -g -m64 -fPIC -Wimplicit-int -fPIC  -I/usr/include/tcl8.6/tk-private/generic -I/usr/include/tcl8.6  -I. -I..  -DCAD_DIR=\"/home/chuan/Desktop/magic_install/lib\" -DBIN_DIR=\"/home/chuan/Desktop/magic_install/bin\" -DTCL_DIR=\"/home/chuan/Desktop/magic_install/lib/magic/tcl\" -DPACKAGE_NAME=\"\" -DPACKAGE_TARNAME=\"\" -DPACKAGE_VERSION=\"\" -DPACKAGE_STRING=\"\" -DPACKAGE_BUGREPORT=\"\" -DPACKAGE_URL=\"\" -DMAGIC_VERSION=\"8.2\" -DMAGIC_REVISION=\"19\" -DSTDC_HEADERS=1 -DHAVE_SYS_TYPES_H=1 -DHAVE_SYS_STAT_H=1 -DHAVE_STDLIB_H=1 -DHAVE_STRING_H=1 -DHAVE_MEMORY_H=1 -DHAVE_STRINGS_H=1 -DHAVE_INTTYPES_H=1 -DHAVE_STDINT_H=1 -DHAVE_UNISTD_H=1 -DSIZEOF_VOID_P=8 -DSIZEOF_UNSIGNED_INT=4 -DSIZEOF_UNSIGNED_LONG=8 -DSIZEOF_UNSIGNED_LONG_LONG=8 -DSTDC_HEADERS=1 -DHAVE_SETENV=1 -DHAVE_PUTENV=1 -DHAVE_SYS_MMAN_H=1 -DHAVE_DIRENT_H=1 -DHAVE_LIMITS_H=1 -DHAVE_PATHS_H=1 -DHAVE_VA_COPY=1 -DHAVE___VA_COPY=1 -DFILE_LOCKS=1 -DCALMA_MODULE=1 -DCIF_MODULE=1 -DX11_BACKING_STORE=1 -DPLOT_MODULE=1 -DLEF_MODULE=1 -DROUTE_MODULE=1 -DUSE_NEW_MACROS=1 -DVECTOR_FONTS=1 -DHAVE_LIBCAIRO=1 -DMAGIC_WRAPPER=1 -Dlinux=1 -DSYSV=1 -DISC=1 -DNDEBUG -DGCORE=\"/usr/bin/gcore\" -DSHDLIB_EXT=\".so\" -DX11 -DXLIB -DCAIRO -DNDEBUG  -c grTk3.c
--- compiling graphics/grTk4.o
rm -f grTk4.o
gcc -g -m64 -fPIC -Wimplicit-int -fPIC  -I/usr/include/tcl8.6/tk-private/generic -I/usr/include/tcl8.6  -I. -I..  -DCAD_DIR=\"/home/chuan/Desktop/magic_install/lib\" -DBIN_DIR=\"/home/chuan/Desktop/magic_install/bin\" -DTCL_DIR=\"/home/chuan/Desktop/magic_install/lib/magic/tcl\" -DPACKAGE_NAME=\"\" -DPACKAGE_TARNAME=\"\" -DPACKAGE_VERSION=\"\" -DPACKAGE_STRING=\"\" -DPACKAGE_BUGREPORT=\"\" -DPACKAGE_URL=\"\" -DMAGIC_VERSION=\"8.2\" -DMAGIC_REVISION=\"19\" -DSTDC_HEADERS=1 -DHAVE_SYS_TYPES_H=1 -DHAVE_SYS_STAT_H=1 -DHAVE_STDLIB_H=1 -DHAVE_STRING_H=1 -DHAVE_MEMORY_H=1 -DHAVE_STRINGS_H=1 -DHAVE_INTTYPES_H=1 -DHAVE_STDINT_H=1 -DHAVE_UNISTD_H=1 -DSIZEOF_VOID_P=8 -DSIZEOF_UNSIGNED_INT=4 -DSIZEOF_UNSIGNED_LONG=8 -DSIZEOF_UNSIGNED_LONG_LONG=8 -DSTDC_HEADERS=1 -DHAVE_SETENV=1 -DHAVE_PUTENV=1 -DHAVE_SYS_MMAN_H=1 -DHAVE_DIRENT_H=1 -DHAVE_LIMITS_H=1 -DHAVE_PATHS_H=1 -DHAVE_VA_COPY=1 -DHAVE___VA_COPY=1 -DFILE_LOCKS=1 -DCALMA_MODULE=1 -DCIF_MODULE=1 -DX11_BACKING_STORE=1 -DPLOT_MODULE=1 -DLEF_MODULE=1 -DROUTE_MODULE=1 -DUSE_NEW_MACROS=1 -DVECTOR_FONTS=1 -DHAVE_LIBCAIRO=1 -DMAGIC_WRAPPER=1 -Dlinux=1 -DSYSV=1 -DISC=1 -DNDEBUG -DGCORE=\"/usr/bin/gcore\" -DSHDLIB_EXT=\".so\" -DX11 -DXLIB -DCAIRO -DNDEBUG  -c grTk4.c
--- compiling graphics/grTk5.o
rm -f grTk5.o
gcc -g -m64 -fPIC -Wimplicit-int -fPIC  -I/usr/include/tcl8.6/tk-private/generic -I/usr/include/tcl8.6  -I. -I..  -DCAD_DIR=\"/home/chuan/Desktop/magic_install/lib\" -DBIN_DIR=\"/home/chuan/Desktop/magic_install/bin\" -DTCL_DIR=\"/home/chuan/Desktop/magic_install/lib/magic/tcl\" -DPACKAGE_NAME=\"\" -DPACKAGE_TARNAME=\"\" -DPACKAGE_VERSION=\"\" -DPACKAGE_STRING=\"\" -DPACKAGE_BUGREPORT=\"\" -DPACKAGE_URL=\"\" -DMAGIC_VERSION=\"8.2\" -DMAGIC_REVISION=\"19\" -DSTDC_HEADERS=1 -DHAVE_SYS_TYPES_H=1 -DHAVE_SYS_STAT_H=1 -DHAVE_STDLIB_H=1 -DHAVE_STRING_H=1 -DHAVE_MEMORY_H=1 -DHAVE_STRINGS_H=1 -DHAVE_INTTYPES_H=1 -DHAVE_STDINT_H=1 -DHAVE_UNISTD_H=1 -DSIZEOF_VOID_P=8 -DSIZEOF_UNSIGNED_INT=4 -DSIZEOF_UNSIGNED_LONG=8 -DSIZEOF_UNSIGNED_LONG_LONG=8 -DSTDC_HEADERS=1 -DHAVE_SETENV=1 -DHAVE_PUTENV=1 -DHAVE_SYS_MMAN_H=1 -DHAVE_DIRENT_H=1 -DHAVE_LIMITS_H=1 -DHAVE_PATHS_H=1 -DHAVE_VA_COPY=1 -DHAVE___VA_COPY=1 -DFILE_LOCKS=1 -DCALMA_MODULE=1 -DCIF_MODULE=1 -DX11_BACKING_STORE=1 -DPLOT_MODULE=1 -DLEF_MODULE=1 -DROUTE_MODULE=1 -DUSE_NEW_MACROS=1 -DVECTOR_FONTS=1 -DHAVE_LIBCAIRO=1 -DMAGIC_WRAPPER=1 -Dlinux=1 -DSYSV=1 -DISC=1 -DNDEBUG -DGCORE=\"/usr/bin/gcore\" -DSHDLIB_EXT=\".so\" -DX11 -DXLIB -DCAIRO -DNDEBUG  -c grTk5.c
--- compiling graphics/grTCairo1.o
rm -f grTCairo1.o
gcc -g -m64 -fPIC -Wimplicit-int -fPIC  -I/usr/include/tcl8.6/tk-private/generic -I/usr/include/tcl8.6  -I. -I..  -DCAD_DIR=\"/home/chuan/Desktop/magic_install/lib\" -DBIN_DIR=\"/home/chuan/Desktop/magic_install/bin\" -DTCL_DIR=\"/home/chuan/Desktop/magic_install/lib/magic/tcl\" -DPACKAGE_NAME=\"\" -DPACKAGE_TARNAME=\"\" -DPACKAGE_VERSION=\"\" -DPACKAGE_STRING=\"\" -DPACKAGE_BUGREPORT=\"\" -DPACKAGE_URL=\"\" -DMAGIC_VERSION=\"8.2\" -DMAGIC_REVISION=\"19\" -DSTDC_HEADERS=1 -DHAVE_SYS_TYPES_H=1 -DHAVE_SYS_STAT_H=1 -DHAVE_STDLIB_H=1 -DHAVE_STRING_H=1 -DHAVE_MEMORY_H=1 -DHAVE_STRINGS_H=1 -DHAVE_INTTYPES_H=1 -DHAVE_STDINT_H=1 -DHAVE_UNISTD_H=1 -DSIZEOF_VOID_P=8 -DSIZEOF_UNSIGNED_INT=4 -DSIZEOF_UNSIGNED_LONG=8 -DSIZEOF_UNSIGNED_LONG_LONG=8 -DSTDC_HEADERS=1 -DHAVE_SETENV=1 -DHAVE_PUTENV=1 -DHAVE_SYS_MMAN_H=1 -DHAVE_DIRENT_H=1 -DHAVE_LIMITS_H=1 -DHAVE_PATHS_H=1 -DHAVE_VA_COPY=1 -DHAVE___VA_COPY=1 -DFILE_LOCKS=1 -DCALMA_MODULE=1 -DCIF_MODULE=1 -DX11_BACKING_STORE=1 -DPLOT_MODULE=1 -DLEF_MODULE=1 -DROUTE_MODULE=1 -DUSE_NEW_MACROS=1 -DVECTOR_FONTS=1 -DHAVE_LIBCAIRO=1 -DMAGIC_WRAPPER=1 -Dlinux=1 -DSYSV=1 -DISC=1 -DNDEBUG -DGCORE=\"/usr/bin/gcore\" -DSHDLIB_EXT=\".so\" -DX11 -DXLIB -DCAIRO -DNDEBUG  -c grTCairo1.c
--- compiling graphics/grTCairo2.o
rm -f grTCairo2.o
gcc -g -m64 -fPIC -Wimplicit-int -fPIC  -I/usr/include/tcl8.6/tk-private/generic -I/usr/include/tcl8.6  -I. -I..  -DCAD_DIR=\"/home/chuan/Desktop/magic_install/lib\" -DBIN_DIR=\"/home/chuan/Desktop/magic_install/bin\" -DTCL_DIR=\"/home/chuan/Desktop/magic_install/lib/magic/tcl\" -DPACKAGE_NAME=\"\" -DPACKAGE_TARNAME=\"\" -DPACKAGE_VERSION=\"\" -DPACKAGE_STRING=\"\" -DPACKAGE_BUGREPORT=\"\" -DPACKAGE_URL=\"\" -DMAGIC_VERSION=\"8.2\" -DMAGIC_REVISION=\"19\" -DSTDC_HEADERS=1 -DHAVE_SYS_TYPES_H=1 -DHAVE_SYS_STAT_H=1 -DHAVE_STDLIB_H=1 -DHAVE_STRING_H=1 -DHAVE_MEMORY_H=1 -DHAVE_STRINGS_H=1 -DHAVE_INTTYPES_H=1 -DHAVE_STDINT_H=1 -DHAVE_UNISTD_H=1 -DSIZEOF_VOID_P=8 -DSIZEOF_UNSIGNED_INT=4 -DSIZEOF_UNSIGNED_LONG=8 -DSIZEOF_UNSIGNED_LONG_LONG=8 -DSTDC_HEADERS=1 -DHAVE_SETENV=1 -DHAVE_PUTENV=1 -DHAVE_SYS_MMAN_H=1 -DHAVE_DIRENT_H=1 -DHAVE_LIMITS_H=1 -DHAVE_PATHS_H=1 -DHAVE_VA_COPY=1 -DHAVE___VA_COPY=1 -DFILE_LOCKS=1 -DCALMA_MODULE=1 -DCIF_MODULE=1 -DX11_BACKING_STORE=1 -DPLOT_MODULE=1 -DLEF_MODULE=1 -DROUTE_MODULE=1 -DUSE_NEW_MACROS=1 -DVECTOR_FONTS=1 -DHAVE_LIBCAIRO=1 -DMAGIC_WRAPPER=1 -Dlinux=1 -DSYSV=1 -DISC=1 -DNDEBUG -DGCORE=\"/usr/bin/gcore\" -DSHDLIB_EXT=\".so\" -DX11 -DXLIB -DCAIRO -DNDEBUG  -c grTCairo2.c
--- compiling graphics/grTCairo3.o
rm -f grTCairo3.o
gcc -g -m64 -fPIC -Wimplicit-int -fPIC  -I/usr/include/tcl8.6/tk-private/generic -I/usr/include/tcl8.6  -I. -I..  -DCAD_DIR=\"/home/chuan/Desktop/magic_install/lib\" -DBIN_DIR=\"/home/chuan/Desktop/magic_install/bin\" -DTCL_DIR=\"/home/chuan/Desktop/magic_install/lib/magic/tcl\" -DPACKAGE_NAME=\"\" -DPACKAGE_TARNAME=\"\" -DPACKAGE_VERSION=\"\" -DPACKAGE_STRING=\"\" -DPACKAGE_BUGREPORT=\"\" -DPACKAGE_URL=\"\" -DMAGIC_VERSION=\"8.2\" -DMAGIC_REVISION=\"19\" -DSTDC_HEADERS=1 -DHAVE_SYS_TYPES_H=1 -DHAVE_SYS_STAT_H=1 -DHAVE_STDLIB_H=1 -DHAVE_STRING_H=1 -DHAVE_MEMORY_H=1 -DHAVE_STRINGS_H=1 -DHAVE_INTTYPES_H=1 -DHAVE_STDINT_H=1 -DHAVE_UNISTD_H=1 -DSIZEOF_VOID_P=8 -DSIZEOF_UNSIGNED_INT=4 -DSIZEOF_UNSIGNED_LONG=8 -DSIZEOF_UNSIGNED_LONG_LONG=8 -DSTDC_HEADERS=1 -DHAVE_SETENV=1 -DHAVE_PUTENV=1 -DHAVE_SYS_MMAN_H=1 -DHAVE_DIRENT_H=1 -DHAVE_LIMITS_H=1 -DHAVE_PATHS_H=1 -DHAVE_VA_COPY=1 -DHAVE___VA_COPY=1 -DFILE_LOCKS=1 -DCALMA_MODULE=1 -DCIF_MODULE=1 -DX11_BACKING_STORE=1 -DPLOT_MODULE=1 -DLEF_MODULE=1 -DROUTE_MODULE=1 -DUSE_NEW_MACROS=1 -DVECTOR_FONTS=1 -DHAVE_LIBCAIRO=1 -DMAGIC_WRAPPER=1 -Dlinux=1 -DSYSV=1 -DISC=1 -DNDEBUG -DGCORE=\"/usr/bin/gcore\" -DSHDLIB_EXT=\".so\" -DX11 -DXLIB -DCAIRO -DNDEBUG  -c grTCairo3.c
--- compiling graphics/grTCairo4.o
rm -f grTCairo4.o
gcc -g -m64 -fPIC -Wimplicit-int -fPIC  -I/usr/include/tcl8.6/tk-private/generic -I/usr/include/tcl8.6  -I. -I..  -DCAD_DIR=\"/home/chuan/Desktop/magic_install/lib\" -DBIN_DIR=\"/home/chuan/Desktop/magic_install/bin\" -DTCL_DIR=\"/home/chuan/Desktop/magic_install/lib/magic/tcl\" -DPACKAGE_NAME=\"\" -DPACKAGE_TARNAME=\"\" -DPACKAGE_VERSION=\"\" -DPACKAGE_STRING=\"\" -DPACKAGE_BUGREPORT=\"\" -DPACKAGE_URL=\"\" -DMAGIC_VERSION=\"8.2\" -DMAGIC_REVISION=\"19\" -DSTDC_HEADERS=1 -DHAVE_SYS_TYPES_H=1 -DHAVE_SYS_STAT_H=1 -DHAVE_STDLIB_H=1 -DHAVE_STRING_H=1 -DHAVE_MEMORY_H=1 -DHAVE_STRINGS_H=1 -DHAVE_INTTYPES_H=1 -DHAVE_STDINT_H=1 -DHAVE_UNISTD_H=1 -DSIZEOF_VOID_P=8 -DSIZEOF_UNSIGNED_INT=4 -DSIZEOF_UNSIGNED_LONG=8 -DSIZEOF_UNSIGNED_LONG_LONG=8 -DSTDC_HEADERS=1 -DHAVE_SETENV=1 -DHAVE_PUTENV=1 -DHAVE_SYS_MMAN_H=1 -DHAVE_DIRENT_H=1 -DHAVE_LIMITS_H=1 -DHAVE_PATHS_H=1 -DHAVE_VA_COPY=1 -DHAVE___VA_COPY=1 -DFILE_LOCKS=1 -DCALMA_MODULE=1 -DCIF_MODULE=1 -DX11_BACKING_STORE=1 -DPLOT_MODULE=1 -DLEF_MODULE=1 -DROUTE_MODULE=1 -DUSE_NEW_MACROS=1 -DVECTOR_FONTS=1 -DHAVE_LIBCAIRO=1 -DMAGIC_WRAPPER=1 -Dlinux=1 -DSYSV=1 -DISC=1 -DNDEBUG -DGCORE=\"/usr/bin/gcore\" -DSHDLIB_EXT=\".so\" -DX11 -DXLIB -DCAIRO -DNDEBUG  -c grTCairo4.c
--- compiling graphics/grTCairo5.o
rm -f grTCairo5.o
gcc -g -m64 -fPIC -Wimplicit-int -fPIC  -I/usr/include/tcl8.6/tk-private/generic -I/usr/include/tcl8.6  -I. -I..  -DCAD_DIR=\"/home/chuan/Desktop/magic_install/lib\" -DBIN_DIR=\"/home/chuan/Desktop/magic_install/bin\" -DTCL_DIR=\"/home/chuan/Desktop/magic_install/lib/magic/tcl\" -DPACKAGE_NAME=\"\" -DPACKAGE_TARNAME=\"\" -DPACKAGE_VERSION=\"\" -DPACKAGE_STRING=\"\" -DPACKAGE_BUGREPORT=\"\" -DPACKAGE_URL=\"\" -DMAGIC_VERSION=\"8.2\" -DMAGIC_REVISION=\"19\" -DSTDC_HEADERS=1 -DHAVE_SYS_TYPES_H=1 -DHAVE_SYS_STAT_H=1 -DHAVE_STDLIB_H=1 -DHAVE_STRING_H=1 -DHAVE_MEMORY_H=1 -DHAVE_STRINGS_H=1 -DHAVE_INTTYPES_H=1 -DHAVE_STDINT_H=1 -DHAVE_UNISTD_H=1 -DSIZEOF_VOID_P=8 -DSIZEOF_UNSIGNED_INT=4 -DSIZEOF_UNSIGNED_LONG=8 -DSIZEOF_UNSIGNED_LONG_LONG=8 -DSTDC_HEADERS=1 -DHAVE_SETENV=1 -DHAVE_PUTENV=1 -DHAVE_SYS_MMAN_H=1 -DHAVE_DIRENT_H=1 -DHAVE_LIMITS_H=1 -DHAVE_PATHS_H=1 -DHAVE_VA_COPY=1 -DHAVE___VA_COPY=1 -DFILE_LOCKS=1 -DCALMA_MODULE=1 -DCIF_MODULE=1 -DX11_BACKING_STORE=1 -DPLOT_MODULE=1 -DLEF_MODULE=1 -DROUTE_MODULE=1 -DUSE_NEW_MACROS=1 -DVECTOR_FONTS=1 -DHAVE_LIBCAIRO=1 -DMAGIC_WRAPPER=1 -Dlinux=1 -DSYSV=1 -DISC=1 -DNDEBUG -DGCORE=\"/usr/bin/gcore\" -DSHDLIB_EXT=\".so\" -DX11 -DXLIB -DCAIRO -DNDEBUG  -c grTCairo5.c
--- compiling graphics/grTkCommon.o
rm -f grTkCommon.o
gcc -g -m64 -fPIC -Wimplicit-int -fPIC  -I/usr/include/tcl8.6/tk-private/generic -I/usr/include/tcl8.6  -I. -I..  -DCAD_DIR=\"/home/chuan/Desktop/magic_install/lib\" -DBIN_DIR=\"/home/chuan/Desktop/magic_install/bin\" -DTCL_DIR=\"/home/chuan/Desktop/magic_install/lib/magic/tcl\" -DPACKAGE_NAME=\"\" -DPACKAGE_TARNAME=\"\" -DPACKAGE_VERSION=\"\" -DPACKAGE_STRING=\"\" -DPACKAGE_BUGREPORT=\"\" -DPACKAGE_URL=\"\" -DMAGIC_VERSION=\"8.2\" -DMAGIC_REVISION=\"19\" -DSTDC_HEADERS=1 -DHAVE_SYS_TYPES_H=1 -DHAVE_SYS_STAT_H=1 -DHAVE_STDLIB_H=1 -DHAVE_STRING_H=1 -DHAVE_MEMORY_H=1 -DHAVE_STRINGS_H=1 -DHAVE_INTTYPES_H=1 -DHAVE_STDINT_H=1 -DHAVE_UNISTD_H=1 -DSIZEOF_VOID_P=8 -DSIZEOF_UNSIGNED_INT=4 -DSIZEOF_UNSIGNED_LONG=8 -DSIZEOF_UNSIGNED_LONG_LONG=8 -DSTDC_HEADERS=1 -DHAVE_SETENV=1 -DHAVE_PUTENV=1 -DHAVE_SYS_MMAN_H=1 -DHAVE_DIRENT_H=1 -DHAVE_LIMITS_H=1 -DHAVE_PATHS_H=1 -DHAVE_VA_COPY=1 -DHAVE___VA_COPY=1 -DFILE_LOCKS=1 -DCALMA_MODULE=1 -DCIF_MODULE=1 -DX11_BACKING_STORE=1 -DPLOT_MODULE=1 -DLEF_MODULE=1 -DROUTE_MODULE=1 -DUSE_NEW_MACROS=1 -DVECTOR_FONTS=1 -DHAVE_LIBCAIRO=1 -DMAGIC_WRAPPER=1 -Dlinux=1 -DSYSV=1 -DISC=1 -DNDEBUG -DGCORE=\"/usr/bin/gcore\" -DSHDLIB_EXT=\".so\" -DX11 -DXLIB -DCAIRO -DNDEBUG  -c grTkCommon.c
--- linking libgraphics.o
rm -f libgraphics.o
ld -r grMain.o grLock.o grDStyle.o grText.o grCMap.o grClip.o grGlyphs.o grNull.o W3Dmain.o grTk1.o grTk2.o grTk3.o grTk4.o grTk5.o grTCairo1.o grTCairo2.o grTCairo3.o grTCairo4.o grTCairo5.o grTkCommon.o -o libgraphics.o 
make[2]: Leaving directory `/home/chuan/Desktop/magic-8.2/graphics'
make[2]: Entering directory `/home/chuan/Desktop/magic-8.2/netmenu'
--- compiling netmenu/NMbutton.o
rm -f NMbutton.o
gcc -g -m64 -fPIC -Wimplicit-int -fPIC  -I/usr/include/tcl8.6/tk-private/generic -I/usr/include/tcl8.6 -I. -I..  -DCAD_DIR=\"/home/chuan/Desktop/magic_install/lib\" -DBIN_DIR=\"/home/chuan/Desktop/magic_install/bin\" -DTCL_DIR=\"/home/chuan/Desktop/magic_install/lib/magic/tcl\" -DPACKAGE_NAME=\"\" -DPACKAGE_TARNAME=\"\" -DPACKAGE_VERSION=\"\" -DPACKAGE_STRING=\"\" -DPACKAGE_BUGREPORT=\"\" -DPACKAGE_URL=\"\" -DMAGIC_VERSION=\"8.2\" -DMAGIC_REVISION=\"19\" -DSTDC_HEADERS=1 -DHAVE_SYS_TYPES_H=1 -DHAVE_SYS_STAT_H=1 -DHAVE_STDLIB_H=1 -DHAVE_STRING_H=1 -DHAVE_MEMORY_H=1 -DHAVE_STRINGS_H=1 -DHAVE_INTTYPES_H=1 -DHAVE_STDINT_H=1 -DHAVE_UNISTD_H=1 -DSIZEOF_VOID_P=8 -DSIZEOF_UNSIGNED_INT=4 -DSIZEOF_UNSIGNED_LONG=8 -DSIZEOF_UNSIGNED_LONG_LONG=8 -DSTDC_HEADERS=1 -DHAVE_SETENV=1 -DHAVE_PUTENV=1 -DHAVE_SYS_MMAN_H=1 -DHAVE_DIRENT_H=1 -DHAVE_LIMITS_H=1 -DHAVE_PATHS_H=1 -DHAVE_VA_COPY=1 -DHAVE___VA_COPY=1 -DFILE_LOCKS=1 -DCALMA_MODULE=1 -DCIF_MODULE=1 -DX11_BACKING_STORE=1 -DPLOT_MODULE=1 -DLEF_MODULE=1 -DROUTE_MODULE=1 -DUSE_NEW_MACROS=1 -DVECTOR_FONTS=1 -DHAVE_LIBCAIRO=1 -DMAGIC_WRAPPER=1 -Dlinux=1 -DSYSV=1 -DISC=1 -DNDEBUG -DGCORE=\"/usr/bin/gcore\" -DSHDLIB_EXT=\".so\"  -c NMbutton.c
--- compiling netmenu/NMcmdAK.o
rm -f NMcmdAK.o
gcc -g -m64 -fPIC -Wimplicit-int -fPIC  -I/usr/include/tcl8.6/tk-private/generic -I/usr/include/tcl8.6 -I. -I..  -DCAD_DIR=\"/home/chuan/Desktop/magic_install/lib\" -DBIN_DIR=\"/home/chuan/Desktop/magic_install/bin\" -DTCL_DIR=\"/home/chuan/Desktop/magic_install/lib/magic/tcl\" -DPACKAGE_NAME=\"\" -DPACKAGE_TARNAME=\"\" -DPACKAGE_VERSION=\"\" -DPACKAGE_STRING=\"\" -DPACKAGE_BUGREPORT=\"\" -DPACKAGE_URL=\"\" -DMAGIC_VERSION=\"8.2\" -DMAGIC_REVISION=\"19\" -DSTDC_HEADERS=1 -DHAVE_SYS_TYPES_H=1 -DHAVE_SYS_STAT_H=1 -DHAVE_STDLIB_H=1 -DHAVE_STRING_H=1 -DHAVE_MEMORY_H=1 -DHAVE_STRINGS_H=1 -DHAVE_INTTYPES_H=1 -DHAVE_STDINT_H=1 -DHAVE_UNISTD_H=1 -DSIZEOF_VOID_P=8 -DSIZEOF_UNSIGNED_INT=4 -DSIZEOF_UNSIGNED_LONG=8 -DSIZEOF_UNSIGNED_LONG_LONG=8 -DSTDC_HEADERS=1 -DHAVE_SETENV=1 -DHAVE_PUTENV=1 -DHAVE_SYS_MMAN_H=1 -DHAVE_DIRENT_H=1 -DHAVE_LIMITS_H=1 -DHAVE_PATHS_H=1 -DHAVE_VA_COPY=1 -DHAVE___VA_COPY=1 -DFILE_LOCKS=1 -DCALMA_MODULE=1 -DCIF_MODULE=1 -DX11_BACKING_STORE=1 -DPLOT_MODULE=1 -DLEF_MODULE=1 -DROUTE_MODULE=1 -DUSE_NEW_MACROS=1 -DVECTOR_FONTS=1 -DHAVE_LIBCAIRO=1 -DMAGIC_WRAPPER=1 -Dlinux=1 -DSYSV=1 -DISC=1 -DNDEBUG -DGCORE=\"/usr/bin/gcore\" -DSHDLIB_EXT=\".so\"  -c NMcmdAK.c
--- compiling netmenu/NMcmdLZ.o
rm -f NMcmdLZ.o
gcc -g -m64 -fPIC -Wimplicit-int -fPIC  -I/usr/include/tcl8.6/tk-private/generic -I/usr/include/tcl8.6 -I. -I..  -DCAD_DIR=\"/home/chuan/Desktop/magic_install/lib\" -DBIN_DIR=\"/home/chuan/Desktop/magic_install/bin\" -DTCL_DIR=\"/home/chuan/Desktop/magic_install/lib/magic/tcl\" -DPACKAGE_NAME=\"\" -DPACKAGE_TARNAME=\"\" -DPACKAGE_VERSION=\"\" -DPACKAGE_STRING=\"\" -DPACKAGE_BUGREPORT=\"\" -DPACKAGE_URL=\"\" -DMAGIC_VERSION=\"8.2\" -DMAGIC_REVISION=\"19\" -DSTDC_HEADERS=1 -DHAVE_SYS_TYPES_H=1 -DHAVE_SYS_STAT_H=1 -DHAVE_STDLIB_H=1 -DHAVE_STRING_H=1 -DHAVE_MEMORY_H=1 -DHAVE_STRINGS_H=1 -DHAVE_INTTYPES_H=1 -DHAVE_STDINT_H=1 -DHAVE_UNISTD_H=1 -DSIZEOF_VOID_P=8 -DSIZEOF_UNSIGNED_INT=4 -DSIZEOF_UNSIGNED_LONG=8 -DSIZEOF_UNSIGNED_LONG_LONG=8 -DSTDC_HEADERS=1 -DHAVE_SETENV=1 -DHAVE_PUTENV=1 -DHAVE_SYS_MMAN_H=1 -DHAVE_DIRENT_H=1 -DHAVE_LIMITS_H=1 -DHAVE_PATHS_H=1 -DHAVE_VA_COPY=1 -DHAVE___VA_COPY=1 -DFILE_LOCKS=1 -DCALMA_MODULE=1 -DCIF_MODULE=1 -DX11_BACKING_STORE=1 -DPLOT_MODULE=1 -DLEF_MODULE=1 -DROUTE_MODULE=1 -DUSE_NEW_MACROS=1 -DVECTOR_FONTS=1 -DHAVE_LIBCAIRO=1 -DMAGIC_WRAPPER=1 -Dlinux=1 -DSYSV=1 -DISC=1 -DNDEBUG -DGCORE=\"/usr/bin/gcore\" -DSHDLIB_EXT=\".so\"  -c NMcmdLZ.c
--- compiling netmenu/NMlabel.o
rm -f NMlabel.o
gcc -g -m64 -fPIC -Wimplicit-int -fPIC  -I/usr/include/tcl8.6/tk-private/generic -I/usr/include/tcl8.6 -I. -I..  -DCAD_DIR=\"/home/chuan/Desktop/magic_install/lib\" -DBIN_DIR=\"/home/chuan/Desktop/magic_install/bin\" -DTCL_DIR=\"/home/chuan/Desktop/magic_install/lib/magic/tcl\" -DPACKAGE_NAME=\"\" -DPACKAGE_TARNAME=\"\" -DPACKAGE_VERSION=\"\" -DPACKAGE_STRING=\"\" -DPACKAGE_BUGREPORT=\"\" -DPACKAGE_URL=\"\" -DMAGIC_VERSION=\"8.2\" -DMAGIC_REVISION=\"19\" -DSTDC_HEADERS=1 -DHAVE_SYS_TYPES_H=1 -DHAVE_SYS_STAT_H=1 -DHAVE_STDLIB_H=1 -DHAVE_STRING_H=1 -DHAVE_MEMORY_H=1 -DHAVE_STRINGS_H=1 -DHAVE_INTTYPES_H=1 -DHAVE_STDINT_H=1 -DHAVE_UNISTD_H=1 -DSIZEOF_VOID_P=8 -DSIZEOF_UNSIGNED_INT=4 -DSIZEOF_UNSIGNED_LONG=8 -DSIZEOF_UNSIGNED_LONG_LONG=8 -DSTDC_HEADERS=1 -DHAVE_SETENV=1 -DHAVE_PUTENV=1 -DHAVE_SYS_MMAN_H=1 -DHAVE_DIRENT_H=1 -DHAVE_LIMITS_H=1 -DHAVE_PATHS_H=1 -DHAVE_VA_COPY=1 -DHAVE___VA_COPY=1 -DFILE_LOCKS=1 -DCALMA_MODULE=1 -DCIF_MODULE=1 -DX11_BACKING_STORE=1 -DPLOT_MODULE=1 -DLEF_MODULE=1 -DROUTE_MODULE=1 -DUSE_NEW_MACROS=1 -DVECTOR_FONTS=1 -DHAVE_LIBCAIRO=1 -DMAGIC_WRAPPER=1 -Dlinux=1 -DSYSV=1 -DISC=1 -DNDEBUG -DGCORE=\"/usr/bin/gcore\" -DSHDLIB_EXT=\".so\"  -c NMlabel.c
--- compiling netmenu/NMmain.o
rm -f NMmain.o
gcc -g -m64 -fPIC -Wimplicit-int -fPIC  -I/usr/include/tcl8.6/tk-private/generic -I/usr/include/tcl8.6 -I. -I..  -DCAD_DIR=\"/home/chuan/Desktop/magic_install/lib\" -DBIN_DIR=\"/home/chuan/Desktop/magic_install/bin\" -DTCL_DIR=\"/home/chuan/Desktop/magic_install/lib/magic/tcl\" -DPACKAGE_NAME=\"\" -DPACKAGE_TARNAME=\"\" -DPACKAGE_VERSION=\"\" -DPACKAGE_STRING=\"\" -DPACKAGE_BUGREPORT=\"\" -DPACKAGE_URL=\"\" -DMAGIC_VERSION=\"8.2\" -DMAGIC_REVISION=\"19\" -DSTDC_HEADERS=1 -DHAVE_SYS_TYPES_H=1 -DHAVE_SYS_STAT_H=1 -DHAVE_STDLIB_H=1 -DHAVE_STRING_H=1 -DHAVE_MEMORY_H=1 -DHAVE_STRINGS_H=1 -DHAVE_INTTYPES_H=1 -DHAVE_STDINT_H=1 -DHAVE_UNISTD_H=1 -DSIZEOF_VOID_P=8 -DSIZEOF_UNSIGNED_INT=4 -DSIZEOF_UNSIGNED_LONG=8 -DSIZEOF_UNSIGNED_LONG_LONG=8 -DSTDC_HEADERS=1 -DHAVE_SETENV=1 -DHAVE_PUTENV=1 -DHAVE_SYS_MMAN_H=1 -DHAVE_DIRENT_H=1 -DHAVE_LIMITS_H=1 -DHAVE_PATHS_H=1 -DHAVE_VA_COPY=1 -DHAVE___VA_COPY=1 -DFILE_LOCKS=1 -DCALMA_MODULE=1 -DCIF_MODULE=1 -DX11_BACKING_STORE=1 -DPLOT_MODULE=1 -DLEF_MODULE=1 -DROUTE_MODULE=1 -DUSE_NEW_MACROS=1 -DVECTOR_FONTS=1 -DHAVE_LIBCAIRO=1 -DMAGIC_WRAPPER=1 -Dlinux=1 -DSYSV=1 -DISC=1 -DNDEBUG -DGCORE=\"/usr/bin/gcore\" -DSHDLIB_EXT=\".so\"  -c NMmain.c
--- compiling netmenu/NMnetlist.o
rm -f NMnetlist.o
gcc -g -m64 -fPIC -Wimplicit-int -fPIC  -I/usr/include/tcl8.6/tk-private/generic -I/usr/include/tcl8.6 -I. -I..  -DCAD_DIR=\"/home/chuan/Desktop/magic_install/lib\" -DBIN_DIR=\"/home/chuan/Desktop/magic_install/bin\" -DTCL_DIR=\"/home/chuan/Desktop/magic_install/lib/magic/tcl\" -DPACKAGE_NAME=\"\" -DPACKAGE_TARNAME=\"\" -DPACKAGE_VERSION=\"\" -DPACKAGE_STRING=\"\" -DPACKAGE_BUGREPORT=\"\" -DPACKAGE_URL=\"\" -DMAGIC_VERSION=\"8.2\" -DMAGIC_REVISION=\"19\" -DSTDC_HEADERS=1 -DHAVE_SYS_TYPES_H=1 -DHAVE_SYS_STAT_H=1 -DHAVE_STDLIB_H=1 -DHAVE_STRING_H=1 -DHAVE_MEMORY_H=1 -DHAVE_STRINGS_H=1 -DHAVE_INTTYPES_H=1 -DHAVE_STDINT_H=1 -DHAVE_UNISTD_H=1 -DSIZEOF_VOID_P=8 -DSIZEOF_UNSIGNED_INT=4 -DSIZEOF_UNSIGNED_LONG=8 -DSIZEOF_UNSIGNED_LONG_LONG=8 -DSTDC_HEADERS=1 -DHAVE_SETENV=1 -DHAVE_PUTENV=1 -DHAVE_SYS_MMAN_H=1 -DHAVE_DIRENT_H=1 -DHAVE_LIMITS_H=1 -DHAVE_PATHS_H=1 -DHAVE_VA_COPY=1 -DHAVE___VA_COPY=1 -DFILE_LOCKS=1 -DCALMA_MODULE=1 -DCIF_MODULE=1 -DX11_BACKING_STORE=1 -DPLOT_MODULE=1 -DLEF_MODULE=1 -DROUTE_MODULE=1 -DUSE_NEW_MACROS=1 -DVECTOR_FONTS=1 -DHAVE_LIBCAIRO=1 -DMAGIC_WRAPPER=1 -Dlinux=1 -DSYSV=1 -DISC=1 -DNDEBUG -DGCORE=\"/usr/bin/gcore\" -DSHDLIB_EXT=\".so\"  -c NMnetlist.c
--- compiling netmenu/NMshowpt.o
rm -f NMshowpt.o
gcc -g -m64 -fPIC -Wimplicit-int -fPIC  -I/usr/include/tcl8.6/tk-private/generic -I/usr/include/tcl8.6 -I. -I..  -DCAD_DIR=\"/home/chuan/Desktop/magic_install/lib\" -DBIN_DIR=\"/home/chuan/Desktop/magic_install/bin\" -DTCL_DIR=\"/home/chuan/Desktop/magic_install/lib/magic/tcl\" -DPACKAGE_NAME=\"\" -DPACKAGE_TARNAME=\"\" -DPACKAGE_VERSION=\"\" -DPACKAGE_STRING=\"\" -DPACKAGE_BUGREPORT=\"\" -DPACKAGE_URL=\"\" -DMAGIC_VERSION=\"8.2\" -DMAGIC_REVISION=\"19\" -DSTDC_HEADERS=1 -DHAVE_SYS_TYPES_H=1 -DHAVE_SYS_STAT_H=1 -DHAVE_STDLIB_H=1 -DHAVE_STRING_H=1 -DHAVE_MEMORY_H=1 -DHAVE_STRINGS_H=1 -DHAVE_INTTYPES_H=1 -DHAVE_STDINT_H=1 -DHAVE_UNISTD_H=1 -DSIZEOF_VOID_P=8 -DSIZEOF_UNSIGNED_INT=4 -DSIZEOF_UNSIGNED_LONG=8 -DSIZEOF_UNSIGNED_LONG_LONG=8 -DSTDC_HEADERS=1 -DHAVE_SETENV=1 -DHAVE_PUTENV=1 -DHAVE_SYS_MMAN_H=1 -DHAVE_DIRENT_H=1 -DHAVE_LIMITS_H=1 -DHAVE_PATHS_H=1 -DHAVE_VA_COPY=1 -DHAVE___VA_COPY=1 -DFILE_LOCKS=1 -DCALMA_MODULE=1 -DCIF_MODULE=1 -DX11_BACKING_STORE=1 -DPLOT_MODULE=1 -DLEF_MODULE=1 -DROUTE_MODULE=1 -DUSE_NEW_MACROS=1 -DVECTOR_FONTS=1 -DHAVE_LIBCAIRO=1 -DMAGIC_WRAPPER=1 -Dlinux=1 -DSYSV=1 -DISC=1 -DNDEBUG -DGCORE=\"/usr/bin/gcore\" -DSHDLIB_EXT=\".so\"  -c NMshowpt.c
--- compiling netmenu/NMshowcell.o
rm -f NMshowcell.o
gcc -g -m64 -fPIC -Wimplicit-int -fPIC  -I/usr/include/tcl8.6/tk-private/generic -I/usr/include/tcl8.6 -I. -I..  -DCAD_DIR=\"/home/chuan/Desktop/magic_install/lib\" -DBIN_DIR=\"/home/chuan/Desktop/magic_install/bin\" -DTCL_DIR=\"/home/chuan/Desktop/magic_install/lib/magic/tcl\" -DPACKAGE_NAME=\"\" -DPACKAGE_TARNAME=\"\" -DPACKAGE_VERSION=\"\" -DPACKAGE_STRING=\"\" -DPACKAGE_BUGREPORT=\"\" -DPACKAGE_URL=\"\" -DMAGIC_VERSION=\"8.2\" -DMAGIC_REVISION=\"19\" -DSTDC_HEADERS=1 -DHAVE_SYS_TYPES_H=1 -DHAVE_SYS_STAT_H=1 -DHAVE_STDLIB_H=1 -DHAVE_STRING_H=1 -DHAVE_MEMORY_H=1 -DHAVE_STRINGS_H=1 -DHAVE_INTTYPES_H=1 -DHAVE_STDINT_H=1 -DHAVE_UNISTD_H=1 -DSIZEOF_VOID_P=8 -DSIZEOF_UNSIGNED_INT=4 -DSIZEOF_UNSIGNED_LONG=8 -DSIZEOF_UNSIGNED_LONG_LONG=8 -DSTDC_HEADERS=1 -DHAVE_SETENV=1 -DHAVE_PUTENV=1 -DHAVE_SYS_MMAN_H=1 -DHAVE_DIRENT_H=1 -DHAVE_LIMITS_H=1 -DHAVE_PATHS_H=1 -DHAVE_VA_COPY=1 -DHAVE___VA_COPY=1 -DFILE_LOCKS=1 -DCALMA_MODULE=1 -DCIF_MODULE=1 -DX11_BACKING_STORE=1 -DPLOT_MODULE=1 -DLEF_MODULE=1 -DROUTE_MODULE=1 -DUSE_NEW_MACROS=1 -DVECTOR_FONTS=1 -DHAVE_LIBCAIRO=1 -DMAGIC_WRAPPER=1 -Dlinux=1 -DSYSV=1 -DISC=1 -DNDEBUG -DGCORE=\"/usr/bin/gcore\" -DSHDLIB_EXT=\".so\"  -c NMshowcell.c
--- compiling netmenu/NMundo.o
rm -f NMundo.o
gcc -g -m64 -fPIC -Wimplicit-int -fPIC  -I/usr/include/tcl8.6/tk-private/generic -I/usr/include/tcl8.6 -I. -I..  -DCAD_DIR=\"/home/chuan/Desktop/magic_install/lib\" -DBIN_DIR=\"/home/chuan/Desktop/magic_install/bin\" -DTCL_DIR=\"/home/chuan/Desktop/magic_install/lib/magic/tcl\" -DPACKAGE_NAME=\"\" -DPACKAGE_TARNAME=\"\" -DPACKAGE_VERSION=\"\" -DPACKAGE_STRING=\"\" -DPACKAGE_BUGREPORT=\"\" -DPACKAGE_URL=\"\" -DMAGIC_VERSION=\"8.2\" -DMAGIC_REVISION=\"19\" -DSTDC_HEADERS=1 -DHAVE_SYS_TYPES_H=1 -DHAVE_SYS_STAT_H=1 -DHAVE_STDLIB_H=1 -DHAVE_STRING_H=1 -DHAVE_MEMORY_H=1 -DHAVE_STRINGS_H=1 -DHAVE_INTTYPES_H=1 -DHAVE_STDINT_H=1 -DHAVE_UNISTD_H=1 -DSIZEOF_VOID_P=8 -DSIZEOF_UNSIGNED_INT=4 -DSIZEOF_UNSIGNED_LONG=8 -DSIZEOF_UNSIGNED_LONG_LONG=8 -DSTDC_HEADERS=1 -DHAVE_SETENV=1 -DHAVE_PUTENV=1 -DHAVE_SYS_MMAN_H=1 -DHAVE_DIRENT_H=1 -DHAVE_LIMITS_H=1 -DHAVE_PATHS_H=1 -DHAVE_VA_COPY=1 -DHAVE___VA_COPY=1 -DFILE_LOCKS=1 -DCALMA_MODULE=1 -DCIF_MODULE=1 -DX11_BACKING_STORE=1 -DPLOT_MODULE=1 -DLEF_MODULE=1 -DROUTE_MODULE=1 -DUSE_NEW_MACROS=1 -DVECTOR_FONTS=1 -DHAVE_LIBCAIRO=1 -DMAGIC_WRAPPER=1 -Dlinux=1 -DSYSV=1 -DISC=1 -DNDEBUG -DGCORE=\"/usr/bin/gcore\" -DSHDLIB_EXT=\".so\"  -c NMundo.c
--- compiling netmenu/NMwiring.o
rm -f NMwiring.o
gcc -g -m64 -fPIC -Wimplicit-int -fPIC  -I/usr/include/tcl8.6/tk-private/generic -I/usr/include/tcl8.6 -I. -I..  -DCAD_DIR=\"/home/chuan/Desktop/magic_install/lib\" -DBIN_DIR=\"/home/chuan/Desktop/magic_install/bin\" -DTCL_DIR=\"/home/chuan/Desktop/magic_install/lib/magic/tcl\" -DPACKAGE_NAME=\"\" -DPACKAGE_TARNAME=\"\" -DPACKAGE_VERSION=\"\" -DPACKAGE_STRING=\"\" -DPACKAGE_BUGREPORT=\"\" -DPACKAGE_URL=\"\" -DMAGIC_VERSION=\"8.2\" -DMAGIC_REVISION=\"19\" -DSTDC_HEADERS=1 -DHAVE_SYS_TYPES_H=1 -DHAVE_SYS_STAT_H=1 -DHAVE_STDLIB_H=1 -DHAVE_STRING_H=1 -DHAVE_MEMORY_H=1 -DHAVE_STRINGS_H=1 -DHAVE_INTTYPES_H=1 -DHAVE_STDINT_H=1 -DHAVE_UNISTD_H=1 -DSIZEOF_VOID_P=8 -DSIZEOF_UNSIGNED_INT=4 -DSIZEOF_UNSIGNED_LONG=8 -DSIZEOF_UNSIGNED_LONG_LONG=8 -DSTDC_HEADERS=1 -DHAVE_SETENV=1 -DHAVE_PUTENV=1 -DHAVE_SYS_MMAN_H=1 -DHAVE_DIRENT_H=1 -DHAVE_LIMITS_H=1 -DHAVE_PATHS_H=1 -DHAVE_VA_COPY=1 -DHAVE___VA_COPY=1 -DFILE_LOCKS=1 -DCALMA_MODULE=1 -DCIF_MODULE=1 -DX11_BACKING_STORE=1 -DPLOT_MODULE=1 -DLEF_MODULE=1 -DROUTE_MODULE=1 -DUSE_NEW_MACROS=1 -DVECTOR_FONTS=1 -DHAVE_LIBCAIRO=1 -DMAGIC_WRAPPER=1 -Dlinux=1 -DSYSV=1 -DISC=1 -DNDEBUG -DGCORE=\"/usr/bin/gcore\" -DSHDLIB_EXT=\".so\"  -c NMwiring.c
--- linking libnetmenu.o
rm -f libnetmenu.o
ld -r NMbutton.o NMcmdAK.o NMcmdLZ.o NMlabel.o NMmain.o NMnetlist.o NMshowpt.o NMshowcell.o NMundo.o NMwiring.o  -o libnetmenu.o 
make[2]: Leaving directory `/home/chuan/Desktop/magic-8.2/netmenu'
make[2]: Entering directory `/home/chuan/Desktop/magic-8.2/plow'
--- compiling plow/PlowCmd.o
rm -f PlowCmd.o
gcc -g -m64 -fPIC -Wimplicit-int -fPIC  -I/usr/include/tcl8.6/tk-private/generic -I/usr/include/tcl8.6 -I. -I..  -DCAD_DIR=\"/home/chuan/Desktop/magic_install/lib\" -DBIN_DIR=\"/home/chuan/Desktop/magic_install/bin\" -DTCL_DIR=\"/home/chuan/Desktop/magic_install/lib/magic/tcl\" -DPACKAGE_NAME=\"\" -DPACKAGE_TARNAME=\"\" -DPACKAGE_VERSION=\"\" -DPACKAGE_STRING=\"\" -DPACKAGE_BUGREPORT=\"\" -DPACKAGE_URL=\"\" -DMAGIC_VERSION=\"8.2\" -DMAGIC_REVISION=\"19\" -DSTDC_HEADERS=1 -DHAVE_SYS_TYPES_H=1 -DHAVE_SYS_STAT_H=1 -DHAVE_STDLIB_H=1 -DHAVE_STRING_H=1 -DHAVE_MEMORY_H=1 -DHAVE_STRINGS_H=1 -DHAVE_INTTYPES_H=1 -DHAVE_STDINT_H=1 -DHAVE_UNISTD_H=1 -DSIZEOF_VOID_P=8 -DSIZEOF_UNSIGNED_INT=4 -DSIZEOF_UNSIGNED_LONG=8 -DSIZEOF_UNSIGNED_LONG_LONG=8 -DSTDC_HEADERS=1 -DHAVE_SETENV=1 -DHAVE_PUTENV=1 -DHAVE_SYS_MMAN_H=1 -DHAVE_DIRENT_H=1 -DHAVE_LIMITS_H=1 -DHAVE_PATHS_H=1 -DHAVE_VA_COPY=1 -DHAVE___VA_COPY=1 -DFILE_LOCKS=1 -DCALMA_MODULE=1 -DCIF_MODULE=1 -DX11_BACKING_STORE=1 -DPLOT_MODULE=1 -DLEF_MODULE=1 -DROUTE_MODULE=1 -DUSE_NEW_MACROS=1 -DVECTOR_FONTS=1 -DHAVE_LIBCAIRO=1 -DMAGIC_WRAPPER=1 -Dlinux=1 -DSYSV=1 -DISC=1 -DNDEBUG -DGCORE=\"/usr/bin/gcore\" -DSHDLIB_EXT=\".so\"  -c PlowCmd.c
--- compiling plow/PlowJogs.o
rm -f PlowJogs.o
gcc -g -m64 -fPIC -Wimplicit-int -fPIC  -I/usr/include/tcl8.6/tk-private/generic -I/usr/include/tcl8.6 -I. -I..  -DCAD_DIR=\"/home/chuan/Desktop/magic_install/lib\" -DBIN_DIR=\"/home/chuan/Desktop/magic_install/bin\" -DTCL_DIR=\"/home/chuan/Desktop/magic_install/lib/magic/tcl\" -DPACKAGE_NAME=\"\" -DPACKAGE_TARNAME=\"\" -DPACKAGE_VERSION=\"\" -DPACKAGE_STRING=\"\" -DPACKAGE_BUGREPORT=\"\" -DPACKAGE_URL=\"\" -DMAGIC_VERSION=\"8.2\" -DMAGIC_REVISION=\"19\" -DSTDC_HEADERS=1 -DHAVE_SYS_TYPES_H=1 -DHAVE_SYS_STAT_H=1 -DHAVE_STDLIB_H=1 -DHAVE_STRING_H=1 -DHAVE_MEMORY_H=1 -DHAVE_STRINGS_H=1 -DHAVE_INTTYPES_H=1 -DHAVE_STDINT_H=1 -DHAVE_UNISTD_H=1 -DSIZEOF_VOID_P=8 -DSIZEOF_UNSIGNED_INT=4 -DSIZEOF_UNSIGNED_LONG=8 -DSIZEOF_UNSIGNED_LONG_LONG=8 -DSTDC_HEADERS=1 -DHAVE_SETENV=1 -DHAVE_PUTENV=1 -DHAVE_SYS_MMAN_H=1 -DHAVE_DIRENT_H=1 -DHAVE_LIMITS_H=1 -DHAVE_PATHS_H=1 -DHAVE_VA_COPY=1 -DHAVE___VA_COPY=1 -DFILE_LOCKS=1 -DCALMA_MODULE=1 -DCIF_MODULE=1 -DX11_BACKING_STORE=1 -DPLOT_MODULE=1 -DLEF_MODULE=1 -DROUTE_MODULE=1 -DUSE_NEW_MACROS=1 -DVECTOR_FONTS=1 -DHAVE_LIBCAIRO=1 -DMAGIC_WRAPPER=1 -Dlinux=1 -DSYSV=1 -DISC=1 -DNDEBUG -DGCORE=\"/usr/bin/gcore\" -DSHDLIB_EXT=\".so\"  -c PlowJogs.c
--- compiling plow/PlowMain.o
rm -f PlowMain.o
gcc -g -m64 -fPIC -Wimplicit-int -fPIC  -I/usr/include/tcl8.6/tk-private/generic -I/usr/include/tcl8.6 -I. -I..  -DCAD_DIR=\"/home/chuan/Desktop/magic_install/lib\" -DBIN_DIR=\"/home/chuan/Desktop/magic_install/bin\" -DTCL_DIR=\"/home/chuan/Desktop/magic_install/lib/magic/tcl\" -DPACKAGE_NAME=\"\" -DPACKAGE_TARNAME=\"\" -DPACKAGE_VERSION=\"\" -DPACKAGE_STRING=\"\" -DPACKAGE_BUGREPORT=\"\" -DPACKAGE_URL=\"\" -DMAGIC_VERSION=\"8.2\" -DMAGIC_REVISION=\"19\" -DSTDC_HEADERS=1 -DHAVE_SYS_TYPES_H=1 -DHAVE_SYS_STAT_H=1 -DHAVE_STDLIB_H=1 -DHAVE_STRING_H=1 -DHAVE_MEMORY_H=1 -DHAVE_STRINGS_H=1 -DHAVE_INTTYPES_H=1 -DHAVE_STDINT_H=1 -DHAVE_UNISTD_H=1 -DSIZEOF_VOID_P=8 -DSIZEOF_UNSIGNED_INT=4 -DSIZEOF_UNSIGNED_LONG=8 -DSIZEOF_UNSIGNED_LONG_LONG=8 -DSTDC_HEADERS=1 -DHAVE_SETENV=1 -DHAVE_PUTENV=1 -DHAVE_SYS_MMAN_H=1 -DHAVE_DIRENT_H=1 -DHAVE_LIMITS_H=1 -DHAVE_PATHS_H=1 -DHAVE_VA_COPY=1 -DHAVE___VA_COPY=1 -DFILE_LOCKS=1 -DCALMA_MODULE=1 -DCIF_MODULE=1 -DX11_BACKING_STORE=1 -DPLOT_MODULE=1 -DLEF_MODULE=1 -DROUTE_MODULE=1 -DUSE_NEW_MACROS=1 -DVECTOR_FONTS=1 -DHAVE_LIBCAIRO=1 -DMAGIC_WRAPPER=1 -Dlinux=1 -DSYSV=1 -DISC=1 -DNDEBUG -DGCORE=\"/usr/bin/gcore\" -DSHDLIB_EXT=\".so\"  -c PlowMain.c
--- compiling plow/PlowQueue.o
rm -f PlowQueue.o
gcc -g -m64 -fPIC -Wimplicit-int -fPIC  -I/usr/include/tcl8.6/tk-private/generic -I/usr/include/tcl8.6 -I. -I..  -DCAD_DIR=\"/home/chuan/Desktop/magic_install/lib\" -DBIN_DIR=\"/home/chuan/Desktop/magic_install/bin\" -DTCL_DIR=\"/home/chuan/Desktop/magic_install/lib/magic/tcl\" -DPACKAGE_NAME=\"\" -DPACKAGE_TARNAME=\"\" -DPACKAGE_VERSION=\"\" -DPACKAGE_STRING=\"\" -DPACKAGE_BUGREPORT=\"\" -DPACKAGE_URL=\"\" -DMAGIC_VERSION=\"8.2\" -DMAGIC_REVISION=\"19\" -DSTDC_HEADERS=1 -DHAVE_SYS_TYPES_H=1 -DHAVE_SYS_STAT_H=1 -DHAVE_STDLIB_H=1 -DHAVE_STRING_H=1 -DHAVE_MEMORY_H=1 -DHAVE_STRINGS_H=1 -DHAVE_INTTYPES_H=1 -DHAVE_STDINT_H=1 -DHAVE_UNISTD_H=1 -DSIZEOF_VOID_P=8 -DSIZEOF_UNSIGNED_INT=4 -DSIZEOF_UNSIGNED_LONG=8 -DSIZEOF_UNSIGNED_LONG_LONG=8 -DSTDC_HEADERS=1 -DHAVE_SETENV=1 -DHAVE_PUTENV=1 -DHAVE_SYS_MMAN_H=1 -DHAVE_DIRENT_H=1 -DHAVE_LIMITS_H=1 -DHAVE_PATHS_H=1 -DHAVE_VA_COPY=1 -DHAVE___VA_COPY=1 -DFILE_LOCKS=1 -DCALMA_MODULE=1 -DCIF_MODULE=1 -DX11_BACKING_STORE=1 -DPLOT_MODULE=1 -DLEF_MODULE=1 -DROUTE_MODULE=1 -DUSE_NEW_MACROS=1 -DVECTOR_FONTS=1 -DHAVE_LIBCAIRO=1 -DMAGIC_WRAPPER=1 -Dlinux=1 -DSYSV=1 -DISC=1 -DNDEBUG -DGCORE=\"/usr/bin/gcore\" -DSHDLIB_EXT=\".so\"  -c PlowQueue.c
--- compiling plow/PlowRandom.o
rm -f PlowRandom.o
gcc -g -m64 -fPIC -Wimplicit-int -fPIC  -I/usr/include/tcl8.6/tk-private/generic -I/usr/include/tcl8.6 -I. -I..  -DCAD_DIR=\"/home/chuan/Desktop/magic_install/lib\" -DBIN_DIR=\"/home/chuan/Desktop/magic_install/bin\" -DTCL_DIR=\"/home/chuan/Desktop/magic_install/lib/magic/tcl\" -DPACKAGE_NAME=\"\" -DPACKAGE_TARNAME=\"\" -DPACKAGE_VERSION=\"\" -DPACKAGE_STRING=\"\" -DPACKAGE_BUGREPORT=\"\" -DPACKAGE_URL=\"\" -DMAGIC_VERSION=\"8.2\" -DMAGIC_REVISION=\"19\" -DSTDC_HEADERS=1 -DHAVE_SYS_TYPES_H=1 -DHAVE_SYS_STAT_H=1 -DHAVE_STDLIB_H=1 -DHAVE_STRING_H=1 -DHAVE_MEMORY_H=1 -DHAVE_STRINGS_H=1 -DHAVE_INTTYPES_H=1 -DHAVE_STDINT_H=1 -DHAVE_UNISTD_H=1 -DSIZEOF_VOID_P=8 -DSIZEOF_UNSIGNED_INT=4 -DSIZEOF_UNSIGNED_LONG=8 -DSIZEOF_UNSIGNED_LONG_LONG=8 -DSTDC_HEADERS=1 -DHAVE_SETENV=1 -DHAVE_PUTENV=1 -DHAVE_SYS_MMAN_H=1 -DHAVE_DIRENT_H=1 -DHAVE_LIMITS_H=1 -DHAVE_PATHS_H=1 -DHAVE_VA_COPY=1 -DHAVE___VA_COPY=1 -DFILE_LOCKS=1 -DCALMA_MODULE=1 -DCIF_MODULE=1 -DX11_BACKING_STORE=1 -DPLOT_MODULE=1 -DLEF_MODULE=1 -DROUTE_MODULE=1 -DUSE_NEW_MACROS=1 -DVECTOR_FONTS=1 -DHAVE_LIBCAIRO=1 -DMAGIC_WRAPPER=1 -Dlinux=1 -DSYSV=1 -DISC=1 -DNDEBUG -DGCORE=\"/usr/bin/gcore\" -DSHDLIB_EXT=\".so\"  -c PlowRandom.c
--- compiling plow/PlowRules1.o
rm -f PlowRules1.o
gcc -g -m64 -fPIC -Wimplicit-int -fPIC  -I/usr/include/tcl8.6/tk-private/generic -I/usr/include/tcl8.6 -I. -I..  -DCAD_DIR=\"/home/chuan/Desktop/magic_install/lib\" -DBIN_DIR=\"/home/chuan/Desktop/magic_install/bin\" -DTCL_DIR=\"/home/chuan/Desktop/magic_install/lib/magic/tcl\" -DPACKAGE_NAME=\"\" -DPACKAGE_TARNAME=\"\" -DPACKAGE_VERSION=\"\" -DPACKAGE_STRING=\"\" -DPACKAGE_BUGREPORT=\"\" -DPACKAGE_URL=\"\" -DMAGIC_VERSION=\"8.2\" -DMAGIC_REVISION=\"19\" -DSTDC_HEADERS=1 -DHAVE_SYS_TYPES_H=1 -DHAVE_SYS_STAT_H=1 -DHAVE_STDLIB_H=1 -DHAVE_STRING_H=1 -DHAVE_MEMORY_H=1 -DHAVE_STRINGS_H=1 -DHAVE_INTTYPES_H=1 -DHAVE_STDINT_H=1 -DHAVE_UNISTD_H=1 -DSIZEOF_VOID_P=8 -DSIZEOF_UNSIGNED_INT=4 -DSIZEOF_UNSIGNED_LONG=8 -DSIZEOF_UNSIGNED_LONG_LONG=8 -DSTDC_HEADERS=1 -DHAVE_SETENV=1 -DHAVE_PUTENV=1 -DHAVE_SYS_MMAN_H=1 -DHAVE_DIRENT_H=1 -DHAVE_LIMITS_H=1 -DHAVE_PATHS_H=1 -DHAVE_VA_COPY=1 -DHAVE___VA_COPY=1 -DFILE_LOCKS=1 -DCALMA_MODULE=1 -DCIF_MODULE=1 -DX11_BACKING_STORE=1 -DPLOT_MODULE=1 -DLEF_MODULE=1 -DROUTE_MODULE=1 -DUSE_NEW_MACROS=1 -DVECTOR_FONTS=1 -DHAVE_LIBCAIRO=1 -DMAGIC_WRAPPER=1 -Dlinux=1 -DSYSV=1 -DISC=1 -DNDEBUG -DGCORE=\"/usr/bin/gcore\" -DSHDLIB_EXT=\".so\"  -c PlowRules1.c
--- compiling plow/PlowRules2.o
rm -f PlowRules2.o
gcc -g -m64 -fPIC -Wimplicit-int -fPIC  -I/usr/include/tcl8.6/tk-private/generic -I/usr/include/tcl8.6 -I. -I..  -DCAD_DIR=\"/home/chuan/Desktop/magic_install/lib\" -DBIN_DIR=\"/home/chuan/Desktop/magic_install/bin\" -DTCL_DIR=\"/home/chuan/Desktop/magic_install/lib/magic/tcl\" -DPACKAGE_NAME=\"\" -DPACKAGE_TARNAME=\"\" -DPACKAGE_VERSION=\"\" -DPACKAGE_STRING=\"\" -DPACKAGE_BUGREPORT=\"\" -DPACKAGE_URL=\"\" -DMAGIC_VERSION=\"8.2\" -DMAGIC_REVISION=\"19\" -DSTDC_HEADERS=1 -DHAVE_SYS_TYPES_H=1 -DHAVE_SYS_STAT_H=1 -DHAVE_STDLIB_H=1 -DHAVE_STRING_H=1 -DHAVE_MEMORY_H=1 -DHAVE_STRINGS_H=1 -DHAVE_INTTYPES_H=1 -DHAVE_STDINT_H=1 -DHAVE_UNISTD_H=1 -DSIZEOF_VOID_P=8 -DSIZEOF_UNSIGNED_INT=4 -DSIZEOF_UNSIGNED_LONG=8 -DSIZEOF_UNSIGNED_LONG_LONG=8 -DSTDC_HEADERS=1 -DHAVE_SETENV=1 -DHAVE_PUTENV=1 -DHAVE_SYS_MMAN_H=1 -DHAVE_DIRENT_H=1 -DHAVE_LIMITS_H=1 -DHAVE_PATHS_H=1 -DHAVE_VA_COPY=1 -DHAVE___VA_COPY=1 -DFILE_LOCKS=1 -DCALMA_MODULE=1 -DCIF_MODULE=1 -DX11_BACKING_STORE=1 -DPLOT_MODULE=1 -DLEF_MODULE=1 -DROUTE_MODULE=1 -DUSE_NEW_MACROS=1 -DVECTOR_FONTS=1 -DHAVE_LIBCAIRO=1 -DMAGIC_WRAPPER=1 -Dlinux=1 -DSYSV=1 -DISC=1 -DNDEBUG -DGCORE=\"/usr/bin/gcore\" -DSHDLIB_EXT=\".so\"  -c PlowRules2.c
--- compiling plow/PlowRules3.o
rm -f PlowRules3.o
gcc -g -m64 -fPIC -Wimplicit-int -fPIC  -I/usr/include/tcl8.6/tk-private/generic -I/usr/include/tcl8.6 -I. -I..  -DCAD_DIR=\"/home/chuan/Desktop/magic_install/lib\" -DBIN_DIR=\"/home/chuan/Desktop/magic_install/bin\" -DTCL_DIR=\"/home/chuan/Desktop/magic_install/lib/magic/tcl\" -DPACKAGE_NAME=\"\" -DPACKAGE_TARNAME=\"\" -DPACKAGE_VERSION=\"\" -DPACKAGE_STRING=\"\" -DPACKAGE_BUGREPORT=\"\" -DPACKAGE_URL=\"\" -DMAGIC_VERSION=\"8.2\" -DMAGIC_REVISION=\"19\" -DSTDC_HEADERS=1 -DHAVE_SYS_TYPES_H=1 -DHAVE_SYS_STAT_H=1 -DHAVE_STDLIB_H=1 -DHAVE_STRING_H=1 -DHAVE_MEMORY_H=1 -DHAVE_STRINGS_H=1 -DHAVE_INTTYPES_H=1 -DHAVE_STDINT_H=1 -DHAVE_UNISTD_H=1 -DSIZEOF_VOID_P=8 -DSIZEOF_UNSIGNED_INT=4 -DSIZEOF_UNSIGNED_LONG=8 -DSIZEOF_UNSIGNED_LONG_LONG=8 -DSTDC_HEADERS=1 -DHAVE_SETENV=1 -DHAVE_PUTENV=1 -DHAVE_SYS_MMAN_H=1 -DHAVE_DIRENT_H=1 -DHAVE_LIMITS_H=1 -DHAVE_PATHS_H=1 -DHAVE_VA_COPY=1 -DHAVE___VA_COPY=1 -DFILE_LOCKS=1 -DCALMA_MODULE=1 -DCIF_MODULE=1 -DX11_BACKING_STORE=1 -DPLOT_MODULE=1 -DLEF_MODULE=1 -DROUTE_MODULE=1 -DUSE_NEW_MACROS=1 -DVECTOR_FONTS=1 -DHAVE_LIBCAIRO=1 -DMAGIC_WRAPPER=1 -Dlinux=1 -DSYSV=1 -DISC=1 -DNDEBUG -DGCORE=\"/usr/bin/gcore\" -DSHDLIB_EXT=\".so\"  -c PlowRules3.c
--- compiling plow/PlowSearch.o
rm -f PlowSearch.o
gcc -g -m64 -fPIC -Wimplicit-int -fPIC  -I/usr/include/tcl8.6/tk-private/generic -I/usr/include/tcl8.6 -I. -I..  -DCAD_DIR=\"/home/chuan/Desktop/magic_install/lib\" -DBIN_DIR=\"/home/chuan/Desktop/magic_install/bin\" -DTCL_DIR=\"/home/chuan/Desktop/magic_install/lib/magic/tcl\" -DPACKAGE_NAME=\"\" -DPACKAGE_TARNAME=\"\" -DPACKAGE_VERSION=\"\" -DPACKAGE_STRING=\"\" -DPACKAGE_BUGREPORT=\"\" -DPACKAGE_URL=\"\" -DMAGIC_VERSION=\"8.2\" -DMAGIC_REVISION=\"19\" -DSTDC_HEADERS=1 -DHAVE_SYS_TYPES_H=1 -DHAVE_SYS_STAT_H=1 -DHAVE_STDLIB_H=1 -DHAVE_STRING_H=1 -DHAVE_MEMORY_H=1 -DHAVE_STRINGS_H=1 -DHAVE_INTTYPES_H=1 -DHAVE_STDINT_H=1 -DHAVE_UNISTD_H=1 -DSIZEOF_VOID_P=8 -DSIZEOF_UNSIGNED_INT=4 -DSIZEOF_UNSIGNED_LONG=8 -DSIZEOF_UNSIGNED_LONG_LONG=8 -DSTDC_HEADERS=1 -DHAVE_SETENV=1 -DHAVE_PUTENV=1 -DHAVE_SYS_MMAN_H=1 -DHAVE_DIRENT_H=1 -DHAVE_LIMITS_H=1 -DHAVE_PATHS_H=1 -DHAVE_VA_COPY=1 -DHAVE___VA_COPY=1 -DFILE_LOCKS=1 -DCALMA_MODULE=1 -DCIF_MODULE=1 -DX11_BACKING_STORE=1 -DPLOT_MODULE=1 -DLEF_MODULE=1 -DROUTE_MODULE=1 -DUSE_NEW_MACROS=1 -DVECTOR_FONTS=1 -DHAVE_LIBCAIRO=1 -DMAGIC_WRAPPER=1 -Dlinux=1 -DSYSV=1 -DISC=1 -DNDEBUG -DGCORE=\"/usr/bin/gcore\" -DSHDLIB_EXT=\".so\"  -c PlowSearch.c
--- compiling plow/PlowTech.o
rm -f PlowTech.o
gcc -g -m64 -fPIC -Wimplicit-int -fPIC  -I/usr/include/tcl8.6/tk-private/generic -I/usr/include/tcl8.6 -I. -I..  -DCAD_DIR=\"/home/chuan/Desktop/magic_install/lib\" -DBIN_DIR=\"/home/chuan/Desktop/magic_install/bin\" -DTCL_DIR=\"/home/chuan/Desktop/magic_install/lib/magic/tcl\" -DPACKAGE_NAME=\"\" -DPACKAGE_TARNAME=\"\" -DPACKAGE_VERSION=\"\" -DPACKAGE_STRING=\"\" -DPACKAGE_BUGREPORT=\"\" -DPACKAGE_URL=\"\" -DMAGIC_VERSION=\"8.2\" -DMAGIC_REVISION=\"19\" -DSTDC_HEADERS=1 -DHAVE_SYS_TYPES_H=1 -DHAVE_SYS_STAT_H=1 -DHAVE_STDLIB_H=1 -DHAVE_STRING_H=1 -DHAVE_MEMORY_H=1 -DHAVE_STRINGS_H=1 -DHAVE_INTTYPES_H=1 -DHAVE_STDINT_H=1 -DHAVE_UNISTD_H=1 -DSIZEOF_VOID_P=8 -DSIZEOF_UNSIGNED_INT=4 -DSIZEOF_UNSIGNED_LONG=8 -DSIZEOF_UNSIGNED_LONG_LONG=8 -DSTDC_HEADERS=1 -DHAVE_SETENV=1 -DHAVE_PUTENV=1 -DHAVE_SYS_MMAN_H=1 -DHAVE_DIRENT_H=1 -DHAVE_LIMITS_H=1 -DHAVE_PATHS_H=1 -DHAVE_VA_COPY=1 -DHAVE___VA_COPY=1 -DFILE_LOCKS=1 -DCALMA_MODULE=1 -DCIF_MODULE=1 -DX11_BACKING_STORE=1 -DPLOT_MODULE=1 -DLEF_MODULE=1 -DROUTE_MODULE=1 -DUSE_NEW_MACROS=1 -DVECTOR_FONTS=1 -DHAVE_LIBCAIRO=1 -DMAGIC_WRAPPER=1 -Dlinux=1 -DSYSV=1 -DISC=1 -DNDEBUG -DGCORE=\"/usr/bin/gcore\" -DSHDLIB_EXT=\".so\"  -c PlowTech.c
--- compiling plow/PlowTest.o
rm -f PlowTest.o
gcc -g -m64 -fPIC -Wimplicit-int -fPIC  -I/usr/include/tcl8.6/tk-private/generic -I/usr/include/tcl8.6 -I. -I..  -DCAD_DIR=\"/home/chuan/Desktop/magic_install/lib\" -DBIN_DIR=\"/home/chuan/Desktop/magic_install/bin\" -DTCL_DIR=\"/home/chuan/Desktop/magic_install/lib/magic/tcl\" -DPACKAGE_NAME=\"\" -DPACKAGE_TARNAME=\"\" -DPACKAGE_VERSION=\"\" -DPACKAGE_STRING=\"\" -DPACKAGE_BUGREPORT=\"\" -DPACKAGE_URL=\"\" -DMAGIC_VERSION=\"8.2\" -DMAGIC_REVISION=\"19\" -DSTDC_HEADERS=1 -DHAVE_SYS_TYPES_H=1 -DHAVE_SYS_STAT_H=1 -DHAVE_STDLIB_H=1 -DHAVE_STRING_H=1 -DHAVE_MEMORY_H=1 -DHAVE_STRINGS_H=1 -DHAVE_INTTYPES_H=1 -DHAVE_STDINT_H=1 -DHAVE_UNISTD_H=1 -DSIZEOF_VOID_P=8 -DSIZEOF_UNSIGNED_INT=4 -DSIZEOF_UNSIGNED_LONG=8 -DSIZEOF_UNSIGNED_LONG_LONG=8 -DSTDC_HEADERS=1 -DHAVE_SETENV=1 -DHAVE_PUTENV=1 -DHAVE_SYS_MMAN_H=1 -DHAVE_DIRENT_H=1 -DHAVE_LIMITS_H=1 -DHAVE_PATHS_H=1 -DHAVE_VA_COPY=1 -DHAVE___VA_COPY=1 -DFILE_LOCKS=1 -DCALMA_MODULE=1 -DCIF_MODULE=1 -DX11_BACKING_STORE=1 -DPLOT_MODULE=1 -DLEF_MODULE=1 -DROUTE_MODULE=1 -DUSE_NEW_MACROS=1 -DVECTOR_FONTS=1 -DHAVE_LIBCAIRO=1 -DMAGIC_WRAPPER=1 -Dlinux=1 -DSYSV=1 -DISC=1 -DNDEBUG -DGCORE=\"/usr/bin/gcore\" -DSHDLIB_EXT=\".so\"  -c PlowTest.c
--- compiling plow/PlowWidth.o
rm -f PlowWidth.o
gcc -g -m64 -fPIC -Wimplicit-int -fPIC  -I/usr/include/tcl8.6/tk-private/generic -I/usr/include/tcl8.6 -I. -I..  -DCAD_DIR=\"/home/chuan/Desktop/magic_install/lib\" -DBIN_DIR=\"/home/chuan/Desktop/magic_install/bin\" -DTCL_DIR=\"/home/chuan/Desktop/magic_install/lib/magic/tcl\" -DPACKAGE_NAME=\"\" -DPACKAGE_TARNAME=\"\" -DPACKAGE_VERSION=\"\" -DPACKAGE_STRING=\"\" -DPACKAGE_BUGREPORT=\"\" -DPACKAGE_URL=\"\" -DMAGIC_VERSION=\"8.2\" -DMAGIC_REVISION=\"19\" -DSTDC_HEADERS=1 -DHAVE_SYS_TYPES_H=1 -DHAVE_SYS_STAT_H=1 -DHAVE_STDLIB_H=1 -DHAVE_STRING_H=1 -DHAVE_MEMORY_H=1 -DHAVE_STRINGS_H=1 -DHAVE_INTTYPES_H=1 -DHAVE_STDINT_H=1 -DHAVE_UNISTD_H=1 -DSIZEOF_VOID_P=8 -DSIZEOF_UNSIGNED_INT=4 -DSIZEOF_UNSIGNED_LONG=8 -DSIZEOF_UNSIGNED_LONG_LONG=8 -DSTDC_HEADERS=1 -DHAVE_SETENV=1 -DHAVE_PUTENV=1 -DHAVE_SYS_MMAN_H=1 -DHAVE_DIRENT_H=1 -DHAVE_LIMITS_H=1 -DHAVE_PATHS_H=1 -DHAVE_VA_COPY=1 -DHAVE___VA_COPY=1 -DFILE_LOCKS=1 -DCALMA_MODULE=1 -DCIF_MODULE=1 -DX11_BACKING_STORE=1 -DPLOT_MODULE=1 -DLEF_MODULE=1 -DROUTE_MODULE=1 -DUSE_NEW_MACROS=1 -DVECTOR_FONTS=1 -DHAVE_LIBCAIRO=1 -DMAGIC_WRAPPER=1 -Dlinux=1 -DSYSV=1 -DISC=1 -DNDEBUG -DGCORE=\"/usr/bin/gcore\" -DSHDLIB_EXT=\".so\"  -c PlowWidth.c
--- compiling plow/PlowYank.o
rm -f PlowYank.o
gcc -g -m64 -fPIC -Wimplicit-int -fPIC  -I/usr/include/tcl8.6/tk-private/generic -I/usr/include/tcl8.6 -I. -I..  -DCAD_DIR=\"/home/chuan/Desktop/magic_install/lib\" -DBIN_DIR=\"/home/chuan/Desktop/magic_install/bin\" -DTCL_DIR=\"/home/chuan/Desktop/magic_install/lib/magic/tcl\" -DPACKAGE_NAME=\"\" -DPACKAGE_TARNAME=\"\" -DPACKAGE_VERSION=\"\" -DPACKAGE_STRING=\"\" -DPACKAGE_BUGREPORT=\"\" -DPACKAGE_URL=\"\" -DMAGIC_VERSION=\"8.2\" -DMAGIC_REVISION=\"19\" -DSTDC_HEADERS=1 -DHAVE_SYS_TYPES_H=1 -DHAVE_SYS_STAT_H=1 -DHAVE_STDLIB_H=1 -DHAVE_STRING_H=1 -DHAVE_MEMORY_H=1 -DHAVE_STRINGS_H=1 -DHAVE_INTTYPES_H=1 -DHAVE_STDINT_H=1 -DHAVE_UNISTD_H=1 -DSIZEOF_VOID_P=8 -DSIZEOF_UNSIGNED_INT=4 -DSIZEOF_UNSIGNED_LONG=8 -DSIZEOF_UNSIGNED_LONG_LONG=8 -DSTDC_HEADERS=1 -DHAVE_SETENV=1 -DHAVE_PUTENV=1 -DHAVE_SYS_MMAN_H=1 -DHAVE_DIRENT_H=1 -DHAVE_LIMITS_H=1 -DHAVE_PATHS_H=1 -DHAVE_VA_COPY=1 -DHAVE___VA_COPY=1 -DFILE_LOCKS=1 -DCALMA_MODULE=1 -DCIF_MODULE=1 -DX11_BACKING_STORE=1 -DPLOT_MODULE=1 -DLEF_MODULE=1 -DROUTE_MODULE=1 -DUSE_NEW_MACROS=1 -DVECTOR_FONTS=1 -DHAVE_LIBCAIRO=1 -DMAGIC_WRAPPER=1 -Dlinux=1 -DSYSV=1 -DISC=1 -DNDEBUG -DGCORE=\"/usr/bin/gcore\" -DSHDLIB_EXT=\".so\"  -c PlowYank.c
--- linking libplow.o
rm -f libplow.o
ld -r PlowCmd.o PlowJogs.o PlowMain.o PlowQueue.o PlowRandom.o PlowRules1.o PlowRules2.o PlowRules3.o PlowSearch.o PlowTech.o PlowTest.o PlowWidth.o PlowYank.o  -o libplow.o 
make[2]: Leaving directory `/home/chuan/Desktop/magic-8.2/plow'
make[2]: Entering directory `/home/chuan/Desktop/magic-8.2/resis'
--- compiling resis/ResMain.o
rm -f ResMain.o
gcc -g -m64 -fPIC -Wimplicit-int -fPIC  -I/usr/include/tcl8.6/tk-private/generic -I/usr/include/tcl8.6 -I. -I..  -DCAD_DIR=\"/home/chuan/Desktop/magic_install/lib\" -DBIN_DIR=\"/home/chuan/Desktop/magic_install/bin\" -DTCL_DIR=\"/home/chuan/Desktop/magic_install/lib/magic/tcl\" -DPACKAGE_NAME=\"\" -DPACKAGE_TARNAME=\"\" -DPACKAGE_VERSION=\"\" -DPACKAGE_STRING=\"\" -DPACKAGE_BUGREPORT=\"\" -DPACKAGE_URL=\"\" -DMAGIC_VERSION=\"8.2\" -DMAGIC_REVISION=\"19\" -DSTDC_HEADERS=1 -DHAVE_SYS_TYPES_H=1 -DHAVE_SYS_STAT_H=1 -DHAVE_STDLIB_H=1 -DHAVE_STRING_H=1 -DHAVE_MEMORY_H=1 -DHAVE_STRINGS_H=1 -DHAVE_INTTYPES_H=1 -DHAVE_STDINT_H=1 -DHAVE_UNISTD_H=1 -DSIZEOF_VOID_P=8 -DSIZEOF_UNSIGNED_INT=4 -DSIZEOF_UNSIGNED_LONG=8 -DSIZEOF_UNSIGNED_LONG_LONG=8 -DSTDC_HEADERS=1 -DHAVE_SETENV=1 -DHAVE_PUTENV=1 -DHAVE_SYS_MMAN_H=1 -DHAVE_DIRENT_H=1 -DHAVE_LIMITS_H=1 -DHAVE_PATHS_H=1 -DHAVE_VA_COPY=1 -DHAVE___VA_COPY=1 -DFILE_LOCKS=1 -DCALMA_MODULE=1 -DCIF_MODULE=1 -DX11_BACKING_STORE=1 -DPLOT_MODULE=1 -DLEF_MODULE=1 -DROUTE_MODULE=1 -DUSE_NEW_MACROS=1 -DVECTOR_FONTS=1 -DHAVE_LIBCAIRO=1 -DMAGIC_WRAPPER=1 -Dlinux=1 -DSYSV=1 -DISC=1 -DNDEBUG -DGCORE=\"/usr/bin/gcore\" -DSHDLIB_EXT=\".so\"  -c ResMain.c
--- compiling resis/ResJunct.o
rm -f ResJunct.o
gcc -g -m64 -fPIC -Wimplicit-int -fPIC  -I/usr/include/tcl8.6/tk-private/generic -I/usr/include/tcl8.6 -I. -I..  -DCAD_DIR=\"/home/chuan/Desktop/magic_install/lib\" -DBIN_DIR=\"/home/chuan/Desktop/magic_install/bin\" -DTCL_DIR=\"/home/chuan/Desktop/magic_install/lib/magic/tcl\" -DPACKAGE_NAME=\"\" -DPACKAGE_TARNAME=\"\" -DPACKAGE_VERSION=\"\" -DPACKAGE_STRING=\"\" -DPACKAGE_BUGREPORT=\"\" -DPACKAGE_URL=\"\" -DMAGIC_VERSION=\"8.2\" -DMAGIC_REVISION=\"19\" -DSTDC_HEADERS=1 -DHAVE_SYS_TYPES_H=1 -DHAVE_SYS_STAT_H=1 -DHAVE_STDLIB_H=1 -DHAVE_STRING_H=1 -DHAVE_MEMORY_H=1 -DHAVE_STRINGS_H=1 -DHAVE_INTTYPES_H=1 -DHAVE_STDINT_H=1 -DHAVE_UNISTD_H=1 -DSIZEOF_VOID_P=8 -DSIZEOF_UNSIGNED_INT=4 -DSIZEOF_UNSIGNED_LONG=8 -DSIZEOF_UNSIGNED_LONG_LONG=8 -DSTDC_HEADERS=1 -DHAVE_SETENV=1 -DHAVE_PUTENV=1 -DHAVE_SYS_MMAN_H=1 -DHAVE_DIRENT_H=1 -DHAVE_LIMITS_H=1 -DHAVE_PATHS_H=1 -DHAVE_VA_COPY=1 -DHAVE___VA_COPY=1 -DFILE_LOCKS=1 -DCALMA_MODULE=1 -DCIF_MODULE=1 -DX11_BACKING_STORE=1 -DPLOT_MODULE=1 -DLEF_MODULE=1 -DROUTE_MODULE=1 -DUSE_NEW_MACROS=1 -DVECTOR_FONTS=1 -DHAVE_LIBCAIRO=1 -DMAGIC_WRAPPER=1 -Dlinux=1 -DSYSV=1 -DISC=1 -DNDEBUG -DGCORE=\"/usr/bin/gcore\" -DSHDLIB_EXT=\".so\"  -c ResJunct.c
--- compiling resis/ResMakeRes.o
rm -f ResMakeRes.o
gcc -g -m64 -fPIC -Wimplicit-int -fPIC  -I/usr/include/tcl8.6/tk-private/generic -I/usr/include/tcl8.6 -I. -I..  -DCAD_DIR=\"/home/chuan/Desktop/magic_install/lib\" -DBIN_DIR=\"/home/chuan/Desktop/magic_install/bin\" -DTCL_DIR=\"/home/chuan/Desktop/magic_install/lib/magic/tcl\" -DPACKAGE_NAME=\"\" -DPACKAGE_TARNAME=\"\" -DPACKAGE_VERSION=\"\" -DPACKAGE_STRING=\"\" -DPACKAGE_BUGREPORT=\"\" -DPACKAGE_URL=\"\" -DMAGIC_VERSION=\"8.2\" -DMAGIC_REVISION=\"19\" -DSTDC_HEADERS=1 -DHAVE_SYS_TYPES_H=1 -DHAVE_SYS_STAT_H=1 -DHAVE_STDLIB_H=1 -DHAVE_STRING_H=1 -DHAVE_MEMORY_H=1 -DHAVE_STRINGS_H=1 -DHAVE_INTTYPES_H=1 -DHAVE_STDINT_H=1 -DHAVE_UNISTD_H=1 -DSIZEOF_VOID_P=8 -DSIZEOF_UNSIGNED_INT=4 -DSIZEOF_UNSIGNED_LONG=8 -DSIZEOF_UNSIGNED_LONG_LONG=8 -DSTDC_HEADERS=1 -DHAVE_SETENV=1 -DHAVE_PUTENV=1 -DHAVE_SYS_MMAN_H=1 -DHAVE_DIRENT_H=1 -DHAVE_LIMITS_H=1 -DHAVE_PATHS_H=1 -DHAVE_VA_COPY=1 -DHAVE___VA_COPY=1 -DFILE_LOCKS=1 -DCALMA_MODULE=1 -DCIF_MODULE=1 -DX11_BACKING_STORE=1 -DPLOT_MODULE=1 -DLEF_MODULE=1 -DROUTE_MODULE=1 -DUSE_NEW_MACROS=1 -DVECTOR_FONTS=1 -DHAVE_LIBCAIRO=1 -DMAGIC_WRAPPER=1 -Dlinux=1 -DSYSV=1 -DISC=1 -DNDEBUG -DGCORE=\"/usr/bin/gcore\" -DSHDLIB_EXT=\".so\"  -c ResMakeRes.c
--- compiling resis/ResSimple.o
rm -f ResSimple.o
gcc -g -m64 -fPIC -Wimplicit-int -fPIC  -I/usr/include/tcl8.6/tk-private/generic -I/usr/include/tcl8.6 -I. -I..  -DCAD_DIR=\"/home/chuan/Desktop/magic_install/lib\" -DBIN_DIR=\"/home/chuan/Desktop/magic_install/bin\" -DTCL_DIR=\"/home/chuan/Desktop/magic_install/lib/magic/tcl\" -DPACKAGE_NAME=\"\" -DPACKAGE_TARNAME=\"\" -DPACKAGE_VERSION=\"\" -DPACKAGE_STRING=\"\" -DPACKAGE_BUGREPORT=\"\" -DPACKAGE_URL=\"\" -DMAGIC_VERSION=\"8.2\" -DMAGIC_REVISION=\"19\" -DSTDC_HEADERS=1 -DHAVE_SYS_TYPES_H=1 -DHAVE_SYS_STAT_H=1 -DHAVE_STDLIB_H=1 -DHAVE_STRING_H=1 -DHAVE_MEMORY_H=1 -DHAVE_STRINGS_H=1 -DHAVE_INTTYPES_H=1 -DHAVE_STDINT_H=1 -DHAVE_UNISTD_H=1 -DSIZEOF_VOID_P=8 -DSIZEOF_UNSIGNED_INT=4 -DSIZEOF_UNSIGNED_LONG=8 -DSIZEOF_UNSIGNED_LONG_LONG=8 -DSTDC_HEADERS=1 -DHAVE_SETENV=1 -DHAVE_PUTENV=1 -DHAVE_SYS_MMAN_H=1 -DHAVE_DIRENT_H=1 -DHAVE_LIMITS_H=1 -DHAVE_PATHS_H=1 -DHAVE_VA_COPY=1 -DHAVE___VA_COPY=1 -DFILE_LOCKS=1 -DCALMA_MODULE=1 -DCIF_MODULE=1 -DX11_BACKING_STORE=1 -DPLOT_MODULE=1 -DLEF_MODULE=1 -DROUTE_MODULE=1 -DUSE_NEW_MACROS=1 -DVECTOR_FONTS=1 -DHAVE_LIBCAIRO=1 -DMAGIC_WRAPPER=1 -Dlinux=1 -DSYSV=1 -DISC=1 -DNDEBUG -DGCORE=\"/usr/bin/gcore\" -DSHDLIB_EXT=\".so\"  -c ResSimple.c
--- compiling resis/ResPrint.o
rm -f ResPrint.o
gcc -g -m64 -fPIC -Wimplicit-int -fPIC  -I/usr/include/tcl8.6/tk-private/generic -I/usr/include/tcl8.6 -I. -I..  -DCAD_DIR=\"/home/chuan/Desktop/magic_install/lib\" -DBIN_DIR=\"/home/chuan/Desktop/magic_install/bin\" -DTCL_DIR=\"/home/chuan/Desktop/magic_install/lib/magic/tcl\" -DPACKAGE_NAME=\"\" -DPACKAGE_TARNAME=\"\" -DPACKAGE_VERSION=\"\" -DPACKAGE_STRING=\"\" -DPACKAGE_BUGREPORT=\"\" -DPACKAGE_URL=\"\" -DMAGIC_VERSION=\"8.2\" -DMAGIC_REVISION=\"19\" -DSTDC_HEADERS=1 -DHAVE_SYS_TYPES_H=1 -DHAVE_SYS_STAT_H=1 -DHAVE_STDLIB_H=1 -DHAVE_STRING_H=1 -DHAVE_MEMORY_H=1 -DHAVE_STRINGS_H=1 -DHAVE_INTTYPES_H=1 -DHAVE_STDINT_H=1 -DHAVE_UNISTD_H=1 -DSIZEOF_VOID_P=8 -DSIZEOF_UNSIGNED_INT=4 -DSIZEOF_UNSIGNED_LONG=8 -DSIZEOF_UNSIGNED_LONG_LONG=8 -DSTDC_HEADERS=1 -DHAVE_SETENV=1 -DHAVE_PUTENV=1 -DHAVE_SYS_MMAN_H=1 -DHAVE_DIRENT_H=1 -DHAVE_LIMITS_H=1 -DHAVE_PATHS_H=1 -DHAVE_VA_COPY=1 -DHAVE___VA_COPY=1 -DFILE_LOCKS=1 -DCALMA_MODULE=1 -DCIF_MODULE=1 -DX11_BACKING_STORE=1 -DPLOT_MODULE=1 -DLEF_MODULE=1 -DROUTE_MODULE=1 -DUSE_NEW_MACROS=1 -DVECTOR_FONTS=1 -DHAVE_LIBCAIRO=1 -DMAGIC_WRAPPER=1 -Dlinux=1 -DSYSV=1 -DISC=1 -DNDEBUG -DGCORE=\"/usr/bin/gcore\" -DSHDLIB_EXT=\".so\"  -c ResPrint.c
--- compiling resis/ResReadSim.o
rm -f ResReadSim.o
gcc -g -m64 -fPIC -Wimplicit-int -fPIC  -I/usr/include/tcl8.6/tk-private/generic -I/usr/include/tcl8.6 -I. -I..  -DCAD_DIR=\"/home/chuan/Desktop/magic_install/lib\" -DBIN_DIR=\"/home/chuan/Desktop/magic_install/bin\" -DTCL_DIR=\"/home/chuan/Desktop/magic_install/lib/magic/tcl\" -DPACKAGE_NAME=\"\" -DPACKAGE_TARNAME=\"\" -DPACKAGE_VERSION=\"\" -DPACKAGE_STRING=\"\" -DPACKAGE_BUGREPORT=\"\" -DPACKAGE_URL=\"\" -DMAGIC_VERSION=\"8.2\" -DMAGIC_REVISION=\"19\" -DSTDC_HEADERS=1 -DHAVE_SYS_TYPES_H=1 -DHAVE_SYS_STAT_H=1 -DHAVE_STDLIB_H=1 -DHAVE_STRING_H=1 -DHAVE_MEMORY_H=1 -DHAVE_STRINGS_H=1 -DHAVE_INTTYPES_H=1 -DHAVE_STDINT_H=1 -DHAVE_UNISTD_H=1 -DSIZEOF_VOID_P=8 -DSIZEOF_UNSIGNED_INT=4 -DSIZEOF_UNSIGNED_LONG=8 -DSIZEOF_UNSIGNED_LONG_LONG=8 -DSTDC_HEADERS=1 -DHAVE_SETENV=1 -DHAVE_PUTENV=1 -DHAVE_SYS_MMAN_H=1 -DHAVE_DIRENT_H=1 -DHAVE_LIMITS_H=1 -DHAVE_PATHS_H=1 -DHAVE_VA_COPY=1 -DHAVE___VA_COPY=1 -DFILE_LOCKS=1 -DCALMA_MODULE=1 -DCIF_MODULE=1 -DX11_BACKING_STORE=1 -DPLOT_MODULE=1 -DLEF_MODULE=1 -DROUTE_MODULE=1 -DUSE_NEW_MACROS=1 -DVECTOR_FONTS=1 -DHAVE_LIBCAIRO=1 -DMAGIC_WRAPPER=1 -Dlinux=1 -DSYSV=1 -DISC=1 -DNDEBUG -DGCORE=\"/usr/bin/gcore\" -DSHDLIB_EXT=\".so\"  -c ResReadSim.c
--- compiling resis/ResConDCS.o
rm -f ResConDCS.o
gcc -g -m64 -fPIC -Wimplicit-int -fPIC  -I/usr/include/tcl8.6/tk-private/generic -I/usr/include/tcl8.6 -I. -I..  -DCAD_DIR=\"/home/chuan/Desktop/magic_install/lib\" -DBIN_DIR=\"/home/chuan/Desktop/magic_install/bin\" -DTCL_DIR=\"/home/chuan/Desktop/magic_install/lib/magic/tcl\" -DPACKAGE_NAME=\"\" -DPACKAGE_TARNAME=\"\" -DPACKAGE_VERSION=\"\" -DPACKAGE_STRING=\"\" -DPACKAGE_BUGREPORT=\"\" -DPACKAGE_URL=\"\" -DMAGIC_VERSION=\"8.2\" -DMAGIC_REVISION=\"19\" -DSTDC_HEADERS=1 -DHAVE_SYS_TYPES_H=1 -DHAVE_SYS_STAT_H=1 -DHAVE_STDLIB_H=1 -DHAVE_STRING_H=1 -DHAVE_MEMORY_H=1 -DHAVE_STRINGS_H=1 -DHAVE_INTTYPES_H=1 -DHAVE_STDINT_H=1 -DHAVE_UNISTD_H=1 -DSIZEOF_VOID_P=8 -DSIZEOF_UNSIGNED_INT=4 -DSIZEOF_UNSIGNED_LONG=8 -DSIZEOF_UNSIGNED_LONG_LONG=8 -DSTDC_HEADERS=1 -DHAVE_SETENV=1 -DHAVE_PUTENV=1 -DHAVE_SYS_MMAN_H=1 -DHAVE_DIRENT_H=1 -DHAVE_LIMITS_H=1 -DHAVE_PATHS_H=1 -DHAVE_VA_COPY=1 -DHAVE___VA_COPY=1 -DFILE_LOCKS=1 -DCALMA_MODULE=1 -DCIF_MODULE=1 -DX11_BACKING_STORE=1 -DPLOT_MODULE=1 -DLEF_MODULE=1 -DROUTE_MODULE=1 -DUSE_NEW_MACROS=1 -DVECTOR_FONTS=1 -DHAVE_LIBCAIRO=1 -DMAGIC_WRAPPER=1 -Dlinux=1 -DSYSV=1 -DISC=1 -DNDEBUG -DGCORE=\"/usr/bin/gcore\" -DSHDLIB_EXT=\".so\"  -c ResConDCS.c
--- compiling resis/ResRex.o
rm -f ResRex.o
gcc -g -m64 -fPIC -Wimplicit-int -fPIC  -I/usr/include/tcl8.6/tk-private/generic -I/usr/include/tcl8.6 -I. -I..  -DCAD_DIR=\"/home/chuan/Desktop/magic_install/lib\" -DBIN_DIR=\"/home/chuan/Desktop/magic_install/bin\" -DTCL_DIR=\"/home/chuan/Desktop/magic_install/lib/magic/tcl\" -DPACKAGE_NAME=\"\" -DPACKAGE_TARNAME=\"\" -DPACKAGE_VERSION=\"\" -DPACKAGE_STRING=\"\" -DPACKAGE_BUGREPORT=\"\" -DPACKAGE_URL=\"\" -DMAGIC_VERSION=\"8.2\" -DMAGIC_REVISION=\"19\" -DSTDC_HEADERS=1 -DHAVE_SYS_TYPES_H=1 -DHAVE_SYS_STAT_H=1 -DHAVE_STDLIB_H=1 -DHAVE_STRING_H=1 -DHAVE_MEMORY_H=1 -DHAVE_STRINGS_H=1 -DHAVE_INTTYPES_H=1 -DHAVE_STDINT_H=1 -DHAVE_UNISTD_H=1 -DSIZEOF_VOID_P=8 -DSIZEOF_UNSIGNED_INT=4 -DSIZEOF_UNSIGNED_LONG=8 -DSIZEOF_UNSIGNED_LONG_LONG=8 -DSTDC_HEADERS=1 -DHAVE_SETENV=1 -DHAVE_PUTENV=1 -DHAVE_SYS_MMAN_H=1 -DHAVE_DIRENT_H=1 -DHAVE_LIMITS_H=1 -DHAVE_PATHS_H=1 -DHAVE_VA_COPY=1 -DHAVE___VA_COPY=1 -DFILE_LOCKS=1 -DCALMA_MODULE=1 -DCIF_MODULE=1 -DX11_BACKING_STORE=1 -DPLOT_MODULE=1 -DLEF_MODULE=1 -DROUTE_MODULE=1 -DUSE_NEW_MACROS=1 -DVECTOR_FONTS=1 -DHAVE_LIBCAIRO=1 -DMAGIC_WRAPPER=1 -Dlinux=1 -DSYSV=1 -DISC=1 -DNDEBUG -DGCORE=\"/usr/bin/gcore\" -DSHDLIB_EXT=\".so\"  -c ResRex.c
--- compiling resis/ResBasic.o
rm -f ResBasic.o
gcc -g -m64 -fPIC -Wimplicit-int -fPIC  -I/usr/include/tcl8.6/tk-private/generic -I/usr/include/tcl8.6 -I. -I..  -DCAD_DIR=\"/home/chuan/Desktop/magic_install/lib\" -DBIN_DIR=\"/home/chuan/Desktop/magic_install/bin\" -DTCL_DIR=\"/home/chuan/Desktop/magic_install/lib/magic/tcl\" -DPACKAGE_NAME=\"\" -DPACKAGE_TARNAME=\"\" -DPACKAGE_VERSION=\"\" -DPACKAGE_STRING=\"\" -DPACKAGE_BUGREPORT=\"\" -DPACKAGE_URL=\"\" -DMAGIC_VERSION=\"8.2\" -DMAGIC_REVISION=\"19\" -DSTDC_HEADERS=1 -DHAVE_SYS_TYPES_H=1 -DHAVE_SYS_STAT_H=1 -DHAVE_STDLIB_H=1 -DHAVE_STRING_H=1 -DHAVE_MEMORY_H=1 -DHAVE_STRINGS_H=1 -DHAVE_INTTYPES_H=1 -DHAVE_STDINT_H=1 -DHAVE_UNISTD_H=1 -DSIZEOF_VOID_P=8 -DSIZEOF_UNSIGNED_INT=4 -DSIZEOF_UNSIGNED_LONG=8 -DSIZEOF_UNSIGNED_LONG_LONG=8 -DSTDC_HEADERS=1 -DHAVE_SETENV=1 -DHAVE_PUTENV=1 -DHAVE_SYS_MMAN_H=1 -DHAVE_DIRENT_H=1 -DHAVE_LIMITS_H=1 -DHAVE_PATHS_H=1 -DHAVE_VA_COPY=1 -DHAVE___VA_COPY=1 -DFILE_LOCKS=1 -DCALMA_MODULE=1 -DCIF_MODULE=1 -DX11_BACKING_STORE=1 -DPLOT_MODULE=1 -DLEF_MODULE=1 -DROUTE_MODULE=1 -DUSE_NEW_MACROS=1 -DVECTOR_FONTS=1 -DHAVE_LIBCAIRO=1 -DMAGIC_WRAPPER=1 -Dlinux=1 -DSYSV=1 -DISC=1 -DNDEBUG -DGCORE=\"/usr/bin/gcore\" -DSHDLIB_EXT=\".so\"  -c ResBasic.c
--- compiling resis/ResMerge.o
rm -f ResMerge.o
gcc -g -m64 -fPIC -Wimplicit-int -fPIC  -I/usr/include/tcl8.6/tk-private/generic -I/usr/include/tcl8.6 -I. -I..  -DCAD_DIR=\"/home/chuan/Desktop/magic_install/lib\" -DBIN_DIR=\"/home/chuan/Desktop/magic_install/bin\" -DTCL_DIR=\"/home/chuan/Desktop/magic_install/lib/magic/tcl\" -DPACKAGE_NAME=\"\" -DPACKAGE_TARNAME=\"\" -DPACKAGE_VERSION=\"\" -DPACKAGE_STRING=\"\" -DPACKAGE_BUGREPORT=\"\" -DPACKAGE_URL=\"\" -DMAGIC_VERSION=\"8.2\" -DMAGIC_REVISION=\"19\" -DSTDC_HEADERS=1 -DHAVE_SYS_TYPES_H=1 -DHAVE_SYS_STAT_H=1 -DHAVE_STDLIB_H=1 -DHAVE_STRING_H=1 -DHAVE_MEMORY_H=1 -DHAVE_STRINGS_H=1 -DHAVE_INTTYPES_H=1 -DHAVE_STDINT_H=1 -DHAVE_UNISTD_H=1 -DSIZEOF_VOID_P=8 -DSIZEOF_UNSIGNED_INT=4 -DSIZEOF_UNSIGNED_LONG=8 -DSIZEOF_UNSIGNED_LONG_LONG=8 -DSTDC_HEADERS=1 -DHAVE_SETENV=1 -DHAVE_PUTENV=1 -DHAVE_SYS_MMAN_H=1 -DHAVE_DIRENT_H=1 -DHAVE_LIMITS_H=1 -DHAVE_PATHS_H=1 -DHAVE_VA_COPY=1 -DHAVE___VA_COPY=1 -DFILE_LOCKS=1 -DCALMA_MODULE=1 -DCIF_MODULE=1 -DX11_BACKING_STORE=1 -DPLOT_MODULE=1 -DLEF_MODULE=1 -DROUTE_MODULE=1 -DUSE_NEW_MACROS=1 -DVECTOR_FONTS=1 -DHAVE_LIBCAIRO=1 -DMAGIC_WRAPPER=1 -Dlinux=1 -DSYSV=1 -DISC=1 -DNDEBUG -DGCORE=\"/usr/bin/gcore\" -DSHDLIB_EXT=\".so\"  -c ResMerge.c
--- compiling resis/ResChecks.o
rm -f ResChecks.o
gcc -g -m64 -fPIC -Wimplicit-int -fPIC  -I/usr/include/tcl8.6/tk-private/generic -I/usr/include/tcl8.6 -I. -I..  -DCAD_DIR=\"/home/chuan/Desktop/magic_install/lib\" -DBIN_DIR=\"/home/chuan/Desktop/magic_install/bin\" -DTCL_DIR=\"/home/chuan/Desktop/magic_install/lib/magic/tcl\" -DPACKAGE_NAME=\"\" -DPACKAGE_TARNAME=\"\" -DPACKAGE_VERSION=\"\" -DPACKAGE_STRING=\"\" -DPACKAGE_BUGREPORT=\"\" -DPACKAGE_URL=\"\" -DMAGIC_VERSION=\"8.2\" -DMAGIC_REVISION=\"19\" -DSTDC_HEADERS=1 -DHAVE_SYS_TYPES_H=1 -DHAVE_SYS_STAT_H=1 -DHAVE_STDLIB_H=1 -DHAVE_STRING_H=1 -DHAVE_MEMORY_H=1 -DHAVE_STRINGS_H=1 -DHAVE_INTTYPES_H=1 -DHAVE_STDINT_H=1 -DHAVE_UNISTD_H=1 -DSIZEOF_VOID_P=8 -DSIZEOF_UNSIGNED_INT=4 -DSIZEOF_UNSIGNED_LONG=8 -DSIZEOF_UNSIGNED_LONG_LONG=8 -DSTDC_HEADERS=1 -DHAVE_SETENV=1 -DHAVE_PUTENV=1 -DHAVE_SYS_MMAN_H=1 -DHAVE_DIRENT_H=1 -DHAVE_LIMITS_H=1 -DHAVE_PATHS_H=1 -DHAVE_VA_COPY=1 -DHAVE___VA_COPY=1 -DFILE_LOCKS=1 -DCALMA_MODULE=1 -DCIF_MODULE=1 -DX11_BACKING_STORE=1 -DPLOT_MODULE=1 -DLEF_MODULE=1 -DROUTE_MODULE=1 -DUSE_NEW_MACROS=1 -DVECTOR_FONTS=1 -DHAVE_LIBCAIRO=1 -DMAGIC_WRAPPER=1 -Dlinux=1 -DSYSV=1 -DISC=1 -DNDEBUG -DGCORE=\"/usr/bin/gcore\" -DSHDLIB_EXT=\".so\"  -c ResChecks.c
--- compiling resis/ResFract.o
rm -f ResFract.o
gcc -g -m64 -fPIC -Wimplicit-int -fPIC  -I/usr/include/tcl8.6/tk-private/generic -I/usr/include/tcl8.6 -I. -I..  -DCAD_DIR=\"/home/chuan/Desktop/magic_install/lib\" -DBIN_DIR=\"/home/chuan/Desktop/magic_install/bin\" -DTCL_DIR=\"/home/chuan/Desktop/magic_install/lib/magic/tcl\" -DPACKAGE_NAME=\"\" -DPACKAGE_TARNAME=\"\" -DPACKAGE_VERSION=\"\" -DPACKAGE_STRING=\"\" -DPACKAGE_BUGREPORT=\"\" -DPACKAGE_URL=\"\" -DMAGIC_VERSION=\"8.2\" -DMAGIC_REVISION=\"19\" -DSTDC_HEADERS=1 -DHAVE_SYS_TYPES_H=1 -DHAVE_SYS_STAT_H=1 -DHAVE_STDLIB_H=1 -DHAVE_STRING_H=1 -DHAVE_MEMORY_H=1 -DHAVE_STRINGS_H=1 -DHAVE_INTTYPES_H=1 -DHAVE_STDINT_H=1 -DHAVE_UNISTD_H=1 -DSIZEOF_VOID_P=8 -DSIZEOF_UNSIGNED_INT=4 -DSIZEOF_UNSIGNED_LONG=8 -DSIZEOF_UNSIGNED_LONG_LONG=8 -DSTDC_HEADERS=1 -DHAVE_SETENV=1 -DHAVE_PUTENV=1 -DHAVE_SYS_MMAN_H=1 -DHAVE_DIRENT_H=1 -DHAVE_LIMITS_H=1 -DHAVE_PATHS_H=1 -DHAVE_VA_COPY=1 -DHAVE___VA_COPY=1 -DFILE_LOCKS=1 -DCALMA_MODULE=1 -DCIF_MODULE=1 -DX11_BACKING_STORE=1 -DPLOT_MODULE=1 -DLEF_MODULE=1 -DROUTE_MODULE=1 -DUSE_NEW_MACROS=1 -DVECTOR_FONTS=1 -DHAVE_LIBCAIRO=1 -DMAGIC_WRAPPER=1 -Dlinux=1 -DSYSV=1 -DISC=1 -DNDEBUG -DGCORE=\"/usr/bin/gcore\" -DSHDLIB_EXT=\".so\"  -c ResFract.c
--- compiling resis/ResUtils.o
rm -f ResUtils.o
gcc -g -m64 -fPIC -Wimplicit-int -fPIC  -I/usr/include/tcl8.6/tk-private/generic -I/usr/include/tcl8.6 -I. -I..  -DCAD_DIR=\"/home/chuan/Desktop/magic_install/lib\" -DBIN_DIR=\"/home/chuan/Desktop/magic_install/bin\" -DTCL_DIR=\"/home/chuan/Desktop/magic_install/lib/magic/tcl\" -DPACKAGE_NAME=\"\" -DPACKAGE_TARNAME=\"\" -DPACKAGE_VERSION=\"\" -DPACKAGE_STRING=\"\" -DPACKAGE_BUGREPORT=\"\" -DPACKAGE_URL=\"\" -DMAGIC_VERSION=\"8.2\" -DMAGIC_REVISION=\"19\" -DSTDC_HEADERS=1 -DHAVE_SYS_TYPES_H=1 -DHAVE_SYS_STAT_H=1 -DHAVE_STDLIB_H=1 -DHAVE_STRING_H=1 -DHAVE_MEMORY_H=1 -DHAVE_STRINGS_H=1 -DHAVE_INTTYPES_H=1 -DHAVE_STDINT_H=1 -DHAVE_UNISTD_H=1 -DSIZEOF_VOID_P=8 -DSIZEOF_UNSIGNED_INT=4 -DSIZEOF_UNSIGNED_LONG=8 -DSIZEOF_UNSIGNED_LONG_LONG=8 -DSTDC_HEADERS=1 -DHAVE_SETENV=1 -DHAVE_PUTENV=1 -DHAVE_SYS_MMAN_H=1 -DHAVE_DIRENT_H=1 -DHAVE_LIMITS_H=1 -DHAVE_PATHS_H=1 -DHAVE_VA_COPY=1 -DHAVE___VA_COPY=1 -DFILE_LOCKS=1 -DCALMA_MODULE=1 -DCIF_MODULE=1 -DX11_BACKING_STORE=1 -DPLOT_MODULE=1 -DLEF_MODULE=1 -DROUTE_MODULE=1 -DUSE_NEW_MACROS=1 -DVECTOR_FONTS=1 -DHAVE_LIBCAIRO=1 -DMAGIC_WRAPPER=1 -Dlinux=1 -DSYSV=1 -DISC=1 -DNDEBUG -DGCORE=\"/usr/bin/gcore\" -DSHDLIB_EXT=\".so\"  -c ResUtils.c
--- compiling resis/ResDebug.o
rm -f ResDebug.o
gcc -g -m64 -fPIC -Wimplicit-int -fPIC  -I/usr/include/tcl8.6/tk-private/generic -I/usr/include/tcl8.6 -I. -I..  -DCAD_DIR=\"/home/chuan/Desktop/magic_install/lib\" -DBIN_DIR=\"/home/chuan/Desktop/magic_install/bin\" -DTCL_DIR=\"/home/chuan/Desktop/magic_install/lib/magic/tcl\" -DPACKAGE_NAME=\"\" -DPACKAGE_TARNAME=\"\" -DPACKAGE_VERSION=\"\" -DPACKAGE_STRING=\"\" -DPACKAGE_BUGREPORT=\"\" -DPACKAGE_URL=\"\" -DMAGIC_VERSION=\"8.2\" -DMAGIC_REVISION=\"19\" -DSTDC_HEADERS=1 -DHAVE_SYS_TYPES_H=1 -DHAVE_SYS_STAT_H=1 -DHAVE_STDLIB_H=1 -DHAVE_STRING_H=1 -DHAVE_MEMORY_H=1 -DHAVE_STRINGS_H=1 -DHAVE_INTTYPES_H=1 -DHAVE_STDINT_H=1 -DHAVE_UNISTD_H=1 -DSIZEOF_VOID_P=8 -DSIZEOF_UNSIGNED_INT=4 -DSIZEOF_UNSIGNED_LONG=8 -DSIZEOF_UNSIGNED_LONG_LONG=8 -DSTDC_HEADERS=1 -DHAVE_SETENV=1 -DHAVE_PUTENV=1 -DHAVE_SYS_MMAN_H=1 -DHAVE_DIRENT_H=1 -DHAVE_LIMITS_H=1 -DHAVE_PATHS_H=1 -DHAVE_VA_COPY=1 -DHAVE___VA_COPY=1 -DFILE_LOCKS=1 -DCALMA_MODULE=1 -DCIF_MODULE=1 -DX11_BACKING_STORE=1 -DPLOT_MODULE=1 -DLEF_MODULE=1 -DROUTE_MODULE=1 -DUSE_NEW_MACROS=1 -DVECTOR_FONTS=1 -DHAVE_LIBCAIRO=1 -DMAGIC_WRAPPER=1 -Dlinux=1 -DSYSV=1 -DISC=1 -DNDEBUG -DGCORE=\"/usr/bin/gcore\" -DSHDLIB_EXT=\".so\"  -c ResDebug.c
ResDebug.c: In function ‘ResPrintResistorList’:
ResDebug.c:96:5: warning: format ‘%d’ expects argument of type ‘int’, but argument 7 has type ‘double’ [-Wformat=]
     list->rr_value);
     ^
--- linking libresis.o
rm -f libresis.o
ld -r ResMain.o ResJunct.o ResMakeRes.o ResSimple.o ResPrint.o ResReadSim.o ResConDCS.o ResRex.o ResBasic.o ResMerge.o ResChecks.o ResFract.o ResUtils.o ResDebug.o  -o libresis.o 
make[2]: Leaving directory `/home/chuan/Desktop/magic-8.2/resis'
make[2]: Entering directory `/home/chuan/Desktop/magic-8.2/select'
--- compiling select/selCreate.o
rm -f selCreate.o
gcc -g -m64 -fPIC -Wimplicit-int -fPIC  -I/usr/include/tcl8.6/tk-private/generic -I/usr/include/tcl8.6 -I. -I..  -DCAD_DIR=\"/home/chuan/Desktop/magic_install/lib\" -DBIN_DIR=\"/home/chuan/Desktop/magic_install/bin\" -DTCL_DIR=\"/home/chuan/Desktop/magic_install/lib/magic/tcl\" -DPACKAGE_NAME=\"\" -DPACKAGE_TARNAME=\"\" -DPACKAGE_VERSION=\"\" -DPACKAGE_STRING=\"\" -DPACKAGE_BUGREPORT=\"\" -DPACKAGE_URL=\"\" -DMAGIC_VERSION=\"8.2\" -DMAGIC_REVISION=\"19\" -DSTDC_HEADERS=1 -DHAVE_SYS_TYPES_H=1 -DHAVE_SYS_STAT_H=1 -DHAVE_STDLIB_H=1 -DHAVE_STRING_H=1 -DHAVE_MEMORY_H=1 -DHAVE_STRINGS_H=1 -DHAVE_INTTYPES_H=1 -DHAVE_STDINT_H=1 -DHAVE_UNISTD_H=1 -DSIZEOF_VOID_P=8 -DSIZEOF_UNSIGNED_INT=4 -DSIZEOF_UNSIGNED_LONG=8 -DSIZEOF_UNSIGNED_LONG_LONG=8 -DSTDC_HEADERS=1 -DHAVE_SETENV=1 -DHAVE_PUTENV=1 -DHAVE_SYS_MMAN_H=1 -DHAVE_DIRENT_H=1 -DHAVE_LIMITS_H=1 -DHAVE_PATHS_H=1 -DHAVE_VA_COPY=1 -DHAVE___VA_COPY=1 -DFILE_LOCKS=1 -DCALMA_MODULE=1 -DCIF_MODULE=1 -DX11_BACKING_STORE=1 -DPLOT_MODULE=1 -DLEF_MODULE=1 -DROUTE_MODULE=1 -DUSE_NEW_MACROS=1 -DVECTOR_FONTS=1 -DHAVE_LIBCAIRO=1 -DMAGIC_WRAPPER=1 -Dlinux=1 -DSYSV=1 -DISC=1 -DNDEBUG -DGCORE=\"/usr/bin/gcore\" -DSHDLIB_EXT=\".so\"  -c selCreate.c
--- compiling select/selDisplay.o
rm -f selDisplay.o
gcc -g -m64 -fPIC -Wimplicit-int -fPIC  -I/usr/include/tcl8.6/tk-private/generic -I/usr/include/tcl8.6 -I. -I..  -DCAD_DIR=\"/home/chuan/Desktop/magic_install/lib\" -DBIN_DIR=\"/home/chuan/Desktop/magic_install/bin\" -DTCL_DIR=\"/home/chuan/Desktop/magic_install/lib/magic/tcl\" -DPACKAGE_NAME=\"\" -DPACKAGE_TARNAME=\"\" -DPACKAGE_VERSION=\"\" -DPACKAGE_STRING=\"\" -DPACKAGE_BUGREPORT=\"\" -DPACKAGE_URL=\"\" -DMAGIC_VERSION=\"8.2\" -DMAGIC_REVISION=\"19\" -DSTDC_HEADERS=1 -DHAVE_SYS_TYPES_H=1 -DHAVE_SYS_STAT_H=1 -DHAVE_STDLIB_H=1 -DHAVE_STRING_H=1 -DHAVE_MEMORY_H=1 -DHAVE_STRINGS_H=1 -DHAVE_INTTYPES_H=1 -DHAVE_STDINT_H=1 -DHAVE_UNISTD_H=1 -DSIZEOF_VOID_P=8 -DSIZEOF_UNSIGNED_INT=4 -DSIZEOF_UNSIGNED_LONG=8 -DSIZEOF_UNSIGNED_LONG_LONG=8 -DSTDC_HEADERS=1 -DHAVE_SETENV=1 -DHAVE_PUTENV=1 -DHAVE_SYS_MMAN_H=1 -DHAVE_DIRENT_H=1 -DHAVE_LIMITS_H=1 -DHAVE_PATHS_H=1 -DHAVE_VA_COPY=1 -DHAVE___VA_COPY=1 -DFILE_LOCKS=1 -DCALMA_MODULE=1 -DCIF_MODULE=1 -DX11_BACKING_STORE=1 -DPLOT_MODULE=1 -DLEF_MODULE=1 -DROUTE_MODULE=1 -DUSE_NEW_MACROS=1 -DVECTOR_FONTS=1 -DHAVE_LIBCAIRO=1 -DMAGIC_WRAPPER=1 -Dlinux=1 -DSYSV=1 -DISC=1 -DNDEBUG -DGCORE=\"/usr/bin/gcore\" -DSHDLIB_EXT=\".so\"  -c selDisplay.c
--- compiling select/selEnum.o
rm -f selEnum.o
gcc -g -m64 -fPIC -Wimplicit-int -fPIC  -I/usr/include/tcl8.6/tk-private/generic -I/usr/include/tcl8.6 -I. -I..  -DCAD_DIR=\"/home/chuan/Desktop/magic_install/lib\" -DBIN_DIR=\"/home/chuan/Desktop/magic_install/bin\" -DTCL_DIR=\"/home/chuan/Desktop/magic_install/lib/magic/tcl\" -DPACKAGE_NAME=\"\" -DPACKAGE_TARNAME=\"\" -DPACKAGE_VERSION=\"\" -DPACKAGE_STRING=\"\" -DPACKAGE_BUGREPORT=\"\" -DPACKAGE_URL=\"\" -DMAGIC_VERSION=\"8.2\" -DMAGIC_REVISION=\"19\" -DSTDC_HEADERS=1 -DHAVE_SYS_TYPES_H=1 -DHAVE_SYS_STAT_H=1 -DHAVE_STDLIB_H=1 -DHAVE_STRING_H=1 -DHAVE_MEMORY_H=1 -DHAVE_STRINGS_H=1 -DHAVE_INTTYPES_H=1 -DHAVE_STDINT_H=1 -DHAVE_UNISTD_H=1 -DSIZEOF_VOID_P=8 -DSIZEOF_UNSIGNED_INT=4 -DSIZEOF_UNSIGNED_LONG=8 -DSIZEOF_UNSIGNED_LONG_LONG=8 -DSTDC_HEADERS=1 -DHAVE_SETENV=1 -DHAVE_PUTENV=1 -DHAVE_SYS_MMAN_H=1 -DHAVE_DIRENT_H=1 -DHAVE_LIMITS_H=1 -DHAVE_PATHS_H=1 -DHAVE_VA_COPY=1 -DHAVE___VA_COPY=1 -DFILE_LOCKS=1 -DCALMA_MODULE=1 -DCIF_MODULE=1 -DX11_BACKING_STORE=1 -DPLOT_MODULE=1 -DLEF_MODULE=1 -DROUTE_MODULE=1 -DUSE_NEW_MACROS=1 -DVECTOR_FONTS=1 -DHAVE_LIBCAIRO=1 -DMAGIC_WRAPPER=1 -Dlinux=1 -DSYSV=1 -DISC=1 -DNDEBUG -DGCORE=\"/usr/bin/gcore\" -DSHDLIB_EXT=\".so\"  -c selEnum.c
--- compiling select/selOps.o
rm -f selOps.o
gcc -g -m64 -fPIC -Wimplicit-int -fPIC  -I/usr/include/tcl8.6/tk-private/generic -I/usr/include/tcl8.6 -I. -I..  -DCAD_DIR=\"/home/chuan/Desktop/magic_install/lib\" -DBIN_DIR=\"/home/chuan/Desktop/magic_install/bin\" -DTCL_DIR=\"/home/chuan/Desktop/magic_install/lib/magic/tcl\" -DPACKAGE_NAME=\"\" -DPACKAGE_TARNAME=\"\" -DPACKAGE_VERSION=\"\" -DPACKAGE_STRING=\"\" -DPACKAGE_BUGREPORT=\"\" -DPACKAGE_URL=\"\" -DMAGIC_VERSION=\"8.2\" -DMAGIC_REVISION=\"19\" -DSTDC_HEADERS=1 -DHAVE_SYS_TYPES_H=1 -DHAVE_SYS_STAT_H=1 -DHAVE_STDLIB_H=1 -DHAVE_STRING_H=1 -DHAVE_MEMORY_H=1 -DHAVE_STRINGS_H=1 -DHAVE_INTTYPES_H=1 -DHAVE_STDINT_H=1 -DHAVE_UNISTD_H=1 -DSIZEOF_VOID_P=8 -DSIZEOF_UNSIGNED_INT=4 -DSIZEOF_UNSIGNED_LONG=8 -DSIZEOF_UNSIGNED_LONG_LONG=8 -DSTDC_HEADERS=1 -DHAVE_SETENV=1 -DHAVE_PUTENV=1 -DHAVE_SYS_MMAN_H=1 -DHAVE_DIRENT_H=1 -DHAVE_LIMITS_H=1 -DHAVE_PATHS_H=1 -DHAVE_VA_COPY=1 -DHAVE___VA_COPY=1 -DFILE_LOCKS=1 -DCALMA_MODULE=1 -DCIF_MODULE=1 -DX11_BACKING_STORE=1 -DPLOT_MODULE=1 -DLEF_MODULE=1 -DROUTE_MODULE=1 -DUSE_NEW_MACROS=1 -DVECTOR_FONTS=1 -DHAVE_LIBCAIRO=1 -DMAGIC_WRAPPER=1 -Dlinux=1 -DSYSV=1 -DISC=1 -DNDEBUG -DGCORE=\"/usr/bin/gcore\" -DSHDLIB_EXT=\".so\"  -c selOps.c
--- compiling select/selUndo.o
rm -f selUndo.o
gcc -g -m64 -fPIC -Wimplicit-int -fPIC  -I/usr/include/tcl8.6/tk-private/generic -I/usr/include/tcl8.6 -I. -I..  -DCAD_DIR=\"/home/chuan/Desktop/magic_install/lib\" -DBIN_DIR=\"/home/chuan/Desktop/magic_install/bin\" -DTCL_DIR=\"/home/chuan/Desktop/magic_install/lib/magic/tcl\" -DPACKAGE_NAME=\"\" -DPACKAGE_TARNAME=\"\" -DPACKAGE_VERSION=\"\" -DPACKAGE_STRING=\"\" -DPACKAGE_BUGREPORT=\"\" -DPACKAGE_URL=\"\" -DMAGIC_VERSION=\"8.2\" -DMAGIC_REVISION=\"19\" -DSTDC_HEADERS=1 -DHAVE_SYS_TYPES_H=1 -DHAVE_SYS_STAT_H=1 -DHAVE_STDLIB_H=1 -DHAVE_STRING_H=1 -DHAVE_MEMORY_H=1 -DHAVE_STRINGS_H=1 -DHAVE_INTTYPES_H=1 -DHAVE_STDINT_H=1 -DHAVE_UNISTD_H=1 -DSIZEOF_VOID_P=8 -DSIZEOF_UNSIGNED_INT=4 -DSIZEOF_UNSIGNED_LONG=8 -DSIZEOF_UNSIGNED_LONG_LONG=8 -DSTDC_HEADERS=1 -DHAVE_SETENV=1 -DHAVE_PUTENV=1 -DHAVE_SYS_MMAN_H=1 -DHAVE_DIRENT_H=1 -DHAVE_LIMITS_H=1 -DHAVE_PATHS_H=1 -DHAVE_VA_COPY=1 -DHAVE___VA_COPY=1 -DFILE_LOCKS=1 -DCALMA_MODULE=1 -DCIF_MODULE=1 -DX11_BACKING_STORE=1 -DPLOT_MODULE=1 -DLEF_MODULE=1 -DROUTE_MODULE=1 -DUSE_NEW_MACROS=1 -DVECTOR_FONTS=1 -DHAVE_LIBCAIRO=1 -DMAGIC_WRAPPER=1 -Dlinux=1 -DSYSV=1 -DISC=1 -DNDEBUG -DGCORE=\"/usr/bin/gcore\" -DSHDLIB_EXT=\".so\"  -c selUndo.c
--- compiling select/selUnselect.o
rm -f selUnselect.o
gcc -g -m64 -fPIC -Wimplicit-int -fPIC  -I/usr/include/tcl8.6/tk-private/generic -I/usr/include/tcl8.6 -I. -I..  -DCAD_DIR=\"/home/chuan/Desktop/magic_install/lib\" -DBIN_DIR=\"/home/chuan/Desktop/magic_install/bin\" -DTCL_DIR=\"/home/chuan/Desktop/magic_install/lib/magic/tcl\" -DPACKAGE_NAME=\"\" -DPACKAGE_TARNAME=\"\" -DPACKAGE_VERSION=\"\" -DPACKAGE_STRING=\"\" -DPACKAGE_BUGREPORT=\"\" -DPACKAGE_URL=\"\" -DMAGIC_VERSION=\"8.2\" -DMAGIC_REVISION=\"19\" -DSTDC_HEADERS=1 -DHAVE_SYS_TYPES_H=1 -DHAVE_SYS_STAT_H=1 -DHAVE_STDLIB_H=1 -DHAVE_STRING_H=1 -DHAVE_MEMORY_H=1 -DHAVE_STRINGS_H=1 -DHAVE_INTTYPES_H=1 -DHAVE_STDINT_H=1 -DHAVE_UNISTD_H=1 -DSIZEOF_VOID_P=8 -DSIZEOF_UNSIGNED_INT=4 -DSIZEOF_UNSIGNED_LONG=8 -DSIZEOF_UNSIGNED_LONG_LONG=8 -DSTDC_HEADERS=1 -DHAVE_SETENV=1 -DHAVE_PUTENV=1 -DHAVE_SYS_MMAN_H=1 -DHAVE_DIRENT_H=1 -DHAVE_LIMITS_H=1 -DHAVE_PATHS_H=1 -DHAVE_VA_COPY=1 -DHAVE___VA_COPY=1 -DFILE_LOCKS=1 -DCALMA_MODULE=1 -DCIF_MODULE=1 -DX11_BACKING_STORE=1 -DPLOT_MODULE=1 -DLEF_MODULE=1 -DROUTE_MODULE=1 -DUSE_NEW_MACROS=1 -DVECTOR_FONTS=1 -DHAVE_LIBCAIRO=1 -DMAGIC_WRAPPER=1 -Dlinux=1 -DSYSV=1 -DISC=1 -DNDEBUG -DGCORE=\"/usr/bin/gcore\" -DSHDLIB_EXT=\".so\"  -c selUnselect.c
--- linking libselect.o
rm -f libselect.o
ld -r selCreate.o selDisplay.o selEnum.o selOps.o selUndo.o selUnselect.o  -o libselect.o 
make[2]: Leaving directory `/home/chuan/Desktop/magic-8.2/select'
make[2]: Entering directory `/home/chuan/Desktop/magic-8.2/sim'
--- compiling sim/SimDBstuff.o
rm -f SimDBstuff.o
gcc -g -m64 -fPIC -Wimplicit-int -fPIC  -I/usr/include/tcl8.6/tk-private/generic -I/usr/include/tcl8.6 -I. -I..  -DCAD_DIR=\"/home/chuan/Desktop/magic_install/lib\" -DBIN_DIR=\"/home/chuan/Desktop/magic_install/bin\" -DTCL_DIR=\"/home/chuan/Desktop/magic_install/lib/magic/tcl\" -DPACKAGE_NAME=\"\" -DPACKAGE_TARNAME=\"\" -DPACKAGE_VERSION=\"\" -DPACKAGE_STRING=\"\" -DPACKAGE_BUGREPORT=\"\" -DPACKAGE_URL=\"\" -DMAGIC_VERSION=\"8.2\" -DMAGIC_REVISION=\"19\" -DSTDC_HEADERS=1 -DHAVE_SYS_TYPES_H=1 -DHAVE_SYS_STAT_H=1 -DHAVE_STDLIB_H=1 -DHAVE_STRING_H=1 -DHAVE_MEMORY_H=1 -DHAVE_STRINGS_H=1 -DHAVE_INTTYPES_H=1 -DHAVE_STDINT_H=1 -DHAVE_UNISTD_H=1 -DSIZEOF_VOID_P=8 -DSIZEOF_UNSIGNED_INT=4 -DSIZEOF_UNSIGNED_LONG=8 -DSIZEOF_UNSIGNED_LONG_LONG=8 -DSTDC_HEADERS=1 -DHAVE_SETENV=1 -DHAVE_PUTENV=1 -DHAVE_SYS_MMAN_H=1 -DHAVE_DIRENT_H=1 -DHAVE_LIMITS_H=1 -DHAVE_PATHS_H=1 -DHAVE_VA_COPY=1 -DHAVE___VA_COPY=1 -DFILE_LOCKS=1 -DCALMA_MODULE=1 -DCIF_MODULE=1 -DX11_BACKING_STORE=1 -DPLOT_MODULE=1 -DLEF_MODULE=1 -DROUTE_MODULE=1 -DUSE_NEW_MACROS=1 -DVECTOR_FONTS=1 -DHAVE_LIBCAIRO=1 -DMAGIC_WRAPPER=1 -Dlinux=1 -DSYSV=1 -DISC=1 -DNDEBUG -DGCORE=\"/usr/bin/gcore\" -DSHDLIB_EXT=\".so\"  -c SimDBstuff.c
--- compiling sim/SimSelect.o
rm -f SimSelect.o
gcc -g -m64 -fPIC -Wimplicit-int -fPIC  -I/usr/include/tcl8.6/tk-private/generic -I/usr/include/tcl8.6 -I. -I..  -DCAD_DIR=\"/home/chuan/Desktop/magic_install/lib\" -DBIN_DIR=\"/home/chuan/Desktop/magic_install/bin\" -DTCL_DIR=\"/home/chuan/Desktop/magic_install/lib/magic/tcl\" -DPACKAGE_NAME=\"\" -DPACKAGE_TARNAME=\"\" -DPACKAGE_VERSION=\"\" -DPACKAGE_STRING=\"\" -DPACKAGE_BUGREPORT=\"\" -DPACKAGE_URL=\"\" -DMAGIC_VERSION=\"8.2\" -DMAGIC_REVISION=\"19\" -DSTDC_HEADERS=1 -DHAVE_SYS_TYPES_H=1 -DHAVE_SYS_STAT_H=1 -DHAVE_STDLIB_H=1 -DHAVE_STRING_H=1 -DHAVE_MEMORY_H=1 -DHAVE_STRINGS_H=1 -DHAVE_INTTYPES_H=1 -DHAVE_STDINT_H=1 -DHAVE_UNISTD_H=1 -DSIZEOF_VOID_P=8 -DSIZEOF_UNSIGNED_INT=4 -DSIZEOF_UNSIGNED_LONG=8 -DSIZEOF_UNSIGNED_LONG_LONG=8 -DSTDC_HEADERS=1 -DHAVE_SETENV=1 -DHAVE_PUTENV=1 -DHAVE_SYS_MMAN_H=1 -DHAVE_DIRENT_H=1 -DHAVE_LIMITS_H=1 -DHAVE_PATHS_H=1 -DHAVE_VA_COPY=1 -DHAVE___VA_COPY=1 -DFILE_LOCKS=1 -DCALMA_MODULE=1 -DCIF_MODULE=1 -DX11_BACKING_STORE=1 -DPLOT_MODULE=1 -DLEF_MODULE=1 -DROUTE_MODULE=1 -DUSE_NEW_MACROS=1 -DVECTOR_FONTS=1 -DHAVE_LIBCAIRO=1 -DMAGIC_WRAPPER=1 -Dlinux=1 -DSYSV=1 -DISC=1 -DNDEBUG -DGCORE=\"/usr/bin/gcore\" -DSHDLIB_EXT=\".so\"  -c SimSelect.c
--- compiling sim/SimRsim.o
rm -f SimRsim.o
gcc -g -m64 -fPIC -Wimplicit-int -fPIC  -I/usr/include/tcl8.6/tk-private/generic -I/usr/include/tcl8.6 -I. -I..  -DCAD_DIR=\"/home/chuan/Desktop/magic_install/lib\" -DBIN_DIR=\"/home/chuan/Desktop/magic_install/bin\" -DTCL_DIR=\"/home/chuan/Desktop/magic_install/lib/magic/tcl\" -DPACKAGE_NAME=\"\" -DPACKAGE_TARNAME=\"\" -DPACKAGE_VERSION=\"\" -DPACKAGE_STRING=\"\" -DPACKAGE_BUGREPORT=\"\" -DPACKAGE_URL=\"\" -DMAGIC_VERSION=\"8.2\" -DMAGIC_REVISION=\"19\" -DSTDC_HEADERS=1 -DHAVE_SYS_TYPES_H=1 -DHAVE_SYS_STAT_H=1 -DHAVE_STDLIB_H=1 -DHAVE_STRING_H=1 -DHAVE_MEMORY_H=1 -DHAVE_STRINGS_H=1 -DHAVE_INTTYPES_H=1 -DHAVE_STDINT_H=1 -DHAVE_UNISTD_H=1 -DSIZEOF_VOID_P=8 -DSIZEOF_UNSIGNED_INT=4 -DSIZEOF_UNSIGNED_LONG=8 -DSIZEOF_UNSIGNED_LONG_LONG=8 -DSTDC_HEADERS=1 -DHAVE_SETENV=1 -DHAVE_PUTENV=1 -DHAVE_SYS_MMAN_H=1 -DHAVE_DIRENT_H=1 -DHAVE_LIMITS_H=1 -DHAVE_PATHS_H=1 -DHAVE_VA_COPY=1 -DHAVE___VA_COPY=1 -DFILE_LOCKS=1 -DCALMA_MODULE=1 -DCIF_MODULE=1 -DX11_BACKING_STORE=1 -DPLOT_MODULE=1 -DLEF_MODULE=1 -DROUTE_MODULE=1 -DUSE_NEW_MACROS=1 -DVECTOR_FONTS=1 -DHAVE_LIBCAIRO=1 -DMAGIC_WRAPPER=1 -Dlinux=1 -DSYSV=1 -DISC=1 -DNDEBUG -DGCORE=\"/usr/bin/gcore\" -DSHDLIB_EXT=\".so\"  -c SimRsim.c
--- compiling sim/SimExtract.o
rm -f SimExtract.o
gcc -g -m64 -fPIC -Wimplicit-int -fPIC  -I/usr/include/tcl8.6/tk-private/generic -I/usr/include/tcl8.6 -I. -I..  -DCAD_DIR=\"/home/chuan/Desktop/magic_install/lib\" -DBIN_DIR=\"/home/chuan/Desktop/magic_install/bin\" -DTCL_DIR=\"/home/chuan/Desktop/magic_install/lib/magic/tcl\" -DPACKAGE_NAME=\"\" -DPACKAGE_TARNAME=\"\" -DPACKAGE_VERSION=\"\" -DPACKAGE_STRING=\"\" -DPACKAGE_BUGREPORT=\"\" -DPACKAGE_URL=\"\" -DMAGIC_VERSION=\"8.2\" -DMAGIC_REVISION=\"19\" -DSTDC_HEADERS=1 -DHAVE_SYS_TYPES_H=1 -DHAVE_SYS_STAT_H=1 -DHAVE_STDLIB_H=1 -DHAVE_STRING_H=1 -DHAVE_MEMORY_H=1 -DHAVE_STRINGS_H=1 -DHAVE_INTTYPES_H=1 -DHAVE_STDINT_H=1 -DHAVE_UNISTD_H=1 -DSIZEOF_VOID_P=8 -DSIZEOF_UNSIGNED_INT=4 -DSIZEOF_UNSIGNED_LONG=8 -DSIZEOF_UNSIGNED_LONG_LONG=8 -DSTDC_HEADERS=1 -DHAVE_SETENV=1 -DHAVE_PUTENV=1 -DHAVE_SYS_MMAN_H=1 -DHAVE_DIRENT_H=1 -DHAVE_LIMITS_H=1 -DHAVE_PATHS_H=1 -DHAVE_VA_COPY=1 -DHAVE___VA_COPY=1 -DFILE_LOCKS=1 -DCALMA_MODULE=1 -DCIF_MODULE=1 -DX11_BACKING_STORE=1 -DPLOT_MODULE=1 -DLEF_MODULE=1 -DROUTE_MODULE=1 -DUSE_NEW_MACROS=1 -DVECTOR_FONTS=1 -DHAVE_LIBCAIRO=1 -DMAGIC_WRAPPER=1 -Dlinux=1 -DSYSV=1 -DISC=1 -DNDEBUG -DGCORE=\"/usr/bin/gcore\" -DSHDLIB_EXT=\".so\"  -c SimExtract.c
--- linking libsim.o
rm -f libsim.o
ld -r SimDBstuff.o SimSelect.o SimRsim.o SimExtract.o  -o libsim.o 
make[2]: Leaving directory `/home/chuan/Desktop/magic-8.2/sim'
make[2]: Entering directory `/home/chuan/Desktop/magic-8.2/textio'
--- compiling textio/txCommands.o
rm -f txCommands.o
gcc -g -m64 -fPIC -Wimplicit-int -fPIC  -I/usr/include/tcl8.6/tk-private/generic -I/usr/include/tcl8.6 -I. -I..  -DCAD_DIR=\"/home/chuan/Desktop/magic_install/lib\" -DBIN_DIR=\"/home/chuan/Desktop/magic_install/bin\" -DTCL_DIR=\"/home/chuan/Desktop/magic_install/lib/magic/tcl\" -DPACKAGE_NAME=\"\" -DPACKAGE_TARNAME=\"\" -DPACKAGE_VERSION=\"\" -DPACKAGE_STRING=\"\" -DPACKAGE_BUGREPORT=\"\" -DPACKAGE_URL=\"\" -DMAGIC_VERSION=\"8.2\" -DMAGIC_REVISION=\"19\" -DSTDC_HEADERS=1 -DHAVE_SYS_TYPES_H=1 -DHAVE_SYS_STAT_H=1 -DHAVE_STDLIB_H=1 -DHAVE_STRING_H=1 -DHAVE_MEMORY_H=1 -DHAVE_STRINGS_H=1 -DHAVE_INTTYPES_H=1 -DHAVE_STDINT_H=1 -DHAVE_UNISTD_H=1 -DSIZEOF_VOID_P=8 -DSIZEOF_UNSIGNED_INT=4 -DSIZEOF_UNSIGNED_LONG=8 -DSIZEOF_UNSIGNED_LONG_LONG=8 -DSTDC_HEADERS=1 -DHAVE_SETENV=1 -DHAVE_PUTENV=1 -DHAVE_SYS_MMAN_H=1 -DHAVE_DIRENT_H=1 -DHAVE_LIMITS_H=1 -DHAVE_PATHS_H=1 -DHAVE_VA_COPY=1 -DHAVE___VA_COPY=1 -DFILE_LOCKS=1 -DCALMA_MODULE=1 -DCIF_MODULE=1 -DX11_BACKING_STORE=1 -DPLOT_MODULE=1 -DLEF_MODULE=1 -DROUTE_MODULE=1 -DUSE_NEW_MACROS=1 -DVECTOR_FONTS=1 -DHAVE_LIBCAIRO=1 -DMAGIC_WRAPPER=1 -Dlinux=1 -DSYSV=1 -DISC=1 -DNDEBUG -DGCORE=\"/usr/bin/gcore\" -DSHDLIB_EXT=\".so\"  -c txCommands.c
--- compiling textio/txInput.o
rm -f txInput.o
gcc -g -m64 -fPIC -Wimplicit-int -fPIC  -I/usr/include/tcl8.6/tk-private/generic -I/usr/include/tcl8.6 -I. -I..  -DCAD_DIR=\"/home/chuan/Desktop/magic_install/lib\" -DBIN_DIR=\"/home/chuan/Desktop/magic_install/bin\" -DTCL_DIR=\"/home/chuan/Desktop/magic_install/lib/magic/tcl\" -DPACKAGE_NAME=\"\" -DPACKAGE_TARNAME=\"\" -DPACKAGE_VERSION=\"\" -DPACKAGE_STRING=\"\" -DPACKAGE_BUGREPORT=\"\" -DPACKAGE_URL=\"\" -DMAGIC_VERSION=\"8.2\" -DMAGIC_REVISION=\"19\" -DSTDC_HEADERS=1 -DHAVE_SYS_TYPES_H=1 -DHAVE_SYS_STAT_H=1 -DHAVE_STDLIB_H=1 -DHAVE_STRING_H=1 -DHAVE_MEMORY_H=1 -DHAVE_STRINGS_H=1 -DHAVE_INTTYPES_H=1 -DHAVE_STDINT_H=1 -DHAVE_UNISTD_H=1 -DSIZEOF_VOID_P=8 -DSIZEOF_UNSIGNED_INT=4 -DSIZEOF_UNSIGNED_LONG=8 -DSIZEOF_UNSIGNED_LONG_LONG=8 -DSTDC_HEADERS=1 -DHAVE_SETENV=1 -DHAVE_PUTENV=1 -DHAVE_SYS_MMAN_H=1 -DHAVE_DIRENT_H=1 -DHAVE_LIMITS_H=1 -DHAVE_PATHS_H=1 -DHAVE_VA_COPY=1 -DHAVE___VA_COPY=1 -DFILE_LOCKS=1 -DCALMA_MODULE=1 -DCIF_MODULE=1 -DX11_BACKING_STORE=1 -DPLOT_MODULE=1 -DLEF_MODULE=1 -DROUTE_MODULE=1 -DUSE_NEW_MACROS=1 -DVECTOR_FONTS=1 -DHAVE_LIBCAIRO=1 -DMAGIC_WRAPPER=1 -Dlinux=1 -DSYSV=1 -DISC=1 -DNDEBUG -DGCORE=\"/usr/bin/gcore\" -DSHDLIB_EXT=\".so\"  -c txInput.c
--- compiling textio/txMain.o
rm -f txMain.o
gcc -g -m64 -fPIC -Wimplicit-int -fPIC  -I/usr/include/tcl8.6/tk-private/generic -I/usr/include/tcl8.6 -I. -I..  -DCAD_DIR=\"/home/chuan/Desktop/magic_install/lib\" -DBIN_DIR=\"/home/chuan/Desktop/magic_install/bin\" -DTCL_DIR=\"/home/chuan/Desktop/magic_install/lib/magic/tcl\" -DPACKAGE_NAME=\"\" -DPACKAGE_TARNAME=\"\" -DPACKAGE_VERSION=\"\" -DPACKAGE_STRING=\"\" -DPACKAGE_BUGREPORT=\"\" -DPACKAGE_URL=\"\" -DMAGIC_VERSION=\"8.2\" -DMAGIC_REVISION=\"19\" -DSTDC_HEADERS=1 -DHAVE_SYS_TYPES_H=1 -DHAVE_SYS_STAT_H=1 -DHAVE_STDLIB_H=1 -DHAVE_STRING_H=1 -DHAVE_MEMORY_H=1 -DHAVE_STRINGS_H=1 -DHAVE_INTTYPES_H=1 -DHAVE_STDINT_H=1 -DHAVE_UNISTD_H=1 -DSIZEOF_VOID_P=8 -DSIZEOF_UNSIGNED_INT=4 -DSIZEOF_UNSIGNED_LONG=8 -DSIZEOF_UNSIGNED_LONG_LONG=8 -DSTDC_HEADERS=1 -DHAVE_SETENV=1 -DHAVE_PUTENV=1 -DHAVE_SYS_MMAN_H=1 -DHAVE_DIRENT_H=1 -DHAVE_LIMITS_H=1 -DHAVE_PATHS_H=1 -DHAVE_VA_COPY=1 -DHAVE___VA_COPY=1 -DFILE_LOCKS=1 -DCALMA_MODULE=1 -DCIF_MODULE=1 -DX11_BACKING_STORE=1 -DPLOT_MODULE=1 -DLEF_MODULE=1 -DROUTE_MODULE=1 -DUSE_NEW_MACROS=1 -DVECTOR_FONTS=1 -DHAVE_LIBCAIRO=1 -DMAGIC_WRAPPER=1 -Dlinux=1 -DSYSV=1 -DISC=1 -DNDEBUG -DGCORE=\"/usr/bin/gcore\" -DSHDLIB_EXT=\".so\"  -c txMain.c
--- compiling textio/txMore.o
rm -f txMore.o
gcc -g -m64 -fPIC -Wimplicit-int -fPIC  -I/usr/include/tcl8.6/tk-private/generic -I/usr/include/tcl8.6 -I. -I..  -DCAD_DIR=\"/home/chuan/Desktop/magic_install/lib\" -DBIN_DIR=\"/home/chuan/Desktop/magic_install/bin\" -DTCL_DIR=\"/home/chuan/Desktop/magic_install/lib/magic/tcl\" -DPACKAGE_NAME=\"\" -DPACKAGE_TARNAME=\"\" -DPACKAGE_VERSION=\"\" -DPACKAGE_STRING=\"\" -DPACKAGE_BUGREPORT=\"\" -DPACKAGE_URL=\"\" -DMAGIC_VERSION=\"8.2\" -DMAGIC_REVISION=\"19\" -DSTDC_HEADERS=1 -DHAVE_SYS_TYPES_H=1 -DHAVE_SYS_STAT_H=1 -DHAVE_STDLIB_H=1 -DHAVE_STRING_H=1 -DHAVE_MEMORY_H=1 -DHAVE_STRINGS_H=1 -DHAVE_INTTYPES_H=1 -DHAVE_STDINT_H=1 -DHAVE_UNISTD_H=1 -DSIZEOF_VOID_P=8 -DSIZEOF_UNSIGNED_INT=4 -DSIZEOF_UNSIGNED_LONG=8 -DSIZEOF_UNSIGNED_LONG_LONG=8 -DSTDC_HEADERS=1 -DHAVE_SETENV=1 -DHAVE_PUTENV=1 -DHAVE_SYS_MMAN_H=1 -DHAVE_DIRENT_H=1 -DHAVE_LIMITS_H=1 -DHAVE_PATHS_H=1 -DHAVE_VA_COPY=1 -DHAVE___VA_COPY=1 -DFILE_LOCKS=1 -DCALMA_MODULE=1 -DCIF_MODULE=1 -DX11_BACKING_STORE=1 -DPLOT_MODULE=1 -DLEF_MODULE=1 -DROUTE_MODULE=1 -DUSE_NEW_MACROS=1 -DVECTOR_FONTS=1 -DHAVE_LIBCAIRO=1 -DMAGIC_WRAPPER=1 -Dlinux=1 -DSYSV=1 -DISC=1 -DNDEBUG -DGCORE=\"/usr/bin/gcore\" -DSHDLIB_EXT=\".so\"  -c txMore.c
--- compiling textio/txOutput.o
rm -f txOutput.o
gcc -g -m64 -fPIC -Wimplicit-int -fPIC  -I/usr/include/tcl8.6/tk-private/generic -I/usr/include/tcl8.6 -I. -I..  -DCAD_DIR=\"/home/chuan/Desktop/magic_install/lib\" -DBIN_DIR=\"/home/chuan/Desktop/magic_install/bin\" -DTCL_DIR=\"/home/chuan/Desktop/magic_install/lib/magic/tcl\" -DPACKAGE_NAME=\"\" -DPACKAGE_TARNAME=\"\" -DPACKAGE_VERSION=\"\" -DPACKAGE_STRING=\"\" -DPACKAGE_BUGREPORT=\"\" -DPACKAGE_URL=\"\" -DMAGIC_VERSION=\"8.2\" -DMAGIC_REVISION=\"19\" -DSTDC_HEADERS=1 -DHAVE_SYS_TYPES_H=1 -DHAVE_SYS_STAT_H=1 -DHAVE_STDLIB_H=1 -DHAVE_STRING_H=1 -DHAVE_MEMORY_H=1 -DHAVE_STRINGS_H=1 -DHAVE_INTTYPES_H=1 -DHAVE_STDINT_H=1 -DHAVE_UNISTD_H=1 -DSIZEOF_VOID_P=8 -DSIZEOF_UNSIGNED_INT=4 -DSIZEOF_UNSIGNED_LONG=8 -DSIZEOF_UNSIGNED_LONG_LONG=8 -DSTDC_HEADERS=1 -DHAVE_SETENV=1 -DHAVE_PUTENV=1 -DHAVE_SYS_MMAN_H=1 -DHAVE_DIRENT_H=1 -DHAVE_LIMITS_H=1 -DHAVE_PATHS_H=1 -DHAVE_VA_COPY=1 -DHAVE___VA_COPY=1 -DFILE_LOCKS=1 -DCALMA_MODULE=1 -DCIF_MODULE=1 -DX11_BACKING_STORE=1 -DPLOT_MODULE=1 -DLEF_MODULE=1 -DROUTE_MODULE=1 -DUSE_NEW_MACROS=1 -DVECTOR_FONTS=1 -DHAVE_LIBCAIRO=1 -DMAGIC_WRAPPER=1 -Dlinux=1 -DSYSV=1 -DISC=1 -DNDEBUG -DGCORE=\"/usr/bin/gcore\" -DSHDLIB_EXT=\".so\"  -c txOutput.c
--- linking libtextio.o
rm -f libtextio.o
ld -r txCommands.o txInput.o txMain.o txMore.o txOutput.o  -o libtextio.o 
make[2]: Leaving directory `/home/chuan/Desktop/magic-8.2/textio'
make[2]: Entering directory `/home/chuan/Desktop/magic-8.2/tiles'
--- compiling tiles/tile.o
rm -f tile.o
gcc -g -m64 -fPIC -Wimplicit-int -fPIC  -I/usr/include/tcl8.6/tk-private/generic -I/usr/include/tcl8.6 -I. -I..  -DCAD_DIR=\"/home/chuan/Desktop/magic_install/lib\" -DBIN_DIR=\"/home/chuan/Desktop/magic_install/bin\" -DTCL_DIR=\"/home/chuan/Desktop/magic_install/lib/magic/tcl\" -DPACKAGE_NAME=\"\" -DPACKAGE_TARNAME=\"\" -DPACKAGE_VERSION=\"\" -DPACKAGE_STRING=\"\" -DPACKAGE_BUGREPORT=\"\" -DPACKAGE_URL=\"\" -DMAGIC_VERSION=\"8.2\" -DMAGIC_REVISION=\"19\" -DSTDC_HEADERS=1 -DHAVE_SYS_TYPES_H=1 -DHAVE_SYS_STAT_H=1 -DHAVE_STDLIB_H=1 -DHAVE_STRING_H=1 -DHAVE_MEMORY_H=1 -DHAVE_STRINGS_H=1 -DHAVE_INTTYPES_H=1 -DHAVE_STDINT_H=1 -DHAVE_UNISTD_H=1 -DSIZEOF_VOID_P=8 -DSIZEOF_UNSIGNED_INT=4 -DSIZEOF_UNSIGNED_LONG=8 -DSIZEOF_UNSIGNED_LONG_LONG=8 -DSTDC_HEADERS=1 -DHAVE_SETENV=1 -DHAVE_PUTENV=1 -DHAVE_SYS_MMAN_H=1 -DHAVE_DIRENT_H=1 -DHAVE_LIMITS_H=1 -DHAVE_PATHS_H=1 -DHAVE_VA_COPY=1 -DHAVE___VA_COPY=1 -DFILE_LOCKS=1 -DCALMA_MODULE=1 -DCIF_MODULE=1 -DX11_BACKING_STORE=1 -DPLOT_MODULE=1 -DLEF_MODULE=1 -DROUTE_MODULE=1 -DUSE_NEW_MACROS=1 -DVECTOR_FONTS=1 -DHAVE_LIBCAIRO=1 -DMAGIC_WRAPPER=1 -Dlinux=1 -DSYSV=1 -DISC=1 -DNDEBUG -DGCORE=\"/usr/bin/gcore\" -DSHDLIB_EXT=\".so\"  -c tile.c
tile.c: In function ‘tiPrint’:
tile.c:815:2: warning: format ‘%llx’ expects argument of type ‘long long unsigned int’, but argument 5 has type ‘long int’ [-Wformat=]
  tp, LEFT(tp), BOTTOM(tp), (dlong) tp->ti_body);
  ^
--- compiling tiles/search.o
rm -f search.o
gcc -g -m64 -fPIC -Wimplicit-int -fPIC  -I/usr/include/tcl8.6/tk-private/generic -I/usr/include/tcl8.6 -I. -I..  -DCAD_DIR=\"/home/chuan/Desktop/magic_install/lib\" -DBIN_DIR=\"/home/chuan/Desktop/magic_install/bin\" -DTCL_DIR=\"/home/chuan/Desktop/magic_install/lib/magic/tcl\" -DPACKAGE_NAME=\"\" -DPACKAGE_TARNAME=\"\" -DPACKAGE_VERSION=\"\" -DPACKAGE_STRING=\"\" -DPACKAGE_BUGREPORT=\"\" -DPACKAGE_URL=\"\" -DMAGIC_VERSION=\"8.2\" -DMAGIC_REVISION=\"19\" -DSTDC_HEADERS=1 -DHAVE_SYS_TYPES_H=1 -DHAVE_SYS_STAT_H=1 -DHAVE_STDLIB_H=1 -DHAVE_STRING_H=1 -DHAVE_MEMORY_H=1 -DHAVE_STRINGS_H=1 -DHAVE_INTTYPES_H=1 -DHAVE_STDINT_H=1 -DHAVE_UNISTD_H=1 -DSIZEOF_VOID_P=8 -DSIZEOF_UNSIGNED_INT=4 -DSIZEOF_UNSIGNED_LONG=8 -DSIZEOF_UNSIGNED_LONG_LONG=8 -DSTDC_HEADERS=1 -DHAVE_SETENV=1 -DHAVE_PUTENV=1 -DHAVE_SYS_MMAN_H=1 -DHAVE_DIRENT_H=1 -DHAVE_LIMITS_H=1 -DHAVE_PATHS_H=1 -DHAVE_VA_COPY=1 -DHAVE___VA_COPY=1 -DFILE_LOCKS=1 -DCALMA_MODULE=1 -DCIF_MODULE=1 -DX11_BACKING_STORE=1 -DPLOT_MODULE=1 -DLEF_MODULE=1 -DROUTE_MODULE=1 -DUSE_NEW_MACROS=1 -DVECTOR_FONTS=1 -DHAVE_LIBCAIRO=1 -DMAGIC_WRAPPER=1 -Dlinux=1 -DSYSV=1 -DISC=1 -DNDEBUG -DGCORE=\"/usr/bin/gcore\" -DSHDLIB_EXT=\".so\"  -c search.c
--- compiling tiles/search2.o
rm -f search2.o
gcc -g -m64 -fPIC -Wimplicit-int -fPIC  -I/usr/include/tcl8.6/tk-private/generic -I/usr/include/tcl8.6 -I. -I..  -DCAD_DIR=\"/home/chuan/Desktop/magic_install/lib\" -DBIN_DIR=\"/home/chuan/Desktop/magic_install/bin\" -DTCL_DIR=\"/home/chuan/Desktop/magic_install/lib/magic/tcl\" -DPACKAGE_NAME=\"\" -DPACKAGE_TARNAME=\"\" -DPACKAGE_VERSION=\"\" -DPACKAGE_STRING=\"\" -DPACKAGE_BUGREPORT=\"\" -DPACKAGE_URL=\"\" -DMAGIC_VERSION=\"8.2\" -DMAGIC_REVISION=\"19\" -DSTDC_HEADERS=1 -DHAVE_SYS_TYPES_H=1 -DHAVE_SYS_STAT_H=1 -DHAVE_STDLIB_H=1 -DHAVE_STRING_H=1 -DHAVE_MEMORY_H=1 -DHAVE_STRINGS_H=1 -DHAVE_INTTYPES_H=1 -DHAVE_STDINT_H=1 -DHAVE_UNISTD_H=1 -DSIZEOF_VOID_P=8 -DSIZEOF_UNSIGNED_INT=4 -DSIZEOF_UNSIGNED_LONG=8 -DSIZEOF_UNSIGNED_LONG_LONG=8 -DSTDC_HEADERS=1 -DHAVE_SETENV=1 -DHAVE_PUTENV=1 -DHAVE_SYS_MMAN_H=1 -DHAVE_DIRENT_H=1 -DHAVE_LIMITS_H=1 -DHAVE_PATHS_H=1 -DHAVE_VA_COPY=1 -DHAVE___VA_COPY=1 -DFILE_LOCKS=1 -DCALMA_MODULE=1 -DCIF_MODULE=1 -DX11_BACKING_STORE=1 -DPLOT_MODULE=1 -DLEF_MODULE=1 -DROUTE_MODULE=1 -DUSE_NEW_MACROS=1 -DVECTOR_FONTS=1 -DHAVE_LIBCAIRO=1 -DMAGIC_WRAPPER=1 -Dlinux=1 -DSYSV=1 -DISC=1 -DNDEBUG -DGCORE=\"/usr/bin/gcore\" -DSHDLIB_EXT=\".so\"  -c search2.c
--- linking libtiles.o
rm -f libtiles.o
ld -r tile.o search.o search2.o  -o libtiles.o 
make[2]: Leaving directory `/home/chuan/Desktop/magic-8.2/tiles'
make[2]: Entering directory `/home/chuan/Desktop/magic-8.2/utils'
--- compiling utils/args.o
rm -f args.o
gcc -g -m64 -fPIC -Wimplicit-int -fPIC  -I/usr/include/tcl8.6/tk-private/generic -I/usr/include/tcl8.6  -I. -I..  -DCAD_DIR=\"/home/chuan/Desktop/magic_install/lib\" -DBIN_DIR=\"/home/chuan/Desktop/magic_install/bin\" -DTCL_DIR=\"/home/chuan/Desktop/magic_install/lib/magic/tcl\" -DPACKAGE_NAME=\"\" -DPACKAGE_TARNAME=\"\" -DPACKAGE_VERSION=\"\" -DPACKAGE_STRING=\"\" -DPACKAGE_BUGREPORT=\"\" -DPACKAGE_URL=\"\" -DMAGIC_VERSION=\"8.2\" -DMAGIC_REVISION=\"19\" -DSTDC_HEADERS=1 -DHAVE_SYS_TYPES_H=1 -DHAVE_SYS_STAT_H=1 -DHAVE_STDLIB_H=1 -DHAVE_STRING_H=1 -DHAVE_MEMORY_H=1 -DHAVE_STRINGS_H=1 -DHAVE_INTTYPES_H=1 -DHAVE_STDINT_H=1 -DHAVE_UNISTD_H=1 -DSIZEOF_VOID_P=8 -DSIZEOF_UNSIGNED_INT=4 -DSIZEOF_UNSIGNED_LONG=8 -DSIZEOF_UNSIGNED_LONG_LONG=8 -DSTDC_HEADERS=1 -DHAVE_SETENV=1 -DHAVE_PUTENV=1 -DHAVE_SYS_MMAN_H=1 -DHAVE_DIRENT_H=1 -DHAVE_LIMITS_H=1 -DHAVE_PATHS_H=1 -DHAVE_VA_COPY=1 -DHAVE___VA_COPY=1 -DFILE_LOCKS=1 -DCALMA_MODULE=1 -DCIF_MODULE=1 -DX11_BACKING_STORE=1 -DPLOT_MODULE=1 -DLEF_MODULE=1 -DROUTE_MODULE=1 -DUSE_NEW_MACROS=1 -DVECTOR_FONTS=1 -DHAVE_LIBCAIRO=1 -DMAGIC_WRAPPER=1 -Dlinux=1 -DSYSV=1 -DISC=1 -DNDEBUG -DGCORE=\"/usr/bin/gcore\" -DSHDLIB_EXT=\".so\" -DX11 -DXLIB -DCAIRO -DNDEBUG  -c args.c
--- compiling utils/child.o
rm -f child.o
gcc -g -m64 -fPIC -Wimplicit-int -fPIC  -I/usr/include/tcl8.6/tk-private/generic -I/usr/include/tcl8.6  -I. -I..  -DCAD_DIR=\"/home/chuan/Desktop/magic_install/lib\" -DBIN_DIR=\"/home/chuan/Desktop/magic_install/bin\" -DTCL_DIR=\"/home/chuan/Desktop/magic_install/lib/magic/tcl\" -DPACKAGE_NAME=\"\" -DPACKAGE_TARNAME=\"\" -DPACKAGE_VERSION=\"\" -DPACKAGE_STRING=\"\" -DPACKAGE_BUGREPORT=\"\" -DPACKAGE_URL=\"\" -DMAGIC_VERSION=\"8.2\" -DMAGIC_REVISION=\"19\" -DSTDC_HEADERS=1 -DHAVE_SYS_TYPES_H=1 -DHAVE_SYS_STAT_H=1 -DHAVE_STDLIB_H=1 -DHAVE_STRING_H=1 -DHAVE_MEMORY_H=1 -DHAVE_STRINGS_H=1 -DHAVE_INTTYPES_H=1 -DHAVE_STDINT_H=1 -DHAVE_UNISTD_H=1 -DSIZEOF_VOID_P=8 -DSIZEOF_UNSIGNED_INT=4 -DSIZEOF_UNSIGNED_LONG=8 -DSIZEOF_UNSIGNED_LONG_LONG=8 -DSTDC_HEADERS=1 -DHAVE_SETENV=1 -DHAVE_PUTENV=1 -DHAVE_SYS_MMAN_H=1 -DHAVE_DIRENT_H=1 -DHAVE_LIMITS_H=1 -DHAVE_PATHS_H=1 -DHAVE_VA_COPY=1 -DHAVE___VA_COPY=1 -DFILE_LOCKS=1 -DCALMA_MODULE=1 -DCIF_MODULE=1 -DX11_BACKING_STORE=1 -DPLOT_MODULE=1 -DLEF_MODULE=1 -DROUTE_MODULE=1 -DUSE_NEW_MACROS=1 -DVECTOR_FONTS=1 -DHAVE_LIBCAIRO=1 -DMAGIC_WRAPPER=1 -Dlinux=1 -DSYSV=1 -DISC=1 -DNDEBUG -DGCORE=\"/usr/bin/gcore\" -DSHDLIB_EXT=\".so\" -DX11 -DXLIB -DCAIRO -DNDEBUG  -c child.c
--- compiling utils/dqueue.o
rm -f dqueue.o
gcc -g -m64 -fPIC -Wimplicit-int -fPIC  -I/usr/include/tcl8.6/tk-private/generic -I/usr/include/tcl8.6  -I. -I..  -DCAD_DIR=\"/home/chuan/Desktop/magic_install/lib\" -DBIN_DIR=\"/home/chuan/Desktop/magic_install/bin\" -DTCL_DIR=\"/home/chuan/Desktop/magic_install/lib/magic/tcl\" -DPACKAGE_NAME=\"\" -DPACKAGE_TARNAME=\"\" -DPACKAGE_VERSION=\"\" -DPACKAGE_STRING=\"\" -DPACKAGE_BUGREPORT=\"\" -DPACKAGE_URL=\"\" -DMAGIC_VERSION=\"8.2\" -DMAGIC_REVISION=\"19\" -DSTDC_HEADERS=1 -DHAVE_SYS_TYPES_H=1 -DHAVE_SYS_STAT_H=1 -DHAVE_STDLIB_H=1 -DHAVE_STRING_H=1 -DHAVE_MEMORY_H=1 -DHAVE_STRINGS_H=1 -DHAVE_INTTYPES_H=1 -DHAVE_STDINT_H=1 -DHAVE_UNISTD_H=1 -DSIZEOF_VOID_P=8 -DSIZEOF_UNSIGNED_INT=4 -DSIZEOF_UNSIGNED_LONG=8 -DSIZEOF_UNSIGNED_LONG_LONG=8 -DSTDC_HEADERS=1 -DHAVE_SETENV=1 -DHAVE_PUTENV=1 -DHAVE_SYS_MMAN_H=1 -DHAVE_DIRENT_H=1 -DHAVE_LIMITS_H=1 -DHAVE_PATHS_H=1 -DHAVE_VA_COPY=1 -DHAVE___VA_COPY=1 -DFILE_LOCKS=1 -DCALMA_MODULE=1 -DCIF_MODULE=1 -DX11_BACKING_STORE=1 -DPLOT_MODULE=1 -DLEF_MODULE=1 -DROUTE_MODULE=1 -DUSE_NEW_MACROS=1 -DVECTOR_FONTS=1 -DHAVE_LIBCAIRO=1 -DMAGIC_WRAPPER=1 -Dlinux=1 -DSYSV=1 -DISC=1 -DNDEBUG -DGCORE=\"/usr/bin/gcore\" -DSHDLIB_EXT=\".so\" -DX11 -DXLIB -DCAIRO -DNDEBUG  -c dqueue.c
--- compiling utils/finddisp.o
rm -f finddisp.o
gcc -g -m64 -fPIC -Wimplicit-int -fPIC  -I/usr/include/tcl8.6/tk-private/generic -I/usr/include/tcl8.6  -I. -I..  -DCAD_DIR=\"/home/chuan/Desktop/magic_install/lib\" -DBIN_DIR=\"/home/chuan/Desktop/magic_install/bin\" -DTCL_DIR=\"/home/chuan/Desktop/magic_install/lib/magic/tcl\" -DPACKAGE_NAME=\"\" -DPACKAGE_TARNAME=\"\" -DPACKAGE_VERSION=\"\" -DPACKAGE_STRING=\"\" -DPACKAGE_BUGREPORT=\"\" -DPACKAGE_URL=\"\" -DMAGIC_VERSION=\"8.2\" -DMAGIC_REVISION=\"19\" -DSTDC_HEADERS=1 -DHAVE_SYS_TYPES_H=1 -DHAVE_SYS_STAT_H=1 -DHAVE_STDLIB_H=1 -DHAVE_STRING_H=1 -DHAVE_MEMORY_H=1 -DHAVE_STRINGS_H=1 -DHAVE_INTTYPES_H=1 -DHAVE_STDINT_H=1 -DHAVE_UNISTD_H=1 -DSIZEOF_VOID_P=8 -DSIZEOF_UNSIGNED_INT=4 -DSIZEOF_UNSIGNED_LONG=8 -DSIZEOF_UNSIGNED_LONG_LONG=8 -DSTDC_HEADERS=1 -DHAVE_SETENV=1 -DHAVE_PUTENV=1 -DHAVE_SYS_MMAN_H=1 -DHAVE_DIRENT_H=1 -DHAVE_LIMITS_H=1 -DHAVE_PATHS_H=1 -DHAVE_VA_COPY=1 -DHAVE___VA_COPY=1 -DFILE_LOCKS=1 -DCALMA_MODULE=1 -DCIF_MODULE=1 -DX11_BACKING_STORE=1 -DPLOT_MODULE=1 -DLEF_MODULE=1 -DROUTE_MODULE=1 -DUSE_NEW_MACROS=1 -DVECTOR_FONTS=1 -DHAVE_LIBCAIRO=1 -DMAGIC_WRAPPER=1 -Dlinux=1 -DSYSV=1 -DISC=1 -DNDEBUG -DGCORE=\"/usr/bin/gcore\" -DSHDLIB_EXT=\".so\" -DX11 -DXLIB -DCAIRO -DNDEBUG  -c finddisp.c
--- compiling utils/flock.o
rm -f flock.o
gcc -g -m64 -fPIC -Wimplicit-int -fPIC  -I/usr/include/tcl8.6/tk-private/generic -I/usr/include/tcl8.6  -I. -I..  -DCAD_DIR=\"/home/chuan/Desktop/magic_install/lib\" -DBIN_DIR=\"/home/chuan/Desktop/magic_install/bin\" -DTCL_DIR=\"/home/chuan/Desktop/magic_install/lib/magic/tcl\" -DPACKAGE_NAME=\"\" -DPACKAGE_TARNAME=\"\" -DPACKAGE_VERSION=\"\" -DPACKAGE_STRING=\"\" -DPACKAGE_BUGREPORT=\"\" -DPACKAGE_URL=\"\" -DMAGIC_VERSION=\"8.2\" -DMAGIC_REVISION=\"19\" -DSTDC_HEADERS=1 -DHAVE_SYS_TYPES_H=1 -DHAVE_SYS_STAT_H=1 -DHAVE_STDLIB_H=1 -DHAVE_STRING_H=1 -DHAVE_MEMORY_H=1 -DHAVE_STRINGS_H=1 -DHAVE_INTTYPES_H=1 -DHAVE_STDINT_H=1 -DHAVE_UNISTD_H=1 -DSIZEOF_VOID_P=8 -DSIZEOF_UNSIGNED_INT=4 -DSIZEOF_UNSIGNED_LONG=8 -DSIZEOF_UNSIGNED_LONG_LONG=8 -DSTDC_HEADERS=1 -DHAVE_SETENV=1 -DHAVE_PUTENV=1 -DHAVE_SYS_MMAN_H=1 -DHAVE_DIRENT_H=1 -DHAVE_LIMITS_H=1 -DHAVE_PATHS_H=1 -DHAVE_VA_COPY=1 -DHAVE___VA_COPY=1 -DFILE_LOCKS=1 -DCALMA_MODULE=1 -DCIF_MODULE=1 -DX11_BACKING_STORE=1 -DPLOT_MODULE=1 -DLEF_MODULE=1 -DROUTE_MODULE=1 -DUSE_NEW_MACROS=1 -DVECTOR_FONTS=1 -DHAVE_LIBCAIRO=1 -DMAGIC_WRAPPER=1 -Dlinux=1 -DSYSV=1 -DISC=1 -DNDEBUG -DGCORE=\"/usr/bin/gcore\" -DSHDLIB_EXT=\".so\" -DX11 -DXLIB -DCAIRO -DNDEBUG  -c flock.c
--- compiling utils/flsbuf.o
rm -f flsbuf.o
gcc -g -m64 -fPIC -Wimplicit-int -fPIC  -I/usr/include/tcl8.6/tk-private/generic -I/usr/include/tcl8.6  -I. -I..  -DCAD_DIR=\"/home/chuan/Desktop/magic_install/lib\" -DBIN_DIR=\"/home/chuan/Desktop/magic_install/bin\" -DTCL_DIR=\"/home/chuan/Desktop/magic_install/lib/magic/tcl\" -DPACKAGE_NAME=\"\" -DPACKAGE_TARNAME=\"\" -DPACKAGE_VERSION=\"\" -DPACKAGE_STRING=\"\" -DPACKAGE_BUGREPORT=\"\" -DPACKAGE_URL=\"\" -DMAGIC_VERSION=\"8.2\" -DMAGIC_REVISION=\"19\" -DSTDC_HEADERS=1 -DHAVE_SYS_TYPES_H=1 -DHAVE_SYS_STAT_H=1 -DHAVE_STDLIB_H=1 -DHAVE_STRING_H=1 -DHAVE_MEMORY_H=1 -DHAVE_STRINGS_H=1 -DHAVE_INTTYPES_H=1 -DHAVE_STDINT_H=1 -DHAVE_UNISTD_H=1 -DSIZEOF_VOID_P=8 -DSIZEOF_UNSIGNED_INT=4 -DSIZEOF_UNSIGNED_LONG=8 -DSIZEOF_UNSIGNED_LONG_LONG=8 -DSTDC_HEADERS=1 -DHAVE_SETENV=1 -DHAVE_PUTENV=1 -DHAVE_SYS_MMAN_H=1 -DHAVE_DIRENT_H=1 -DHAVE_LIMITS_H=1 -DHAVE_PATHS_H=1 -DHAVE_VA_COPY=1 -DHAVE___VA_COPY=1 -DFILE_LOCKS=1 -DCALMA_MODULE=1 -DCIF_MODULE=1 -DX11_BACKING_STORE=1 -DPLOT_MODULE=1 -DLEF_MODULE=1 -DROUTE_MODULE=1 -DUSE_NEW_MACROS=1 -DVECTOR_FONTS=1 -DHAVE_LIBCAIRO=1 -DMAGIC_WRAPPER=1 -Dlinux=1 -DSYSV=1 -DISC=1 -DNDEBUG -DGCORE=\"/usr/bin/gcore\" -DSHDLIB_EXT=\".so\" -DX11 -DXLIB -DCAIRO -DNDEBUG  -c flsbuf.c
--- compiling utils/fraction.o
rm -f fraction.o
gcc -g -m64 -fPIC -Wimplicit-int -fPIC  -I/usr/include/tcl8.6/tk-private/generic -I/usr/include/tcl8.6  -I. -I..  -DCAD_DIR=\"/home/chuan/Desktop/magic_install/lib\" -DBIN_DIR=\"/home/chuan/Desktop/magic_install/bin\" -DTCL_DIR=\"/home/chuan/Desktop/magic_install/lib/magic/tcl\" -DPACKAGE_NAME=\"\" -DPACKAGE_TARNAME=\"\" -DPACKAGE_VERSION=\"\" -DPACKAGE_STRING=\"\" -DPACKAGE_BUGREPORT=\"\" -DPACKAGE_URL=\"\" -DMAGIC_VERSION=\"8.2\" -DMAGIC_REVISION=\"19\" -DSTDC_HEADERS=1 -DHAVE_SYS_TYPES_H=1 -DHAVE_SYS_STAT_H=1 -DHAVE_STDLIB_H=1 -DHAVE_STRING_H=1 -DHAVE_MEMORY_H=1 -DHAVE_STRINGS_H=1 -DHAVE_INTTYPES_H=1 -DHAVE_STDINT_H=1 -DHAVE_UNISTD_H=1 -DSIZEOF_VOID_P=8 -DSIZEOF_UNSIGNED_INT=4 -DSIZEOF_UNSIGNED_LONG=8 -DSIZEOF_UNSIGNED_LONG_LONG=8 -DSTDC_HEADERS=1 -DHAVE_SETENV=1 -DHAVE_PUTENV=1 -DHAVE_SYS_MMAN_H=1 -DHAVE_DIRENT_H=1 -DHAVE_LIMITS_H=1 -DHAVE_PATHS_H=1 -DHAVE_VA_COPY=1 -DHAVE___VA_COPY=1 -DFILE_LOCKS=1 -DCALMA_MODULE=1 -DCIF_MODULE=1 -DX11_BACKING_STORE=1 -DPLOT_MODULE=1 -DLEF_MODULE=1 -DROUTE_MODULE=1 -DUSE_NEW_MACROS=1 -DVECTOR_FONTS=1 -DHAVE_LIBCAIRO=1 -DMAGIC_WRAPPER=1 -Dlinux=1 -DSYSV=1 -DISC=1 -DNDEBUG -DGCORE=\"/usr/bin/gcore\" -DSHDLIB_EXT=\".so\" -DX11 -DXLIB -DCAIRO -DNDEBUG  -c fraction.c
--- compiling utils/geometry.o
rm -f geometry.o
gcc -g -m64 -fPIC -Wimplicit-int -fPIC  -I/usr/include/tcl8.6/tk-private/generic -I/usr/include/tcl8.6  -I. -I..  -DCAD_DIR=\"/home/chuan/Desktop/magic_install/lib\" -DBIN_DIR=\"/home/chuan/Desktop/magic_install/bin\" -DTCL_DIR=\"/home/chuan/Desktop/magic_install/lib/magic/tcl\" -DPACKAGE_NAME=\"\" -DPACKAGE_TARNAME=\"\" -DPACKAGE_VERSION=\"\" -DPACKAGE_STRING=\"\" -DPACKAGE_BUGREPORT=\"\" -DPACKAGE_URL=\"\" -DMAGIC_VERSION=\"8.2\" -DMAGIC_REVISION=\"19\" -DSTDC_HEADERS=1 -DHAVE_SYS_TYPES_H=1 -DHAVE_SYS_STAT_H=1 -DHAVE_STDLIB_H=1 -DHAVE_STRING_H=1 -DHAVE_MEMORY_H=1 -DHAVE_STRINGS_H=1 -DHAVE_INTTYPES_H=1 -DHAVE_STDINT_H=1 -DHAVE_UNISTD_H=1 -DSIZEOF_VOID_P=8 -DSIZEOF_UNSIGNED_INT=4 -DSIZEOF_UNSIGNED_LONG=8 -DSIZEOF_UNSIGNED_LONG_LONG=8 -DSTDC_HEADERS=1 -DHAVE_SETENV=1 -DHAVE_PUTENV=1 -DHAVE_SYS_MMAN_H=1 -DHAVE_DIRENT_H=1 -DHAVE_LIMITS_H=1 -DHAVE_PATHS_H=1 -DHAVE_VA_COPY=1 -DHAVE___VA_COPY=1 -DFILE_LOCKS=1 -DCALMA_MODULE=1 -DCIF_MODULE=1 -DX11_BACKING_STORE=1 -DPLOT_MODULE=1 -DLEF_MODULE=1 -DROUTE_MODULE=1 -DUSE_NEW_MACROS=1 -DVECTOR_FONTS=1 -DHAVE_LIBCAIRO=1 -DMAGIC_WRAPPER=1 -Dlinux=1 -DSYSV=1 -DISC=1 -DNDEBUG -DGCORE=\"/usr/bin/gcore\" -DSHDLIB_EXT=\".so\" -DX11 -DXLIB -DCAIRO -DNDEBUG  -c geometry.c
--- compiling utils/getrect.o
rm -f getrect.o
gcc -g -m64 -fPIC -Wimplicit-int -fPIC  -I/usr/include/tcl8.6/tk-private/generic -I/usr/include/tcl8.6  -I. -I..  -DCAD_DIR=\"/home/chuan/Desktop/magic_install/lib\" -DBIN_DIR=\"/home/chuan/Desktop/magic_install/bin\" -DTCL_DIR=\"/home/chuan/Desktop/magic_install/lib/magic/tcl\" -DPACKAGE_NAME=\"\" -DPACKAGE_TARNAME=\"\" -DPACKAGE_VERSION=\"\" -DPACKAGE_STRING=\"\" -DPACKAGE_BUGREPORT=\"\" -DPACKAGE_URL=\"\" -DMAGIC_VERSION=\"8.2\" -DMAGIC_REVISION=\"19\" -DSTDC_HEADERS=1 -DHAVE_SYS_TYPES_H=1 -DHAVE_SYS_STAT_H=1 -DHAVE_STDLIB_H=1 -DHAVE_STRING_H=1 -DHAVE_MEMORY_H=1 -DHAVE_STRINGS_H=1 -DHAVE_INTTYPES_H=1 -DHAVE_STDINT_H=1 -DHAVE_UNISTD_H=1 -DSIZEOF_VOID_P=8 -DSIZEOF_UNSIGNED_INT=4 -DSIZEOF_UNSIGNED_LONG=8 -DSIZEOF_UNSIGNED_LONG_LONG=8 -DSTDC_HEADERS=1 -DHAVE_SETENV=1 -DHAVE_PUTENV=1 -DHAVE_SYS_MMAN_H=1 -DHAVE_DIRENT_H=1 -DHAVE_LIMITS_H=1 -DHAVE_PATHS_H=1 -DHAVE_VA_COPY=1 -DHAVE___VA_COPY=1 -DFILE_LOCKS=1 -DCALMA_MODULE=1 -DCIF_MODULE=1 -DX11_BACKING_STORE=1 -DPLOT_MODULE=1 -DLEF_MODULE=1 -DROUTE_MODULE=1 -DUSE_NEW_MACROS=1 -DVECTOR_FONTS=1 -DHAVE_LIBCAIRO=1 -DMAGIC_WRAPPER=1 -Dlinux=1 -DSYSV=1 -DISC=1 -DNDEBUG -DGCORE=\"/usr/bin/gcore\" -DSHDLIB_EXT=\".so\" -DX11 -DXLIB -DCAIRO -DNDEBUG  -c getrect.c
--- compiling utils/hash.o
rm -f hash.o
gcc -g -m64 -fPIC -Wimplicit-int -fPIC  -I/usr/include/tcl8.6/tk-private/generic -I/usr/include/tcl8.6  -I. -I..  -DCAD_DIR=\"/home/chuan/Desktop/magic_install/lib\" -DBIN_DIR=\"/home/chuan/Desktop/magic_install/bin\" -DTCL_DIR=\"/home/chuan/Desktop/magic_install/lib/magic/tcl\" -DPACKAGE_NAME=\"\" -DPACKAGE_TARNAME=\"\" -DPACKAGE_VERSION=\"\" -DPACKAGE_STRING=\"\" -DPACKAGE_BUGREPORT=\"\" -DPACKAGE_URL=\"\" -DMAGIC_VERSION=\"8.2\" -DMAGIC_REVISION=\"19\" -DSTDC_HEADERS=1 -DHAVE_SYS_TYPES_H=1 -DHAVE_SYS_STAT_H=1 -DHAVE_STDLIB_H=1 -DHAVE_STRING_H=1 -DHAVE_MEMORY_H=1 -DHAVE_STRINGS_H=1 -DHAVE_INTTYPES_H=1 -DHAVE_STDINT_H=1 -DHAVE_UNISTD_H=1 -DSIZEOF_VOID_P=8 -DSIZEOF_UNSIGNED_INT=4 -DSIZEOF_UNSIGNED_LONG=8 -DSIZEOF_UNSIGNED_LONG_LONG=8 -DSTDC_HEADERS=1 -DHAVE_SETENV=1 -DHAVE_PUTENV=1 -DHAVE_SYS_MMAN_H=1 -DHAVE_DIRENT_H=1 -DHAVE_LIMITS_H=1 -DHAVE_PATHS_H=1 -DHAVE_VA_COPY=1 -DHAVE___VA_COPY=1 -DFILE_LOCKS=1 -DCALMA_MODULE=1 -DCIF_MODULE=1 -DX11_BACKING_STORE=1 -DPLOT_MODULE=1 -DLEF_MODULE=1 -DROUTE_MODULE=1 -DUSE_NEW_MACROS=1 -DVECTOR_FONTS=1 -DHAVE_LIBCAIRO=1 -DMAGIC_WRAPPER=1 -Dlinux=1 -DSYSV=1 -DISC=1 -DNDEBUG -DGCORE=\"/usr/bin/gcore\" -DSHDLIB_EXT=\".so\" -DX11 -DXLIB -DCAIRO -DNDEBUG  -c hash.c
--- compiling utils/heap.o
rm -f heap.o
gcc -g -m64 -fPIC -Wimplicit-int -fPIC  -I/usr/include/tcl8.6/tk-private/generic -I/usr/include/tcl8.6  -I. -I..  -DCAD_DIR=\"/home/chuan/Desktop/magic_install/lib\" -DBIN_DIR=\"/home/chuan/Desktop/magic_install/bin\" -DTCL_DIR=\"/home/chuan/Desktop/magic_install/lib/magic/tcl\" -DPACKAGE_NAME=\"\" -DPACKAGE_TARNAME=\"\" -DPACKAGE_VERSION=\"\" -DPACKAGE_STRING=\"\" -DPACKAGE_BUGREPORT=\"\" -DPACKAGE_URL=\"\" -DMAGIC_VERSION=\"8.2\" -DMAGIC_REVISION=\"19\" -DSTDC_HEADERS=1 -DHAVE_SYS_TYPES_H=1 -DHAVE_SYS_STAT_H=1 -DHAVE_STDLIB_H=1 -DHAVE_STRING_H=1 -DHAVE_MEMORY_H=1 -DHAVE_STRINGS_H=1 -DHAVE_INTTYPES_H=1 -DHAVE_STDINT_H=1 -DHAVE_UNISTD_H=1 -DSIZEOF_VOID_P=8 -DSIZEOF_UNSIGNED_INT=4 -DSIZEOF_UNSIGNED_LONG=8 -DSIZEOF_UNSIGNED_LONG_LONG=8 -DSTDC_HEADERS=1 -DHAVE_SETENV=1 -DHAVE_PUTENV=1 -DHAVE_SYS_MMAN_H=1 -DHAVE_DIRENT_H=1 -DHAVE_LIMITS_H=1 -DHAVE_PATHS_H=1 -DHAVE_VA_COPY=1 -DHAVE___VA_COPY=1 -DFILE_LOCKS=1 -DCALMA_MODULE=1 -DCIF_MODULE=1 -DX11_BACKING_STORE=1 -DPLOT_MODULE=1 -DLEF_MODULE=1 -DROUTE_MODULE=1 -DUSE_NEW_MACROS=1 -DVECTOR_FONTS=1 -DHAVE_LIBCAIRO=1 -DMAGIC_WRAPPER=1 -Dlinux=1 -DSYSV=1 -DISC=1 -DNDEBUG -DGCORE=\"/usr/bin/gcore\" -DSHDLIB_EXT=\".so\" -DX11 -DXLIB -DCAIRO -DNDEBUG  -c heap.c
heap.c: In function ‘HeapDump’:
heap.c:548:6: warning: format ‘%lld’ expects argument of type ‘long long int’, but argument 2 has type ‘dlong’ [-Wformat=]
      case HE_DLONG: printf("%"DLONG_PREFIX"d", heap->he_list[i].he_dlong); break;
      ^
--- compiling utils/list.o
rm -f list.o
gcc -g -m64 -fPIC -Wimplicit-int -fPIC  -I/usr/include/tcl8.6/tk-private/generic -I/usr/include/tcl8.6  -I. -I..  -DCAD_DIR=\"/home/chuan/Desktop/magic_install/lib\" -DBIN_DIR=\"/home/chuan/Desktop/magic_install/bin\" -DTCL_DIR=\"/home/chuan/Desktop/magic_install/lib/magic/tcl\" -DPACKAGE_NAME=\"\" -DPACKAGE_TARNAME=\"\" -DPACKAGE_VERSION=\"\" -DPACKAGE_STRING=\"\" -DPACKAGE_BUGREPORT=\"\" -DPACKAGE_URL=\"\" -DMAGIC_VERSION=\"8.2\" -DMAGIC_REVISION=\"19\" -DSTDC_HEADERS=1 -DHAVE_SYS_TYPES_H=1 -DHAVE_SYS_STAT_H=1 -DHAVE_STDLIB_H=1 -DHAVE_STRING_H=1 -DHAVE_MEMORY_H=1 -DHAVE_STRINGS_H=1 -DHAVE_INTTYPES_H=1 -DHAVE_STDINT_H=1 -DHAVE_UNISTD_H=1 -DSIZEOF_VOID_P=8 -DSIZEOF_UNSIGNED_INT=4 -DSIZEOF_UNSIGNED_LONG=8 -DSIZEOF_UNSIGNED_LONG_LONG=8 -DSTDC_HEADERS=1 -DHAVE_SETENV=1 -DHAVE_PUTENV=1 -DHAVE_SYS_MMAN_H=1 -DHAVE_DIRENT_H=1 -DHAVE_LIMITS_H=1 -DHAVE_PATHS_H=1 -DHAVE_VA_COPY=1 -DHAVE___VA_COPY=1 -DFILE_LOCKS=1 -DCALMA_MODULE=1 -DCIF_MODULE=1 -DX11_BACKING_STORE=1 -DPLOT_MODULE=1 -DLEF_MODULE=1 -DROUTE_MODULE=1 -DUSE_NEW_MACROS=1 -DVECTOR_FONTS=1 -DHAVE_LIBCAIRO=1 -DMAGIC_WRAPPER=1 -Dlinux=1 -DSYSV=1 -DISC=1 -DNDEBUG -DGCORE=\"/usr/bin/gcore\" -DSHDLIB_EXT=\".so\" -DX11 -DXLIB -DCAIRO -DNDEBUG  -c list.c
--- compiling utils/lookup.o
rm -f lookup.o
gcc -g -m64 -fPIC -Wimplicit-int -fPIC  -I/usr/include/tcl8.6/tk-private/generic -I/usr/include/tcl8.6  -I. -I..  -DCAD_DIR=\"/home/chuan/Desktop/magic_install/lib\" -DBIN_DIR=\"/home/chuan/Desktop/magic_install/bin\" -DTCL_DIR=\"/home/chuan/Desktop/magic_install/lib/magic/tcl\" -DPACKAGE_NAME=\"\" -DPACKAGE_TARNAME=\"\" -DPACKAGE_VERSION=\"\" -DPACKAGE_STRING=\"\" -DPACKAGE_BUGREPORT=\"\" -DPACKAGE_URL=\"\" -DMAGIC_VERSION=\"8.2\" -DMAGIC_REVISION=\"19\" -DSTDC_HEADERS=1 -DHAVE_SYS_TYPES_H=1 -DHAVE_SYS_STAT_H=1 -DHAVE_STDLIB_H=1 -DHAVE_STRING_H=1 -DHAVE_MEMORY_H=1 -DHAVE_STRINGS_H=1 -DHAVE_INTTYPES_H=1 -DHAVE_STDINT_H=1 -DHAVE_UNISTD_H=1 -DSIZEOF_VOID_P=8 -DSIZEOF_UNSIGNED_INT=4 -DSIZEOF_UNSIGNED_LONG=8 -DSIZEOF_UNSIGNED_LONG_LONG=8 -DSTDC_HEADERS=1 -DHAVE_SETENV=1 -DHAVE_PUTENV=1 -DHAVE_SYS_MMAN_H=1 -DHAVE_DIRENT_H=1 -DHAVE_LIMITS_H=1 -DHAVE_PATHS_H=1 -DHAVE_VA_COPY=1 -DHAVE___VA_COPY=1 -DFILE_LOCKS=1 -DCALMA_MODULE=1 -DCIF_MODULE=1 -DX11_BACKING_STORE=1 -DPLOT_MODULE=1 -DLEF_MODULE=1 -DROUTE_MODULE=1 -DUSE_NEW_MACROS=1 -DVECTOR_FONTS=1 -DHAVE_LIBCAIRO=1 -DMAGIC_WRAPPER=1 -Dlinux=1 -DSYSV=1 -DISC=1 -DNDEBUG -DGCORE=\"/usr/bin/gcore\" -DSHDLIB_EXT=\".so\" -DX11 -DXLIB -DCAIRO -DNDEBUG  -c lookup.c
--- compiling utils/lookupany.o
rm -f lookupany.o
gcc -g -m64 -fPIC -Wimplicit-int -fPIC  -I/usr/include/tcl8.6/tk-private/generic -I/usr/include/tcl8.6  -I. -I..  -DCAD_DIR=\"/home/chuan/Desktop/magic_install/lib\" -DBIN_DIR=\"/home/chuan/Desktop/magic_install/bin\" -DTCL_DIR=\"/home/chuan/Desktop/magic_install/lib/magic/tcl\" -DPACKAGE_NAME=\"\" -DPACKAGE_TARNAME=\"\" -DPACKAGE_VERSION=\"\" -DPACKAGE_STRING=\"\" -DPACKAGE_BUGREPORT=\"\" -DPACKAGE_URL=\"\" -DMAGIC_VERSION=\"8.2\" -DMAGIC_REVISION=\"19\" -DSTDC_HEADERS=1 -DHAVE_SYS_TYPES_H=1 -DHAVE_SYS_STAT_H=1 -DHAVE_STDLIB_H=1 -DHAVE_STRING_H=1 -DHAVE_MEMORY_H=1 -DHAVE_STRINGS_H=1 -DHAVE_INTTYPES_H=1 -DHAVE_STDINT_H=1 -DHAVE_UNISTD_H=1 -DSIZEOF_VOID_P=8 -DSIZEOF_UNSIGNED_INT=4 -DSIZEOF_UNSIGNED_LONG=8 -DSIZEOF_UNSIGNED_LONG_LONG=8 -DSTDC_HEADERS=1 -DHAVE_SETENV=1 -DHAVE_PUTENV=1 -DHAVE_SYS_MMAN_H=1 -DHAVE_DIRENT_H=1 -DHAVE_LIMITS_H=1 -DHAVE_PATHS_H=1 -DHAVE_VA_COPY=1 -DHAVE___VA_COPY=1 -DFILE_LOCKS=1 -DCALMA_MODULE=1 -DCIF_MODULE=1 -DX11_BACKING_STORE=1 -DPLOT_MODULE=1 -DLEF_MODULE=1 -DROUTE_MODULE=1 -DUSE_NEW_MACROS=1 -DVECTOR_FONTS=1 -DHAVE_LIBCAIRO=1 -DMAGIC_WRAPPER=1 -Dlinux=1 -DSYSV=1 -DISC=1 -DNDEBUG -DGCORE=\"/usr/bin/gcore\" -DSHDLIB_EXT=\".so\" -DX11 -DXLIB -DCAIRO -DNDEBUG  -c lookupany.c
--- compiling utils/lookupfull.o
rm -f lookupfull.o
gcc -g -m64 -fPIC -Wimplicit-int -fPIC  -I/usr/include/tcl8.6/tk-private/generic -I/usr/include/tcl8.6  -I. -I..  -DCAD_DIR=\"/home/chuan/Desktop/magic_install/lib\" -DBIN_DIR=\"/home/chuan/Desktop/magic_install/bin\" -DTCL_DIR=\"/home/chuan/Desktop/magic_install/lib/magic/tcl\" -DPACKAGE_NAME=\"\" -DPACKAGE_TARNAME=\"\" -DPACKAGE_VERSION=\"\" -DPACKAGE_STRING=\"\" -DPACKAGE_BUGREPORT=\"\" -DPACKAGE_URL=\"\" -DMAGIC_VERSION=\"8.2\" -DMAGIC_REVISION=\"19\" -DSTDC_HEADERS=1 -DHAVE_SYS_TYPES_H=1 -DHAVE_SYS_STAT_H=1 -DHAVE_STDLIB_H=1 -DHAVE_STRING_H=1 -DHAVE_MEMORY_H=1 -DHAVE_STRINGS_H=1 -DHAVE_INTTYPES_H=1 -DHAVE_STDINT_H=1 -DHAVE_UNISTD_H=1 -DSIZEOF_VOID_P=8 -DSIZEOF_UNSIGNED_INT=4 -DSIZEOF_UNSIGNED_LONG=8 -DSIZEOF_UNSIGNED_LONG_LONG=8 -DSTDC_HEADERS=1 -DHAVE_SETENV=1 -DHAVE_PUTENV=1 -DHAVE_SYS_MMAN_H=1 -DHAVE_DIRENT_H=1 -DHAVE_LIMITS_H=1 -DHAVE_PATHS_H=1 -DHAVE_VA_COPY=1 -DHAVE___VA_COPY=1 -DFILE_LOCKS=1 -DCALMA_MODULE=1 -DCIF_MODULE=1 -DX11_BACKING_STORE=1 -DPLOT_MODULE=1 -DLEF_MODULE=1 -DROUTE_MODULE=1 -DUSE_NEW_MACROS=1 -DVECTOR_FONTS=1 -DHAVE_LIBCAIRO=1 -DMAGIC_WRAPPER=1 -Dlinux=1 -DSYSV=1 -DISC=1 -DNDEBUG -DGCORE=\"/usr/bin/gcore\" -DSHDLIB_EXT=\".so\" -DX11 -DXLIB -DCAIRO -DNDEBUG  -c lookupfull.c
--- compiling utils/macros.o
rm -f macros.o
gcc -g -m64 -fPIC -Wimplicit-int -fPIC  -I/usr/include/tcl8.6/tk-private/generic -I/usr/include/tcl8.6  -I. -I..  -DCAD_DIR=\"/home/chuan/Desktop/magic_install/lib\" -DBIN_DIR=\"/home/chuan/Desktop/magic_install/bin\" -DTCL_DIR=\"/home/chuan/Desktop/magic_install/lib/magic/tcl\" -DPACKAGE_NAME=\"\" -DPACKAGE_TARNAME=\"\" -DPACKAGE_VERSION=\"\" -DPACKAGE_STRING=\"\" -DPACKAGE_BUGREPORT=\"\" -DPACKAGE_URL=\"\" -DMAGIC_VERSION=\"8.2\" -DMAGIC_REVISION=\"19\" -DSTDC_HEADERS=1 -DHAVE_SYS_TYPES_H=1 -DHAVE_SYS_STAT_H=1 -DHAVE_STDLIB_H=1 -DHAVE_STRING_H=1 -DHAVE_MEMORY_H=1 -DHAVE_STRINGS_H=1 -DHAVE_INTTYPES_H=1 -DHAVE_STDINT_H=1 -DHAVE_UNISTD_H=1 -DSIZEOF_VOID_P=8 -DSIZEOF_UNSIGNED_INT=4 -DSIZEOF_UNSIGNED_LONG=8 -DSIZEOF_UNSIGNED_LONG_LONG=8 -DSTDC_HEADERS=1 -DHAVE_SETENV=1 -DHAVE_PUTENV=1 -DHAVE_SYS_MMAN_H=1 -DHAVE_DIRENT_H=1 -DHAVE_LIMITS_H=1 -DHAVE_PATHS_H=1 -DHAVE_VA_COPY=1 -DHAVE___VA_COPY=1 -DFILE_LOCKS=1 -DCALMA_MODULE=1 -DCIF_MODULE=1 -DX11_BACKING_STORE=1 -DPLOT_MODULE=1 -DLEF_MODULE=1 -DROUTE_MODULE=1 -DUSE_NEW_MACROS=1 -DVECTOR_FONTS=1 -DHAVE_LIBCAIRO=1 -DMAGIC_WRAPPER=1 -Dlinux=1 -DSYSV=1 -DISC=1 -DNDEBUG -DGCORE=\"/usr/bin/gcore\" -DSHDLIB_EXT=\".so\" -DX11 -DXLIB -DCAIRO -DNDEBUG  -c macros.c
--- compiling utils/main.o
rm -f main.o
gcc -g -m64 -fPIC -Wimplicit-int -fPIC  -I/usr/include/tcl8.6/tk-private/generic -I/usr/include/tcl8.6  -I. -I..  -DCAD_DIR=\"/home/chuan/Desktop/magic_install/lib\" -DBIN_DIR=\"/home/chuan/Desktop/magic_install/bin\" -DTCL_DIR=\"/home/chuan/Desktop/magic_install/lib/magic/tcl\" -DPACKAGE_NAME=\"\" -DPACKAGE_TARNAME=\"\" -DPACKAGE_VERSION=\"\" -DPACKAGE_STRING=\"\" -DPACKAGE_BUGREPORT=\"\" -DPACKAGE_URL=\"\" -DMAGIC_VERSION=\"8.2\" -DMAGIC_REVISION=\"19\" -DSTDC_HEADERS=1 -DHAVE_SYS_TYPES_H=1 -DHAVE_SYS_STAT_H=1 -DHAVE_STDLIB_H=1 -DHAVE_STRING_H=1 -DHAVE_MEMORY_H=1 -DHAVE_STRINGS_H=1 -DHAVE_INTTYPES_H=1 -DHAVE_STDINT_H=1 -DHAVE_UNISTD_H=1 -DSIZEOF_VOID_P=8 -DSIZEOF_UNSIGNED_INT=4 -DSIZEOF_UNSIGNED_LONG=8 -DSIZEOF_UNSIGNED_LONG_LONG=8 -DSTDC_HEADERS=1 -DHAVE_SETENV=1 -DHAVE_PUTENV=1 -DHAVE_SYS_MMAN_H=1 -DHAVE_DIRENT_H=1 -DHAVE_LIMITS_H=1 -DHAVE_PATHS_H=1 -DHAVE_VA_COPY=1 -DHAVE___VA_COPY=1 -DFILE_LOCKS=1 -DCALMA_MODULE=1 -DCIF_MODULE=1 -DX11_BACKING_STORE=1 -DPLOT_MODULE=1 -DLEF_MODULE=1 -DROUTE_MODULE=1 -DUSE_NEW_MACROS=1 -DVECTOR_FONTS=1 -DHAVE_LIBCAIRO=1 -DMAGIC_WRAPPER=1 -Dlinux=1 -DSYSV=1 -DISC=1 -DNDEBUG -DGCORE=\"/usr/bin/gcore\" -DSHDLIB_EXT=\".so\" -DX11 -DXLIB -DCAIRO -DNDEBUG  -c main.c
--- compiling utils/malloc.o
rm -f malloc.o
gcc -g -m64 -fPIC -Wimplicit-int -fPIC  -I/usr/include/tcl8.6/tk-private/generic -I/usr/include/tcl8.6  -I. -I..  -DCAD_DIR=\"/home/chuan/Desktop/magic_install/lib\" -DBIN_DIR=\"/home/chuan/Desktop/magic_install/bin\" -DTCL_DIR=\"/home/chuan/Desktop/magic_install/lib/magic/tcl\" -DPACKAGE_NAME=\"\" -DPACKAGE_TARNAME=\"\" -DPACKAGE_VERSION=\"\" -DPACKAGE_STRING=\"\" -DPACKAGE_BUGREPORT=\"\" -DPACKAGE_URL=\"\" -DMAGIC_VERSION=\"8.2\" -DMAGIC_REVISION=\"19\" -DSTDC_HEADERS=1 -DHAVE_SYS_TYPES_H=1 -DHAVE_SYS_STAT_H=1 -DHAVE_STDLIB_H=1 -DHAVE_STRING_H=1 -DHAVE_MEMORY_H=1 -DHAVE_STRINGS_H=1 -DHAVE_INTTYPES_H=1 -DHAVE_STDINT_H=1 -DHAVE_UNISTD_H=1 -DSIZEOF_VOID_P=8 -DSIZEOF_UNSIGNED_INT=4 -DSIZEOF_UNSIGNED_LONG=8 -DSIZEOF_UNSIGNED_LONG_LONG=8 -DSTDC_HEADERS=1 -DHAVE_SETENV=1 -DHAVE_PUTENV=1 -DHAVE_SYS_MMAN_H=1 -DHAVE_DIRENT_H=1 -DHAVE_LIMITS_H=1 -DHAVE_PATHS_H=1 -DHAVE_VA_COPY=1 -DHAVE___VA_COPY=1 -DFILE_LOCKS=1 -DCALMA_MODULE=1 -DCIF_MODULE=1 -DX11_BACKING_STORE=1 -DPLOT_MODULE=1 -DLEF_MODULE=1 -DROUTE_MODULE=1 -DUSE_NEW_MACROS=1 -DVECTOR_FONTS=1 -DHAVE_LIBCAIRO=1 -DMAGIC_WRAPPER=1 -Dlinux=1 -DSYSV=1 -DISC=1 -DNDEBUG -DGCORE=\"/usr/bin/gcore\" -DSHDLIB_EXT=\".so\" -DX11 -DXLIB -DCAIRO -DNDEBUG  -c malloc.c
--- compiling utils/match.o
rm -f match.o
gcc -g -m64 -fPIC -Wimplicit-int -fPIC  -I/usr/include/tcl8.6/tk-private/generic -I/usr/include/tcl8.6  -I. -I..  -DCAD_DIR=\"/home/chuan/Desktop/magic_install/lib\" -DBIN_DIR=\"/home/chuan/Desktop/magic_install/bin\" -DTCL_DIR=\"/home/chuan/Desktop/magic_install/lib/magic/tcl\" -DPACKAGE_NAME=\"\" -DPACKAGE_TARNAME=\"\" -DPACKAGE_VERSION=\"\" -DPACKAGE_STRING=\"\" -DPACKAGE_BUGREPORT=\"\" -DPACKAGE_URL=\"\" -DMAGIC_VERSION=\"8.2\" -DMAGIC_REVISION=\"19\" -DSTDC_HEADERS=1 -DHAVE_SYS_TYPES_H=1 -DHAVE_SYS_STAT_H=1 -DHAVE_STDLIB_H=1 -DHAVE_STRING_H=1 -DHAVE_MEMORY_H=1 -DHAVE_STRINGS_H=1 -DHAVE_INTTYPES_H=1 -DHAVE_STDINT_H=1 -DHAVE_UNISTD_H=1 -DSIZEOF_VOID_P=8 -DSIZEOF_UNSIGNED_INT=4 -DSIZEOF_UNSIGNED_LONG=8 -DSIZEOF_UNSIGNED_LONG_LONG=8 -DSTDC_HEADERS=1 -DHAVE_SETENV=1 -DHAVE_PUTENV=1 -DHAVE_SYS_MMAN_H=1 -DHAVE_DIRENT_H=1 -DHAVE_LIMITS_H=1 -DHAVE_PATHS_H=1 -DHAVE_VA_COPY=1 -DHAVE___VA_COPY=1 -DFILE_LOCKS=1 -DCALMA_MODULE=1 -DCIF_MODULE=1 -DX11_BACKING_STORE=1 -DPLOT_MODULE=1 -DLEF_MODULE=1 -DROUTE_MODULE=1 -DUSE_NEW_MACROS=1 -DVECTOR_FONTS=1 -DHAVE_LIBCAIRO=1 -DMAGIC_WRAPPER=1 -Dlinux=1 -DSYSV=1 -DISC=1 -DNDEBUG -DGCORE=\"/usr/bin/gcore\" -DSHDLIB_EXT=\".so\" -DX11 -DXLIB -DCAIRO -DNDEBUG  -c match.c
--- compiling utils/maxrect.o
rm -f maxrect.o
gcc -g -m64 -fPIC -Wimplicit-int -fPIC  -I/usr/include/tcl8.6/tk-private/generic -I/usr/include/tcl8.6  -I. -I..  -DCAD_DIR=\"/home/chuan/Desktop/magic_install/lib\" -DBIN_DIR=\"/home/chuan/Desktop/magic_install/bin\" -DTCL_DIR=\"/home/chuan/Desktop/magic_install/lib/magic/tcl\" -DPACKAGE_NAME=\"\" -DPACKAGE_TARNAME=\"\" -DPACKAGE_VERSION=\"\" -DPACKAGE_STRING=\"\" -DPACKAGE_BUGREPORT=\"\" -DPACKAGE_URL=\"\" -DMAGIC_VERSION=\"8.2\" -DMAGIC_REVISION=\"19\" -DSTDC_HEADERS=1 -DHAVE_SYS_TYPES_H=1 -DHAVE_SYS_STAT_H=1 -DHAVE_STDLIB_H=1 -DHAVE_STRING_H=1 -DHAVE_MEMORY_H=1 -DHAVE_STRINGS_H=1 -DHAVE_INTTYPES_H=1 -DHAVE_STDINT_H=1 -DHAVE_UNISTD_H=1 -DSIZEOF_VOID_P=8 -DSIZEOF_UNSIGNED_INT=4 -DSIZEOF_UNSIGNED_LONG=8 -DSIZEOF_UNSIGNED_LONG_LONG=8 -DSTDC_HEADERS=1 -DHAVE_SETENV=1 -DHAVE_PUTENV=1 -DHAVE_SYS_MMAN_H=1 -DHAVE_DIRENT_H=1 -DHAVE_LIMITS_H=1 -DHAVE_PATHS_H=1 -DHAVE_VA_COPY=1 -DHAVE___VA_COPY=1 -DFILE_LOCKS=1 -DCALMA_MODULE=1 -DCIF_MODULE=1 -DX11_BACKING_STORE=1 -DPLOT_MODULE=1 -DLEF_MODULE=1 -DROUTE_MODULE=1 -DUSE_NEW_MACROS=1 -DVECTOR_FONTS=1 -DHAVE_LIBCAIRO=1 -DMAGIC_WRAPPER=1 -Dlinux=1 -DSYSV=1 -DISC=1 -DNDEBUG -DGCORE=\"/usr/bin/gcore\" -DSHDLIB_EXT=\".so\" -DX11 -DXLIB -DCAIRO -DNDEBUG  -c maxrect.c
--- compiling utils/netlist.o
rm -f netlist.o
gcc -g -m64 -fPIC -Wimplicit-int -fPIC  -I/usr/include/tcl8.6/tk-private/generic -I/usr/include/tcl8.6  -I. -I..  -DCAD_DIR=\"/home/chuan/Desktop/magic_install/lib\" -DBIN_DIR=\"/home/chuan/Desktop/magic_install/bin\" -DTCL_DIR=\"/home/chuan/Desktop/magic_install/lib/magic/tcl\" -DPACKAGE_NAME=\"\" -DPACKAGE_TARNAME=\"\" -DPACKAGE_VERSION=\"\" -DPACKAGE_STRING=\"\" -DPACKAGE_BUGREPORT=\"\" -DPACKAGE_URL=\"\" -DMAGIC_VERSION=\"8.2\" -DMAGIC_REVISION=\"19\" -DSTDC_HEADERS=1 -DHAVE_SYS_TYPES_H=1 -DHAVE_SYS_STAT_H=1 -DHAVE_STDLIB_H=1 -DHAVE_STRING_H=1 -DHAVE_MEMORY_H=1 -DHAVE_STRINGS_H=1 -DHAVE_INTTYPES_H=1 -DHAVE_STDINT_H=1 -DHAVE_UNISTD_H=1 -DSIZEOF_VOID_P=8 -DSIZEOF_UNSIGNED_INT=4 -DSIZEOF_UNSIGNED_LONG=8 -DSIZEOF_UNSIGNED_LONG_LONG=8 -DSTDC_HEADERS=1 -DHAVE_SETENV=1 -DHAVE_PUTENV=1 -DHAVE_SYS_MMAN_H=1 -DHAVE_DIRENT_H=1 -DHAVE_LIMITS_H=1 -DHAVE_PATHS_H=1 -DHAVE_VA_COPY=1 -DHAVE___VA_COPY=1 -DFILE_LOCKS=1 -DCALMA_MODULE=1 -DCIF_MODULE=1 -DX11_BACKING_STORE=1 -DPLOT_MODULE=1 -DLEF_MODULE=1 -DROUTE_MODULE=1 -DUSE_NEW_MACROS=1 -DVECTOR_FONTS=1 -DHAVE_LIBCAIRO=1 -DMAGIC_WRAPPER=1 -Dlinux=1 -DSYSV=1 -DISC=1 -DNDEBUG -DGCORE=\"/usr/bin/gcore\" -DSHDLIB_EXT=\".so\" -DX11 -DXLIB -DCAIRO -DNDEBUG  -c netlist.c
netlist.c: In function ‘NLNetName’:
netlist.c:381:2: warning: format ‘%lld’ expects argument of type ‘long long int’, but argument 3 has type ‘long int’ [-Wformat=]
  (void) sprintf(tempId, "#%"DLONG_PREFIX"d", (dlong) net);
  ^
--- compiling utils/niceabort.o
rm -f niceabort.o
gcc -g -m64 -fPIC -Wimplicit-int -fPIC  -I/usr/include/tcl8.6/tk-private/generic -I/usr/include/tcl8.6  -I. -I..  -DCAD_DIR=\"/home/chuan/Desktop/magic_install/lib\" -DBIN_DIR=\"/home/chuan/Desktop/magic_install/bin\" -DTCL_DIR=\"/home/chuan/Desktop/magic_install/lib/magic/tcl\" -DPACKAGE_NAME=\"\" -DPACKAGE_TARNAME=\"\" -DPACKAGE_VERSION=\"\" -DPACKAGE_STRING=\"\" -DPACKAGE_BUGREPORT=\"\" -DPACKAGE_URL=\"\" -DMAGIC_VERSION=\"8.2\" -DMAGIC_REVISION=\"19\" -DSTDC_HEADERS=1 -DHAVE_SYS_TYPES_H=1 -DHAVE_SYS_STAT_H=1 -DHAVE_STDLIB_H=1 -DHAVE_STRING_H=1 -DHAVE_MEMORY_H=1 -DHAVE_STRINGS_H=1 -DHAVE_INTTYPES_H=1 -DHAVE_STDINT_H=1 -DHAVE_UNISTD_H=1 -DSIZEOF_VOID_P=8 -DSIZEOF_UNSIGNED_INT=4 -DSIZEOF_UNSIGNED_LONG=8 -DSIZEOF_UNSIGNED_LONG_LONG=8 -DSTDC_HEADERS=1 -DHAVE_SETENV=1 -DHAVE_PUTENV=1 -DHAVE_SYS_MMAN_H=1 -DHAVE_DIRENT_H=1 -DHAVE_LIMITS_H=1 -DHAVE_PATHS_H=1 -DHAVE_VA_COPY=1 -DHAVE___VA_COPY=1 -DFILE_LOCKS=1 -DCALMA_MODULE=1 -DCIF_MODULE=1 -DX11_BACKING_STORE=1 -DPLOT_MODULE=1 -DLEF_MODULE=1 -DROUTE_MODULE=1 -DUSE_NEW_MACROS=1 -DVECTOR_FONTS=1 -DHAVE_LIBCAIRO=1 -DMAGIC_WRAPPER=1 -Dlinux=1 -DSYSV=1 -DISC=1 -DNDEBUG -DGCORE=\"/usr/bin/gcore\" -DSHDLIB_EXT=\".so\" -DX11 -DXLIB -DCAIRO -DNDEBUG  -c niceabort.c
--- compiling utils/parser.o
rm -f parser.o
gcc -g -m64 -fPIC -Wimplicit-int -fPIC  -I/usr/include/tcl8.6/tk-private/generic -I/usr/include/tcl8.6  -I. -I..  -DCAD_DIR=\"/home/chuan/Desktop/magic_install/lib\" -DBIN_DIR=\"/home/chuan/Desktop/magic_install/bin\" -DTCL_DIR=\"/home/chuan/Desktop/magic_install/lib/magic/tcl\" -DPACKAGE_NAME=\"\" -DPACKAGE_TARNAME=\"\" -DPACKAGE_VERSION=\"\" -DPACKAGE_STRING=\"\" -DPACKAGE_BUGREPORT=\"\" -DPACKAGE_URL=\"\" -DMAGIC_VERSION=\"8.2\" -DMAGIC_REVISION=\"19\" -DSTDC_HEADERS=1 -DHAVE_SYS_TYPES_H=1 -DHAVE_SYS_STAT_H=1 -DHAVE_STDLIB_H=1 -DHAVE_STRING_H=1 -DHAVE_MEMORY_H=1 -DHAVE_STRINGS_H=1 -DHAVE_INTTYPES_H=1 -DHAVE_STDINT_H=1 -DHAVE_UNISTD_H=1 -DSIZEOF_VOID_P=8 -DSIZEOF_UNSIGNED_INT=4 -DSIZEOF_UNSIGNED_LONG=8 -DSIZEOF_UNSIGNED_LONG_LONG=8 -DSTDC_HEADERS=1 -DHAVE_SETENV=1 -DHAVE_PUTENV=1 -DHAVE_SYS_MMAN_H=1 -DHAVE_DIRENT_H=1 -DHAVE_LIMITS_H=1 -DHAVE_PATHS_H=1 -DHAVE_VA_COPY=1 -DHAVE___VA_COPY=1 -DFILE_LOCKS=1 -DCALMA_MODULE=1 -DCIF_MODULE=1 -DX11_BACKING_STORE=1 -DPLOT_MODULE=1 -DLEF_MODULE=1 -DROUTE_MODULE=1 -DUSE_NEW_MACROS=1 -DVECTOR_FONTS=1 -DHAVE_LIBCAIRO=1 -DMAGIC_WRAPPER=1 -Dlinux=1 -DSYSV=1 -DISC=1 -DNDEBUG -DGCORE=\"/usr/bin/gcore\" -DSHDLIB_EXT=\".so\" -DX11 -DXLIB -DCAIRO -DNDEBUG  -c parser.c
--- compiling utils/path.o
rm -f path.o
gcc -g -m64 -fPIC -Wimplicit-int -fPIC  -I/usr/include/tcl8.6/tk-private/generic -I/usr/include/tcl8.6  -I. -I..  -DCAD_DIR=\"/home/chuan/Desktop/magic_install/lib\" -DBIN_DIR=\"/home/chuan/Desktop/magic_install/bin\" -DTCL_DIR=\"/home/chuan/Desktop/magic_install/lib/magic/tcl\" -DPACKAGE_NAME=\"\" -DPACKAGE_TARNAME=\"\" -DPACKAGE_VERSION=\"\" -DPACKAGE_STRING=\"\" -DPACKAGE_BUGREPORT=\"\" -DPACKAGE_URL=\"\" -DMAGIC_VERSION=\"8.2\" -DMAGIC_REVISION=\"19\" -DSTDC_HEADERS=1 -DHAVE_SYS_TYPES_H=1 -DHAVE_SYS_STAT_H=1 -DHAVE_STDLIB_H=1 -DHAVE_STRING_H=1 -DHAVE_MEMORY_H=1 -DHAVE_STRINGS_H=1 -DHAVE_INTTYPES_H=1 -DHAVE_STDINT_H=1 -DHAVE_UNISTD_H=1 -DSIZEOF_VOID_P=8 -DSIZEOF_UNSIGNED_INT=4 -DSIZEOF_UNSIGNED_LONG=8 -DSIZEOF_UNSIGNED_LONG_LONG=8 -DSTDC_HEADERS=1 -DHAVE_SETENV=1 -DHAVE_PUTENV=1 -DHAVE_SYS_MMAN_H=1 -DHAVE_DIRENT_H=1 -DHAVE_LIMITS_H=1 -DHAVE_PATHS_H=1 -DHAVE_VA_COPY=1 -DHAVE___VA_COPY=1 -DFILE_LOCKS=1 -DCALMA_MODULE=1 -DCIF_MODULE=1 -DX11_BACKING_STORE=1 -DPLOT_MODULE=1 -DLEF_MODULE=1 -DROUTE_MODULE=1 -DUSE_NEW_MACROS=1 -DVECTOR_FONTS=1 -DHAVE_LIBCAIRO=1 -DMAGIC_WRAPPER=1 -Dlinux=1 -DSYSV=1 -DISC=1 -DNDEBUG -DGCORE=\"/usr/bin/gcore\" -DSHDLIB_EXT=\".so\" -DX11 -DXLIB -DCAIRO -DNDEBUG  -c path.c
--- compiling utils/pathvisit.o
rm -f pathvisit.o
gcc -g -m64 -fPIC -Wimplicit-int -fPIC  -I/usr/include/tcl8.6/tk-private/generic -I/usr/include/tcl8.6  -I. -I..  -DCAD_DIR=\"/home/chuan/Desktop/magic_install/lib\" -DBIN_DIR=\"/home/chuan/Desktop/magic_install/bin\" -DTCL_DIR=\"/home/chuan/Desktop/magic_install/lib/magic/tcl\" -DPACKAGE_NAME=\"\" -DPACKAGE_TARNAME=\"\" -DPACKAGE_VERSION=\"\" -DPACKAGE_STRING=\"\" -DPACKAGE_BUGREPORT=\"\" -DPACKAGE_URL=\"\" -DMAGIC_VERSION=\"8.2\" -DMAGIC_REVISION=\"19\" -DSTDC_HEADERS=1 -DHAVE_SYS_TYPES_H=1 -DHAVE_SYS_STAT_H=1 -DHAVE_STDLIB_H=1 -DHAVE_STRING_H=1 -DHAVE_MEMORY_H=1 -DHAVE_STRINGS_H=1 -DHAVE_INTTYPES_H=1 -DHAVE_STDINT_H=1 -DHAVE_UNISTD_H=1 -DSIZEOF_VOID_P=8 -DSIZEOF_UNSIGNED_INT=4 -DSIZEOF_UNSIGNED_LONG=8 -DSIZEOF_UNSIGNED_LONG_LONG=8 -DSTDC_HEADERS=1 -DHAVE_SETENV=1 -DHAVE_PUTENV=1 -DHAVE_SYS_MMAN_H=1 -DHAVE_DIRENT_H=1 -DHAVE_LIMITS_H=1 -DHAVE_PATHS_H=1 -DHAVE_VA_COPY=1 -DHAVE___VA_COPY=1 -DFILE_LOCKS=1 -DCALMA_MODULE=1 -DCIF_MODULE=1 -DX11_BACKING_STORE=1 -DPLOT_MODULE=1 -DLEF_MODULE=1 -DROUTE_MODULE=1 -DUSE_NEW_MACROS=1 -DVECTOR_FONTS=1 -DHAVE_LIBCAIRO=1 -DMAGIC_WRAPPER=1 -Dlinux=1 -DSYSV=1 -DISC=1 -DNDEBUG -DGCORE=\"/usr/bin/gcore\" -DSHDLIB_EXT=\".so\" -DX11 -DXLIB -DCAIRO -DNDEBUG  -c pathvisit.c
--- compiling utils/port.o
rm -f port.o
gcc -g -m64 -fPIC -Wimplicit-int -fPIC  -I/usr/include/tcl8.6/tk-private/generic -I/usr/include/tcl8.6  -I. -I..  -DCAD_DIR=\"/home/chuan/Desktop/magic_install/lib\" -DBIN_DIR=\"/home/chuan/Desktop/magic_install/bin\" -DTCL_DIR=\"/home/chuan/Desktop/magic_install/lib/magic/tcl\" -DPACKAGE_NAME=\"\" -DPACKAGE_TARNAME=\"\" -DPACKAGE_VERSION=\"\" -DPACKAGE_STRING=\"\" -DPACKAGE_BUGREPORT=\"\" -DPACKAGE_URL=\"\" -DMAGIC_VERSION=\"8.2\" -DMAGIC_REVISION=\"19\" -DSTDC_HEADERS=1 -DHAVE_SYS_TYPES_H=1 -DHAVE_SYS_STAT_H=1 -DHAVE_STDLIB_H=1 -DHAVE_STRING_H=1 -DHAVE_MEMORY_H=1 -DHAVE_STRINGS_H=1 -DHAVE_INTTYPES_H=1 -DHAVE_STDINT_H=1 -DHAVE_UNISTD_H=1 -DSIZEOF_VOID_P=8 -DSIZEOF_UNSIGNED_INT=4 -DSIZEOF_UNSIGNED_LONG=8 -DSIZEOF_UNSIGNED_LONG_LONG=8 -DSTDC_HEADERS=1 -DHAVE_SETENV=1 -DHAVE_PUTENV=1 -DHAVE_SYS_MMAN_H=1 -DHAVE_DIRENT_H=1 -DHAVE_LIMITS_H=1 -DHAVE_PATHS_H=1 -DHAVE_VA_COPY=1 -DHAVE___VA_COPY=1 -DFILE_LOCKS=1 -DCALMA_MODULE=1 -DCIF_MODULE=1 -DX11_BACKING_STORE=1 -DPLOT_MODULE=1 -DLEF_MODULE=1 -DROUTE_MODULE=1 -DUSE_NEW_MACROS=1 -DVECTOR_FONTS=1 -DHAVE_LIBCAIRO=1 -DMAGIC_WRAPPER=1 -Dlinux=1 -DSYSV=1 -DISC=1 -DNDEBUG -DGCORE=\"/usr/bin/gcore\" -DSHDLIB_EXT=\".so\" -DX11 -DXLIB -DCAIRO -DNDEBUG  -c port.c
--- compiling utils/printstuff.o
rm -f printstuff.o
gcc -g -m64 -fPIC -Wimplicit-int -fPIC  -I/usr/include/tcl8.6/tk-private/generic -I/usr/include/tcl8.6  -I. -I..  -DCAD_DIR=\"/home/chuan/Desktop/magic_install/lib\" -DBIN_DIR=\"/home/chuan/Desktop/magic_install/bin\" -DTCL_DIR=\"/home/chuan/Desktop/magic_install/lib/magic/tcl\" -DPACKAGE_NAME=\"\" -DPACKAGE_TARNAME=\"\" -DPACKAGE_VERSION=\"\" -DPACKAGE_STRING=\"\" -DPACKAGE_BUGREPORT=\"\" -DPACKAGE_URL=\"\" -DMAGIC_VERSION=\"8.2\" -DMAGIC_REVISION=\"19\" -DSTDC_HEADERS=1 -DHAVE_SYS_TYPES_H=1 -DHAVE_SYS_STAT_H=1 -DHAVE_STDLIB_H=1 -DHAVE_STRING_H=1 -DHAVE_MEMORY_H=1 -DHAVE_STRINGS_H=1 -DHAVE_INTTYPES_H=1 -DHAVE_STDINT_H=1 -DHAVE_UNISTD_H=1 -DSIZEOF_VOID_P=8 -DSIZEOF_UNSIGNED_INT=4 -DSIZEOF_UNSIGNED_LONG=8 -DSIZEOF_UNSIGNED_LONG_LONG=8 -DSTDC_HEADERS=1 -DHAVE_SETENV=1 -DHAVE_PUTENV=1 -DHAVE_SYS_MMAN_H=1 -DHAVE_DIRENT_H=1 -DHAVE_LIMITS_H=1 -DHAVE_PATHS_H=1 -DHAVE_VA_COPY=1 -DHAVE___VA_COPY=1 -DFILE_LOCKS=1 -DCALMA_MODULE=1 -DCIF_MODULE=1 -DX11_BACKING_STORE=1 -DPLOT_MODULE=1 -DLEF_MODULE=1 -DROUTE_MODULE=1 -DUSE_NEW_MACROS=1 -DVECTOR_FONTS=1 -DHAVE_LIBCAIRO=1 -DMAGIC_WRAPPER=1 -Dlinux=1 -DSYSV=1 -DISC=1 -DNDEBUG -DGCORE=\"/usr/bin/gcore\" -DSHDLIB_EXT=\".so\" -DX11 -DXLIB -DCAIRO -DNDEBUG  -c printstuff.c
--- compiling utils/signals.o
rm -f signals.o
gcc -g -m64 -fPIC -Wimplicit-int -fPIC  -I/usr/include/tcl8.6/tk-private/generic -I/usr/include/tcl8.6  -I. -I..  -DCAD_DIR=\"/home/chuan/Desktop/magic_install/lib\" -DBIN_DIR=\"/home/chuan/Desktop/magic_install/bin\" -DTCL_DIR=\"/home/chuan/Desktop/magic_install/lib/magic/tcl\" -DPACKAGE_NAME=\"\" -DPACKAGE_TARNAME=\"\" -DPACKAGE_VERSION=\"\" -DPACKAGE_STRING=\"\" -DPACKAGE_BUGREPORT=\"\" -DPACKAGE_URL=\"\" -DMAGIC_VERSION=\"8.2\" -DMAGIC_REVISION=\"19\" -DSTDC_HEADERS=1 -DHAVE_SYS_TYPES_H=1 -DHAVE_SYS_STAT_H=1 -DHAVE_STDLIB_H=1 -DHAVE_STRING_H=1 -DHAVE_MEMORY_H=1 -DHAVE_STRINGS_H=1 -DHAVE_INTTYPES_H=1 -DHAVE_STDINT_H=1 -DHAVE_UNISTD_H=1 -DSIZEOF_VOID_P=8 -DSIZEOF_UNSIGNED_INT=4 -DSIZEOF_UNSIGNED_LONG=8 -DSIZEOF_UNSIGNED_LONG_LONG=8 -DSTDC_HEADERS=1 -DHAVE_SETENV=1 -DHAVE_PUTENV=1 -DHAVE_SYS_MMAN_H=1 -DHAVE_DIRENT_H=1 -DHAVE_LIMITS_H=1 -DHAVE_PATHS_H=1 -DHAVE_VA_COPY=1 -DHAVE___VA_COPY=1 -DFILE_LOCKS=1 -DCALMA_MODULE=1 -DCIF_MODULE=1 -DX11_BACKING_STORE=1 -DPLOT_MODULE=1 -DLEF_MODULE=1 -DROUTE_MODULE=1 -DUSE_NEW_MACROS=1 -DVECTOR_FONTS=1 -DHAVE_LIBCAIRO=1 -DMAGIC_WRAPPER=1 -Dlinux=1 -DSYSV=1 -DISC=1 -DNDEBUG -DGCORE=\"/usr/bin/gcore\" -DSHDLIB_EXT=\".so\" -DX11 -DXLIB -DCAIRO -DNDEBUG  -c signals.c
--- compiling utils/stack.o
rm -f stack.o
gcc -g -m64 -fPIC -Wimplicit-int -fPIC  -I/usr/include/tcl8.6/tk-private/generic -I/usr/include/tcl8.6  -I. -I..  -DCAD_DIR=\"/home/chuan/Desktop/magic_install/lib\" -DBIN_DIR=\"/home/chuan/Desktop/magic_install/bin\" -DTCL_DIR=\"/home/chuan/Desktop/magic_install/lib/magic/tcl\" -DPACKAGE_NAME=\"\" -DPACKAGE_TARNAME=\"\" -DPACKAGE_VERSION=\"\" -DPACKAGE_STRING=\"\" -DPACKAGE_BUGREPORT=\"\" -DPACKAGE_URL=\"\" -DMAGIC_VERSION=\"8.2\" -DMAGIC_REVISION=\"19\" -DSTDC_HEADERS=1 -DHAVE_SYS_TYPES_H=1 -DHAVE_SYS_STAT_H=1 -DHAVE_STDLIB_H=1 -DHAVE_STRING_H=1 -DHAVE_MEMORY_H=1 -DHAVE_STRINGS_H=1 -DHAVE_INTTYPES_H=1 -DHAVE_STDINT_H=1 -DHAVE_UNISTD_H=1 -DSIZEOF_VOID_P=8 -DSIZEOF_UNSIGNED_INT=4 -DSIZEOF_UNSIGNED_LONG=8 -DSIZEOF_UNSIGNED_LONG_LONG=8 -DSTDC_HEADERS=1 -DHAVE_SETENV=1 -DHAVE_PUTENV=1 -DHAVE_SYS_MMAN_H=1 -DHAVE_DIRENT_H=1 -DHAVE_LIMITS_H=1 -DHAVE_PATHS_H=1 -DHAVE_VA_COPY=1 -DHAVE___VA_COPY=1 -DFILE_LOCKS=1 -DCALMA_MODULE=1 -DCIF_MODULE=1 -DX11_BACKING_STORE=1 -DPLOT_MODULE=1 -DLEF_MODULE=1 -DROUTE_MODULE=1 -DUSE_NEW_MACROS=1 -DVECTOR_FONTS=1 -DHAVE_LIBCAIRO=1 -DMAGIC_WRAPPER=1 -Dlinux=1 -DSYSV=1 -DISC=1 -DNDEBUG -DGCORE=\"/usr/bin/gcore\" -DSHDLIB_EXT=\".so\" -DX11 -DXLIB -DCAIRO -DNDEBUG  -c stack.c
--- compiling utils/strdup.o
rm -f strdup.o
gcc -g -m64 -fPIC -Wimplicit-int -fPIC  -I/usr/include/tcl8.6/tk-private/generic -I/usr/include/tcl8.6  -I. -I..  -DCAD_DIR=\"/home/chuan/Desktop/magic_install/lib\" -DBIN_DIR=\"/home/chuan/Desktop/magic_install/bin\" -DTCL_DIR=\"/home/chuan/Desktop/magic_install/lib/magic/tcl\" -DPACKAGE_NAME=\"\" -DPACKAGE_TARNAME=\"\" -DPACKAGE_VERSION=\"\" -DPACKAGE_STRING=\"\" -DPACKAGE_BUGREPORT=\"\" -DPACKAGE_URL=\"\" -DMAGIC_VERSION=\"8.2\" -DMAGIC_REVISION=\"19\" -DSTDC_HEADERS=1 -DHAVE_SYS_TYPES_H=1 -DHAVE_SYS_STAT_H=1 -DHAVE_STDLIB_H=1 -DHAVE_STRING_H=1 -DHAVE_MEMORY_H=1 -DHAVE_STRINGS_H=1 -DHAVE_INTTYPES_H=1 -DHAVE_STDINT_H=1 -DHAVE_UNISTD_H=1 -DSIZEOF_VOID_P=8 -DSIZEOF_UNSIGNED_INT=4 -DSIZEOF_UNSIGNED_LONG=8 -DSIZEOF_UNSIGNED_LONG_LONG=8 -DSTDC_HEADERS=1 -DHAVE_SETENV=1 -DHAVE_PUTENV=1 -DHAVE_SYS_MMAN_H=1 -DHAVE_DIRENT_H=1 -DHAVE_LIMITS_H=1 -DHAVE_PATHS_H=1 -DHAVE_VA_COPY=1 -DHAVE___VA_COPY=1 -DFILE_LOCKS=1 -DCALMA_MODULE=1 -DCIF_MODULE=1 -DX11_BACKING_STORE=1 -DPLOT_MODULE=1 -DLEF_MODULE=1 -DROUTE_MODULE=1 -DUSE_NEW_MACROS=1 -DVECTOR_FONTS=1 -DHAVE_LIBCAIRO=1 -DMAGIC_WRAPPER=1 -Dlinux=1 -DSYSV=1 -DISC=1 -DNDEBUG -DGCORE=\"/usr/bin/gcore\" -DSHDLIB_EXT=\".so\" -DX11 -DXLIB -DCAIRO -DNDEBUG  -c strdup.c
--- compiling utils/runstats.o
rm -f runstats.o
gcc -g -m64 -fPIC -Wimplicit-int -fPIC  -I/usr/include/tcl8.6/tk-private/generic -I/usr/include/tcl8.6  -I. -I..  -DCAD_DIR=\"/home/chuan/Desktop/magic_install/lib\" -DBIN_DIR=\"/home/chuan/Desktop/magic_install/bin\" -DTCL_DIR=\"/home/chuan/Desktop/magic_install/lib/magic/tcl\" -DPACKAGE_NAME=\"\" -DPACKAGE_TARNAME=\"\" -DPACKAGE_VERSION=\"\" -DPACKAGE_STRING=\"\" -DPACKAGE_BUGREPORT=\"\" -DPACKAGE_URL=\"\" -DMAGIC_VERSION=\"8.2\" -DMAGIC_REVISION=\"19\" -DSTDC_HEADERS=1 -DHAVE_SYS_TYPES_H=1 -DHAVE_SYS_STAT_H=1 -DHAVE_STDLIB_H=1 -DHAVE_STRING_H=1 -DHAVE_MEMORY_H=1 -DHAVE_STRINGS_H=1 -DHAVE_INTTYPES_H=1 -DHAVE_STDINT_H=1 -DHAVE_UNISTD_H=1 -DSIZEOF_VOID_P=8 -DSIZEOF_UNSIGNED_INT=4 -DSIZEOF_UNSIGNED_LONG=8 -DSIZEOF_UNSIGNED_LONG_LONG=8 -DSTDC_HEADERS=1 -DHAVE_SETENV=1 -DHAVE_PUTENV=1 -DHAVE_SYS_MMAN_H=1 -DHAVE_DIRENT_H=1 -DHAVE_LIMITS_H=1 -DHAVE_PATHS_H=1 -DHAVE_VA_COPY=1 -DHAVE___VA_COPY=1 -DFILE_LOCKS=1 -DCALMA_MODULE=1 -DCIF_MODULE=1 -DX11_BACKING_STORE=1 -DPLOT_MODULE=1 -DLEF_MODULE=1 -DROUTE_MODULE=1 -DUSE_NEW_MACROS=1 -DVECTOR_FONTS=1 -DHAVE_LIBCAIRO=1 -DMAGIC_WRAPPER=1 -Dlinux=1 -DSYSV=1 -DISC=1 -DNDEBUG -DGCORE=\"/usr/bin/gcore\" -DSHDLIB_EXT=\".so\" -DX11 -DXLIB -DCAIRO -DNDEBUG  -c runstats.c
--- compiling utils/set.o
rm -f set.o
gcc -g -m64 -fPIC -Wimplicit-int -fPIC  -I/usr/include/tcl8.6/tk-private/generic -I/usr/include/tcl8.6  -I. -I..  -DCAD_DIR=\"/home/chuan/Desktop/magic_install/lib\" -DBIN_DIR=\"/home/chuan/Desktop/magic_install/bin\" -DTCL_DIR=\"/home/chuan/Desktop/magic_install/lib/magic/tcl\" -DPACKAGE_NAME=\"\" -DPACKAGE_TARNAME=\"\" -DPACKAGE_VERSION=\"\" -DPACKAGE_STRING=\"\" -DPACKAGE_BUGREPORT=\"\" -DPACKAGE_URL=\"\" -DMAGIC_VERSION=\"8.2\" -DMAGIC_REVISION=\"19\" -DSTDC_HEADERS=1 -DHAVE_SYS_TYPES_H=1 -DHAVE_SYS_STAT_H=1 -DHAVE_STDLIB_H=1 -DHAVE_STRING_H=1 -DHAVE_MEMORY_H=1 -DHAVE_STRINGS_H=1 -DHAVE_INTTYPES_H=1 -DHAVE_STDINT_H=1 -DHAVE_UNISTD_H=1 -DSIZEOF_VOID_P=8 -DSIZEOF_UNSIGNED_INT=4 -DSIZEOF_UNSIGNED_LONG=8 -DSIZEOF_UNSIGNED_LONG_LONG=8 -DSTDC_HEADERS=1 -DHAVE_SETENV=1 -DHAVE_PUTENV=1 -DHAVE_SYS_MMAN_H=1 -DHAVE_DIRENT_H=1 -DHAVE_LIMITS_H=1 -DHAVE_PATHS_H=1 -DHAVE_VA_COPY=1 -DHAVE___VA_COPY=1 -DFILE_LOCKS=1 -DCALMA_MODULE=1 -DCIF_MODULE=1 -DX11_BACKING_STORE=1 -DPLOT_MODULE=1 -DLEF_MODULE=1 -DROUTE_MODULE=1 -DUSE_NEW_MACROS=1 -DVECTOR_FONTS=1 -DHAVE_LIBCAIRO=1 -DMAGIC_WRAPPER=1 -Dlinux=1 -DSYSV=1 -DISC=1 -DNDEBUG -DGCORE=\"/usr/bin/gcore\" -DSHDLIB_EXT=\".so\" -DX11 -DXLIB -DCAIRO -DNDEBUG  -c set.c
--- compiling utils/show.o
rm -f show.o
gcc -g -m64 -fPIC -Wimplicit-int -fPIC  -I/usr/include/tcl8.6/tk-private/generic -I/usr/include/tcl8.6  -I. -I..  -DCAD_DIR=\"/home/chuan/Desktop/magic_install/lib\" -DBIN_DIR=\"/home/chuan/Desktop/magic_install/bin\" -DTCL_DIR=\"/home/chuan/Desktop/magic_install/lib/magic/tcl\" -DPACKAGE_NAME=\"\" -DPACKAGE_TARNAME=\"\" -DPACKAGE_VERSION=\"\" -DPACKAGE_STRING=\"\" -DPACKAGE_BUGREPORT=\"\" -DPACKAGE_URL=\"\" -DMAGIC_VERSION=\"8.2\" -DMAGIC_REVISION=\"19\" -DSTDC_HEADERS=1 -DHAVE_SYS_TYPES_H=1 -DHAVE_SYS_STAT_H=1 -DHAVE_STDLIB_H=1 -DHAVE_STRING_H=1 -DHAVE_MEMORY_H=1 -DHAVE_STRINGS_H=1 -DHAVE_INTTYPES_H=1 -DHAVE_STDINT_H=1 -DHAVE_UNISTD_H=1 -DSIZEOF_VOID_P=8 -DSIZEOF_UNSIGNED_INT=4 -DSIZEOF_UNSIGNED_LONG=8 -DSIZEOF_UNSIGNED_LONG_LONG=8 -DSTDC_HEADERS=1 -DHAVE_SETENV=1 -DHAVE_PUTENV=1 -DHAVE_SYS_MMAN_H=1 -DHAVE_DIRENT_H=1 -DHAVE_LIMITS_H=1 -DHAVE_PATHS_H=1 -DHAVE_VA_COPY=1 -DHAVE___VA_COPY=1 -DFILE_LOCKS=1 -DCALMA_MODULE=1 -DCIF_MODULE=1 -DX11_BACKING_STORE=1 -DPLOT_MODULE=1 -DLEF_MODULE=1 -DROUTE_MODULE=1 -DUSE_NEW_MACROS=1 -DVECTOR_FONTS=1 -DHAVE_LIBCAIRO=1 -DMAGIC_WRAPPER=1 -Dlinux=1 -DSYSV=1 -DISC=1 -DNDEBUG -DGCORE=\"/usr/bin/gcore\" -DSHDLIB_EXT=\".so\" -DX11 -DXLIB -DCAIRO -DNDEBUG  -c show.c
--- compiling utils/tech.o
rm -f tech.o
gcc -g -m64 -fPIC -Wimplicit-int -fPIC  -I/usr/include/tcl8.6/tk-private/generic -I/usr/include/tcl8.6  -I. -I..  -DCAD_DIR=\"/home/chuan/Desktop/magic_install/lib\" -DBIN_DIR=\"/home/chuan/Desktop/magic_install/bin\" -DTCL_DIR=\"/home/chuan/Desktop/magic_install/lib/magic/tcl\" -DPACKAGE_NAME=\"\" -DPACKAGE_TARNAME=\"\" -DPACKAGE_VERSION=\"\" -DPACKAGE_STRING=\"\" -DPACKAGE_BUGREPORT=\"\" -DPACKAGE_URL=\"\" -DMAGIC_VERSION=\"8.2\" -DMAGIC_REVISION=\"19\" -DSTDC_HEADERS=1 -DHAVE_SYS_TYPES_H=1 -DHAVE_SYS_STAT_H=1 -DHAVE_STDLIB_H=1 -DHAVE_STRING_H=1 -DHAVE_MEMORY_H=1 -DHAVE_STRINGS_H=1 -DHAVE_INTTYPES_H=1 -DHAVE_STDINT_H=1 -DHAVE_UNISTD_H=1 -DSIZEOF_VOID_P=8 -DSIZEOF_UNSIGNED_INT=4 -DSIZEOF_UNSIGNED_LONG=8 -DSIZEOF_UNSIGNED_LONG_LONG=8 -DSTDC_HEADERS=1 -DHAVE_SETENV=1 -DHAVE_PUTENV=1 -DHAVE_SYS_MMAN_H=1 -DHAVE_DIRENT_H=1 -DHAVE_LIMITS_H=1 -DHAVE_PATHS_H=1 -DHAVE_VA_COPY=1 -DHAVE___VA_COPY=1 -DFILE_LOCKS=1 -DCALMA_MODULE=1 -DCIF_MODULE=1 -DX11_BACKING_STORE=1 -DPLOT_MODULE=1 -DLEF_MODULE=1 -DROUTE_MODULE=1 -DUSE_NEW_MACROS=1 -DVECTOR_FONTS=1 -DHAVE_LIBCAIRO=1 -DMAGIC_WRAPPER=1 -Dlinux=1 -DSYSV=1 -DISC=1 -DNDEBUG -DGCORE=\"/usr/bin/gcore\" -DSHDLIB_EXT=\".so\" -DX11 -DXLIB -DCAIRO -DNDEBUG  -c tech.c
--- compiling utils/touchtypes.o
rm -f touchtypes.o
gcc -g -m64 -fPIC -Wimplicit-int -fPIC  -I/usr/include/tcl8.6/tk-private/generic -I/usr/include/tcl8.6  -I. -I..  -DCAD_DIR=\"/home/chuan/Desktop/magic_install/lib\" -DBIN_DIR=\"/home/chuan/Desktop/magic_install/bin\" -DTCL_DIR=\"/home/chuan/Desktop/magic_install/lib/magic/tcl\" -DPACKAGE_NAME=\"\" -DPACKAGE_TARNAME=\"\" -DPACKAGE_VERSION=\"\" -DPACKAGE_STRING=\"\" -DPACKAGE_BUGREPORT=\"\" -DPACKAGE_URL=\"\" -DMAGIC_VERSION=\"8.2\" -DMAGIC_REVISION=\"19\" -DSTDC_HEADERS=1 -DHAVE_SYS_TYPES_H=1 -DHAVE_SYS_STAT_H=1 -DHAVE_STDLIB_H=1 -DHAVE_STRING_H=1 -DHAVE_MEMORY_H=1 -DHAVE_STRINGS_H=1 -DHAVE_INTTYPES_H=1 -DHAVE_STDINT_H=1 -DHAVE_UNISTD_H=1 -DSIZEOF_VOID_P=8 -DSIZEOF_UNSIGNED_INT=4 -DSIZEOF_UNSIGNED_LONG=8 -DSIZEOF_UNSIGNED_LONG_LONG=8 -DSTDC_HEADERS=1 -DHAVE_SETENV=1 -DHAVE_PUTENV=1 -DHAVE_SYS_MMAN_H=1 -DHAVE_DIRENT_H=1 -DHAVE_LIMITS_H=1 -DHAVE_PATHS_H=1 -DHAVE_VA_COPY=1 -DHAVE___VA_COPY=1 -DFILE_LOCKS=1 -DCALMA_MODULE=1 -DCIF_MODULE=1 -DX11_BACKING_STORE=1 -DPLOT_MODULE=1 -DLEF_MODULE=1 -DROUTE_MODULE=1 -DUSE_NEW_MACROS=1 -DVECTOR_FONTS=1 -DHAVE_LIBCAIRO=1 -DMAGIC_WRAPPER=1 -Dlinux=1 -DSYSV=1 -DISC=1 -DNDEBUG -DGCORE=\"/usr/bin/gcore\" -DSHDLIB_EXT=\".so\" -DX11 -DXLIB -DCAIRO -DNDEBUG  -c touchtypes.c
--- compiling utils/undo.o
rm -f undo.o
gcc -g -m64 -fPIC -Wimplicit-int -fPIC  -I/usr/include/tcl8.6/tk-private/generic -I/usr/include/tcl8.6  -I. -I..  -DCAD_DIR=\"/home/chuan/Desktop/magic_install/lib\" -DBIN_DIR=\"/home/chuan/Desktop/magic_install/bin\" -DTCL_DIR=\"/home/chuan/Desktop/magic_install/lib/magic/tcl\" -DPACKAGE_NAME=\"\" -DPACKAGE_TARNAME=\"\" -DPACKAGE_VERSION=\"\" -DPACKAGE_STRING=\"\" -DPACKAGE_BUGREPORT=\"\" -DPACKAGE_URL=\"\" -DMAGIC_VERSION=\"8.2\" -DMAGIC_REVISION=\"19\" -DSTDC_HEADERS=1 -DHAVE_SYS_TYPES_H=1 -DHAVE_SYS_STAT_H=1 -DHAVE_STDLIB_H=1 -DHAVE_STRING_H=1 -DHAVE_MEMORY_H=1 -DHAVE_STRINGS_H=1 -DHAVE_INTTYPES_H=1 -DHAVE_STDINT_H=1 -DHAVE_UNISTD_H=1 -DSIZEOF_VOID_P=8 -DSIZEOF_UNSIGNED_INT=4 -DSIZEOF_UNSIGNED_LONG=8 -DSIZEOF_UNSIGNED_LONG_LONG=8 -DSTDC_HEADERS=1 -DHAVE_SETENV=1 -DHAVE_PUTENV=1 -DHAVE_SYS_MMAN_H=1 -DHAVE_DIRENT_H=1 -DHAVE_LIMITS_H=1 -DHAVE_PATHS_H=1 -DHAVE_VA_COPY=1 -DHAVE___VA_COPY=1 -DFILE_LOCKS=1 -DCALMA_MODULE=1 -DCIF_MODULE=1 -DX11_BACKING_STORE=1 -DPLOT_MODULE=1 -DLEF_MODULE=1 -DROUTE_MODULE=1 -DUSE_NEW_MACROS=1 -DVECTOR_FONTS=1 -DHAVE_LIBCAIRO=1 -DMAGIC_WRAPPER=1 -Dlinux=1 -DSYSV=1 -DISC=1 -DNDEBUG -DGCORE=\"/usr/bin/gcore\" -DSHDLIB_EXT=\".so\" -DX11 -DXLIB -DCAIRO -DNDEBUG  -c undo.c
--- linking libutils.o
rm -f libutils.o
ld -r args.o child.o dqueue.o finddisp.o flock.o flsbuf.o fraction.o geometry.o getrect.o hash.o heap.o list.o lookup.o lookupany.o lookupfull.o macros.o main.o malloc.o match.o maxrect.o netlist.o niceabort.o parser.o path.o pathvisit.o port.o printstuff.o signals.o stack.o strdup.o runstats.o set.o show.o tech.o touchtypes.o undo.o  -o libutils.o 
make[2]: Leaving directory `/home/chuan/Desktop/magic-8.2/utils'
make[2]: Entering directory `/home/chuan/Desktop/magic-8.2/windows'
--- compiling windows/windClient.o
rm -f windClient.o
gcc -g -m64 -fPIC -Wimplicit-int -fPIC  -I/usr/include/tcl8.6/tk-private/generic -I/usr/include/tcl8.6 -I. -I..  -DCAD_DIR=\"/home/chuan/Desktop/magic_install/lib\" -DBIN_DIR=\"/home/chuan/Desktop/magic_install/bin\" -DTCL_DIR=\"/home/chuan/Desktop/magic_install/lib/magic/tcl\" -DPACKAGE_NAME=\"\" -DPACKAGE_TARNAME=\"\" -DPACKAGE_VERSION=\"\" -DPACKAGE_STRING=\"\" -DPACKAGE_BUGREPORT=\"\" -DPACKAGE_URL=\"\" -DMAGIC_VERSION=\"8.2\" -DMAGIC_REVISION=\"19\" -DSTDC_HEADERS=1 -DHAVE_SYS_TYPES_H=1 -DHAVE_SYS_STAT_H=1 -DHAVE_STDLIB_H=1 -DHAVE_STRING_H=1 -DHAVE_MEMORY_H=1 -DHAVE_STRINGS_H=1 -DHAVE_INTTYPES_H=1 -DHAVE_STDINT_H=1 -DHAVE_UNISTD_H=1 -DSIZEOF_VOID_P=8 -DSIZEOF_UNSIGNED_INT=4 -DSIZEOF_UNSIGNED_LONG=8 -DSIZEOF_UNSIGNED_LONG_LONG=8 -DSTDC_HEADERS=1 -DHAVE_SETENV=1 -DHAVE_PUTENV=1 -DHAVE_SYS_MMAN_H=1 -DHAVE_DIRENT_H=1 -DHAVE_LIMITS_H=1 -DHAVE_PATHS_H=1 -DHAVE_VA_COPY=1 -DHAVE___VA_COPY=1 -DFILE_LOCKS=1 -DCALMA_MODULE=1 -DCIF_MODULE=1 -DX11_BACKING_STORE=1 -DPLOT_MODULE=1 -DLEF_MODULE=1 -DROUTE_MODULE=1 -DUSE_NEW_MACROS=1 -DVECTOR_FONTS=1 -DHAVE_LIBCAIRO=1 -DMAGIC_WRAPPER=1 -Dlinux=1 -DSYSV=1 -DISC=1 -DNDEBUG -DGCORE=\"/usr/bin/gcore\" -DSHDLIB_EXT=\".so\"  -c windClient.c
--- compiling windows/windCmdAM.o
rm -f windCmdAM.o
gcc -g -m64 -fPIC -Wimplicit-int -fPIC  -I/usr/include/tcl8.6/tk-private/generic -I/usr/include/tcl8.6 -I. -I..  -DCAD_DIR=\"/home/chuan/Desktop/magic_install/lib\" -DBIN_DIR=\"/home/chuan/Desktop/magic_install/bin\" -DTCL_DIR=\"/home/chuan/Desktop/magic_install/lib/magic/tcl\" -DPACKAGE_NAME=\"\" -DPACKAGE_TARNAME=\"\" -DPACKAGE_VERSION=\"\" -DPACKAGE_STRING=\"\" -DPACKAGE_BUGREPORT=\"\" -DPACKAGE_URL=\"\" -DMAGIC_VERSION=\"8.2\" -DMAGIC_REVISION=\"19\" -DSTDC_HEADERS=1 -DHAVE_SYS_TYPES_H=1 -DHAVE_SYS_STAT_H=1 -DHAVE_STDLIB_H=1 -DHAVE_STRING_H=1 -DHAVE_MEMORY_H=1 -DHAVE_STRINGS_H=1 -DHAVE_INTTYPES_H=1 -DHAVE_STDINT_H=1 -DHAVE_UNISTD_H=1 -DSIZEOF_VOID_P=8 -DSIZEOF_UNSIGNED_INT=4 -DSIZEOF_UNSIGNED_LONG=8 -DSIZEOF_UNSIGNED_LONG_LONG=8 -DSTDC_HEADERS=1 -DHAVE_SETENV=1 -DHAVE_PUTENV=1 -DHAVE_SYS_MMAN_H=1 -DHAVE_DIRENT_H=1 -DHAVE_LIMITS_H=1 -DHAVE_PATHS_H=1 -DHAVE_VA_COPY=1 -DHAVE___VA_COPY=1 -DFILE_LOCKS=1 -DCALMA_MODULE=1 -DCIF_MODULE=1 -DX11_BACKING_STORE=1 -DPLOT_MODULE=1 -DLEF_MODULE=1 -DROUTE_MODULE=1 -DUSE_NEW_MACROS=1 -DVECTOR_FONTS=1 -DHAVE_LIBCAIRO=1 -DMAGIC_WRAPPER=1 -Dlinux=1 -DSYSV=1 -DISC=1 -DNDEBUG -DGCORE=\"/usr/bin/gcore\" -DSHDLIB_EXT=\".so\"  -c windCmdAM.c
--- compiling windows/windCmdNR.o
rm -f windCmdNR.o
gcc -g -m64 -fPIC -Wimplicit-int -fPIC  -I/usr/include/tcl8.6/tk-private/generic -I/usr/include/tcl8.6 -I. -I..  -DCAD_DIR=\"/home/chuan/Desktop/magic_install/lib\" -DBIN_DIR=\"/home/chuan/Desktop/magic_install/bin\" -DTCL_DIR=\"/home/chuan/Desktop/magic_install/lib/magic/tcl\" -DPACKAGE_NAME=\"\" -DPACKAGE_TARNAME=\"\" -DPACKAGE_VERSION=\"\" -DPACKAGE_STRING=\"\" -DPACKAGE_BUGREPORT=\"\" -DPACKAGE_URL=\"\" -DMAGIC_VERSION=\"8.2\" -DMAGIC_REVISION=\"19\" -DSTDC_HEADERS=1 -DHAVE_SYS_TYPES_H=1 -DHAVE_SYS_STAT_H=1 -DHAVE_STDLIB_H=1 -DHAVE_STRING_H=1 -DHAVE_MEMORY_H=1 -DHAVE_STRINGS_H=1 -DHAVE_INTTYPES_H=1 -DHAVE_STDINT_H=1 -DHAVE_UNISTD_H=1 -DSIZEOF_VOID_P=8 -DSIZEOF_UNSIGNED_INT=4 -DSIZEOF_UNSIGNED_LONG=8 -DSIZEOF_UNSIGNED_LONG_LONG=8 -DSTDC_HEADERS=1 -DHAVE_SETENV=1 -DHAVE_PUTENV=1 -DHAVE_SYS_MMAN_H=1 -DHAVE_DIRENT_H=1 -DHAVE_LIMITS_H=1 -DHAVE_PATHS_H=1 -DHAVE_VA_COPY=1 -DHAVE___VA_COPY=1 -DFILE_LOCKS=1 -DCALMA_MODULE=1 -DCIF_MODULE=1 -DX11_BACKING_STORE=1 -DPLOT_MODULE=1 -DLEF_MODULE=1 -DROUTE_MODULE=1 -DUSE_NEW_MACROS=1 -DVECTOR_FONTS=1 -DHAVE_LIBCAIRO=1 -DMAGIC_WRAPPER=1 -Dlinux=1 -DSYSV=1 -DISC=1 -DNDEBUG -DGCORE=\"/usr/bin/gcore\" -DSHDLIB_EXT=\".so\"  -c windCmdNR.c
--- compiling windows/windCmdSZ.o
rm -f windCmdSZ.o
gcc -g -m64 -fPIC -Wimplicit-int -fPIC  -I/usr/include/tcl8.6/tk-private/generic -I/usr/include/tcl8.6 -I. -I..  -DCAD_DIR=\"/home/chuan/Desktop/magic_install/lib\" -DBIN_DIR=\"/home/chuan/Desktop/magic_install/bin\" -DTCL_DIR=\"/home/chuan/Desktop/magic_install/lib/magic/tcl\" -DPACKAGE_NAME=\"\" -DPACKAGE_TARNAME=\"\" -DPACKAGE_VERSION=\"\" -DPACKAGE_STRING=\"\" -DPACKAGE_BUGREPORT=\"\" -DPACKAGE_URL=\"\" -DMAGIC_VERSION=\"8.2\" -DMAGIC_REVISION=\"19\" -DSTDC_HEADERS=1 -DHAVE_SYS_TYPES_H=1 -DHAVE_SYS_STAT_H=1 -DHAVE_STDLIB_H=1 -DHAVE_STRING_H=1 -DHAVE_MEMORY_H=1 -DHAVE_STRINGS_H=1 -DHAVE_INTTYPES_H=1 -DHAVE_STDINT_H=1 -DHAVE_UNISTD_H=1 -DSIZEOF_VOID_P=8 -DSIZEOF_UNSIGNED_INT=4 -DSIZEOF_UNSIGNED_LONG=8 -DSIZEOF_UNSIGNED_LONG_LONG=8 -DSTDC_HEADERS=1 -DHAVE_SETENV=1 -DHAVE_PUTENV=1 -DHAVE_SYS_MMAN_H=1 -DHAVE_DIRENT_H=1 -DHAVE_LIMITS_H=1 -DHAVE_PATHS_H=1 -DHAVE_VA_COPY=1 -DHAVE___VA_COPY=1 -DFILE_LOCKS=1 -DCALMA_MODULE=1 -DCIF_MODULE=1 -DX11_BACKING_STORE=1 -DPLOT_MODULE=1 -DLEF_MODULE=1 -DROUTE_MODULE=1 -DUSE_NEW_MACROS=1 -DVECTOR_FONTS=1 -DHAVE_LIBCAIRO=1 -DMAGIC_WRAPPER=1 -Dlinux=1 -DSYSV=1 -DISC=1 -DNDEBUG -DGCORE=\"/usr/bin/gcore\" -DSHDLIB_EXT=\".so\"  -c windCmdSZ.c
--- compiling windows/windSend.o
rm -f windSend.o
gcc -g -m64 -fPIC -Wimplicit-int -fPIC  -I/usr/include/tcl8.6/tk-private/generic -I/usr/include/tcl8.6 -I. -I..  -DCAD_DIR=\"/home/chuan/Desktop/magic_install/lib\" -DBIN_DIR=\"/home/chuan/Desktop/magic_install/bin\" -DTCL_DIR=\"/home/chuan/Desktop/magic_install/lib/magic/tcl\" -DPACKAGE_NAME=\"\" -DPACKAGE_TARNAME=\"\" -DPACKAGE_VERSION=\"\" -DPACKAGE_STRING=\"\" -DPACKAGE_BUGREPORT=\"\" -DPACKAGE_URL=\"\" -DMAGIC_VERSION=\"8.2\" -DMAGIC_REVISION=\"19\" -DSTDC_HEADERS=1 -DHAVE_SYS_TYPES_H=1 -DHAVE_SYS_STAT_H=1 -DHAVE_STDLIB_H=1 -DHAVE_STRING_H=1 -DHAVE_MEMORY_H=1 -DHAVE_STRINGS_H=1 -DHAVE_INTTYPES_H=1 -DHAVE_STDINT_H=1 -DHAVE_UNISTD_H=1 -DSIZEOF_VOID_P=8 -DSIZEOF_UNSIGNED_INT=4 -DSIZEOF_UNSIGNED_LONG=8 -DSIZEOF_UNSIGNED_LONG_LONG=8 -DSTDC_HEADERS=1 -DHAVE_SETENV=1 -DHAVE_PUTENV=1 -DHAVE_SYS_MMAN_H=1 -DHAVE_DIRENT_H=1 -DHAVE_LIMITS_H=1 -DHAVE_PATHS_H=1 -DHAVE_VA_COPY=1 -DHAVE___VA_COPY=1 -DFILE_LOCKS=1 -DCALMA_MODULE=1 -DCIF_MODULE=1 -DX11_BACKING_STORE=1 -DPLOT_MODULE=1 -DLEF_MODULE=1 -DROUTE_MODULE=1 -DUSE_NEW_MACROS=1 -DVECTOR_FONTS=1 -DHAVE_LIBCAIRO=1 -DMAGIC_WRAPPER=1 -Dlinux=1 -DSYSV=1 -DISC=1 -DNDEBUG -DGCORE=\"/usr/bin/gcore\" -DSHDLIB_EXT=\".so\"  -c windSend.c
--- compiling windows/windDebug.o
rm -f windDebug.o
gcc -g -m64 -fPIC -Wimplicit-int -fPIC  -I/usr/include/tcl8.6/tk-private/generic -I/usr/include/tcl8.6 -I. -I..  -DCAD_DIR=\"/home/chuan/Desktop/magic_install/lib\" -DBIN_DIR=\"/home/chuan/Desktop/magic_install/bin\" -DTCL_DIR=\"/home/chuan/Desktop/magic_install/lib/magic/tcl\" -DPACKAGE_NAME=\"\" -DPACKAGE_TARNAME=\"\" -DPACKAGE_VERSION=\"\" -DPACKAGE_STRING=\"\" -DPACKAGE_BUGREPORT=\"\" -DPACKAGE_URL=\"\" -DMAGIC_VERSION=\"8.2\" -DMAGIC_REVISION=\"19\" -DSTDC_HEADERS=1 -DHAVE_SYS_TYPES_H=1 -DHAVE_SYS_STAT_H=1 -DHAVE_STDLIB_H=1 -DHAVE_STRING_H=1 -DHAVE_MEMORY_H=1 -DHAVE_STRINGS_H=1 -DHAVE_INTTYPES_H=1 -DHAVE_STDINT_H=1 -DHAVE_UNISTD_H=1 -DSIZEOF_VOID_P=8 -DSIZEOF_UNSIGNED_INT=4 -DSIZEOF_UNSIGNED_LONG=8 -DSIZEOF_UNSIGNED_LONG_LONG=8 -DSTDC_HEADERS=1 -DHAVE_SETENV=1 -DHAVE_PUTENV=1 -DHAVE_SYS_MMAN_H=1 -DHAVE_DIRENT_H=1 -DHAVE_LIMITS_H=1 -DHAVE_PATHS_H=1 -DHAVE_VA_COPY=1 -DHAVE___VA_COPY=1 -DFILE_LOCKS=1 -DCALMA_MODULE=1 -DCIF_MODULE=1 -DX11_BACKING_STORE=1 -DPLOT_MODULE=1 -DLEF_MODULE=1 -DROUTE_MODULE=1 -DUSE_NEW_MACROS=1 -DVECTOR_FONTS=1 -DHAVE_LIBCAIRO=1 -DMAGIC_WRAPPER=1 -Dlinux=1 -DSYSV=1 -DISC=1 -DNDEBUG -DGCORE=\"/usr/bin/gcore\" -DSHDLIB_EXT=\".so\"  -c windDebug.c
--- compiling windows/windDisp.o
rm -f windDisp.o
gcc -g -m64 -fPIC -Wimplicit-int -fPIC  -I/usr/include/tcl8.6/tk-private/generic -I/usr/include/tcl8.6 -I. -I..  -DCAD_DIR=\"/home/chuan/Desktop/magic_install/lib\" -DBIN_DIR=\"/home/chuan/Desktop/magic_install/bin\" -DTCL_DIR=\"/home/chuan/Desktop/magic_install/lib/magic/tcl\" -DPACKAGE_NAME=\"\" -DPACKAGE_TARNAME=\"\" -DPACKAGE_VERSION=\"\" -DPACKAGE_STRING=\"\" -DPACKAGE_BUGREPORT=\"\" -DPACKAGE_URL=\"\" -DMAGIC_VERSION=\"8.2\" -DMAGIC_REVISION=\"19\" -DSTDC_HEADERS=1 -DHAVE_SYS_TYPES_H=1 -DHAVE_SYS_STAT_H=1 -DHAVE_STDLIB_H=1 -DHAVE_STRING_H=1 -DHAVE_MEMORY_H=1 -DHAVE_STRINGS_H=1 -DHAVE_INTTYPES_H=1 -DHAVE_STDINT_H=1 -DHAVE_UNISTD_H=1 -DSIZEOF_VOID_P=8 -DSIZEOF_UNSIGNED_INT=4 -DSIZEOF_UNSIGNED_LONG=8 -DSIZEOF_UNSIGNED_LONG_LONG=8 -DSTDC_HEADERS=1 -DHAVE_SETENV=1 -DHAVE_PUTENV=1 -DHAVE_SYS_MMAN_H=1 -DHAVE_DIRENT_H=1 -DHAVE_LIMITS_H=1 -DHAVE_PATHS_H=1 -DHAVE_VA_COPY=1 -DHAVE___VA_COPY=1 -DFILE_LOCKS=1 -DCALMA_MODULE=1 -DCIF_MODULE=1 -DX11_BACKING_STORE=1 -DPLOT_MODULE=1 -DLEF_MODULE=1 -DROUTE_MODULE=1 -DUSE_NEW_MACROS=1 -DVECTOR_FONTS=1 -DHAVE_LIBCAIRO=1 -DMAGIC_WRAPPER=1 -Dlinux=1 -DSYSV=1 -DISC=1 -DNDEBUG -DGCORE=\"/usr/bin/gcore\" -DSHDLIB_EXT=\".so\"  -c windDisp.c
--- compiling windows/windMain.o
rm -f windMain.o
gcc -g -m64 -fPIC -Wimplicit-int -fPIC  -I/usr/include/tcl8.6/tk-private/generic -I/usr/include/tcl8.6 -I. -I..  -DCAD_DIR=\"/home/chuan/Desktop/magic_install/lib\" -DBIN_DIR=\"/home/chuan/Desktop/magic_install/bin\" -DTCL_DIR=\"/home/chuan/Desktop/magic_install/lib/magic/tcl\" -DPACKAGE_NAME=\"\" -DPACKAGE_TARNAME=\"\" -DPACKAGE_VERSION=\"\" -DPACKAGE_STRING=\"\" -DPACKAGE_BUGREPORT=\"\" -DPACKAGE_URL=\"\" -DMAGIC_VERSION=\"8.2\" -DMAGIC_REVISION=\"19\" -DSTDC_HEADERS=1 -DHAVE_SYS_TYPES_H=1 -DHAVE_SYS_STAT_H=1 -DHAVE_STDLIB_H=1 -DHAVE_STRING_H=1 -DHAVE_MEMORY_H=1 -DHAVE_STRINGS_H=1 -DHAVE_INTTYPES_H=1 -DHAVE_STDINT_H=1 -DHAVE_UNISTD_H=1 -DSIZEOF_VOID_P=8 -DSIZEOF_UNSIGNED_INT=4 -DSIZEOF_UNSIGNED_LONG=8 -DSIZEOF_UNSIGNED_LONG_LONG=8 -DSTDC_HEADERS=1 -DHAVE_SETENV=1 -DHAVE_PUTENV=1 -DHAVE_SYS_MMAN_H=1 -DHAVE_DIRENT_H=1 -DHAVE_LIMITS_H=1 -DHAVE_PATHS_H=1 -DHAVE_VA_COPY=1 -DHAVE___VA_COPY=1 -DFILE_LOCKS=1 -DCALMA_MODULE=1 -DCIF_MODULE=1 -DX11_BACKING_STORE=1 -DPLOT_MODULE=1 -DLEF_MODULE=1 -DROUTE_MODULE=1 -DUSE_NEW_MACROS=1 -DVECTOR_FONTS=1 -DHAVE_LIBCAIRO=1 -DMAGIC_WRAPPER=1 -Dlinux=1 -DSYSV=1 -DISC=1 -DNDEBUG -DGCORE=\"/usr/bin/gcore\" -DSHDLIB_EXT=\".so\"  -c windMain.c
--- compiling windows/windMove.o
rm -f windMove.o
gcc -g -m64 -fPIC -Wimplicit-int -fPIC  -I/usr/include/tcl8.6/tk-private/generic -I/usr/include/tcl8.6 -I. -I..  -DCAD_DIR=\"/home/chuan/Desktop/magic_install/lib\" -DBIN_DIR=\"/home/chuan/Desktop/magic_install/bin\" -DTCL_DIR=\"/home/chuan/Desktop/magic_install/lib/magic/tcl\" -DPACKAGE_NAME=\"\" -DPACKAGE_TARNAME=\"\" -DPACKAGE_VERSION=\"\" -DPACKAGE_STRING=\"\" -DPACKAGE_BUGREPORT=\"\" -DPACKAGE_URL=\"\" -DMAGIC_VERSION=\"8.2\" -DMAGIC_REVISION=\"19\" -DSTDC_HEADERS=1 -DHAVE_SYS_TYPES_H=1 -DHAVE_SYS_STAT_H=1 -DHAVE_STDLIB_H=1 -DHAVE_STRING_H=1 -DHAVE_MEMORY_H=1 -DHAVE_STRINGS_H=1 -DHAVE_INTTYPES_H=1 -DHAVE_STDINT_H=1 -DHAVE_UNISTD_H=1 -DSIZEOF_VOID_P=8 -DSIZEOF_UNSIGNED_INT=4 -DSIZEOF_UNSIGNED_LONG=8 -DSIZEOF_UNSIGNED_LONG_LONG=8 -DSTDC_HEADERS=1 -DHAVE_SETENV=1 -DHAVE_PUTENV=1 -DHAVE_SYS_MMAN_H=1 -DHAVE_DIRENT_H=1 -DHAVE_LIMITS_H=1 -DHAVE_PATHS_H=1 -DHAVE_VA_COPY=1 -DHAVE___VA_COPY=1 -DFILE_LOCKS=1 -DCALMA_MODULE=1 -DCIF_MODULE=1 -DX11_BACKING_STORE=1 -DPLOT_MODULE=1 -DLEF_MODULE=1 -DROUTE_MODULE=1 -DUSE_NEW_MACROS=1 -DVECTOR_FONTS=1 -DHAVE_LIBCAIRO=1 -DMAGIC_WRAPPER=1 -Dlinux=1 -DSYSV=1 -DISC=1 -DNDEBUG -DGCORE=\"/usr/bin/gcore\" -DSHDLIB_EXT=\".so\"  -c windMove.c
--- compiling windows/windSearch.o
rm -f windSearch.o
gcc -g -m64 -fPIC -Wimplicit-int -fPIC  -I/usr/include/tcl8.6/tk-private/generic -I/usr/include/tcl8.6 -I. -I..  -DCAD_DIR=\"/home/chuan/Desktop/magic_install/lib\" -DBIN_DIR=\"/home/chuan/Desktop/magic_install/bin\" -DTCL_DIR=\"/home/chuan/Desktop/magic_install/lib/magic/tcl\" -DPACKAGE_NAME=\"\" -DPACKAGE_TARNAME=\"\" -DPACKAGE_VERSION=\"\" -DPACKAGE_STRING=\"\" -DPACKAGE_BUGREPORT=\"\" -DPACKAGE_URL=\"\" -DMAGIC_VERSION=\"8.2\" -DMAGIC_REVISION=\"19\" -DSTDC_HEADERS=1 -DHAVE_SYS_TYPES_H=1 -DHAVE_SYS_STAT_H=1 -DHAVE_STDLIB_H=1 -DHAVE_STRING_H=1 -DHAVE_MEMORY_H=1 -DHAVE_STRINGS_H=1 -DHAVE_INTTYPES_H=1 -DHAVE_STDINT_H=1 -DHAVE_UNISTD_H=1 -DSIZEOF_VOID_P=8 -DSIZEOF_UNSIGNED_INT=4 -DSIZEOF_UNSIGNED_LONG=8 -DSIZEOF_UNSIGNED_LONG_LONG=8 -DSTDC_HEADERS=1 -DHAVE_SETENV=1 -DHAVE_PUTENV=1 -DHAVE_SYS_MMAN_H=1 -DHAVE_DIRENT_H=1 -DHAVE_LIMITS_H=1 -DHAVE_PATHS_H=1 -DHAVE_VA_COPY=1 -DHAVE___VA_COPY=1 -DFILE_LOCKS=1 -DCALMA_MODULE=1 -DCIF_MODULE=1 -DX11_BACKING_STORE=1 -DPLOT_MODULE=1 -DLEF_MODULE=1 -DROUTE_MODULE=1 -DUSE_NEW_MACROS=1 -DVECTOR_FONTS=1 -DHAVE_LIBCAIRO=1 -DMAGIC_WRAPPER=1 -Dlinux=1 -DSYSV=1 -DISC=1 -DNDEBUG -DGCORE=\"/usr/bin/gcore\" -DSHDLIB_EXT=\".so\"  -c windSearch.c
--- compiling windows/windTrans.o
rm -f windTrans.o
gcc -g -m64 -fPIC -Wimplicit-int -fPIC  -I/usr/include/tcl8.6/tk-private/generic -I/usr/include/tcl8.6 -I. -I..  -DCAD_DIR=\"/home/chuan/Desktop/magic_install/lib\" -DBIN_DIR=\"/home/chuan/Desktop/magic_install/bin\" -DTCL_DIR=\"/home/chuan/Desktop/magic_install/lib/magic/tcl\" -DPACKAGE_NAME=\"\" -DPACKAGE_TARNAME=\"\" -DPACKAGE_VERSION=\"\" -DPACKAGE_STRING=\"\" -DPACKAGE_BUGREPORT=\"\" -DPACKAGE_URL=\"\" -DMAGIC_VERSION=\"8.2\" -DMAGIC_REVISION=\"19\" -DSTDC_HEADERS=1 -DHAVE_SYS_TYPES_H=1 -DHAVE_SYS_STAT_H=1 -DHAVE_STDLIB_H=1 -DHAVE_STRING_H=1 -DHAVE_MEMORY_H=1 -DHAVE_STRINGS_H=1 -DHAVE_INTTYPES_H=1 -DHAVE_STDINT_H=1 -DHAVE_UNISTD_H=1 -DSIZEOF_VOID_P=8 -DSIZEOF_UNSIGNED_INT=4 -DSIZEOF_UNSIGNED_LONG=8 -DSIZEOF_UNSIGNED_LONG_LONG=8 -DSTDC_HEADERS=1 -DHAVE_SETENV=1 -DHAVE_PUTENV=1 -DHAVE_SYS_MMAN_H=1 -DHAVE_DIRENT_H=1 -DHAVE_LIMITS_H=1 -DHAVE_PATHS_H=1 -DHAVE_VA_COPY=1 -DHAVE___VA_COPY=1 -DFILE_LOCKS=1 -DCALMA_MODULE=1 -DCIF_MODULE=1 -DX11_BACKING_STORE=1 -DPLOT_MODULE=1 -DLEF_MODULE=1 -DROUTE_MODULE=1 -DUSE_NEW_MACROS=1 -DVECTOR_FONTS=1 -DHAVE_LIBCAIRO=1 -DMAGIC_WRAPPER=1 -Dlinux=1 -DSYSV=1 -DISC=1 -DNDEBUG -DGCORE=\"/usr/bin/gcore\" -DSHDLIB_EXT=\".so\"  -c windTrans.c
--- compiling windows/windView.o
rm -f windView.o
gcc -g -m64 -fPIC -Wimplicit-int -fPIC  -I/usr/include/tcl8.6/tk-private/generic -I/usr/include/tcl8.6 -I. -I..  -DCAD_DIR=\"/home/chuan/Desktop/magic_install/lib\" -DBIN_DIR=\"/home/chuan/Desktop/magic_install/bin\" -DTCL_DIR=\"/home/chuan/Desktop/magic_install/lib/magic/tcl\" -DPACKAGE_NAME=\"\" -DPACKAGE_TARNAME=\"\" -DPACKAGE_VERSION=\"\" -DPACKAGE_STRING=\"\" -DPACKAGE_BUGREPORT=\"\" -DPACKAGE_URL=\"\" -DMAGIC_VERSION=\"8.2\" -DMAGIC_REVISION=\"19\" -DSTDC_HEADERS=1 -DHAVE_SYS_TYPES_H=1 -DHAVE_SYS_STAT_H=1 -DHAVE_STDLIB_H=1 -DHAVE_STRING_H=1 -DHAVE_MEMORY_H=1 -DHAVE_STRINGS_H=1 -DHAVE_INTTYPES_H=1 -DHAVE_STDINT_H=1 -DHAVE_UNISTD_H=1 -DSIZEOF_VOID_P=8 -DSIZEOF_UNSIGNED_INT=4 -DSIZEOF_UNSIGNED_LONG=8 -DSIZEOF_UNSIGNED_LONG_LONG=8 -DSTDC_HEADERS=1 -DHAVE_SETENV=1 -DHAVE_PUTENV=1 -DHAVE_SYS_MMAN_H=1 -DHAVE_DIRENT_H=1 -DHAVE_LIMITS_H=1 -DHAVE_PATHS_H=1 -DHAVE_VA_COPY=1 -DHAVE___VA_COPY=1 -DFILE_LOCKS=1 -DCALMA_MODULE=1 -DCIF_MODULE=1 -DX11_BACKING_STORE=1 -DPLOT_MODULE=1 -DLEF_MODULE=1 -DROUTE_MODULE=1 -DUSE_NEW_MACROS=1 -DVECTOR_FONTS=1 -DHAVE_LIBCAIRO=1 -DMAGIC_WRAPPER=1 -Dlinux=1 -DSYSV=1 -DISC=1 -DNDEBUG -DGCORE=\"/usr/bin/gcore\" -DSHDLIB_EXT=\".so\"  -c windView.c
--- linking libwindows.o
rm -f libwindows.o
ld -r windClient.o windCmdAM.o windCmdNR.o windCmdSZ.o windSend.o windDebug.o windDisp.o windMain.o windMove.o windSearch.o windTrans.o windView.o  -o libwindows.o 
make[2]: Leaving directory `/home/chuan/Desktop/magic-8.2/windows'
make[2]: Entering directory `/home/chuan/Desktop/magic-8.2/wiring'
--- compiling wiring/wireOps.o
rm -f wireOps.o
gcc -g -m64 -fPIC -Wimplicit-int -fPIC  -I/usr/include/tcl8.6/tk-private/generic -I/usr/include/tcl8.6 -I. -I..  -DCAD_DIR=\"/home/chuan/Desktop/magic_install/lib\" -DBIN_DIR=\"/home/chuan/Desktop/magic_install/bin\" -DTCL_DIR=\"/home/chuan/Desktop/magic_install/lib/magic/tcl\" -DPACKAGE_NAME=\"\" -DPACKAGE_TARNAME=\"\" -DPACKAGE_VERSION=\"\" -DPACKAGE_STRING=\"\" -DPACKAGE_BUGREPORT=\"\" -DPACKAGE_URL=\"\" -DMAGIC_VERSION=\"8.2\" -DMAGIC_REVISION=\"19\" -DSTDC_HEADERS=1 -DHAVE_SYS_TYPES_H=1 -DHAVE_SYS_STAT_H=1 -DHAVE_STDLIB_H=1 -DHAVE_STRING_H=1 -DHAVE_MEMORY_H=1 -DHAVE_STRINGS_H=1 -DHAVE_INTTYPES_H=1 -DHAVE_STDINT_H=1 -DHAVE_UNISTD_H=1 -DSIZEOF_VOID_P=8 -DSIZEOF_UNSIGNED_INT=4 -DSIZEOF_UNSIGNED_LONG=8 -DSIZEOF_UNSIGNED_LONG_LONG=8 -DSTDC_HEADERS=1 -DHAVE_SETENV=1 -DHAVE_PUTENV=1 -DHAVE_SYS_MMAN_H=1 -DHAVE_DIRENT_H=1 -DHAVE_LIMITS_H=1 -DHAVE_PATHS_H=1 -DHAVE_VA_COPY=1 -DHAVE___VA_COPY=1 -DFILE_LOCKS=1 -DCALMA_MODULE=1 -DCIF_MODULE=1 -DX11_BACKING_STORE=1 -DPLOT_MODULE=1 -DLEF_MODULE=1 -DROUTE_MODULE=1 -DUSE_NEW_MACROS=1 -DVECTOR_FONTS=1 -DHAVE_LIBCAIRO=1 -DMAGIC_WRAPPER=1 -Dlinux=1 -DSYSV=1 -DISC=1 -DNDEBUG -DGCORE=\"/usr/bin/gcore\" -DSHDLIB_EXT=\".so\"  -c wireOps.c
--- compiling wiring/wireTech.o
rm -f wireTech.o
gcc -g -m64 -fPIC -Wimplicit-int -fPIC  -I/usr/include/tcl8.6/tk-private/generic -I/usr/include/tcl8.6 -I. -I..  -DCAD_DIR=\"/home/chuan/Desktop/magic_install/lib\" -DBIN_DIR=\"/home/chuan/Desktop/magic_install/bin\" -DTCL_DIR=\"/home/chuan/Desktop/magic_install/lib/magic/tcl\" -DPACKAGE_NAME=\"\" -DPACKAGE_TARNAME=\"\" -DPACKAGE_VERSION=\"\" -DPACKAGE_STRING=\"\" -DPACKAGE_BUGREPORT=\"\" -DPACKAGE_URL=\"\" -DMAGIC_VERSION=\"8.2\" -DMAGIC_REVISION=\"19\" -DSTDC_HEADERS=1 -DHAVE_SYS_TYPES_H=1 -DHAVE_SYS_STAT_H=1 -DHAVE_STDLIB_H=1 -DHAVE_STRING_H=1 -DHAVE_MEMORY_H=1 -DHAVE_STRINGS_H=1 -DHAVE_INTTYPES_H=1 -DHAVE_STDINT_H=1 -DHAVE_UNISTD_H=1 -DSIZEOF_VOID_P=8 -DSIZEOF_UNSIGNED_INT=4 -DSIZEOF_UNSIGNED_LONG=8 -DSIZEOF_UNSIGNED_LONG_LONG=8 -DSTDC_HEADERS=1 -DHAVE_SETENV=1 -DHAVE_PUTENV=1 -DHAVE_SYS_MMAN_H=1 -DHAVE_DIRENT_H=1 -DHAVE_LIMITS_H=1 -DHAVE_PATHS_H=1 -DHAVE_VA_COPY=1 -DHAVE___VA_COPY=1 -DFILE_LOCKS=1 -DCALMA_MODULE=1 -DCIF_MODULE=1 -DX11_BACKING_STORE=1 -DPLOT_MODULE=1 -DLEF_MODULE=1 -DROUTE_MODULE=1 -DUSE_NEW_MACROS=1 -DVECTOR_FONTS=1 -DHAVE_LIBCAIRO=1 -DMAGIC_WRAPPER=1 -Dlinux=1 -DSYSV=1 -DISC=1 -DNDEBUG -DGCORE=\"/usr/bin/gcore\" -DSHDLIB_EXT=\".so\"  -c wireTech.c
--- compiling wiring/wireUndo.o
rm -f wireUndo.o
gcc -g -m64 -fPIC -Wimplicit-int -fPIC  -I/usr/include/tcl8.6/tk-private/generic -I/usr/include/tcl8.6 -I. -I..  -DCAD_DIR=\"/home/chuan/Desktop/magic_install/lib\" -DBIN_DIR=\"/home/chuan/Desktop/magic_install/bin\" -DTCL_DIR=\"/home/chuan/Desktop/magic_install/lib/magic/tcl\" -DPACKAGE_NAME=\"\" -DPACKAGE_TARNAME=\"\" -DPACKAGE_VERSION=\"\" -DPACKAGE_STRING=\"\" -DPACKAGE_BUGREPORT=\"\" -DPACKAGE_URL=\"\" -DMAGIC_VERSION=\"8.2\" -DMAGIC_REVISION=\"19\" -DSTDC_HEADERS=1 -DHAVE_SYS_TYPES_H=1 -DHAVE_SYS_STAT_H=1 -DHAVE_STDLIB_H=1 -DHAVE_STRING_H=1 -DHAVE_MEMORY_H=1 -DHAVE_STRINGS_H=1 -DHAVE_INTTYPES_H=1 -DHAVE_STDINT_H=1 -DHAVE_UNISTD_H=1 -DSIZEOF_VOID_P=8 -DSIZEOF_UNSIGNED_INT=4 -DSIZEOF_UNSIGNED_LONG=8 -DSIZEOF_UNSIGNED_LONG_LONG=8 -DSTDC_HEADERS=1 -DHAVE_SETENV=1 -DHAVE_PUTENV=1 -DHAVE_SYS_MMAN_H=1 -DHAVE_DIRENT_H=1 -DHAVE_LIMITS_H=1 -DHAVE_PATHS_H=1 -DHAVE_VA_COPY=1 -DHAVE___VA_COPY=1 -DFILE_LOCKS=1 -DCALMA_MODULE=1 -DCIF_MODULE=1 -DX11_BACKING_STORE=1 -DPLOT_MODULE=1 -DLEF_MODULE=1 -DROUTE_MODULE=1 -DUSE_NEW_MACROS=1 -DVECTOR_FONTS=1 -DHAVE_LIBCAIRO=1 -DMAGIC_WRAPPER=1 -Dlinux=1 -DSYSV=1 -DISC=1 -DNDEBUG -DGCORE=\"/usr/bin/gcore\" -DSHDLIB_EXT=\".so\"  -c wireUndo.c
--- linking libwiring.o
rm -f libwiring.o
ld -r wireOps.o wireTech.o wireUndo.o  -o libwiring.o 
make[2]: Leaving directory `/home/chuan/Desktop/magic-8.2/wiring'
make[2]: Entering directory `/home/chuan/Desktop/magic-8.2/ext2sim'
--- compiling ext2sim/ext2sim.o
rm -f ext2sim.o
gcc -g -m64 -fPIC -Wimplicit-int -fPIC  -I/usr/include/tcl8.6/tk-private/generic -I/usr/include/tcl8.6 -I. -I..  -DCAD_DIR=\"/home/chuan/Desktop/magic_install/lib\" -DBIN_DIR=\"/home/chuan/Desktop/magic_install/bin\" -DTCL_DIR=\"/home/chuan/Desktop/magic_install/lib/magic/tcl\" -DPACKAGE_NAME=\"\" -DPACKAGE_TARNAME=\"\" -DPACKAGE_VERSION=\"\" -DPACKAGE_STRING=\"\" -DPACKAGE_BUGREPORT=\"\" -DPACKAGE_URL=\"\" -DMAGIC_VERSION=\"8.2\" -DMAGIC_REVISION=\"19\" -DSTDC_HEADERS=1 -DHAVE_SYS_TYPES_H=1 -DHAVE_SYS_STAT_H=1 -DHAVE_STDLIB_H=1 -DHAVE_STRING_H=1 -DHAVE_MEMORY_H=1 -DHAVE_STRINGS_H=1 -DHAVE_INTTYPES_H=1 -DHAVE_STDINT_H=1 -DHAVE_UNISTD_H=1 -DSIZEOF_VOID_P=8 -DSIZEOF_UNSIGNED_INT=4 -DSIZEOF_UNSIGNED_LONG=8 -DSIZEOF_UNSIGNED_LONG_LONG=8 -DSTDC_HEADERS=1 -DHAVE_SETENV=1 -DHAVE_PUTENV=1 -DHAVE_SYS_MMAN_H=1 -DHAVE_DIRENT_H=1 -DHAVE_LIMITS_H=1 -DHAVE_PATHS_H=1 -DHAVE_VA_COPY=1 -DHAVE___VA_COPY=1 -DFILE_LOCKS=1 -DCALMA_MODULE=1 -DCIF_MODULE=1 -DX11_BACKING_STORE=1 -DPLOT_MODULE=1 -DLEF_MODULE=1 -DROUTE_MODULE=1 -DUSE_NEW_MACROS=1 -DVECTOR_FONTS=1 -DHAVE_LIBCAIRO=1 -DMAGIC_WRAPPER=1 -Dlinux=1 -DSYSV=1 -DISC=1 -DNDEBUG -DGCORE=\"/usr/bin/gcore\" -DSHDLIB_EXT=\".so\"  -c ext2sim.c
--- linking libext2sim.o
rm -f libext2sim.o
ld -r ext2sim.o  -o libext2sim.o 
make[2]: Leaving directory `/home/chuan/Desktop/magic-8.2/ext2sim'
make[2]: Entering directory `/home/chuan/Desktop/magic-8.2/ext2spice'
--- compiling ext2spice/ext2spice.o
rm -f ext2spice.o
gcc -g -m64 -fPIC -Wimplicit-int -fPIC  -I/usr/include/tcl8.6/tk-private/generic -I/usr/include/tcl8.6 -I. -I..  -DCAD_DIR=\"/home/chuan/Desktop/magic_install/lib\" -DBIN_DIR=\"/home/chuan/Desktop/magic_install/bin\" -DTCL_DIR=\"/home/chuan/Desktop/magic_install/lib/magic/tcl\" -DPACKAGE_NAME=\"\" -DPACKAGE_TARNAME=\"\" -DPACKAGE_VERSION=\"\" -DPACKAGE_STRING=\"\" -DPACKAGE_BUGREPORT=\"\" -DPACKAGE_URL=\"\" -DMAGIC_VERSION=\"8.2\" -DMAGIC_REVISION=\"19\" -DSTDC_HEADERS=1 -DHAVE_SYS_TYPES_H=1 -DHAVE_SYS_STAT_H=1 -DHAVE_STDLIB_H=1 -DHAVE_STRING_H=1 -DHAVE_MEMORY_H=1 -DHAVE_STRINGS_H=1 -DHAVE_INTTYPES_H=1 -DHAVE_STDINT_H=1 -DHAVE_UNISTD_H=1 -DSIZEOF_VOID_P=8 -DSIZEOF_UNSIGNED_INT=4 -DSIZEOF_UNSIGNED_LONG=8 -DSIZEOF_UNSIGNED_LONG_LONG=8 -DSTDC_HEADERS=1 -DHAVE_SETENV=1 -DHAVE_PUTENV=1 -DHAVE_SYS_MMAN_H=1 -DHAVE_DIRENT_H=1 -DHAVE_LIMITS_H=1 -DHAVE_PATHS_H=1 -DHAVE_VA_COPY=1 -DHAVE___VA_COPY=1 -DFILE_LOCKS=1 -DCALMA_MODULE=1 -DCIF_MODULE=1 -DX11_BACKING_STORE=1 -DPLOT_MODULE=1 -DLEF_MODULE=1 -DROUTE_MODULE=1 -DUSE_NEW_MACROS=1 -DVECTOR_FONTS=1 -DHAVE_LIBCAIRO=1 -DMAGIC_WRAPPER=1 -Dlinux=1 -DSYSV=1 -DISC=1 -DNDEBUG -DGCORE=\"/usr/bin/gcore\" -DSHDLIB_EXT=\".so\"  -c ext2spice.c
ext2spice.c: In function ‘printSubcktDict’:
ext2spice.c:3351:2: warning: format ‘%lld’ expects argument of type ‘long long int’, but argument 3 has type ‘long int’ [-Wformat=]
  fprintf(esSpiceF,"* x%"DLONG_PREFIX"d\t%s\n", (dlong) HashGetValue(he), he->h_key.h_name);
  ^
--- compiling ext2spice/ext2hier.o
rm -f ext2hier.o
gcc -g -m64 -fPIC -Wimplicit-int -fPIC  -I/usr/include/tcl8.6/tk-private/generic -I/usr/include/tcl8.6 -I. -I..  -DCAD_DIR=\"/home/chuan/Desktop/magic_install/lib\" -DBIN_DIR=\"/home/chuan/Desktop/magic_install/bin\" -DTCL_DIR=\"/home/chuan/Desktop/magic_install/lib/magic/tcl\" -DPACKAGE_NAME=\"\" -DPACKAGE_TARNAME=\"\" -DPACKAGE_VERSION=\"\" -DPACKAGE_STRING=\"\" -DPACKAGE_BUGREPORT=\"\" -DPACKAGE_URL=\"\" -DMAGIC_VERSION=\"8.2\" -DMAGIC_REVISION=\"19\" -DSTDC_HEADERS=1 -DHAVE_SYS_TYPES_H=1 -DHAVE_SYS_STAT_H=1 -DHAVE_STDLIB_H=1 -DHAVE_STRING_H=1 -DHAVE_MEMORY_H=1 -DHAVE_STRINGS_H=1 -DHAVE_INTTYPES_H=1 -DHAVE_STDINT_H=1 -DHAVE_UNISTD_H=1 -DSIZEOF_VOID_P=8 -DSIZEOF_UNSIGNED_INT=4 -DSIZEOF_UNSIGNED_LONG=8 -DSIZEOF_UNSIGNED_LONG_LONG=8 -DSTDC_HEADERS=1 -DHAVE_SETENV=1 -DHAVE_PUTENV=1 -DHAVE_SYS_MMAN_H=1 -DHAVE_DIRENT_H=1 -DHAVE_LIMITS_H=1 -DHAVE_PATHS_H=1 -DHAVE_VA_COPY=1 -DHAVE___VA_COPY=1 -DFILE_LOCKS=1 -DCALMA_MODULE=1 -DCIF_MODULE=1 -DX11_BACKING_STORE=1 -DPLOT_MODULE=1 -DLEF_MODULE=1 -DROUTE_MODULE=1 -DUSE_NEW_MACROS=1 -DVECTOR_FONTS=1 -DHAVE_LIBCAIRO=1 -DMAGIC_WRAPPER=1 -Dlinux=1 -DSYSV=1 -DISC=1 -DNDEBUG -DGCORE=\"/usr/bin/gcore\" -DSHDLIB_EXT=\".so\"  -c ext2hier.c
--- linking libext2spice.o
rm -f libext2spice.o
ld -r ext2spice.o ext2hier.o  -o libext2spice.o 
make[2]: Leaving directory `/home/chuan/Desktop/magic-8.2/ext2spice'
make[2]: Entering directory `/home/chuan/Desktop/magic-8.2/calma'
--- compiling calma/CalmaRead.o
rm -f CalmaRead.o
gcc -g -m64 -fPIC -Wimplicit-int -fPIC  -I/usr/include/tcl8.6/tk-private/generic -I/usr/include/tcl8.6 -I. -I..  -DCAD_DIR=\"/home/chuan/Desktop/magic_install/lib\" -DBIN_DIR=\"/home/chuan/Desktop/magic_install/bin\" -DTCL_DIR=\"/home/chuan/Desktop/magic_install/lib/magic/tcl\" -DPACKAGE_NAME=\"\" -DPACKAGE_TARNAME=\"\" -DPACKAGE_VERSION=\"\" -DPACKAGE_STRING=\"\" -DPACKAGE_BUGREPORT=\"\" -DPACKAGE_URL=\"\" -DMAGIC_VERSION=\"8.2\" -DMAGIC_REVISION=\"19\" -DSTDC_HEADERS=1 -DHAVE_SYS_TYPES_H=1 -DHAVE_SYS_STAT_H=1 -DHAVE_STDLIB_H=1 -DHAVE_STRING_H=1 -DHAVE_MEMORY_H=1 -DHAVE_STRINGS_H=1 -DHAVE_INTTYPES_H=1 -DHAVE_STDINT_H=1 -DHAVE_UNISTD_H=1 -DSIZEOF_VOID_P=8 -DSIZEOF_UNSIGNED_INT=4 -DSIZEOF_UNSIGNED_LONG=8 -DSIZEOF_UNSIGNED_LONG_LONG=8 -DSTDC_HEADERS=1 -DHAVE_SETENV=1 -DHAVE_PUTENV=1 -DHAVE_SYS_MMAN_H=1 -DHAVE_DIRENT_H=1 -DHAVE_LIMITS_H=1 -DHAVE_PATHS_H=1 -DHAVE_VA_COPY=1 -DHAVE___VA_COPY=1 -DFILE_LOCKS=1 -DCALMA_MODULE=1 -DCIF_MODULE=1 -DX11_BACKING_STORE=1 -DPLOT_MODULE=1 -DLEF_MODULE=1 -DROUTE_MODULE=1 -DUSE_NEW_MACROS=1 -DVECTOR_FONTS=1 -DHAVE_LIBCAIRO=1 -DMAGIC_WRAPPER=1 -Dlinux=1 -DSYSV=1 -DISC=1 -DNDEBUG -DGCORE=\"/usr/bin/gcore\" -DSHDLIB_EXT=\".so\"  -c CalmaRead.c
--- compiling calma/CalmaRdcl.o
rm -f CalmaRdcl.o
gcc -g -m64 -fPIC -Wimplicit-int -fPIC  -I/usr/include/tcl8.6/tk-private/generic -I/usr/include/tcl8.6 -I. -I..  -DCAD_DIR=\"/home/chuan/Desktop/magic_install/lib\" -DBIN_DIR=\"/home/chuan/Desktop/magic_install/bin\" -DTCL_DIR=\"/home/chuan/Desktop/magic_install/lib/magic/tcl\" -DPACKAGE_NAME=\"\" -DPACKAGE_TARNAME=\"\" -DPACKAGE_VERSION=\"\" -DPACKAGE_STRING=\"\" -DPACKAGE_BUGREPORT=\"\" -DPACKAGE_URL=\"\" -DMAGIC_VERSION=\"8.2\" -DMAGIC_REVISION=\"19\" -DSTDC_HEADERS=1 -DHAVE_SYS_TYPES_H=1 -DHAVE_SYS_STAT_H=1 -DHAVE_STDLIB_H=1 -DHAVE_STRING_H=1 -DHAVE_MEMORY_H=1 -DHAVE_STRINGS_H=1 -DHAVE_INTTYPES_H=1 -DHAVE_STDINT_H=1 -DHAVE_UNISTD_H=1 -DSIZEOF_VOID_P=8 -DSIZEOF_UNSIGNED_INT=4 -DSIZEOF_UNSIGNED_LONG=8 -DSIZEOF_UNSIGNED_LONG_LONG=8 -DSTDC_HEADERS=1 -DHAVE_SETENV=1 -DHAVE_PUTENV=1 -DHAVE_SYS_MMAN_H=1 -DHAVE_DIRENT_H=1 -DHAVE_LIMITS_H=1 -DHAVE_PATHS_H=1 -DHAVE_VA_COPY=1 -DHAVE___VA_COPY=1 -DFILE_LOCKS=1 -DCALMA_MODULE=1 -DCIF_MODULE=1 -DX11_BACKING_STORE=1 -DPLOT_MODULE=1 -DLEF_MODULE=1 -DROUTE_MODULE=1 -DUSE_NEW_MACROS=1 -DVECTOR_FONTS=1 -DHAVE_LIBCAIRO=1 -DMAGIC_WRAPPER=1 -Dlinux=1 -DSYSV=1 -DISC=1 -DNDEBUG -DGCORE=\"/usr/bin/gcore\" -DSHDLIB_EXT=\".so\"  -c CalmaRdcl.c
CalmaRdcl.c: In function ‘calmaParseStructure’:
CalmaRdcl.c:380:2: warning: format ‘%lld’ expects argument of type ‘long long int’, but argument 3 has type ‘off_t’ [-Wformat=]
  sprintf(fpcopy, "%"DLONG_PREFIX"d", (dlong) filepos);
  ^
CalmaRdcl.c:385:2: warning: format ‘%lld’ expects argument of type ‘long long int’, but argument 3 has type ‘off_t’ [-Wformat=]
  sprintf(fpcopy, "%"DLONG_PREFIX"d", (dlong) filepos);
  ^
--- compiling calma/CalmaRdio.o
rm -f CalmaRdio.o
gcc -g -m64 -fPIC -Wimplicit-int -fPIC  -I/usr/include/tcl8.6/tk-private/generic -I/usr/include/tcl8.6 -I. -I..  -DCAD_DIR=\"/home/chuan/Desktop/magic_install/lib\" -DBIN_DIR=\"/home/chuan/Desktop/magic_install/bin\" -DTCL_DIR=\"/home/chuan/Desktop/magic_install/lib/magic/tcl\" -DPACKAGE_NAME=\"\" -DPACKAGE_TARNAME=\"\" -DPACKAGE_VERSION=\"\" -DPACKAGE_STRING=\"\" -DPACKAGE_BUGREPORT=\"\" -DPACKAGE_URL=\"\" -DMAGIC_VERSION=\"8.2\" -DMAGIC_REVISION=\"19\" -DSTDC_HEADERS=1 -DHAVE_SYS_TYPES_H=1 -DHAVE_SYS_STAT_H=1 -DHAVE_STDLIB_H=1 -DHAVE_STRING_H=1 -DHAVE_MEMORY_H=1 -DHAVE_STRINGS_H=1 -DHAVE_INTTYPES_H=1 -DHAVE_STDINT_H=1 -DHAVE_UNISTD_H=1 -DSIZEOF_VOID_P=8 -DSIZEOF_UNSIGNED_INT=4 -DSIZEOF_UNSIGNED_LONG=8 -DSIZEOF_UNSIGNED_LONG_LONG=8 -DSTDC_HEADERS=1 -DHAVE_SETENV=1 -DHAVE_PUTENV=1 -DHAVE_SYS_MMAN_H=1 -DHAVE_DIRENT_H=1 -DHAVE_LIMITS_H=1 -DHAVE_PATHS_H=1 -DHAVE_VA_COPY=1 -DHAVE___VA_COPY=1 -DFILE_LOCKS=1 -DCALMA_MODULE=1 -DCIF_MODULE=1 -DX11_BACKING_STORE=1 -DPLOT_MODULE=1 -DLEF_MODULE=1 -DROUTE_MODULE=1 -DUSE_NEW_MACROS=1 -DVECTOR_FONTS=1 -DHAVE_LIBCAIRO=1 -DMAGIC_WRAPPER=1 -Dlinux=1 -DSYSV=1 -DISC=1 -DNDEBUG -DGCORE=\"/usr/bin/gcore\" -DSHDLIB_EXT=\".so\"  -c CalmaRdio.c
--- compiling calma/CalmaRdpt.o
rm -f CalmaRdpt.o
gcc -g -m64 -fPIC -Wimplicit-int -fPIC  -I/usr/include/tcl8.6/tk-private/generic -I/usr/include/tcl8.6 -I. -I..  -DCAD_DIR=\"/home/chuan/Desktop/magic_install/lib\" -DBIN_DIR=\"/home/chuan/Desktop/magic_install/bin\" -DTCL_DIR=\"/home/chuan/Desktop/magic_install/lib/magic/tcl\" -DPACKAGE_NAME=\"\" -DPACKAGE_TARNAME=\"\" -DPACKAGE_VERSION=\"\" -DPACKAGE_STRING=\"\" -DPACKAGE_BUGREPORT=\"\" -DPACKAGE_URL=\"\" -DMAGIC_VERSION=\"8.2\" -DMAGIC_REVISION=\"19\" -DSTDC_HEADERS=1 -DHAVE_SYS_TYPES_H=1 -DHAVE_SYS_STAT_H=1 -DHAVE_STDLIB_H=1 -DHAVE_STRING_H=1 -DHAVE_MEMORY_H=1 -DHAVE_STRINGS_H=1 -DHAVE_INTTYPES_H=1 -DHAVE_STDINT_H=1 -DHAVE_UNISTD_H=1 -DSIZEOF_VOID_P=8 -DSIZEOF_UNSIGNED_INT=4 -DSIZEOF_UNSIGNED_LONG=8 -DSIZEOF_UNSIGNED_LONG_LONG=8 -DSTDC_HEADERS=1 -DHAVE_SETENV=1 -DHAVE_PUTENV=1 -DHAVE_SYS_MMAN_H=1 -DHAVE_DIRENT_H=1 -DHAVE_LIMITS_H=1 -DHAVE_PATHS_H=1 -DHAVE_VA_COPY=1 -DHAVE___VA_COPY=1 -DFILE_LOCKS=1 -DCALMA_MODULE=1 -DCIF_MODULE=1 -DX11_BACKING_STORE=1 -DPLOT_MODULE=1 -DLEF_MODULE=1 -DROUTE_MODULE=1 -DUSE_NEW_MACROS=1 -DVECTOR_FONTS=1 -DHAVE_LIBCAIRO=1 -DMAGIC_WRAPPER=1 -Dlinux=1 -DSYSV=1 -DISC=1 -DNDEBUG -DGCORE=\"/usr/bin/gcore\" -DSHDLIB_EXT=\".so\"  -c CalmaRdpt.c
--- compiling calma/CalmaWrite.o
rm -f CalmaWrite.o
gcc -g -m64 -fPIC -Wimplicit-int -fPIC  -I/usr/include/tcl8.6/tk-private/generic -I/usr/include/tcl8.6 -I. -I..  -DCAD_DIR=\"/home/chuan/Desktop/magic_install/lib\" -DBIN_DIR=\"/home/chuan/Desktop/magic_install/bin\" -DTCL_DIR=\"/home/chuan/Desktop/magic_install/lib/magic/tcl\" -DPACKAGE_NAME=\"\" -DPACKAGE_TARNAME=\"\" -DPACKAGE_VERSION=\"\" -DPACKAGE_STRING=\"\" -DPACKAGE_BUGREPORT=\"\" -DPACKAGE_URL=\"\" -DMAGIC_VERSION=\"8.2\" -DMAGIC_REVISION=\"19\" -DSTDC_HEADERS=1 -DHAVE_SYS_TYPES_H=1 -DHAVE_SYS_STAT_H=1 -DHAVE_STDLIB_H=1 -DHAVE_STRING_H=1 -DHAVE_MEMORY_H=1 -DHAVE_STRINGS_H=1 -DHAVE_INTTYPES_H=1 -DHAVE_STDINT_H=1 -DHAVE_UNISTD_H=1 -DSIZEOF_VOID_P=8 -DSIZEOF_UNSIGNED_INT=4 -DSIZEOF_UNSIGNED_LONG=8 -DSIZEOF_UNSIGNED_LONG_LONG=8 -DSTDC_HEADERS=1 -DHAVE_SETENV=1 -DHAVE_PUTENV=1 -DHAVE_SYS_MMAN_H=1 -DHAVE_DIRENT_H=1 -DHAVE_LIMITS_H=1 -DHAVE_PATHS_H=1 -DHAVE_VA_COPY=1 -DHAVE___VA_COPY=1 -DFILE_LOCKS=1 -DCALMA_MODULE=1 -DCIF_MODULE=1 -DX11_BACKING_STORE=1 -DPLOT_MODULE=1 -DLEF_MODULE=1 -DROUTE_MODULE=1 -DUSE_NEW_MACROS=1 -DVECTOR_FONTS=1 -DHAVE_LIBCAIRO=1 -DMAGIC_WRAPPER=1 -Dlinux=1 -DSYSV=1 -DISC=1 -DNDEBUG -DGCORE=\"/usr/bin/gcore\" -DSHDLIB_EXT=\".so\"  -c CalmaWrite.c
CalmaWrite.c: In function ‘calmaProcessDef’:
CalmaWrite.c:472:6: warning: format ‘%lld’ expects argument of type ‘long long int *’, but argument 3 has type ‘dlong *’ [-Wformat=]
      sscanf(offptr, "%"DLONG_PREFIX"d", &cval);
      ^
CalmaWrite.c:491:6: warning: format ‘%lld’ expects argument of type ‘long long int *’, but argument 3 has type ‘dlong *’ [-Wformat=]
      sscanf(offptr, "%"DLONG_PREFIX"d", &cval);
      ^
--- linking libcalma.o
rm -f libcalma.o
ld -r CalmaRead.o CalmaRdcl.o CalmaRdio.o CalmaRdpt.o CalmaWrite.o  -o libcalma.o 
make[2]: Leaving directory `/home/chuan/Desktop/magic-8.2/calma'
make[2]: Entering directory `/home/chuan/Desktop/magic-8.2/cif'
--- compiling cif/CIFgen.o
rm -f CIFgen.o
gcc -g -m64 -fPIC -Wimplicit-int -fPIC  -I/usr/include/tcl8.6/tk-private/generic -I/usr/include/tcl8.6 -I. -I..  -DCAD_DIR=\"/home/chuan/Desktop/magic_install/lib\" -DBIN_DIR=\"/home/chuan/Desktop/magic_install/bin\" -DTCL_DIR=\"/home/chuan/Desktop/magic_install/lib/magic/tcl\" -DPACKAGE_NAME=\"\" -DPACKAGE_TARNAME=\"\" -DPACKAGE_VERSION=\"\" -DPACKAGE_STRING=\"\" -DPACKAGE_BUGREPORT=\"\" -DPACKAGE_URL=\"\" -DMAGIC_VERSION=\"8.2\" -DMAGIC_REVISION=\"19\" -DSTDC_HEADERS=1 -DHAVE_SYS_TYPES_H=1 -DHAVE_SYS_STAT_H=1 -DHAVE_STDLIB_H=1 -DHAVE_STRING_H=1 -DHAVE_MEMORY_H=1 -DHAVE_STRINGS_H=1 -DHAVE_INTTYPES_H=1 -DHAVE_STDINT_H=1 -DHAVE_UNISTD_H=1 -DSIZEOF_VOID_P=8 -DSIZEOF_UNSIGNED_INT=4 -DSIZEOF_UNSIGNED_LONG=8 -DSIZEOF_UNSIGNED_LONG_LONG=8 -DSTDC_HEADERS=1 -DHAVE_SETENV=1 -DHAVE_PUTENV=1 -DHAVE_SYS_MMAN_H=1 -DHAVE_DIRENT_H=1 -DHAVE_LIMITS_H=1 -DHAVE_PATHS_H=1 -DHAVE_VA_COPY=1 -DHAVE___VA_COPY=1 -DFILE_LOCKS=1 -DCALMA_MODULE=1 -DCIF_MODULE=1 -DX11_BACKING_STORE=1 -DPLOT_MODULE=1 -DLEF_MODULE=1 -DROUTE_MODULE=1 -DUSE_NEW_MACROS=1 -DVECTOR_FONTS=1 -DHAVE_LIBCAIRO=1 -DMAGIC_WRAPPER=1 -Dlinux=1 -DSYSV=1 -DISC=1 -DNDEBUG -DGCORE=\"/usr/bin/gcore\" -DSHDLIB_EXT=\".so\"  -c CIFgen.c
--- compiling cif/CIFhier.o
rm -f CIFhier.o
gcc -g -m64 -fPIC -Wimplicit-int -fPIC  -I/usr/include/tcl8.6/tk-private/generic -I/usr/include/tcl8.6 -I. -I..  -DCAD_DIR=\"/home/chuan/Desktop/magic_install/lib\" -DBIN_DIR=\"/home/chuan/Desktop/magic_install/bin\" -DTCL_DIR=\"/home/chuan/Desktop/magic_install/lib/magic/tcl\" -DPACKAGE_NAME=\"\" -DPACKAGE_TARNAME=\"\" -DPACKAGE_VERSION=\"\" -DPACKAGE_STRING=\"\" -DPACKAGE_BUGREPORT=\"\" -DPACKAGE_URL=\"\" -DMAGIC_VERSION=\"8.2\" -DMAGIC_REVISION=\"19\" -DSTDC_HEADERS=1 -DHAVE_SYS_TYPES_H=1 -DHAVE_SYS_STAT_H=1 -DHAVE_STDLIB_H=1 -DHAVE_STRING_H=1 -DHAVE_MEMORY_H=1 -DHAVE_STRINGS_H=1 -DHAVE_INTTYPES_H=1 -DHAVE_STDINT_H=1 -DHAVE_UNISTD_H=1 -DSIZEOF_VOID_P=8 -DSIZEOF_UNSIGNED_INT=4 -DSIZEOF_UNSIGNED_LONG=8 -DSIZEOF_UNSIGNED_LONG_LONG=8 -DSTDC_HEADERS=1 -DHAVE_SETENV=1 -DHAVE_PUTENV=1 -DHAVE_SYS_MMAN_H=1 -DHAVE_DIRENT_H=1 -DHAVE_LIMITS_H=1 -DHAVE_PATHS_H=1 -DHAVE_VA_COPY=1 -DHAVE___VA_COPY=1 -DFILE_LOCKS=1 -DCALMA_MODULE=1 -DCIF_MODULE=1 -DX11_BACKING_STORE=1 -DPLOT_MODULE=1 -DLEF_MODULE=1 -DROUTE_MODULE=1 -DUSE_NEW_MACROS=1 -DVECTOR_FONTS=1 -DHAVE_LIBCAIRO=1 -DMAGIC_WRAPPER=1 -Dlinux=1 -DSYSV=1 -DISC=1 -DNDEBUG -DGCORE=\"/usr/bin/gcore\" -DSHDLIB_EXT=\".so\"  -c CIFhier.c
--- compiling cif/CIFmain.o
rm -f CIFmain.o
gcc -g -m64 -fPIC -Wimplicit-int -fPIC  -I/usr/include/tcl8.6/tk-private/generic -I/usr/include/tcl8.6 -I. -I..  -DCAD_DIR=\"/home/chuan/Desktop/magic_install/lib\" -DBIN_DIR=\"/home/chuan/Desktop/magic_install/bin\" -DTCL_DIR=\"/home/chuan/Desktop/magic_install/lib/magic/tcl\" -DPACKAGE_NAME=\"\" -DPACKAGE_TARNAME=\"\" -DPACKAGE_VERSION=\"\" -DPACKAGE_STRING=\"\" -DPACKAGE_BUGREPORT=\"\" -DPACKAGE_URL=\"\" -DMAGIC_VERSION=\"8.2\" -DMAGIC_REVISION=\"19\" -DSTDC_HEADERS=1 -DHAVE_SYS_TYPES_H=1 -DHAVE_SYS_STAT_H=1 -DHAVE_STDLIB_H=1 -DHAVE_STRING_H=1 -DHAVE_MEMORY_H=1 -DHAVE_STRINGS_H=1 -DHAVE_INTTYPES_H=1 -DHAVE_STDINT_H=1 -DHAVE_UNISTD_H=1 -DSIZEOF_VOID_P=8 -DSIZEOF_UNSIGNED_INT=4 -DSIZEOF_UNSIGNED_LONG=8 -DSIZEOF_UNSIGNED_LONG_LONG=8 -DSTDC_HEADERS=1 -DHAVE_SETENV=1 -DHAVE_PUTENV=1 -DHAVE_SYS_MMAN_H=1 -DHAVE_DIRENT_H=1 -DHAVE_LIMITS_H=1 -DHAVE_PATHS_H=1 -DHAVE_VA_COPY=1 -DHAVE___VA_COPY=1 -DFILE_LOCKS=1 -DCALMA_MODULE=1 -DCIF_MODULE=1 -DX11_BACKING_STORE=1 -DPLOT_MODULE=1 -DLEF_MODULE=1 -DROUTE_MODULE=1 -DUSE_NEW_MACROS=1 -DVECTOR_FONTS=1 -DHAVE_LIBCAIRO=1 -DMAGIC_WRAPPER=1 -Dlinux=1 -DSYSV=1 -DISC=1 -DNDEBUG -DGCORE=\"/usr/bin/gcore\" -DSHDLIB_EXT=\".so\"  -c CIFmain.c
--- compiling cif/CIFrdcl.o
rm -f CIFrdcl.o
gcc -g -m64 -fPIC -Wimplicit-int -fPIC  -I/usr/include/tcl8.6/tk-private/generic -I/usr/include/tcl8.6 -I. -I..  -DCAD_DIR=\"/home/chuan/Desktop/magic_install/lib\" -DBIN_DIR=\"/home/chuan/Desktop/magic_install/bin\" -DTCL_DIR=\"/home/chuan/Desktop/magic_install/lib/magic/tcl\" -DPACKAGE_NAME=\"\" -DPACKAGE_TARNAME=\"\" -DPACKAGE_VERSION=\"\" -DPACKAGE_STRING=\"\" -DPACKAGE_BUGREPORT=\"\" -DPACKAGE_URL=\"\" -DMAGIC_VERSION=\"8.2\" -DMAGIC_REVISION=\"19\" -DSTDC_HEADERS=1 -DHAVE_SYS_TYPES_H=1 -DHAVE_SYS_STAT_H=1 -DHAVE_STDLIB_H=1 -DHAVE_STRING_H=1 -DHAVE_MEMORY_H=1 -DHAVE_STRINGS_H=1 -DHAVE_INTTYPES_H=1 -DHAVE_STDINT_H=1 -DHAVE_UNISTD_H=1 -DSIZEOF_VOID_P=8 -DSIZEOF_UNSIGNED_INT=4 -DSIZEOF_UNSIGNED_LONG=8 -DSIZEOF_UNSIGNED_LONG_LONG=8 -DSTDC_HEADERS=1 -DHAVE_SETENV=1 -DHAVE_PUTENV=1 -DHAVE_SYS_MMAN_H=1 -DHAVE_DIRENT_H=1 -DHAVE_LIMITS_H=1 -DHAVE_PATHS_H=1 -DHAVE_VA_COPY=1 -DHAVE___VA_COPY=1 -DFILE_LOCKS=1 -DCALMA_MODULE=1 -DCIF_MODULE=1 -DX11_BACKING_STORE=1 -DPLOT_MODULE=1 -DLEF_MODULE=1 -DROUTE_MODULE=1 -DUSE_NEW_MACROS=1 -DVECTOR_FONTS=1 -DHAVE_LIBCAIRO=1 -DMAGIC_WRAPPER=1 -Dlinux=1 -DSYSV=1 -DISC=1 -DNDEBUG -DGCORE=\"/usr/bin/gcore\" -DSHDLIB_EXT=\".so\"  -c CIFrdcl.c
--- compiling cif/CIFrdpt.o
rm -f CIFrdpt.o
gcc -g -m64 -fPIC -Wimplicit-int -fPIC  -I/usr/include/tcl8.6/tk-private/generic -I/usr/include/tcl8.6 -I. -I..  -DCAD_DIR=\"/home/chuan/Desktop/magic_install/lib\" -DBIN_DIR=\"/home/chuan/Desktop/magic_install/bin\" -DTCL_DIR=\"/home/chuan/Desktop/magic_install/lib/magic/tcl\" -DPACKAGE_NAME=\"\" -DPACKAGE_TARNAME=\"\" -DPACKAGE_VERSION=\"\" -DPACKAGE_STRING=\"\" -DPACKAGE_BUGREPORT=\"\" -DPACKAGE_URL=\"\" -DMAGIC_VERSION=\"8.2\" -DMAGIC_REVISION=\"19\" -DSTDC_HEADERS=1 -DHAVE_SYS_TYPES_H=1 -DHAVE_SYS_STAT_H=1 -DHAVE_STDLIB_H=1 -DHAVE_STRING_H=1 -DHAVE_MEMORY_H=1 -DHAVE_STRINGS_H=1 -DHAVE_INTTYPES_H=1 -DHAVE_STDINT_H=1 -DHAVE_UNISTD_H=1 -DSIZEOF_VOID_P=8 -DSIZEOF_UNSIGNED_INT=4 -DSIZEOF_UNSIGNED_LONG=8 -DSIZEOF_UNSIGNED_LONG_LONG=8 -DSTDC_HEADERS=1 -DHAVE_SETENV=1 -DHAVE_PUTENV=1 -DHAVE_SYS_MMAN_H=1 -DHAVE_DIRENT_H=1 -DHAVE_LIMITS_H=1 -DHAVE_PATHS_H=1 -DHAVE_VA_COPY=1 -DHAVE___VA_COPY=1 -DFILE_LOCKS=1 -DCALMA_MODULE=1 -DCIF_MODULE=1 -DX11_BACKING_STORE=1 -DPLOT_MODULE=1 -DLEF_MODULE=1 -DROUTE_MODULE=1 -DUSE_NEW_MACROS=1 -DVECTOR_FONTS=1 -DHAVE_LIBCAIRO=1 -DMAGIC_WRAPPER=1 -Dlinux=1 -DSYSV=1 -DISC=1 -DNDEBUG -DGCORE=\"/usr/bin/gcore\" -DSHDLIB_EXT=\".so\"  -c CIFrdpt.c
--- compiling cif/CIFrdpoly.o
rm -f CIFrdpoly.o
gcc -g -m64 -fPIC -Wimplicit-int -fPIC  -I/usr/include/tcl8.6/tk-private/generic -I/usr/include/tcl8.6 -I. -I..  -DCAD_DIR=\"/home/chuan/Desktop/magic_install/lib\" -DBIN_DIR=\"/home/chuan/Desktop/magic_install/bin\" -DTCL_DIR=\"/home/chuan/Desktop/magic_install/lib/magic/tcl\" -DPACKAGE_NAME=\"\" -DPACKAGE_TARNAME=\"\" -DPACKAGE_VERSION=\"\" -DPACKAGE_STRING=\"\" -DPACKAGE_BUGREPORT=\"\" -DPACKAGE_URL=\"\" -DMAGIC_VERSION=\"8.2\" -DMAGIC_REVISION=\"19\" -DSTDC_HEADERS=1 -DHAVE_SYS_TYPES_H=1 -DHAVE_SYS_STAT_H=1 -DHAVE_STDLIB_H=1 -DHAVE_STRING_H=1 -DHAVE_MEMORY_H=1 -DHAVE_STRINGS_H=1 -DHAVE_INTTYPES_H=1 -DHAVE_STDINT_H=1 -DHAVE_UNISTD_H=1 -DSIZEOF_VOID_P=8 -DSIZEOF_UNSIGNED_INT=4 -DSIZEOF_UNSIGNED_LONG=8 -DSIZEOF_UNSIGNED_LONG_LONG=8 -DSTDC_HEADERS=1 -DHAVE_SETENV=1 -DHAVE_PUTENV=1 -DHAVE_SYS_MMAN_H=1 -DHAVE_DIRENT_H=1 -DHAVE_LIMITS_H=1 -DHAVE_PATHS_H=1 -DHAVE_VA_COPY=1 -DHAVE___VA_COPY=1 -DFILE_LOCKS=1 -DCALMA_MODULE=1 -DCIF_MODULE=1 -DX11_BACKING_STORE=1 -DPLOT_MODULE=1 -DLEF_MODULE=1 -DROUTE_MODULE=1 -DUSE_NEW_MACROS=1 -DVECTOR_FONTS=1 -DHAVE_LIBCAIRO=1 -DMAGIC_WRAPPER=1 -Dlinux=1 -DSYSV=1 -DISC=1 -DNDEBUG -DGCORE=\"/usr/bin/gcore\" -DSHDLIB_EXT=\".so\"  -c CIFrdpoly.c
--- compiling cif/CIFrdtech.o
rm -f CIFrdtech.o
gcc -g -m64 -fPIC -Wimplicit-int -fPIC  -I/usr/include/tcl8.6/tk-private/generic -I/usr/include/tcl8.6 -I. -I..  -DCAD_DIR=\"/home/chuan/Desktop/magic_install/lib\" -DBIN_DIR=\"/home/chuan/Desktop/magic_install/bin\" -DTCL_DIR=\"/home/chuan/Desktop/magic_install/lib/magic/tcl\" -DPACKAGE_NAME=\"\" -DPACKAGE_TARNAME=\"\" -DPACKAGE_VERSION=\"\" -DPACKAGE_STRING=\"\" -DPACKAGE_BUGREPORT=\"\" -DPACKAGE_URL=\"\" -DMAGIC_VERSION=\"8.2\" -DMAGIC_REVISION=\"19\" -DSTDC_HEADERS=1 -DHAVE_SYS_TYPES_H=1 -DHAVE_SYS_STAT_H=1 -DHAVE_STDLIB_H=1 -DHAVE_STRING_H=1 -DHAVE_MEMORY_H=1 -DHAVE_STRINGS_H=1 -DHAVE_INTTYPES_H=1 -DHAVE_STDINT_H=1 -DHAVE_UNISTD_H=1 -DSIZEOF_VOID_P=8 -DSIZEOF_UNSIGNED_INT=4 -DSIZEOF_UNSIGNED_LONG=8 -DSIZEOF_UNSIGNED_LONG_LONG=8 -DSTDC_HEADERS=1 -DHAVE_SETENV=1 -DHAVE_PUTENV=1 -DHAVE_SYS_MMAN_H=1 -DHAVE_DIRENT_H=1 -DHAVE_LIMITS_H=1 -DHAVE_PATHS_H=1 -DHAVE_VA_COPY=1 -DHAVE___VA_COPY=1 -DFILE_LOCKS=1 -DCALMA_MODULE=1 -DCIF_MODULE=1 -DX11_BACKING_STORE=1 -DPLOT_MODULE=1 -DLEF_MODULE=1 -DROUTE_MODULE=1 -DUSE_NEW_MACROS=1 -DVECTOR_FONTS=1 -DHAVE_LIBCAIRO=1 -DMAGIC_WRAPPER=1 -Dlinux=1 -DSYSV=1 -DISC=1 -DNDEBUG -DGCORE=\"/usr/bin/gcore\" -DSHDLIB_EXT=\".so\"  -c CIFrdtech.c
--- compiling cif/CIFrdutils.o
rm -f CIFrdutils.o
gcc -g -m64 -fPIC -Wimplicit-int -fPIC  -I/usr/include/tcl8.6/tk-private/generic -I/usr/include/tcl8.6 -I. -I..  -DCAD_DIR=\"/home/chuan/Desktop/magic_install/lib\" -DBIN_DIR=\"/home/chuan/Desktop/magic_install/bin\" -DTCL_DIR=\"/home/chuan/Desktop/magic_install/lib/magic/tcl\" -DPACKAGE_NAME=\"\" -DPACKAGE_TARNAME=\"\" -DPACKAGE_VERSION=\"\" -DPACKAGE_STRING=\"\" -DPACKAGE_BUGREPORT=\"\" -DPACKAGE_URL=\"\" -DMAGIC_VERSION=\"8.2\" -DMAGIC_REVISION=\"19\" -DSTDC_HEADERS=1 -DHAVE_SYS_TYPES_H=1 -DHAVE_SYS_STAT_H=1 -DHAVE_STDLIB_H=1 -DHAVE_STRING_H=1 -DHAVE_MEMORY_H=1 -DHAVE_STRINGS_H=1 -DHAVE_INTTYPES_H=1 -DHAVE_STDINT_H=1 -DHAVE_UNISTD_H=1 -DSIZEOF_VOID_P=8 -DSIZEOF_UNSIGNED_INT=4 -DSIZEOF_UNSIGNED_LONG=8 -DSIZEOF_UNSIGNED_LONG_LONG=8 -DSTDC_HEADERS=1 -DHAVE_SETENV=1 -DHAVE_PUTENV=1 -DHAVE_SYS_MMAN_H=1 -DHAVE_DIRENT_H=1 -DHAVE_LIMITS_H=1 -DHAVE_PATHS_H=1 -DHAVE_VA_COPY=1 -DHAVE___VA_COPY=1 -DFILE_LOCKS=1 -DCALMA_MODULE=1 -DCIF_MODULE=1 -DX11_BACKING_STORE=1 -DPLOT_MODULE=1 -DLEF_MODULE=1 -DROUTE_MODULE=1 -DUSE_NEW_MACROS=1 -DVECTOR_FONTS=1 -DHAVE_LIBCAIRO=1 -DMAGIC_WRAPPER=1 -Dlinux=1 -DSYSV=1 -DISC=1 -DNDEBUG -DGCORE=\"/usr/bin/gcore\" -DSHDLIB_EXT=\".so\"  -c CIFrdutils.c
--- compiling cif/CIFsee.o
rm -f CIFsee.o
gcc -g -m64 -fPIC -Wimplicit-int -fPIC  -I/usr/include/tcl8.6/tk-private/generic -I/usr/include/tcl8.6 -I. -I..  -DCAD_DIR=\"/home/chuan/Desktop/magic_install/lib\" -DBIN_DIR=\"/home/chuan/Desktop/magic_install/bin\" -DTCL_DIR=\"/home/chuan/Desktop/magic_install/lib/magic/tcl\" -DPACKAGE_NAME=\"\" -DPACKAGE_TARNAME=\"\" -DPACKAGE_VERSION=\"\" -DPACKAGE_STRING=\"\" -DPACKAGE_BUGREPORT=\"\" -DPACKAGE_URL=\"\" -DMAGIC_VERSION=\"8.2\" -DMAGIC_REVISION=\"19\" -DSTDC_HEADERS=1 -DHAVE_SYS_TYPES_H=1 -DHAVE_SYS_STAT_H=1 -DHAVE_STDLIB_H=1 -DHAVE_STRING_H=1 -DHAVE_MEMORY_H=1 -DHAVE_STRINGS_H=1 -DHAVE_INTTYPES_H=1 -DHAVE_STDINT_H=1 -DHAVE_UNISTD_H=1 -DSIZEOF_VOID_P=8 -DSIZEOF_UNSIGNED_INT=4 -DSIZEOF_UNSIGNED_LONG=8 -DSIZEOF_UNSIGNED_LONG_LONG=8 -DSTDC_HEADERS=1 -DHAVE_SETENV=1 -DHAVE_PUTENV=1 -DHAVE_SYS_MMAN_H=1 -DHAVE_DIRENT_H=1 -DHAVE_LIMITS_H=1 -DHAVE_PATHS_H=1 -DHAVE_VA_COPY=1 -DHAVE___VA_COPY=1 -DFILE_LOCKS=1 -DCALMA_MODULE=1 -DCIF_MODULE=1 -DX11_BACKING_STORE=1 -DPLOT_MODULE=1 -DLEF_MODULE=1 -DROUTE_MODULE=1 -DUSE_NEW_MACROS=1 -DVECTOR_FONTS=1 -DHAVE_LIBCAIRO=1 -DMAGIC_WRAPPER=1 -Dlinux=1 -DSYSV=1 -DISC=1 -DNDEBUG -DGCORE=\"/usr/bin/gcore\" -DSHDLIB_EXT=\".so\"  -c CIFsee.c
--- compiling cif/CIFtech.o
rm -f CIFtech.o
gcc -g -m64 -fPIC -Wimplicit-int -fPIC  -I/usr/include/tcl8.6/tk-private/generic -I/usr/include/tcl8.6 -I. -I..  -DCAD_DIR=\"/home/chuan/Desktop/magic_install/lib\" -DBIN_DIR=\"/home/chuan/Desktop/magic_install/bin\" -DTCL_DIR=\"/home/chuan/Desktop/magic_install/lib/magic/tcl\" -DPACKAGE_NAME=\"\" -DPACKAGE_TARNAME=\"\" -DPACKAGE_VERSION=\"\" -DPACKAGE_STRING=\"\" -DPACKAGE_BUGREPORT=\"\" -DPACKAGE_URL=\"\" -DMAGIC_VERSION=\"8.2\" -DMAGIC_REVISION=\"19\" -DSTDC_HEADERS=1 -DHAVE_SYS_TYPES_H=1 -DHAVE_SYS_STAT_H=1 -DHAVE_STDLIB_H=1 -DHAVE_STRING_H=1 -DHAVE_MEMORY_H=1 -DHAVE_STRINGS_H=1 -DHAVE_INTTYPES_H=1 -DHAVE_STDINT_H=1 -DHAVE_UNISTD_H=1 -DSIZEOF_VOID_P=8 -DSIZEOF_UNSIGNED_INT=4 -DSIZEOF_UNSIGNED_LONG=8 -DSIZEOF_UNSIGNED_LONG_LONG=8 -DSTDC_HEADERS=1 -DHAVE_SETENV=1 -DHAVE_PUTENV=1 -DHAVE_SYS_MMAN_H=1 -DHAVE_DIRENT_H=1 -DHAVE_LIMITS_H=1 -DHAVE_PATHS_H=1 -DHAVE_VA_COPY=1 -DHAVE___VA_COPY=1 -DFILE_LOCKS=1 -DCALMA_MODULE=1 -DCIF_MODULE=1 -DX11_BACKING_STORE=1 -DPLOT_MODULE=1 -DLEF_MODULE=1 -DROUTE_MODULE=1 -DUSE_NEW_MACROS=1 -DVECTOR_FONTS=1 -DHAVE_LIBCAIRO=1 -DMAGIC_WRAPPER=1 -Dlinux=1 -DSYSV=1 -DISC=1 -DNDEBUG -DGCORE=\"/usr/bin/gcore\" -DSHDLIB_EXT=\".so\"  -c CIFtech.c
--- compiling cif/CIFwrite.o
rm -f CIFwrite.o
gcc -g -m64 -fPIC -Wimplicit-int -fPIC  -I/usr/include/tcl8.6/tk-private/generic -I/usr/include/tcl8.6 -I. -I..  -DCAD_DIR=\"/home/chuan/Desktop/magic_install/lib\" -DBIN_DIR=\"/home/chuan/Desktop/magic_install/bin\" -DTCL_DIR=\"/home/chuan/Desktop/magic_install/lib/magic/tcl\" -DPACKAGE_NAME=\"\" -DPACKAGE_TARNAME=\"\" -DPACKAGE_VERSION=\"\" -DPACKAGE_STRING=\"\" -DPACKAGE_BUGREPORT=\"\" -DPACKAGE_URL=\"\" -DMAGIC_VERSION=\"8.2\" -DMAGIC_REVISION=\"19\" -DSTDC_HEADERS=1 -DHAVE_SYS_TYPES_H=1 -DHAVE_SYS_STAT_H=1 -DHAVE_STDLIB_H=1 -DHAVE_STRING_H=1 -DHAVE_MEMORY_H=1 -DHAVE_STRINGS_H=1 -DHAVE_INTTYPES_H=1 -DHAVE_STDINT_H=1 -DHAVE_UNISTD_H=1 -DSIZEOF_VOID_P=8 -DSIZEOF_UNSIGNED_INT=4 -DSIZEOF_UNSIGNED_LONG=8 -DSIZEOF_UNSIGNED_LONG_LONG=8 -DSTDC_HEADERS=1 -DHAVE_SETENV=1 -DHAVE_PUTENV=1 -DHAVE_SYS_MMAN_H=1 -DHAVE_DIRENT_H=1 -DHAVE_LIMITS_H=1 -DHAVE_PATHS_H=1 -DHAVE_VA_COPY=1 -DHAVE___VA_COPY=1 -DFILE_LOCKS=1 -DCALMA_MODULE=1 -DCIF_MODULE=1 -DX11_BACKING_STORE=1 -DPLOT_MODULE=1 -DLEF_MODULE=1 -DROUTE_MODULE=1 -DUSE_NEW_MACROS=1 -DVECTOR_FONTS=1 -DHAVE_LIBCAIRO=1 -DMAGIC_WRAPPER=1 -Dlinux=1 -DSYSV=1 -DISC=1 -DNDEBUG -DGCORE=\"/usr/bin/gcore\" -DSHDLIB_EXT=\".so\"  -c CIFwrite.c
--- linking libcif.o
rm -f libcif.o
ld -r CIFgen.o CIFhier.o CIFmain.o CIFrdcl.o CIFrdpt.o CIFrdpoly.o CIFrdtech.o CIFrdutils.o CIFsee.o CIFtech.o CIFwrite.o  -o libcif.o 
make[2]: Leaving directory `/home/chuan/Desktop/magic-8.2/cif'
make[2]: Entering directory `/home/chuan/Desktop/magic-8.2/plot'
--- compiling plot/plotCmd.o
rm -f plotCmd.o
gcc -g -m64 -fPIC -Wimplicit-int -fPIC  -I/usr/include/tcl8.6/tk-private/generic -I/usr/include/tcl8.6 -I. -I..  -DCAD_DIR=\"/home/chuan/Desktop/magic_install/lib\" -DBIN_DIR=\"/home/chuan/Desktop/magic_install/bin\" -DTCL_DIR=\"/home/chuan/Desktop/magic_install/lib/magic/tcl\" -DPACKAGE_NAME=\"\" -DPACKAGE_TARNAME=\"\" -DPACKAGE_VERSION=\"\" -DPACKAGE_STRING=\"\" -DPACKAGE_BUGREPORT=\"\" -DPACKAGE_URL=\"\" -DMAGIC_VERSION=\"8.2\" -DMAGIC_REVISION=\"19\" -DSTDC_HEADERS=1 -DHAVE_SYS_TYPES_H=1 -DHAVE_SYS_STAT_H=1 -DHAVE_STDLIB_H=1 -DHAVE_STRING_H=1 -DHAVE_MEMORY_H=1 -DHAVE_STRINGS_H=1 -DHAVE_INTTYPES_H=1 -DHAVE_STDINT_H=1 -DHAVE_UNISTD_H=1 -DSIZEOF_VOID_P=8 -DSIZEOF_UNSIGNED_INT=4 -DSIZEOF_UNSIGNED_LONG=8 -DSIZEOF_UNSIGNED_LONG_LONG=8 -DSTDC_HEADERS=1 -DHAVE_SETENV=1 -DHAVE_PUTENV=1 -DHAVE_SYS_MMAN_H=1 -DHAVE_DIRENT_H=1 -DHAVE_LIMITS_H=1 -DHAVE_PATHS_H=1 -DHAVE_VA_COPY=1 -DHAVE___VA_COPY=1 -DFILE_LOCKS=1 -DCALMA_MODULE=1 -DCIF_MODULE=1 -DX11_BACKING_STORE=1 -DPLOT_MODULE=1 -DLEF_MODULE=1 -DROUTE_MODULE=1 -DUSE_NEW_MACROS=1 -DVECTOR_FONTS=1 -DHAVE_LIBCAIRO=1 -DMAGIC_WRAPPER=1 -Dlinux=1 -DSYSV=1 -DISC=1 -DNDEBUG -DGCORE=\"/usr/bin/gcore\" -DSHDLIB_EXT=\".so\"  -c plotCmd.c
--- compiling plot/plotGremln.o
rm -f plotGremln.o
gcc -g -m64 -fPIC -Wimplicit-int -fPIC  -I/usr/include/tcl8.6/tk-private/generic -I/usr/include/tcl8.6 -I. -I..  -DCAD_DIR=\"/home/chuan/Desktop/magic_install/lib\" -DBIN_DIR=\"/home/chuan/Desktop/magic_install/bin\" -DTCL_DIR=\"/home/chuan/Desktop/magic_install/lib/magic/tcl\" -DPACKAGE_NAME=\"\" -DPACKAGE_TARNAME=\"\" -DPACKAGE_VERSION=\"\" -DPACKAGE_STRING=\"\" -DPACKAGE_BUGREPORT=\"\" -DPACKAGE_URL=\"\" -DMAGIC_VERSION=\"8.2\" -DMAGIC_REVISION=\"19\" -DSTDC_HEADERS=1 -DHAVE_SYS_TYPES_H=1 -DHAVE_SYS_STAT_H=1 -DHAVE_STDLIB_H=1 -DHAVE_STRING_H=1 -DHAVE_MEMORY_H=1 -DHAVE_STRINGS_H=1 -DHAVE_INTTYPES_H=1 -DHAVE_STDINT_H=1 -DHAVE_UNISTD_H=1 -DSIZEOF_VOID_P=8 -DSIZEOF_UNSIGNED_INT=4 -DSIZEOF_UNSIGNED_LONG=8 -DSIZEOF_UNSIGNED_LONG_LONG=8 -DSTDC_HEADERS=1 -DHAVE_SETENV=1 -DHAVE_PUTENV=1 -DHAVE_SYS_MMAN_H=1 -DHAVE_DIRENT_H=1 -DHAVE_LIMITS_H=1 -DHAVE_PATHS_H=1 -DHAVE_VA_COPY=1 -DHAVE___VA_COPY=1 -DFILE_LOCKS=1 -DCALMA_MODULE=1 -DCIF_MODULE=1 -DX11_BACKING_STORE=1 -DPLOT_MODULE=1 -DLEF_MODULE=1 -DROUTE_MODULE=1 -DUSE_NEW_MACROS=1 -DVECTOR_FONTS=1 -DHAVE_LIBCAIRO=1 -DMAGIC_WRAPPER=1 -Dlinux=1 -DSYSV=1 -DISC=1 -DNDEBUG -DGCORE=\"/usr/bin/gcore\" -DSHDLIB_EXT=\".so\"  -c plotGremln.c
--- compiling plot/plotHP.o
rm -f plotHP.o
gcc -g -m64 -fPIC -Wimplicit-int -fPIC  -I/usr/include/tcl8.6/tk-private/generic -I/usr/include/tcl8.6 -I. -I..  -DCAD_DIR=\"/home/chuan/Desktop/magic_install/lib\" -DBIN_DIR=\"/home/chuan/Desktop/magic_install/bin\" -DTCL_DIR=\"/home/chuan/Desktop/magic_install/lib/magic/tcl\" -DPACKAGE_NAME=\"\" -DPACKAGE_TARNAME=\"\" -DPACKAGE_VERSION=\"\" -DPACKAGE_STRING=\"\" -DPACKAGE_BUGREPORT=\"\" -DPACKAGE_URL=\"\" -DMAGIC_VERSION=\"8.2\" -DMAGIC_REVISION=\"19\" -DSTDC_HEADERS=1 -DHAVE_SYS_TYPES_H=1 -DHAVE_SYS_STAT_H=1 -DHAVE_STDLIB_H=1 -DHAVE_STRING_H=1 -DHAVE_MEMORY_H=1 -DHAVE_STRINGS_H=1 -DHAVE_INTTYPES_H=1 -DHAVE_STDINT_H=1 -DHAVE_UNISTD_H=1 -DSIZEOF_VOID_P=8 -DSIZEOF_UNSIGNED_INT=4 -DSIZEOF_UNSIGNED_LONG=8 -DSIZEOF_UNSIGNED_LONG_LONG=8 -DSTDC_HEADERS=1 -DHAVE_SETENV=1 -DHAVE_PUTENV=1 -DHAVE_SYS_MMAN_H=1 -DHAVE_DIRENT_H=1 -DHAVE_LIMITS_H=1 -DHAVE_PATHS_H=1 -DHAVE_VA_COPY=1 -DHAVE___VA_COPY=1 -DFILE_LOCKS=1 -DCALMA_MODULE=1 -DCIF_MODULE=1 -DX11_BACKING_STORE=1 -DPLOT_MODULE=1 -DLEF_MODULE=1 -DROUTE_MODULE=1 -DUSE_NEW_MACROS=1 -DVECTOR_FONTS=1 -DHAVE_LIBCAIRO=1 -DMAGIC_WRAPPER=1 -Dlinux=1 -DSYSV=1 -DISC=1 -DNDEBUG -DGCORE=\"/usr/bin/gcore\" -DSHDLIB_EXT=\".so\"  -c plotHP.c
--- compiling plot/plotPS.o
rm -f plotPS.o
gcc -g -m64 -fPIC -Wimplicit-int -fPIC  -I/usr/include/tcl8.6/tk-private/generic -I/usr/include/tcl8.6 -I. -I..  -DCAD_DIR=\"/home/chuan/Desktop/magic_install/lib\" -DBIN_DIR=\"/home/chuan/Desktop/magic_install/bin\" -DTCL_DIR=\"/home/chuan/Desktop/magic_install/lib/magic/tcl\" -DPACKAGE_NAME=\"\" -DPACKAGE_TARNAME=\"\" -DPACKAGE_VERSION=\"\" -DPACKAGE_STRING=\"\" -DPACKAGE_BUGREPORT=\"\" -DPACKAGE_URL=\"\" -DMAGIC_VERSION=\"8.2\" -DMAGIC_REVISION=\"19\" -DSTDC_HEADERS=1 -DHAVE_SYS_TYPES_H=1 -DHAVE_SYS_STAT_H=1 -DHAVE_STDLIB_H=1 -DHAVE_STRING_H=1 -DHAVE_MEMORY_H=1 -DHAVE_STRINGS_H=1 -DHAVE_INTTYPES_H=1 -DHAVE_STDINT_H=1 -DHAVE_UNISTD_H=1 -DSIZEOF_VOID_P=8 -DSIZEOF_UNSIGNED_INT=4 -DSIZEOF_UNSIGNED_LONG=8 -DSIZEOF_UNSIGNED_LONG_LONG=8 -DSTDC_HEADERS=1 -DHAVE_SETENV=1 -DHAVE_PUTENV=1 -DHAVE_SYS_MMAN_H=1 -DHAVE_DIRENT_H=1 -DHAVE_LIMITS_H=1 -DHAVE_PATHS_H=1 -DHAVE_VA_COPY=1 -DHAVE___VA_COPY=1 -DFILE_LOCKS=1 -DCALMA_MODULE=1 -DCIF_MODULE=1 -DX11_BACKING_STORE=1 -DPLOT_MODULE=1 -DLEF_MODULE=1 -DROUTE_MODULE=1 -DUSE_NEW_MACROS=1 -DVECTOR_FONTS=1 -DHAVE_LIBCAIRO=1 -DMAGIC_WRAPPER=1 -Dlinux=1 -DSYSV=1 -DISC=1 -DNDEBUG -DGCORE=\"/usr/bin/gcore\" -DSHDLIB_EXT=\".so\"  -c plotPS.c
--- compiling plot/plotMain.o
rm -f plotMain.o
gcc -g -m64 -fPIC -Wimplicit-int -fPIC  -I/usr/include/tcl8.6/tk-private/generic -I/usr/include/tcl8.6 -I. -I..  -DCAD_DIR=\"/home/chuan/Desktop/magic_install/lib\" -DBIN_DIR=\"/home/chuan/Desktop/magic_install/bin\" -DTCL_DIR=\"/home/chuan/Desktop/magic_install/lib/magic/tcl\" -DPACKAGE_NAME=\"\" -DPACKAGE_TARNAME=\"\" -DPACKAGE_VERSION=\"\" -DPACKAGE_STRING=\"\" -DPACKAGE_BUGREPORT=\"\" -DPACKAGE_URL=\"\" -DMAGIC_VERSION=\"8.2\" -DMAGIC_REVISION=\"19\" -DSTDC_HEADERS=1 -DHAVE_SYS_TYPES_H=1 -DHAVE_SYS_STAT_H=1 -DHAVE_STDLIB_H=1 -DHAVE_STRING_H=1 -DHAVE_MEMORY_H=1 -DHAVE_STRINGS_H=1 -DHAVE_INTTYPES_H=1 -DHAVE_STDINT_H=1 -DHAVE_UNISTD_H=1 -DSIZEOF_VOID_P=8 -DSIZEOF_UNSIGNED_INT=4 -DSIZEOF_UNSIGNED_LONG=8 -DSIZEOF_UNSIGNED_LONG_LONG=8 -DSTDC_HEADERS=1 -DHAVE_SETENV=1 -DHAVE_PUTENV=1 -DHAVE_SYS_MMAN_H=1 -DHAVE_DIRENT_H=1 -DHAVE_LIMITS_H=1 -DHAVE_PATHS_H=1 -DHAVE_VA_COPY=1 -DHAVE___VA_COPY=1 -DFILE_LOCKS=1 -DCALMA_MODULE=1 -DCIF_MODULE=1 -DX11_BACKING_STORE=1 -DPLOT_MODULE=1 -DLEF_MODULE=1 -DROUTE_MODULE=1 -DUSE_NEW_MACROS=1 -DVECTOR_FONTS=1 -DHAVE_LIBCAIRO=1 -DMAGIC_WRAPPER=1 -Dlinux=1 -DSYSV=1 -DISC=1 -DNDEBUG -DGCORE=\"/usr/bin/gcore\" -DSHDLIB_EXT=\".so\"  -c plotMain.c
--- compiling plot/plotRutils.o
rm -f plotRutils.o
gcc -g -m64 -fPIC -Wimplicit-int -fPIC  -I/usr/include/tcl8.6/tk-private/generic -I/usr/include/tcl8.6 -I. -I..  -DCAD_DIR=\"/home/chuan/Desktop/magic_install/lib\" -DBIN_DIR=\"/home/chuan/Desktop/magic_install/bin\" -DTCL_DIR=\"/home/chuan/Desktop/magic_install/lib/magic/tcl\" -DPACKAGE_NAME=\"\" -DPACKAGE_TARNAME=\"\" -DPACKAGE_VERSION=\"\" -DPACKAGE_STRING=\"\" -DPACKAGE_BUGREPORT=\"\" -DPACKAGE_URL=\"\" -DMAGIC_VERSION=\"8.2\" -DMAGIC_REVISION=\"19\" -DSTDC_HEADERS=1 -DHAVE_SYS_TYPES_H=1 -DHAVE_SYS_STAT_H=1 -DHAVE_STDLIB_H=1 -DHAVE_STRING_H=1 -DHAVE_MEMORY_H=1 -DHAVE_STRINGS_H=1 -DHAVE_INTTYPES_H=1 -DHAVE_STDINT_H=1 -DHAVE_UNISTD_H=1 -DSIZEOF_VOID_P=8 -DSIZEOF_UNSIGNED_INT=4 -DSIZEOF_UNSIGNED_LONG=8 -DSIZEOF_UNSIGNED_LONG_LONG=8 -DSTDC_HEADERS=1 -DHAVE_SETENV=1 -DHAVE_PUTENV=1 -DHAVE_SYS_MMAN_H=1 -DHAVE_DIRENT_H=1 -DHAVE_LIMITS_H=1 -DHAVE_PATHS_H=1 -DHAVE_VA_COPY=1 -DHAVE___VA_COPY=1 -DFILE_LOCKS=1 -DCALMA_MODULE=1 -DCIF_MODULE=1 -DX11_BACKING_STORE=1 -DPLOT_MODULE=1 -DLEF_MODULE=1 -DROUTE_MODULE=1 -DUSE_NEW_MACROS=1 -DVECTOR_FONTS=1 -DHAVE_LIBCAIRO=1 -DMAGIC_WRAPPER=1 -Dlinux=1 -DSYSV=1 -DISC=1 -DNDEBUG -DGCORE=\"/usr/bin/gcore\" -DSHDLIB_EXT=\".so\"  -c plotRutils.c
--- compiling plot/plotVers.o
rm -f plotVers.o
gcc -g -m64 -fPIC -Wimplicit-int -fPIC  -I/usr/include/tcl8.6/tk-private/generic -I/usr/include/tcl8.6 -I. -I..  -DCAD_DIR=\"/home/chuan/Desktop/magic_install/lib\" -DBIN_DIR=\"/home/chuan/Desktop/magic_install/bin\" -DTCL_DIR=\"/home/chuan/Desktop/magic_install/lib/magic/tcl\" -DPACKAGE_NAME=\"\" -DPACKAGE_TARNAME=\"\" -DPACKAGE_VERSION=\"\" -DPACKAGE_STRING=\"\" -DPACKAGE_BUGREPORT=\"\" -DPACKAGE_URL=\"\" -DMAGIC_VERSION=\"8.2\" -DMAGIC_REVISION=\"19\" -DSTDC_HEADERS=1 -DHAVE_SYS_TYPES_H=1 -DHAVE_SYS_STAT_H=1 -DHAVE_STDLIB_H=1 -DHAVE_STRING_H=1 -DHAVE_MEMORY_H=1 -DHAVE_STRINGS_H=1 -DHAVE_INTTYPES_H=1 -DHAVE_STDINT_H=1 -DHAVE_UNISTD_H=1 -DSIZEOF_VOID_P=8 -DSIZEOF_UNSIGNED_INT=4 -DSIZEOF_UNSIGNED_LONG=8 -DSIZEOF_UNSIGNED_LONG_LONG=8 -DSTDC_HEADERS=1 -DHAVE_SETENV=1 -DHAVE_PUTENV=1 -DHAVE_SYS_MMAN_H=1 -DHAVE_DIRENT_H=1 -DHAVE_LIMITS_H=1 -DHAVE_PATHS_H=1 -DHAVE_VA_COPY=1 -DHAVE___VA_COPY=1 -DFILE_LOCKS=1 -DCALMA_MODULE=1 -DCIF_MODULE=1 -DX11_BACKING_STORE=1 -DPLOT_MODULE=1 -DLEF_MODULE=1 -DROUTE_MODULE=1 -DUSE_NEW_MACROS=1 -DVECTOR_FONTS=1 -DHAVE_LIBCAIRO=1 -DMAGIC_WRAPPER=1 -Dlinux=1 -DSYSV=1 -DISC=1 -DNDEBUG -DGCORE=\"/usr/bin/gcore\" -DSHDLIB_EXT=\".so\"  -c plotVers.c
--- compiling plot/plotPixels.o
rm -f plotPixels.o
gcc -g -m64 -fPIC -Wimplicit-int -fPIC  -I/usr/include/tcl8.6/tk-private/generic -I/usr/include/tcl8.6 -I. -I..  -DCAD_DIR=\"/home/chuan/Desktop/magic_install/lib\" -DBIN_DIR=\"/home/chuan/Desktop/magic_install/bin\" -DTCL_DIR=\"/home/chuan/Desktop/magic_install/lib/magic/tcl\" -DPACKAGE_NAME=\"\" -DPACKAGE_TARNAME=\"\" -DPACKAGE_VERSION=\"\" -DPACKAGE_STRING=\"\" -DPACKAGE_BUGREPORT=\"\" -DPACKAGE_URL=\"\" -DMAGIC_VERSION=\"8.2\" -DMAGIC_REVISION=\"19\" -DSTDC_HEADERS=1 -DHAVE_SYS_TYPES_H=1 -DHAVE_SYS_STAT_H=1 -DHAVE_STDLIB_H=1 -DHAVE_STRING_H=1 -DHAVE_MEMORY_H=1 -DHAVE_STRINGS_H=1 -DHAVE_INTTYPES_H=1 -DHAVE_STDINT_H=1 -DHAVE_UNISTD_H=1 -DSIZEOF_VOID_P=8 -DSIZEOF_UNSIGNED_INT=4 -DSIZEOF_UNSIGNED_LONG=8 -DSIZEOF_UNSIGNED_LONG_LONG=8 -DSTDC_HEADERS=1 -DHAVE_SETENV=1 -DHAVE_PUTENV=1 -DHAVE_SYS_MMAN_H=1 -DHAVE_DIRENT_H=1 -DHAVE_LIMITS_H=1 -DHAVE_PATHS_H=1 -DHAVE_VA_COPY=1 -DHAVE___VA_COPY=1 -DFILE_LOCKS=1 -DCALMA_MODULE=1 -DCIF_MODULE=1 -DX11_BACKING_STORE=1 -DPLOT_MODULE=1 -DLEF_MODULE=1 -DROUTE_MODULE=1 -DUSE_NEW_MACROS=1 -DVECTOR_FONTS=1 -DHAVE_LIBCAIRO=1 -DMAGIC_WRAPPER=1 -Dlinux=1 -DSYSV=1 -DISC=1 -DNDEBUG -DGCORE=\"/usr/bin/gcore\" -DSHDLIB_EXT=\".so\"  -c plotPixels.c
--- compiling plot/plotPNM.o
rm -f plotPNM.o
gcc -g -m64 -fPIC -Wimplicit-int -fPIC  -I/usr/include/tcl8.6/tk-private/generic -I/usr/include/tcl8.6 -I. -I..  -DCAD_DIR=\"/home/chuan/Desktop/magic_install/lib\" -DBIN_DIR=\"/home/chuan/Desktop/magic_install/bin\" -DTCL_DIR=\"/home/chuan/Desktop/magic_install/lib/magic/tcl\" -DPACKAGE_NAME=\"\" -DPACKAGE_TARNAME=\"\" -DPACKAGE_VERSION=\"\" -DPACKAGE_STRING=\"\" -DPACKAGE_BUGREPORT=\"\" -DPACKAGE_URL=\"\" -DMAGIC_VERSION=\"8.2\" -DMAGIC_REVISION=\"19\" -DSTDC_HEADERS=1 -DHAVE_SYS_TYPES_H=1 -DHAVE_SYS_STAT_H=1 -DHAVE_STDLIB_H=1 -DHAVE_STRING_H=1 -DHAVE_MEMORY_H=1 -DHAVE_STRINGS_H=1 -DHAVE_INTTYPES_H=1 -DHAVE_STDINT_H=1 -DHAVE_UNISTD_H=1 -DSIZEOF_VOID_P=8 -DSIZEOF_UNSIGNED_INT=4 -DSIZEOF_UNSIGNED_LONG=8 -DSIZEOF_UNSIGNED_LONG_LONG=8 -DSTDC_HEADERS=1 -DHAVE_SETENV=1 -DHAVE_PUTENV=1 -DHAVE_SYS_MMAN_H=1 -DHAVE_DIRENT_H=1 -DHAVE_LIMITS_H=1 -DHAVE_PATHS_H=1 -DHAVE_VA_COPY=1 -DHAVE___VA_COPY=1 -DFILE_LOCKS=1 -DCALMA_MODULE=1 -DCIF_MODULE=1 -DX11_BACKING_STORE=1 -DPLOT_MODULE=1 -DLEF_MODULE=1 -DROUTE_MODULE=1 -DUSE_NEW_MACROS=1 -DVECTOR_FONTS=1 -DHAVE_LIBCAIRO=1 -DMAGIC_WRAPPER=1 -Dlinux=1 -DSYSV=1 -DISC=1 -DNDEBUG -DGCORE=\"/usr/bin/gcore\" -DSHDLIB_EXT=\".so\"  -c plotPNM.c
--- linking libplot.o
rm -f libplot.o
ld -r plotCmd.o plotGremln.o plotHP.o plotPS.o plotMain.o plotRutils.o plotVers.o plotPixels.o plotPNM.o  -o libplot.o 
make[2]: Leaving directory `/home/chuan/Desktop/magic-8.2/plot'
make[2]: Entering directory `/home/chuan/Desktop/magic-8.2/lef'
--- compiling lef/lefCmd.o
rm -f lefCmd.o
gcc -g -m64 -fPIC -Wimplicit-int -fPIC  -I/usr/include/tcl8.6/tk-private/generic -I/usr/include/tcl8.6 -I. -I..  -DCAD_DIR=\"/home/chuan/Desktop/magic_install/lib\" -DBIN_DIR=\"/home/chuan/Desktop/magic_install/bin\" -DTCL_DIR=\"/home/chuan/Desktop/magic_install/lib/magic/tcl\" -DPACKAGE_NAME=\"\" -DPACKAGE_TARNAME=\"\" -DPACKAGE_VERSION=\"\" -DPACKAGE_STRING=\"\" -DPACKAGE_BUGREPORT=\"\" -DPACKAGE_URL=\"\" -DMAGIC_VERSION=\"8.2\" -DMAGIC_REVISION=\"19\" -DSTDC_HEADERS=1 -DHAVE_SYS_TYPES_H=1 -DHAVE_SYS_STAT_H=1 -DHAVE_STDLIB_H=1 -DHAVE_STRING_H=1 -DHAVE_MEMORY_H=1 -DHAVE_STRINGS_H=1 -DHAVE_INTTYPES_H=1 -DHAVE_STDINT_H=1 -DHAVE_UNISTD_H=1 -DSIZEOF_VOID_P=8 -DSIZEOF_UNSIGNED_INT=4 -DSIZEOF_UNSIGNED_LONG=8 -DSIZEOF_UNSIGNED_LONG_LONG=8 -DSTDC_HEADERS=1 -DHAVE_SETENV=1 -DHAVE_PUTENV=1 -DHAVE_SYS_MMAN_H=1 -DHAVE_DIRENT_H=1 -DHAVE_LIMITS_H=1 -DHAVE_PATHS_H=1 -DHAVE_VA_COPY=1 -DHAVE___VA_COPY=1 -DFILE_LOCKS=1 -DCALMA_MODULE=1 -DCIF_MODULE=1 -DX11_BACKING_STORE=1 -DPLOT_MODULE=1 -DLEF_MODULE=1 -DROUTE_MODULE=1 -DUSE_NEW_MACROS=1 -DVECTOR_FONTS=1 -DHAVE_LIBCAIRO=1 -DMAGIC_WRAPPER=1 -Dlinux=1 -DSYSV=1 -DISC=1 -DNDEBUG -DGCORE=\"/usr/bin/gcore\" -DSHDLIB_EXT=\".so\"  -c lefCmd.c
--- compiling lef/lefTech.o
rm -f lefTech.o
gcc -g -m64 -fPIC -Wimplicit-int -fPIC  -I/usr/include/tcl8.6/tk-private/generic -I/usr/include/tcl8.6 -I. -I..  -DCAD_DIR=\"/home/chuan/Desktop/magic_install/lib\" -DBIN_DIR=\"/home/chuan/Desktop/magic_install/bin\" -DTCL_DIR=\"/home/chuan/Desktop/magic_install/lib/magic/tcl\" -DPACKAGE_NAME=\"\" -DPACKAGE_TARNAME=\"\" -DPACKAGE_VERSION=\"\" -DPACKAGE_STRING=\"\" -DPACKAGE_BUGREPORT=\"\" -DPACKAGE_URL=\"\" -DMAGIC_VERSION=\"8.2\" -DMAGIC_REVISION=\"19\" -DSTDC_HEADERS=1 -DHAVE_SYS_TYPES_H=1 -DHAVE_SYS_STAT_H=1 -DHAVE_STDLIB_H=1 -DHAVE_STRING_H=1 -DHAVE_MEMORY_H=1 -DHAVE_STRINGS_H=1 -DHAVE_INTTYPES_H=1 -DHAVE_STDINT_H=1 -DHAVE_UNISTD_H=1 -DSIZEOF_VOID_P=8 -DSIZEOF_UNSIGNED_INT=4 -DSIZEOF_UNSIGNED_LONG=8 -DSIZEOF_UNSIGNED_LONG_LONG=8 -DSTDC_HEADERS=1 -DHAVE_SETENV=1 -DHAVE_PUTENV=1 -DHAVE_SYS_MMAN_H=1 -DHAVE_DIRENT_H=1 -DHAVE_LIMITS_H=1 -DHAVE_PATHS_H=1 -DHAVE_VA_COPY=1 -DHAVE___VA_COPY=1 -DFILE_LOCKS=1 -DCALMA_MODULE=1 -DCIF_MODULE=1 -DX11_BACKING_STORE=1 -DPLOT_MODULE=1 -DLEF_MODULE=1 -DROUTE_MODULE=1 -DUSE_NEW_MACROS=1 -DVECTOR_FONTS=1 -DHAVE_LIBCAIRO=1 -DMAGIC_WRAPPER=1 -Dlinux=1 -DSYSV=1 -DISC=1 -DNDEBUG -DGCORE=\"/usr/bin/gcore\" -DSHDLIB_EXT=\".so\"  -c lefTech.c
--- compiling lef/lefWrite.o
rm -f lefWrite.o
gcc -g -m64 -fPIC -Wimplicit-int -fPIC  -I/usr/include/tcl8.6/tk-private/generic -I/usr/include/tcl8.6 -I. -I..  -DCAD_DIR=\"/home/chuan/Desktop/magic_install/lib\" -DBIN_DIR=\"/home/chuan/Desktop/magic_install/bin\" -DTCL_DIR=\"/home/chuan/Desktop/magic_install/lib/magic/tcl\" -DPACKAGE_NAME=\"\" -DPACKAGE_TARNAME=\"\" -DPACKAGE_VERSION=\"\" -DPACKAGE_STRING=\"\" -DPACKAGE_BUGREPORT=\"\" -DPACKAGE_URL=\"\" -DMAGIC_VERSION=\"8.2\" -DMAGIC_REVISION=\"19\" -DSTDC_HEADERS=1 -DHAVE_SYS_TYPES_H=1 -DHAVE_SYS_STAT_H=1 -DHAVE_STDLIB_H=1 -DHAVE_STRING_H=1 -DHAVE_MEMORY_H=1 -DHAVE_STRINGS_H=1 -DHAVE_INTTYPES_H=1 -DHAVE_STDINT_H=1 -DHAVE_UNISTD_H=1 -DSIZEOF_VOID_P=8 -DSIZEOF_UNSIGNED_INT=4 -DSIZEOF_UNSIGNED_LONG=8 -DSIZEOF_UNSIGNED_LONG_LONG=8 -DSTDC_HEADERS=1 -DHAVE_SETENV=1 -DHAVE_PUTENV=1 -DHAVE_SYS_MMAN_H=1 -DHAVE_DIRENT_H=1 -DHAVE_LIMITS_H=1 -DHAVE_PATHS_H=1 -DHAVE_VA_COPY=1 -DHAVE___VA_COPY=1 -DFILE_LOCKS=1 -DCALMA_MODULE=1 -DCIF_MODULE=1 -DX11_BACKING_STORE=1 -DPLOT_MODULE=1 -DLEF_MODULE=1 -DROUTE_MODULE=1 -DUSE_NEW_MACROS=1 -DVECTOR_FONTS=1 -DHAVE_LIBCAIRO=1 -DMAGIC_WRAPPER=1 -Dlinux=1 -DSYSV=1 -DISC=1 -DNDEBUG -DGCORE=\"/usr/bin/gcore\" -DSHDLIB_EXT=\".so\"  -c lefWrite.c
--- compiling lef/defWrite.o
rm -f defWrite.o
gcc -g -m64 -fPIC -Wimplicit-int -fPIC  -I/usr/include/tcl8.6/tk-private/generic -I/usr/include/tcl8.6 -I. -I..  -DCAD_DIR=\"/home/chuan/Desktop/magic_install/lib\" -DBIN_DIR=\"/home/chuan/Desktop/magic_install/bin\" -DTCL_DIR=\"/home/chuan/Desktop/magic_install/lib/magic/tcl\" -DPACKAGE_NAME=\"\" -DPACKAGE_TARNAME=\"\" -DPACKAGE_VERSION=\"\" -DPACKAGE_STRING=\"\" -DPACKAGE_BUGREPORT=\"\" -DPACKAGE_URL=\"\" -DMAGIC_VERSION=\"8.2\" -DMAGIC_REVISION=\"19\" -DSTDC_HEADERS=1 -DHAVE_SYS_TYPES_H=1 -DHAVE_SYS_STAT_H=1 -DHAVE_STDLIB_H=1 -DHAVE_STRING_H=1 -DHAVE_MEMORY_H=1 -DHAVE_STRINGS_H=1 -DHAVE_INTTYPES_H=1 -DHAVE_STDINT_H=1 -DHAVE_UNISTD_H=1 -DSIZEOF_VOID_P=8 -DSIZEOF_UNSIGNED_INT=4 -DSIZEOF_UNSIGNED_LONG=8 -DSIZEOF_UNSIGNED_LONG_LONG=8 -DSTDC_HEADERS=1 -DHAVE_SETENV=1 -DHAVE_PUTENV=1 -DHAVE_SYS_MMAN_H=1 -DHAVE_DIRENT_H=1 -DHAVE_LIMITS_H=1 -DHAVE_PATHS_H=1 -DHAVE_VA_COPY=1 -DHAVE___VA_COPY=1 -DFILE_LOCKS=1 -DCALMA_MODULE=1 -DCIF_MODULE=1 -DX11_BACKING_STORE=1 -DPLOT_MODULE=1 -DLEF_MODULE=1 -DROUTE_MODULE=1 -DUSE_NEW_MACROS=1 -DVECTOR_FONTS=1 -DHAVE_LIBCAIRO=1 -DMAGIC_WRAPPER=1 -Dlinux=1 -DSYSV=1 -DISC=1 -DNDEBUG -DGCORE=\"/usr/bin/gcore\" -DSHDLIB_EXT=\".so\"  -c defWrite.c
--- compiling lef/lefRead.o
rm -f lefRead.o
gcc -g -m64 -fPIC -Wimplicit-int -fPIC  -I/usr/include/tcl8.6/tk-private/generic -I/usr/include/tcl8.6 -I. -I..  -DCAD_DIR=\"/home/chuan/Desktop/magic_install/lib\" -DBIN_DIR=\"/home/chuan/Desktop/magic_install/bin\" -DTCL_DIR=\"/home/chuan/Desktop/magic_install/lib/magic/tcl\" -DPACKAGE_NAME=\"\" -DPACKAGE_TARNAME=\"\" -DPACKAGE_VERSION=\"\" -DPACKAGE_STRING=\"\" -DPACKAGE_BUGREPORT=\"\" -DPACKAGE_URL=\"\" -DMAGIC_VERSION=\"8.2\" -DMAGIC_REVISION=\"19\" -DSTDC_HEADERS=1 -DHAVE_SYS_TYPES_H=1 -DHAVE_SYS_STAT_H=1 -DHAVE_STDLIB_H=1 -DHAVE_STRING_H=1 -DHAVE_MEMORY_H=1 -DHAVE_STRINGS_H=1 -DHAVE_INTTYPES_H=1 -DHAVE_STDINT_H=1 -DHAVE_UNISTD_H=1 -DSIZEOF_VOID_P=8 -DSIZEOF_UNSIGNED_INT=4 -DSIZEOF_UNSIGNED_LONG=8 -DSIZEOF_UNSIGNED_LONG_LONG=8 -DSTDC_HEADERS=1 -DHAVE_SETENV=1 -DHAVE_PUTENV=1 -DHAVE_SYS_MMAN_H=1 -DHAVE_DIRENT_H=1 -DHAVE_LIMITS_H=1 -DHAVE_PATHS_H=1 -DHAVE_VA_COPY=1 -DHAVE___VA_COPY=1 -DFILE_LOCKS=1 -DCALMA_MODULE=1 -DCIF_MODULE=1 -DX11_BACKING_STORE=1 -DPLOT_MODULE=1 -DLEF_MODULE=1 -DROUTE_MODULE=1 -DUSE_NEW_MACROS=1 -DVECTOR_FONTS=1 -DHAVE_LIBCAIRO=1 -DMAGIC_WRAPPER=1 -Dlinux=1 -DSYSV=1 -DISC=1 -DNDEBUG -DGCORE=\"/usr/bin/gcore\" -DSHDLIB_EXT=\".so\"  -c lefRead.c
--- compiling lef/defRead.o
rm -f defRead.o
gcc -g -m64 -fPIC -Wimplicit-int -fPIC  -I/usr/include/tcl8.6/tk-private/generic -I/usr/include/tcl8.6 -I. -I..  -DCAD_DIR=\"/home/chuan/Desktop/magic_install/lib\" -DBIN_DIR=\"/home/chuan/Desktop/magic_install/bin\" -DTCL_DIR=\"/home/chuan/Desktop/magic_install/lib/magic/tcl\" -DPACKAGE_NAME=\"\" -DPACKAGE_TARNAME=\"\" -DPACKAGE_VERSION=\"\" -DPACKAGE_STRING=\"\" -DPACKAGE_BUGREPORT=\"\" -DPACKAGE_URL=\"\" -DMAGIC_VERSION=\"8.2\" -DMAGIC_REVISION=\"19\" -DSTDC_HEADERS=1 -DHAVE_SYS_TYPES_H=1 -DHAVE_SYS_STAT_H=1 -DHAVE_STDLIB_H=1 -DHAVE_STRING_H=1 -DHAVE_MEMORY_H=1 -DHAVE_STRINGS_H=1 -DHAVE_INTTYPES_H=1 -DHAVE_STDINT_H=1 -DHAVE_UNISTD_H=1 -DSIZEOF_VOID_P=8 -DSIZEOF_UNSIGNED_INT=4 -DSIZEOF_UNSIGNED_LONG=8 -DSIZEOF_UNSIGNED_LONG_LONG=8 -DSTDC_HEADERS=1 -DHAVE_SETENV=1 -DHAVE_PUTENV=1 -DHAVE_SYS_MMAN_H=1 -DHAVE_DIRENT_H=1 -DHAVE_LIMITS_H=1 -DHAVE_PATHS_H=1 -DHAVE_VA_COPY=1 -DHAVE___VA_COPY=1 -DFILE_LOCKS=1 -DCALMA_MODULE=1 -DCIF_MODULE=1 -DX11_BACKING_STORE=1 -DPLOT_MODULE=1 -DLEF_MODULE=1 -DROUTE_MODULE=1 -DUSE_NEW_MACROS=1 -DVECTOR_FONTS=1 -DHAVE_LIBCAIRO=1 -DMAGIC_WRAPPER=1 -Dlinux=1 -DSYSV=1 -DISC=1 -DNDEBUG -DGCORE=\"/usr/bin/gcore\" -DSHDLIB_EXT=\".so\"  -c defRead.c
--- linking liblef.o
rm -f liblef.o
ld -r lefCmd.o lefTech.o lefWrite.o defWrite.o lefRead.o defRead.o  -o liblef.o 
make[2]: Leaving directory `/home/chuan/Desktop/magic-8.2/lef'
make[2]: Entering directory `/home/chuan/Desktop/magic-8.2/garouter'
--- compiling garouter/gaChannel.o
rm -f gaChannel.o
gcc -g -m64 -fPIC -Wimplicit-int -fPIC  -I/usr/include/tcl8.6/tk-private/generic -I/usr/include/tcl8.6 -I. -I..  -DCAD_DIR=\"/home/chuan/Desktop/magic_install/lib\" -DBIN_DIR=\"/home/chuan/Desktop/magic_install/bin\" -DTCL_DIR=\"/home/chuan/Desktop/magic_install/lib/magic/tcl\" -DPACKAGE_NAME=\"\" -DPACKAGE_TARNAME=\"\" -DPACKAGE_VERSION=\"\" -DPACKAGE_STRING=\"\" -DPACKAGE_BUGREPORT=\"\" -DPACKAGE_URL=\"\" -DMAGIC_VERSION=\"8.2\" -DMAGIC_REVISION=\"19\" -DSTDC_HEADERS=1 -DHAVE_SYS_TYPES_H=1 -DHAVE_SYS_STAT_H=1 -DHAVE_STDLIB_H=1 -DHAVE_STRING_H=1 -DHAVE_MEMORY_H=1 -DHAVE_STRINGS_H=1 -DHAVE_INTTYPES_H=1 -DHAVE_STDINT_H=1 -DHAVE_UNISTD_H=1 -DSIZEOF_VOID_P=8 -DSIZEOF_UNSIGNED_INT=4 -DSIZEOF_UNSIGNED_LONG=8 -DSIZEOF_UNSIGNED_LONG_LONG=8 -DSTDC_HEADERS=1 -DHAVE_SETENV=1 -DHAVE_PUTENV=1 -DHAVE_SYS_MMAN_H=1 -DHAVE_DIRENT_H=1 -DHAVE_LIMITS_H=1 -DHAVE_PATHS_H=1 -DHAVE_VA_COPY=1 -DHAVE___VA_COPY=1 -DFILE_LOCKS=1 -DCALMA_MODULE=1 -DCIF_MODULE=1 -DX11_BACKING_STORE=1 -DPLOT_MODULE=1 -DLEF_MODULE=1 -DROUTE_MODULE=1 -DUSE_NEW_MACROS=1 -DVECTOR_FONTS=1 -DHAVE_LIBCAIRO=1 -DMAGIC_WRAPPER=1 -Dlinux=1 -DSYSV=1 -DISC=1 -DNDEBUG -DGCORE=\"/usr/bin/gcore\" -DSHDLIB_EXT=\".so\"  -c gaChannel.c
--- compiling garouter/gaMain.o
rm -f gaMain.o
gcc -g -m64 -fPIC -Wimplicit-int -fPIC  -I/usr/include/tcl8.6/tk-private/generic -I/usr/include/tcl8.6 -I. -I..  -DCAD_DIR=\"/home/chuan/Desktop/magic_install/lib\" -DBIN_DIR=\"/home/chuan/Desktop/magic_install/bin\" -DTCL_DIR=\"/home/chuan/Desktop/magic_install/lib/magic/tcl\" -DPACKAGE_NAME=\"\" -DPACKAGE_TARNAME=\"\" -DPACKAGE_VERSION=\"\" -DPACKAGE_STRING=\"\" -DPACKAGE_BUGREPORT=\"\" -DPACKAGE_URL=\"\" -DMAGIC_VERSION=\"8.2\" -DMAGIC_REVISION=\"19\" -DSTDC_HEADERS=1 -DHAVE_SYS_TYPES_H=1 -DHAVE_SYS_STAT_H=1 -DHAVE_STDLIB_H=1 -DHAVE_STRING_H=1 -DHAVE_MEMORY_H=1 -DHAVE_STRINGS_H=1 -DHAVE_INTTYPES_H=1 -DHAVE_STDINT_H=1 -DHAVE_UNISTD_H=1 -DSIZEOF_VOID_P=8 -DSIZEOF_UNSIGNED_INT=4 -DSIZEOF_UNSIGNED_LONG=8 -DSIZEOF_UNSIGNED_LONG_LONG=8 -DSTDC_HEADERS=1 -DHAVE_SETENV=1 -DHAVE_PUTENV=1 -DHAVE_SYS_MMAN_H=1 -DHAVE_DIRENT_H=1 -DHAVE_LIMITS_H=1 -DHAVE_PATHS_H=1 -DHAVE_VA_COPY=1 -DHAVE___VA_COPY=1 -DFILE_LOCKS=1 -DCALMA_MODULE=1 -DCIF_MODULE=1 -DX11_BACKING_STORE=1 -DPLOT_MODULE=1 -DLEF_MODULE=1 -DROUTE_MODULE=1 -DUSE_NEW_MACROS=1 -DVECTOR_FONTS=1 -DHAVE_LIBCAIRO=1 -DMAGIC_WRAPPER=1 -Dlinux=1 -DSYSV=1 -DISC=1 -DNDEBUG -DGCORE=\"/usr/bin/gcore\" -DSHDLIB_EXT=\".so\"  -c gaMain.c
--- compiling garouter/gaMaze.o
rm -f gaMaze.o
gcc -g -m64 -fPIC -Wimplicit-int -fPIC  -I/usr/include/tcl8.6/tk-private/generic -I/usr/include/tcl8.6 -I. -I..  -DCAD_DIR=\"/home/chuan/Desktop/magic_install/lib\" -DBIN_DIR=\"/home/chuan/Desktop/magic_install/bin\" -DTCL_DIR=\"/home/chuan/Desktop/magic_install/lib/magic/tcl\" -DPACKAGE_NAME=\"\" -DPACKAGE_TARNAME=\"\" -DPACKAGE_VERSION=\"\" -DPACKAGE_STRING=\"\" -DPACKAGE_BUGREPORT=\"\" -DPACKAGE_URL=\"\" -DMAGIC_VERSION=\"8.2\" -DMAGIC_REVISION=\"19\" -DSTDC_HEADERS=1 -DHAVE_SYS_TYPES_H=1 -DHAVE_SYS_STAT_H=1 -DHAVE_STDLIB_H=1 -DHAVE_STRING_H=1 -DHAVE_MEMORY_H=1 -DHAVE_STRINGS_H=1 -DHAVE_INTTYPES_H=1 -DHAVE_STDINT_H=1 -DHAVE_UNISTD_H=1 -DSIZEOF_VOID_P=8 -DSIZEOF_UNSIGNED_INT=4 -DSIZEOF_UNSIGNED_LONG=8 -DSIZEOF_UNSIGNED_LONG_LONG=8 -DSTDC_HEADERS=1 -DHAVE_SETENV=1 -DHAVE_PUTENV=1 -DHAVE_SYS_MMAN_H=1 -DHAVE_DIRENT_H=1 -DHAVE_LIMITS_H=1 -DHAVE_PATHS_H=1 -DHAVE_VA_COPY=1 -DHAVE___VA_COPY=1 -DFILE_LOCKS=1 -DCALMA_MODULE=1 -DCIF_MODULE=1 -DX11_BACKING_STORE=1 -DPLOT_MODULE=1 -DLEF_MODULE=1 -DROUTE_MODULE=1 -DUSE_NEW_MACROS=1 -DVECTOR_FONTS=1 -DHAVE_LIBCAIRO=1 -DMAGIC_WRAPPER=1 -Dlinux=1 -DSYSV=1 -DISC=1 -DNDEBUG -DGCORE=\"/usr/bin/gcore\" -DSHDLIB_EXT=\".so\"  -c gaMaze.c
--- compiling garouter/gaSimple.o
rm -f gaSimple.o
gcc -g -m64 -fPIC -Wimplicit-int -fPIC  -I/usr/include/tcl8.6/tk-private/generic -I/usr/include/tcl8.6 -I. -I..  -DCAD_DIR=\"/home/chuan/Desktop/magic_install/lib\" -DBIN_DIR=\"/home/chuan/Desktop/magic_install/bin\" -DTCL_DIR=\"/home/chuan/Desktop/magic_install/lib/magic/tcl\" -DPACKAGE_NAME=\"\" -DPACKAGE_TARNAME=\"\" -DPACKAGE_VERSION=\"\" -DPACKAGE_STRING=\"\" -DPACKAGE_BUGREPORT=\"\" -DPACKAGE_URL=\"\" -DMAGIC_VERSION=\"8.2\" -DMAGIC_REVISION=\"19\" -DSTDC_HEADERS=1 -DHAVE_SYS_TYPES_H=1 -DHAVE_SYS_STAT_H=1 -DHAVE_STDLIB_H=1 -DHAVE_STRING_H=1 -DHAVE_MEMORY_H=1 -DHAVE_STRINGS_H=1 -DHAVE_INTTYPES_H=1 -DHAVE_STDINT_H=1 -DHAVE_UNISTD_H=1 -DSIZEOF_VOID_P=8 -DSIZEOF_UNSIGNED_INT=4 -DSIZEOF_UNSIGNED_LONG=8 -DSIZEOF_UNSIGNED_LONG_LONG=8 -DSTDC_HEADERS=1 -DHAVE_SETENV=1 -DHAVE_PUTENV=1 -DHAVE_SYS_MMAN_H=1 -DHAVE_DIRENT_H=1 -DHAVE_LIMITS_H=1 -DHAVE_PATHS_H=1 -DHAVE_VA_COPY=1 -DHAVE___VA_COPY=1 -DFILE_LOCKS=1 -DCALMA_MODULE=1 -DCIF_MODULE=1 -DX11_BACKING_STORE=1 -DPLOT_MODULE=1 -DLEF_MODULE=1 -DROUTE_MODULE=1 -DUSE_NEW_MACROS=1 -DVECTOR_FONTS=1 -DHAVE_LIBCAIRO=1 -DMAGIC_WRAPPER=1 -Dlinux=1 -DSYSV=1 -DISC=1 -DNDEBUG -DGCORE=\"/usr/bin/gcore\" -DSHDLIB_EXT=\".so\"  -c gaSimple.c
--- compiling garouter/gaStem.o
rm -f gaStem.o
gcc -g -m64 -fPIC -Wimplicit-int -fPIC  -I/usr/include/tcl8.6/tk-private/generic -I/usr/include/tcl8.6 -I. -I..  -DCAD_DIR=\"/home/chuan/Desktop/magic_install/lib\" -DBIN_DIR=\"/home/chuan/Desktop/magic_install/bin\" -DTCL_DIR=\"/home/chuan/Desktop/magic_install/lib/magic/tcl\" -DPACKAGE_NAME=\"\" -DPACKAGE_TARNAME=\"\" -DPACKAGE_VERSION=\"\" -DPACKAGE_STRING=\"\" -DPACKAGE_BUGREPORT=\"\" -DPACKAGE_URL=\"\" -DMAGIC_VERSION=\"8.2\" -DMAGIC_REVISION=\"19\" -DSTDC_HEADERS=1 -DHAVE_SYS_TYPES_H=1 -DHAVE_SYS_STAT_H=1 -DHAVE_STDLIB_H=1 -DHAVE_STRING_H=1 -DHAVE_MEMORY_H=1 -DHAVE_STRINGS_H=1 -DHAVE_INTTYPES_H=1 -DHAVE_STDINT_H=1 -DHAVE_UNISTD_H=1 -DSIZEOF_VOID_P=8 -DSIZEOF_UNSIGNED_INT=4 -DSIZEOF_UNSIGNED_LONG=8 -DSIZEOF_UNSIGNED_LONG_LONG=8 -DSTDC_HEADERS=1 -DHAVE_SETENV=1 -DHAVE_PUTENV=1 -DHAVE_SYS_MMAN_H=1 -DHAVE_DIRENT_H=1 -DHAVE_LIMITS_H=1 -DHAVE_PATHS_H=1 -DHAVE_VA_COPY=1 -DHAVE___VA_COPY=1 -DFILE_LOCKS=1 -DCALMA_MODULE=1 -DCIF_MODULE=1 -DX11_BACKING_STORE=1 -DPLOT_MODULE=1 -DLEF_MODULE=1 -DROUTE_MODULE=1 -DUSE_NEW_MACROS=1 -DVECTOR_FONTS=1 -DHAVE_LIBCAIRO=1 -DMAGIC_WRAPPER=1 -Dlinux=1 -DSYSV=1 -DISC=1 -DNDEBUG -DGCORE=\"/usr/bin/gcore\" -DSHDLIB_EXT=\".so\"  -c gaStem.c
--- compiling garouter/gaTest.o
rm -f gaTest.o
gcc -g -m64 -fPIC -Wimplicit-int -fPIC  -I/usr/include/tcl8.6/tk-private/generic -I/usr/include/tcl8.6 -I. -I..  -DCAD_DIR=\"/home/chuan/Desktop/magic_install/lib\" -DBIN_DIR=\"/home/chuan/Desktop/magic_install/bin\" -DTCL_DIR=\"/home/chuan/Desktop/magic_install/lib/magic/tcl\" -DPACKAGE_NAME=\"\" -DPACKAGE_TARNAME=\"\" -DPACKAGE_VERSION=\"\" -DPACKAGE_STRING=\"\" -DPACKAGE_BUGREPORT=\"\" -DPACKAGE_URL=\"\" -DMAGIC_VERSION=\"8.2\" -DMAGIC_REVISION=\"19\" -DSTDC_HEADERS=1 -DHAVE_SYS_TYPES_H=1 -DHAVE_SYS_STAT_H=1 -DHAVE_STDLIB_H=1 -DHAVE_STRING_H=1 -DHAVE_MEMORY_H=1 -DHAVE_STRINGS_H=1 -DHAVE_INTTYPES_H=1 -DHAVE_STDINT_H=1 -DHAVE_UNISTD_H=1 -DSIZEOF_VOID_P=8 -DSIZEOF_UNSIGNED_INT=4 -DSIZEOF_UNSIGNED_LONG=8 -DSIZEOF_UNSIGNED_LONG_LONG=8 -DSTDC_HEADERS=1 -DHAVE_SETENV=1 -DHAVE_PUTENV=1 -DHAVE_SYS_MMAN_H=1 -DHAVE_DIRENT_H=1 -DHAVE_LIMITS_H=1 -DHAVE_PATHS_H=1 -DHAVE_VA_COPY=1 -DHAVE___VA_COPY=1 -DFILE_LOCKS=1 -DCALMA_MODULE=1 -DCIF_MODULE=1 -DX11_BACKING_STORE=1 -DPLOT_MODULE=1 -DLEF_MODULE=1 -DROUTE_MODULE=1 -DUSE_NEW_MACROS=1 -DVECTOR_FONTS=1 -DHAVE_LIBCAIRO=1 -DMAGIC_WRAPPER=1 -Dlinux=1 -DSYSV=1 -DISC=1 -DNDEBUG -DGCORE=\"/usr/bin/gcore\" -DSHDLIB_EXT=\".so\"  -c gaTest.c
--- linking libgarouter.o
rm -f libgarouter.o
ld -r gaChannel.o gaMain.o gaMaze.o gaSimple.o gaStem.o gaTest.o  -o libgarouter.o 
make[2]: Leaving directory `/home/chuan/Desktop/magic-8.2/garouter'
make[2]: Entering directory `/home/chuan/Desktop/magic-8.2/grouter'
--- compiling grouter/grouteChan.o
rm -f grouteChan.o
gcc -g -m64 -fPIC -Wimplicit-int -fPIC  -I/usr/include/tcl8.6/tk-private/generic -I/usr/include/tcl8.6 -I. -I..  -DCAD_DIR=\"/home/chuan/Desktop/magic_install/lib\" -DBIN_DIR=\"/home/chuan/Desktop/magic_install/bin\" -DTCL_DIR=\"/home/chuan/Desktop/magic_install/lib/magic/tcl\" -DPACKAGE_NAME=\"\" -DPACKAGE_TARNAME=\"\" -DPACKAGE_VERSION=\"\" -DPACKAGE_STRING=\"\" -DPACKAGE_BUGREPORT=\"\" -DPACKAGE_URL=\"\" -DMAGIC_VERSION=\"8.2\" -DMAGIC_REVISION=\"19\" -DSTDC_HEADERS=1 -DHAVE_SYS_TYPES_H=1 -DHAVE_SYS_STAT_H=1 -DHAVE_STDLIB_H=1 -DHAVE_STRING_H=1 -DHAVE_MEMORY_H=1 -DHAVE_STRINGS_H=1 -DHAVE_INTTYPES_H=1 -DHAVE_STDINT_H=1 -DHAVE_UNISTD_H=1 -DSIZEOF_VOID_P=8 -DSIZEOF_UNSIGNED_INT=4 -DSIZEOF_UNSIGNED_LONG=8 -DSIZEOF_UNSIGNED_LONG_LONG=8 -DSTDC_HEADERS=1 -DHAVE_SETENV=1 -DHAVE_PUTENV=1 -DHAVE_SYS_MMAN_H=1 -DHAVE_DIRENT_H=1 -DHAVE_LIMITS_H=1 -DHAVE_PATHS_H=1 -DHAVE_VA_COPY=1 -DHAVE___VA_COPY=1 -DFILE_LOCKS=1 -DCALMA_MODULE=1 -DCIF_MODULE=1 -DX11_BACKING_STORE=1 -DPLOT_MODULE=1 -DLEF_MODULE=1 -DROUTE_MODULE=1 -DUSE_NEW_MACROS=1 -DVECTOR_FONTS=1 -DHAVE_LIBCAIRO=1 -DMAGIC_WRAPPER=1 -Dlinux=1 -DSYSV=1 -DISC=1 -DNDEBUG -DGCORE=\"/usr/bin/gcore\" -DSHDLIB_EXT=\".so\"  -c grouteChan.c
grouteChan.c: In function ‘glChanCheckFunc’:
grouteChan.c:367:7: warning: format ‘%llx’ expects argument of type ‘long long unsigned int’, but argument 3 has type ‘long int’ [-Wformat=]
       (dlong) tile->ti_client, ch);
       ^
grouteChan.c: In function ‘glChanShowFunc’:
grouteChan.c:467:3: warning: format ‘%llx’ expects argument of type ‘long long unsigned int’, but argument 3 has type ‘long int’ [-Wformat=]
   (dlong) tile->ti_client, TiGetType(tile));
   ^
--- compiling grouter/grouteCrss.o
rm -f grouteCrss.o
gcc -g -m64 -fPIC -Wimplicit-int -fPIC  -I/usr/include/tcl8.6/tk-private/generic -I/usr/include/tcl8.6 -I. -I..  -DCAD_DIR=\"/home/chuan/Desktop/magic_install/lib\" -DBIN_DIR=\"/home/chuan/Desktop/magic_install/bin\" -DTCL_DIR=\"/home/chuan/Desktop/magic_install/lib/magic/tcl\" -DPACKAGE_NAME=\"\" -DPACKAGE_TARNAME=\"\" -DPACKAGE_VERSION=\"\" -DPACKAGE_STRING=\"\" -DPACKAGE_BUGREPORT=\"\" -DPACKAGE_URL=\"\" -DMAGIC_VERSION=\"8.2\" -DMAGIC_REVISION=\"19\" -DSTDC_HEADERS=1 -DHAVE_SYS_TYPES_H=1 -DHAVE_SYS_STAT_H=1 -DHAVE_STDLIB_H=1 -DHAVE_STRING_H=1 -DHAVE_MEMORY_H=1 -DHAVE_STRINGS_H=1 -DHAVE_INTTYPES_H=1 -DHAVE_STDINT_H=1 -DHAVE_UNISTD_H=1 -DSIZEOF_VOID_P=8 -DSIZEOF_UNSIGNED_INT=4 -DSIZEOF_UNSIGNED_LONG=8 -DSIZEOF_UNSIGNED_LONG_LONG=8 -DSTDC_HEADERS=1 -DHAVE_SETENV=1 -DHAVE_PUTENV=1 -DHAVE_SYS_MMAN_H=1 -DHAVE_DIRENT_H=1 -DHAVE_LIMITS_H=1 -DHAVE_PATHS_H=1 -DHAVE_VA_COPY=1 -DHAVE___VA_COPY=1 -DFILE_LOCKS=1 -DCALMA_MODULE=1 -DCIF_MODULE=1 -DX11_BACKING_STORE=1 -DPLOT_MODULE=1 -DLEF_MODULE=1 -DROUTE_MODULE=1 -DUSE_NEW_MACROS=1 -DVECTOR_FONTS=1 -DHAVE_LIBCAIRO=1 -DMAGIC_WRAPPER=1 -Dlinux=1 -DSYSV=1 -DISC=1 -DNDEBUG -DGCORE=\"/usr/bin/gcore\" -DSHDLIB_EXT=\".so\"  -c grouteCrss.c
--- compiling grouter/grouteDens.o
rm -f grouteDens.o
gcc -g -m64 -fPIC -Wimplicit-int -fPIC  -I/usr/include/tcl8.6/tk-private/generic -I/usr/include/tcl8.6 -I. -I..  -DCAD_DIR=\"/home/chuan/Desktop/magic_install/lib\" -DBIN_DIR=\"/home/chuan/Desktop/magic_install/bin\" -DTCL_DIR=\"/home/chuan/Desktop/magic_install/lib/magic/tcl\" -DPACKAGE_NAME=\"\" -DPACKAGE_TARNAME=\"\" -DPACKAGE_VERSION=\"\" -DPACKAGE_STRING=\"\" -DPACKAGE_BUGREPORT=\"\" -DPACKAGE_URL=\"\" -DMAGIC_VERSION=\"8.2\" -DMAGIC_REVISION=\"19\" -DSTDC_HEADERS=1 -DHAVE_SYS_TYPES_H=1 -DHAVE_SYS_STAT_H=1 -DHAVE_STDLIB_H=1 -DHAVE_STRING_H=1 -DHAVE_MEMORY_H=1 -DHAVE_STRINGS_H=1 -DHAVE_INTTYPES_H=1 -DHAVE_STDINT_H=1 -DHAVE_UNISTD_H=1 -DSIZEOF_VOID_P=8 -DSIZEOF_UNSIGNED_INT=4 -DSIZEOF_UNSIGNED_LONG=8 -DSIZEOF_UNSIGNED_LONG_LONG=8 -DSTDC_HEADERS=1 -DHAVE_SETENV=1 -DHAVE_PUTENV=1 -DHAVE_SYS_MMAN_H=1 -DHAVE_DIRENT_H=1 -DHAVE_LIMITS_H=1 -DHAVE_PATHS_H=1 -DHAVE_VA_COPY=1 -DHAVE___VA_COPY=1 -DFILE_LOCKS=1 -DCALMA_MODULE=1 -DCIF_MODULE=1 -DX11_BACKING_STORE=1 -DPLOT_MODULE=1 -DLEF_MODULE=1 -DROUTE_MODULE=1 -DUSE_NEW_MACROS=1 -DVECTOR_FONTS=1 -DHAVE_LIBCAIRO=1 -DMAGIC_WRAPPER=1 -Dlinux=1 -DSYSV=1 -DISC=1 -DNDEBUG -DGCORE=\"/usr/bin/gcore\" -DSHDLIB_EXT=\".so\"  -c grouteDens.c
--- compiling grouter/grouteMain.o
rm -f grouteMain.o
gcc -g -m64 -fPIC -Wimplicit-int -fPIC  -I/usr/include/tcl8.6/tk-private/generic -I/usr/include/tcl8.6 -I. -I..  -DCAD_DIR=\"/home/chuan/Desktop/magic_install/lib\" -DBIN_DIR=\"/home/chuan/Desktop/magic_install/bin\" -DTCL_DIR=\"/home/chuan/Desktop/magic_install/lib/magic/tcl\" -DPACKAGE_NAME=\"\" -DPACKAGE_TARNAME=\"\" -DPACKAGE_VERSION=\"\" -DPACKAGE_STRING=\"\" -DPACKAGE_BUGREPORT=\"\" -DPACKAGE_URL=\"\" -DMAGIC_VERSION=\"8.2\" -DMAGIC_REVISION=\"19\" -DSTDC_HEADERS=1 -DHAVE_SYS_TYPES_H=1 -DHAVE_SYS_STAT_H=1 -DHAVE_STDLIB_H=1 -DHAVE_STRING_H=1 -DHAVE_MEMORY_H=1 -DHAVE_STRINGS_H=1 -DHAVE_INTTYPES_H=1 -DHAVE_STDINT_H=1 -DHAVE_UNISTD_H=1 -DSIZEOF_VOID_P=8 -DSIZEOF_UNSIGNED_INT=4 -DSIZEOF_UNSIGNED_LONG=8 -DSIZEOF_UNSIGNED_LONG_LONG=8 -DSTDC_HEADERS=1 -DHAVE_SETENV=1 -DHAVE_PUTENV=1 -DHAVE_SYS_MMAN_H=1 -DHAVE_DIRENT_H=1 -DHAVE_LIMITS_H=1 -DHAVE_PATHS_H=1 -DHAVE_VA_COPY=1 -DHAVE___VA_COPY=1 -DFILE_LOCKS=1 -DCALMA_MODULE=1 -DCIF_MODULE=1 -DX11_BACKING_STORE=1 -DPLOT_MODULE=1 -DLEF_MODULE=1 -DROUTE_MODULE=1 -DUSE_NEW_MACROS=1 -DVECTOR_FONTS=1 -DHAVE_LIBCAIRO=1 -DMAGIC_WRAPPER=1 -Dlinux=1 -DSYSV=1 -DISC=1 -DNDEBUG -DGCORE=\"/usr/bin/gcore\" -DSHDLIB_EXT=\".so\"  -c grouteMain.c
--- compiling grouter/grouteMult.o
rm -f grouteMult.o
gcc -g -m64 -fPIC -Wimplicit-int -fPIC  -I/usr/include/tcl8.6/tk-private/generic -I/usr/include/tcl8.6 -I. -I..  -DCAD_DIR=\"/home/chuan/Desktop/magic_install/lib\" -DBIN_DIR=\"/home/chuan/Desktop/magic_install/bin\" -DTCL_DIR=\"/home/chuan/Desktop/magic_install/lib/magic/tcl\" -DPACKAGE_NAME=\"\" -DPACKAGE_TARNAME=\"\" -DPACKAGE_VERSION=\"\" -DPACKAGE_STRING=\"\" -DPACKAGE_BUGREPORT=\"\" -DPACKAGE_URL=\"\" -DMAGIC_VERSION=\"8.2\" -DMAGIC_REVISION=\"19\" -DSTDC_HEADERS=1 -DHAVE_SYS_TYPES_H=1 -DHAVE_SYS_STAT_H=1 -DHAVE_STDLIB_H=1 -DHAVE_STRING_H=1 -DHAVE_MEMORY_H=1 -DHAVE_STRINGS_H=1 -DHAVE_INTTYPES_H=1 -DHAVE_STDINT_H=1 -DHAVE_UNISTD_H=1 -DSIZEOF_VOID_P=8 -DSIZEOF_UNSIGNED_INT=4 -DSIZEOF_UNSIGNED_LONG=8 -DSIZEOF_UNSIGNED_LONG_LONG=8 -DSTDC_HEADERS=1 -DHAVE_SETENV=1 -DHAVE_PUTENV=1 -DHAVE_SYS_MMAN_H=1 -DHAVE_DIRENT_H=1 -DHAVE_LIMITS_H=1 -DHAVE_PATHS_H=1 -DHAVE_VA_COPY=1 -DHAVE___VA_COPY=1 -DFILE_LOCKS=1 -DCALMA_MODULE=1 -DCIF_MODULE=1 -DX11_BACKING_STORE=1 -DPLOT_MODULE=1 -DLEF_MODULE=1 -DROUTE_MODULE=1 -DUSE_NEW_MACROS=1 -DVECTOR_FONTS=1 -DHAVE_LIBCAIRO=1 -DMAGIC_WRAPPER=1 -Dlinux=1 -DSYSV=1 -DISC=1 -DNDEBUG -DGCORE=\"/usr/bin/gcore\" -DSHDLIB_EXT=\".so\"  -c grouteMult.c
--- compiling grouter/grouteMaze.o
rm -f grouteMaze.o
gcc -g -m64 -fPIC -Wimplicit-int -fPIC  -I/usr/include/tcl8.6/tk-private/generic -I/usr/include/tcl8.6 -I. -I..  -DCAD_DIR=\"/home/chuan/Desktop/magic_install/lib\" -DBIN_DIR=\"/home/chuan/Desktop/magic_install/bin\" -DTCL_DIR=\"/home/chuan/Desktop/magic_install/lib/magic/tcl\" -DPACKAGE_NAME=\"\" -DPACKAGE_TARNAME=\"\" -DPACKAGE_VERSION=\"\" -DPACKAGE_STRING=\"\" -DPACKAGE_BUGREPORT=\"\" -DPACKAGE_URL=\"\" -DMAGIC_VERSION=\"8.2\" -DMAGIC_REVISION=\"19\" -DSTDC_HEADERS=1 -DHAVE_SYS_TYPES_H=1 -DHAVE_SYS_STAT_H=1 -DHAVE_STDLIB_H=1 -DHAVE_STRING_H=1 -DHAVE_MEMORY_H=1 -DHAVE_STRINGS_H=1 -DHAVE_INTTYPES_H=1 -DHAVE_STDINT_H=1 -DHAVE_UNISTD_H=1 -DSIZEOF_VOID_P=8 -DSIZEOF_UNSIGNED_INT=4 -DSIZEOF_UNSIGNED_LONG=8 -DSIZEOF_UNSIGNED_LONG_LONG=8 -DSTDC_HEADERS=1 -DHAVE_SETENV=1 -DHAVE_PUTENV=1 -DHAVE_SYS_MMAN_H=1 -DHAVE_DIRENT_H=1 -DHAVE_LIMITS_H=1 -DHAVE_PATHS_H=1 -DHAVE_VA_COPY=1 -DHAVE___VA_COPY=1 -DFILE_LOCKS=1 -DCALMA_MODULE=1 -DCIF_MODULE=1 -DX11_BACKING_STORE=1 -DPLOT_MODULE=1 -DLEF_MODULE=1 -DROUTE_MODULE=1 -DUSE_NEW_MACROS=1 -DVECTOR_FONTS=1 -DHAVE_LIBCAIRO=1 -DMAGIC_WRAPPER=1 -Dlinux=1 -DSYSV=1 -DISC=1 -DNDEBUG -DGCORE=\"/usr/bin/gcore\" -DSHDLIB_EXT=\".so\"  -c grouteMaze.c
--- compiling grouter/groutePath.o
rm -f groutePath.o
gcc -g -m64 -fPIC -Wimplicit-int -fPIC  -I/usr/include/tcl8.6/tk-private/generic -I/usr/include/tcl8.6 -I. -I..  -DCAD_DIR=\"/home/chuan/Desktop/magic_install/lib\" -DBIN_DIR=\"/home/chuan/Desktop/magic_install/bin\" -DTCL_DIR=\"/home/chuan/Desktop/magic_install/lib/magic/tcl\" -DPACKAGE_NAME=\"\" -DPACKAGE_TARNAME=\"\" -DPACKAGE_VERSION=\"\" -DPACKAGE_STRING=\"\" -DPACKAGE_BUGREPORT=\"\" -DPACKAGE_URL=\"\" -DMAGIC_VERSION=\"8.2\" -DMAGIC_REVISION=\"19\" -DSTDC_HEADERS=1 -DHAVE_SYS_TYPES_H=1 -DHAVE_SYS_STAT_H=1 -DHAVE_STDLIB_H=1 -DHAVE_STRING_H=1 -DHAVE_MEMORY_H=1 -DHAVE_STRINGS_H=1 -DHAVE_INTTYPES_H=1 -DHAVE_STDINT_H=1 -DHAVE_UNISTD_H=1 -DSIZEOF_VOID_P=8 -DSIZEOF_UNSIGNED_INT=4 -DSIZEOF_UNSIGNED_LONG=8 -DSIZEOF_UNSIGNED_LONG_LONG=8 -DSTDC_HEADERS=1 -DHAVE_SETENV=1 -DHAVE_PUTENV=1 -DHAVE_SYS_MMAN_H=1 -DHAVE_DIRENT_H=1 -DHAVE_LIMITS_H=1 -DHAVE_PATHS_H=1 -DHAVE_VA_COPY=1 -DHAVE___VA_COPY=1 -DFILE_LOCKS=1 -DCALMA_MODULE=1 -DCIF_MODULE=1 -DX11_BACKING_STORE=1 -DPLOT_MODULE=1 -DLEF_MODULE=1 -DROUTE_MODULE=1 -DUSE_NEW_MACROS=1 -DVECTOR_FONTS=1 -DHAVE_LIBCAIRO=1 -DMAGIC_WRAPPER=1 -Dlinux=1 -DSYSV=1 -DISC=1 -DNDEBUG -DGCORE=\"/usr/bin/gcore\" -DSHDLIB_EXT=\".so\"  -c groutePath.c
--- compiling grouter/groutePen.o
rm -f groutePen.o
gcc -g -m64 -fPIC -Wimplicit-int -fPIC  -I/usr/include/tcl8.6/tk-private/generic -I/usr/include/tcl8.6 -I. -I..  -DCAD_DIR=\"/home/chuan/Desktop/magic_install/lib\" -DBIN_DIR=\"/home/chuan/Desktop/magic_install/bin\" -DTCL_DIR=\"/home/chuan/Desktop/magic_install/lib/magic/tcl\" -DPACKAGE_NAME=\"\" -DPACKAGE_TARNAME=\"\" -DPACKAGE_VERSION=\"\" -DPACKAGE_STRING=\"\" -DPACKAGE_BUGREPORT=\"\" -DPACKAGE_URL=\"\" -DMAGIC_VERSION=\"8.2\" -DMAGIC_REVISION=\"19\" -DSTDC_HEADERS=1 -DHAVE_SYS_TYPES_H=1 -DHAVE_SYS_STAT_H=1 -DHAVE_STDLIB_H=1 -DHAVE_STRING_H=1 -DHAVE_MEMORY_H=1 -DHAVE_STRINGS_H=1 -DHAVE_INTTYPES_H=1 -DHAVE_STDINT_H=1 -DHAVE_UNISTD_H=1 -DSIZEOF_VOID_P=8 -DSIZEOF_UNSIGNED_INT=4 -DSIZEOF_UNSIGNED_LONG=8 -DSIZEOF_UNSIGNED_LONG_LONG=8 -DSTDC_HEADERS=1 -DHAVE_SETENV=1 -DHAVE_PUTENV=1 -DHAVE_SYS_MMAN_H=1 -DHAVE_DIRENT_H=1 -DHAVE_LIMITS_H=1 -DHAVE_PATHS_H=1 -DHAVE_VA_COPY=1 -DHAVE___VA_COPY=1 -DFILE_LOCKS=1 -DCALMA_MODULE=1 -DCIF_MODULE=1 -DX11_BACKING_STORE=1 -DPLOT_MODULE=1 -DLEF_MODULE=1 -DROUTE_MODULE=1 -DUSE_NEW_MACROS=1 -DVECTOR_FONTS=1 -DHAVE_LIBCAIRO=1 -DMAGIC_WRAPPER=1 -Dlinux=1 -DSYSV=1 -DISC=1 -DNDEBUG -DGCORE=\"/usr/bin/gcore\" -DSHDLIB_EXT=\".so\"  -c groutePen.c
--- compiling grouter/grouteTest.o
rm -f grouteTest.o
gcc -g -m64 -fPIC -Wimplicit-int -fPIC  -I/usr/include/tcl8.6/tk-private/generic -I/usr/include/tcl8.6 -I. -I..  -DCAD_DIR=\"/home/chuan/Desktop/magic_install/lib\" -DBIN_DIR=\"/home/chuan/Desktop/magic_install/bin\" -DTCL_DIR=\"/home/chuan/Desktop/magic_install/lib/magic/tcl\" -DPACKAGE_NAME=\"\" -DPACKAGE_TARNAME=\"\" -DPACKAGE_VERSION=\"\" -DPACKAGE_STRING=\"\" -DPACKAGE_BUGREPORT=\"\" -DPACKAGE_URL=\"\" -DMAGIC_VERSION=\"8.2\" -DMAGIC_REVISION=\"19\" -DSTDC_HEADERS=1 -DHAVE_SYS_TYPES_H=1 -DHAVE_SYS_STAT_H=1 -DHAVE_STDLIB_H=1 -DHAVE_STRING_H=1 -DHAVE_MEMORY_H=1 -DHAVE_STRINGS_H=1 -DHAVE_INTTYPES_H=1 -DHAVE_STDINT_H=1 -DHAVE_UNISTD_H=1 -DSIZEOF_VOID_P=8 -DSIZEOF_UNSIGNED_INT=4 -DSIZEOF_UNSIGNED_LONG=8 -DSIZEOF_UNSIGNED_LONG_LONG=8 -DSTDC_HEADERS=1 -DHAVE_SETENV=1 -DHAVE_PUTENV=1 -DHAVE_SYS_MMAN_H=1 -DHAVE_DIRENT_H=1 -DHAVE_LIMITS_H=1 -DHAVE_PATHS_H=1 -DHAVE_VA_COPY=1 -DHAVE___VA_COPY=1 -DFILE_LOCKS=1 -DCALMA_MODULE=1 -DCIF_MODULE=1 -DX11_BACKING_STORE=1 -DPLOT_MODULE=1 -DLEF_MODULE=1 -DROUTE_MODULE=1 -DUSE_NEW_MACROS=1 -DVECTOR_FONTS=1 -DHAVE_LIBCAIRO=1 -DMAGIC_WRAPPER=1 -Dlinux=1 -DSYSV=1 -DISC=1 -DNDEBUG -DGCORE=\"/usr/bin/gcore\" -DSHDLIB_EXT=\".so\"  -c grouteTest.c
--- linking libgrouter.o
rm -f libgrouter.o
ld -r grouteChan.o grouteCrss.o grouteDens.o grouteMain.o grouteMult.o grouteMaze.o groutePath.o groutePen.o grouteTest.o  -o libgrouter.o 
make[2]: Leaving directory `/home/chuan/Desktop/magic-8.2/grouter'
make[2]: Entering directory `/home/chuan/Desktop/magic-8.2/irouter'
--- compiling irouter/irCommand.o
rm -f irCommand.o
gcc -g -m64 -fPIC -Wimplicit-int -fPIC  -I/usr/include/tcl8.6/tk-private/generic -I/usr/include/tcl8.6 -I. -I..  -DCAD_DIR=\"/home/chuan/Desktop/magic_install/lib\" -DBIN_DIR=\"/home/chuan/Desktop/magic_install/bin\" -DTCL_DIR=\"/home/chuan/Desktop/magic_install/lib/magic/tcl\" -DPACKAGE_NAME=\"\" -DPACKAGE_TARNAME=\"\" -DPACKAGE_VERSION=\"\" -DPACKAGE_STRING=\"\" -DPACKAGE_BUGREPORT=\"\" -DPACKAGE_URL=\"\" -DMAGIC_VERSION=\"8.2\" -DMAGIC_REVISION=\"19\" -DSTDC_HEADERS=1 -DHAVE_SYS_TYPES_H=1 -DHAVE_SYS_STAT_H=1 -DHAVE_STDLIB_H=1 -DHAVE_STRING_H=1 -DHAVE_MEMORY_H=1 -DHAVE_STRINGS_H=1 -DHAVE_INTTYPES_H=1 -DHAVE_STDINT_H=1 -DHAVE_UNISTD_H=1 -DSIZEOF_VOID_P=8 -DSIZEOF_UNSIGNED_INT=4 -DSIZEOF_UNSIGNED_LONG=8 -DSIZEOF_UNSIGNED_LONG_LONG=8 -DSTDC_HEADERS=1 -DHAVE_SETENV=1 -DHAVE_PUTENV=1 -DHAVE_SYS_MMAN_H=1 -DHAVE_DIRENT_H=1 -DHAVE_LIMITS_H=1 -DHAVE_PATHS_H=1 -DHAVE_VA_COPY=1 -DHAVE___VA_COPY=1 -DFILE_LOCKS=1 -DCALMA_MODULE=1 -DCIF_MODULE=1 -DX11_BACKING_STORE=1 -DPLOT_MODULE=1 -DLEF_MODULE=1 -DROUTE_MODULE=1 -DUSE_NEW_MACROS=1 -DVECTOR_FONTS=1 -DHAVE_LIBCAIRO=1 -DMAGIC_WRAPPER=1 -Dlinux=1 -DSYSV=1 -DISC=1 -DNDEBUG -DGCORE=\"/usr/bin/gcore\" -DSHDLIB_EXT=\".so\"  -c irCommand.c
--- compiling irouter/irMain.o
rm -f irMain.o
gcc -g -m64 -fPIC -Wimplicit-int -fPIC  -I/usr/include/tcl8.6/tk-private/generic -I/usr/include/tcl8.6 -I. -I..  -DCAD_DIR=\"/home/chuan/Desktop/magic_install/lib\" -DBIN_DIR=\"/home/chuan/Desktop/magic_install/bin\" -DTCL_DIR=\"/home/chuan/Desktop/magic_install/lib/magic/tcl\" -DPACKAGE_NAME=\"\" -DPACKAGE_TARNAME=\"\" -DPACKAGE_VERSION=\"\" -DPACKAGE_STRING=\"\" -DPACKAGE_BUGREPORT=\"\" -DPACKAGE_URL=\"\" -DMAGIC_VERSION=\"8.2\" -DMAGIC_REVISION=\"19\" -DSTDC_HEADERS=1 -DHAVE_SYS_TYPES_H=1 -DHAVE_SYS_STAT_H=1 -DHAVE_STDLIB_H=1 -DHAVE_STRING_H=1 -DHAVE_MEMORY_H=1 -DHAVE_STRINGS_H=1 -DHAVE_INTTYPES_H=1 -DHAVE_STDINT_H=1 -DHAVE_UNISTD_H=1 -DSIZEOF_VOID_P=8 -DSIZEOF_UNSIGNED_INT=4 -DSIZEOF_UNSIGNED_LONG=8 -DSIZEOF_UNSIGNED_LONG_LONG=8 -DSTDC_HEADERS=1 -DHAVE_SETENV=1 -DHAVE_PUTENV=1 -DHAVE_SYS_MMAN_H=1 -DHAVE_DIRENT_H=1 -DHAVE_LIMITS_H=1 -DHAVE_PATHS_H=1 -DHAVE_VA_COPY=1 -DHAVE___VA_COPY=1 -DFILE_LOCKS=1 -DCALMA_MODULE=1 -DCIF_MODULE=1 -DX11_BACKING_STORE=1 -DPLOT_MODULE=1 -DLEF_MODULE=1 -DROUTE_MODULE=1 -DUSE_NEW_MACROS=1 -DVECTOR_FONTS=1 -DHAVE_LIBCAIRO=1 -DMAGIC_WRAPPER=1 -Dlinux=1 -DSYSV=1 -DISC=1 -DNDEBUG -DGCORE=\"/usr/bin/gcore\" -DSHDLIB_EXT=\".so\"  -c irMain.c
--- compiling irouter/irRoute.o
rm -f irRoute.o
gcc -g -m64 -fPIC -Wimplicit-int -fPIC  -I/usr/include/tcl8.6/tk-private/generic -I/usr/include/tcl8.6 -I. -I..  -DCAD_DIR=\"/home/chuan/Desktop/magic_install/lib\" -DBIN_DIR=\"/home/chuan/Desktop/magic_install/bin\" -DTCL_DIR=\"/home/chuan/Desktop/magic_install/lib/magic/tcl\" -DPACKAGE_NAME=\"\" -DPACKAGE_TARNAME=\"\" -DPACKAGE_VERSION=\"\" -DPACKAGE_STRING=\"\" -DPACKAGE_BUGREPORT=\"\" -DPACKAGE_URL=\"\" -DMAGIC_VERSION=\"8.2\" -DMAGIC_REVISION=\"19\" -DSTDC_HEADERS=1 -DHAVE_SYS_TYPES_H=1 -DHAVE_SYS_STAT_H=1 -DHAVE_STDLIB_H=1 -DHAVE_STRING_H=1 -DHAVE_MEMORY_H=1 -DHAVE_STRINGS_H=1 -DHAVE_INTTYPES_H=1 -DHAVE_STDINT_H=1 -DHAVE_UNISTD_H=1 -DSIZEOF_VOID_P=8 -DSIZEOF_UNSIGNED_INT=4 -DSIZEOF_UNSIGNED_LONG=8 -DSIZEOF_UNSIGNED_LONG_LONG=8 -DSTDC_HEADERS=1 -DHAVE_SETENV=1 -DHAVE_PUTENV=1 -DHAVE_SYS_MMAN_H=1 -DHAVE_DIRENT_H=1 -DHAVE_LIMITS_H=1 -DHAVE_PATHS_H=1 -DHAVE_VA_COPY=1 -DHAVE___VA_COPY=1 -DFILE_LOCKS=1 -DCALMA_MODULE=1 -DCIF_MODULE=1 -DX11_BACKING_STORE=1 -DPLOT_MODULE=1 -DLEF_MODULE=1 -DROUTE_MODULE=1 -DUSE_NEW_MACROS=1 -DVECTOR_FONTS=1 -DHAVE_LIBCAIRO=1 -DMAGIC_WRAPPER=1 -Dlinux=1 -DSYSV=1 -DISC=1 -DNDEBUG -DGCORE=\"/usr/bin/gcore\" -DSHDLIB_EXT=\".so\"  -c irRoute.c
--- compiling irouter/irTestCmd.o
rm -f irTestCmd.o
gcc -g -m64 -fPIC -Wimplicit-int -fPIC  -I/usr/include/tcl8.6/tk-private/generic -I/usr/include/tcl8.6 -I. -I..  -DCAD_DIR=\"/home/chuan/Desktop/magic_install/lib\" -DBIN_DIR=\"/home/chuan/Desktop/magic_install/bin\" -DTCL_DIR=\"/home/chuan/Desktop/magic_install/lib/magic/tcl\" -DPACKAGE_NAME=\"\" -DPACKAGE_TARNAME=\"\" -DPACKAGE_VERSION=\"\" -DPACKAGE_STRING=\"\" -DPACKAGE_BUGREPORT=\"\" -DPACKAGE_URL=\"\" -DMAGIC_VERSION=\"8.2\" -DMAGIC_REVISION=\"19\" -DSTDC_HEADERS=1 -DHAVE_SYS_TYPES_H=1 -DHAVE_SYS_STAT_H=1 -DHAVE_STDLIB_H=1 -DHAVE_STRING_H=1 -DHAVE_MEMORY_H=1 -DHAVE_STRINGS_H=1 -DHAVE_INTTYPES_H=1 -DHAVE_STDINT_H=1 -DHAVE_UNISTD_H=1 -DSIZEOF_VOID_P=8 -DSIZEOF_UNSIGNED_INT=4 -DSIZEOF_UNSIGNED_LONG=8 -DSIZEOF_UNSIGNED_LONG_LONG=8 -DSTDC_HEADERS=1 -DHAVE_SETENV=1 -DHAVE_PUTENV=1 -DHAVE_SYS_MMAN_H=1 -DHAVE_DIRENT_H=1 -DHAVE_LIMITS_H=1 -DHAVE_PATHS_H=1 -DHAVE_VA_COPY=1 -DHAVE___VA_COPY=1 -DFILE_LOCKS=1 -DCALMA_MODULE=1 -DCIF_MODULE=1 -DX11_BACKING_STORE=1 -DPLOT_MODULE=1 -DLEF_MODULE=1 -DROUTE_MODULE=1 -DUSE_NEW_MACROS=1 -DVECTOR_FONTS=1 -DHAVE_LIBCAIRO=1 -DMAGIC_WRAPPER=1 -Dlinux=1 -DSYSV=1 -DISC=1 -DNDEBUG -DGCORE=\"/usr/bin/gcore\" -DSHDLIB_EXT=\".so\"  -c irTestCmd.c
--- compiling irouter/irUtils.o
rm -f irUtils.o
gcc -g -m64 -fPIC -Wimplicit-int -fPIC  -I/usr/include/tcl8.6/tk-private/generic -I/usr/include/tcl8.6 -I. -I..  -DCAD_DIR=\"/home/chuan/Desktop/magic_install/lib\" -DBIN_DIR=\"/home/chuan/Desktop/magic_install/bin\" -DTCL_DIR=\"/home/chuan/Desktop/magic_install/lib/magic/tcl\" -DPACKAGE_NAME=\"\" -DPACKAGE_TARNAME=\"\" -DPACKAGE_VERSION=\"\" -DPACKAGE_STRING=\"\" -DPACKAGE_BUGREPORT=\"\" -DPACKAGE_URL=\"\" -DMAGIC_VERSION=\"8.2\" -DMAGIC_REVISION=\"19\" -DSTDC_HEADERS=1 -DHAVE_SYS_TYPES_H=1 -DHAVE_SYS_STAT_H=1 -DHAVE_STDLIB_H=1 -DHAVE_STRING_H=1 -DHAVE_MEMORY_H=1 -DHAVE_STRINGS_H=1 -DHAVE_INTTYPES_H=1 -DHAVE_STDINT_H=1 -DHAVE_UNISTD_H=1 -DSIZEOF_VOID_P=8 -DSIZEOF_UNSIGNED_INT=4 -DSIZEOF_UNSIGNED_LONG=8 -DSIZEOF_UNSIGNED_LONG_LONG=8 -DSTDC_HEADERS=1 -DHAVE_SETENV=1 -DHAVE_PUTENV=1 -DHAVE_SYS_MMAN_H=1 -DHAVE_DIRENT_H=1 -DHAVE_LIMITS_H=1 -DHAVE_PATHS_H=1 -DHAVE_VA_COPY=1 -DHAVE___VA_COPY=1 -DFILE_LOCKS=1 -DCALMA_MODULE=1 -DCIF_MODULE=1 -DX11_BACKING_STORE=1 -DPLOT_MODULE=1 -DLEF_MODULE=1 -DROUTE_MODULE=1 -DUSE_NEW_MACROS=1 -DVECTOR_FONTS=1 -DHAVE_LIBCAIRO=1 -DMAGIC_WRAPPER=1 -Dlinux=1 -DSYSV=1 -DISC=1 -DNDEBUG -DGCORE=\"/usr/bin/gcore\" -DSHDLIB_EXT=\".so\"  -c irUtils.c
--- linking libirouter.o
rm -f libirouter.o
ld -r irCommand.o irMain.o irRoute.o irTestCmd.o irUtils.o  -o libirouter.o 
make[2]: Leaving directory `/home/chuan/Desktop/magic-8.2/irouter'
make[2]: Entering directory `/home/chuan/Desktop/magic-8.2/mzrouter'
--- compiling mzrouter/mzBlock.o
rm -f mzBlock.o
gcc -g -m64 -fPIC -Wimplicit-int -fPIC  -I/usr/include/tcl8.6/tk-private/generic -I/usr/include/tcl8.6 -I. -I..  -DCAD_DIR=\"/home/chuan/Desktop/magic_install/lib\" -DBIN_DIR=\"/home/chuan/Desktop/magic_install/bin\" -DTCL_DIR=\"/home/chuan/Desktop/magic_install/lib/magic/tcl\" -DPACKAGE_NAME=\"\" -DPACKAGE_TARNAME=\"\" -DPACKAGE_VERSION=\"\" -DPACKAGE_STRING=\"\" -DPACKAGE_BUGREPORT=\"\" -DPACKAGE_URL=\"\" -DMAGIC_VERSION=\"8.2\" -DMAGIC_REVISION=\"19\" -DSTDC_HEADERS=1 -DHAVE_SYS_TYPES_H=1 -DHAVE_SYS_STAT_H=1 -DHAVE_STDLIB_H=1 -DHAVE_STRING_H=1 -DHAVE_MEMORY_H=1 -DHAVE_STRINGS_H=1 -DHAVE_INTTYPES_H=1 -DHAVE_STDINT_H=1 -DHAVE_UNISTD_H=1 -DSIZEOF_VOID_P=8 -DSIZEOF_UNSIGNED_INT=4 -DSIZEOF_UNSIGNED_LONG=8 -DSIZEOF_UNSIGNED_LONG_LONG=8 -DSTDC_HEADERS=1 -DHAVE_SETENV=1 -DHAVE_PUTENV=1 -DHAVE_SYS_MMAN_H=1 -DHAVE_DIRENT_H=1 -DHAVE_LIMITS_H=1 -DHAVE_PATHS_H=1 -DHAVE_VA_COPY=1 -DHAVE___VA_COPY=1 -DFILE_LOCKS=1 -DCALMA_MODULE=1 -DCIF_MODULE=1 -DX11_BACKING_STORE=1 -DPLOT_MODULE=1 -DLEF_MODULE=1 -DROUTE_MODULE=1 -DUSE_NEW_MACROS=1 -DVECTOR_FONTS=1 -DHAVE_LIBCAIRO=1 -DMAGIC_WRAPPER=1 -Dlinux=1 -DSYSV=1 -DISC=1 -DNDEBUG -DGCORE=\"/usr/bin/gcore\" -DSHDLIB_EXT=\".so\"  -c mzBlock.c
--- compiling mzrouter/mzDebug.o
rm -f mzDebug.o
gcc -g -m64 -fPIC -Wimplicit-int -fPIC  -I/usr/include/tcl8.6/tk-private/generic -I/usr/include/tcl8.6 -I. -I..  -DCAD_DIR=\"/home/chuan/Desktop/magic_install/lib\" -DBIN_DIR=\"/home/chuan/Desktop/magic_install/bin\" -DTCL_DIR=\"/home/chuan/Desktop/magic_install/lib/magic/tcl\" -DPACKAGE_NAME=\"\" -DPACKAGE_TARNAME=\"\" -DPACKAGE_VERSION=\"\" -DPACKAGE_STRING=\"\" -DPACKAGE_BUGREPORT=\"\" -DPACKAGE_URL=\"\" -DMAGIC_VERSION=\"8.2\" -DMAGIC_REVISION=\"19\" -DSTDC_HEADERS=1 -DHAVE_SYS_TYPES_H=1 -DHAVE_SYS_STAT_H=1 -DHAVE_STDLIB_H=1 -DHAVE_STRING_H=1 -DHAVE_MEMORY_H=1 -DHAVE_STRINGS_H=1 -DHAVE_INTTYPES_H=1 -DHAVE_STDINT_H=1 -DHAVE_UNISTD_H=1 -DSIZEOF_VOID_P=8 -DSIZEOF_UNSIGNED_INT=4 -DSIZEOF_UNSIGNED_LONG=8 -DSIZEOF_UNSIGNED_LONG_LONG=8 -DSTDC_HEADERS=1 -DHAVE_SETENV=1 -DHAVE_PUTENV=1 -DHAVE_SYS_MMAN_H=1 -DHAVE_DIRENT_H=1 -DHAVE_LIMITS_H=1 -DHAVE_PATHS_H=1 -DHAVE_VA_COPY=1 -DHAVE___VA_COPY=1 -DFILE_LOCKS=1 -DCALMA_MODULE=1 -DCIF_MODULE=1 -DX11_BACKING_STORE=1 -DPLOT_MODULE=1 -DLEF_MODULE=1 -DROUTE_MODULE=1 -DUSE_NEW_MACROS=1 -DVECTOR_FONTS=1 -DHAVE_LIBCAIRO=1 -DMAGIC_WRAPPER=1 -Dlinux=1 -DSYSV=1 -DISC=1 -DNDEBUG -DGCORE=\"/usr/bin/gcore\" -DSHDLIB_EXT=\".so\"  -c mzDebug.c
--- compiling mzrouter/mzEstimate.o
rm -f mzEstimate.o
gcc -g -m64 -fPIC -Wimplicit-int -fPIC  -I/usr/include/tcl8.6/tk-private/generic -I/usr/include/tcl8.6 -I. -I..  -DCAD_DIR=\"/home/chuan/Desktop/magic_install/lib\" -DBIN_DIR=\"/home/chuan/Desktop/magic_install/bin\" -DTCL_DIR=\"/home/chuan/Desktop/magic_install/lib/magic/tcl\" -DPACKAGE_NAME=\"\" -DPACKAGE_TARNAME=\"\" -DPACKAGE_VERSION=\"\" -DPACKAGE_STRING=\"\" -DPACKAGE_BUGREPORT=\"\" -DPACKAGE_URL=\"\" -DMAGIC_VERSION=\"8.2\" -DMAGIC_REVISION=\"19\" -DSTDC_HEADERS=1 -DHAVE_SYS_TYPES_H=1 -DHAVE_SYS_STAT_H=1 -DHAVE_STDLIB_H=1 -DHAVE_STRING_H=1 -DHAVE_MEMORY_H=1 -DHAVE_STRINGS_H=1 -DHAVE_INTTYPES_H=1 -DHAVE_STDINT_H=1 -DHAVE_UNISTD_H=1 -DSIZEOF_VOID_P=8 -DSIZEOF_UNSIGNED_INT=4 -DSIZEOF_UNSIGNED_LONG=8 -DSIZEOF_UNSIGNED_LONG_LONG=8 -DSTDC_HEADERS=1 -DHAVE_SETENV=1 -DHAVE_PUTENV=1 -DHAVE_SYS_MMAN_H=1 -DHAVE_DIRENT_H=1 -DHAVE_LIMITS_H=1 -DHAVE_PATHS_H=1 -DHAVE_VA_COPY=1 -DHAVE___VA_COPY=1 -DFILE_LOCKS=1 -DCALMA_MODULE=1 -DCIF_MODULE=1 -DX11_BACKING_STORE=1 -DPLOT_MODULE=1 -DLEF_MODULE=1 -DROUTE_MODULE=1 -DUSE_NEW_MACROS=1 -DVECTOR_FONTS=1 -DHAVE_LIBCAIRO=1 -DMAGIC_WRAPPER=1 -Dlinux=1 -DSYSV=1 -DISC=1 -DNDEBUG -DGCORE=\"/usr/bin/gcore\" -DSHDLIB_EXT=\".so\"  -c mzEstimate.c
mzEstimate.c: In function ‘mzDumpEstFunc’:
mzEstimate.c:1995:4: warning: format ‘%lld’ expects argument of type ‘long long int’, but argument 3 has type ‘dlong’ [-Wformat=]
    e->e_y0,e->e_vCost);
    ^
--- compiling mzrouter/mzXtndDown.o
rm -f mzXtndDown.o
gcc -g -m64 -fPIC -Wimplicit-int -fPIC  -I/usr/include/tcl8.6/tk-private/generic -I/usr/include/tcl8.6 -I. -I..  -DCAD_DIR=\"/home/chuan/Desktop/magic_install/lib\" -DBIN_DIR=\"/home/chuan/Desktop/magic_install/bin\" -DTCL_DIR=\"/home/chuan/Desktop/magic_install/lib/magic/tcl\" -DPACKAGE_NAME=\"\" -DPACKAGE_TARNAME=\"\" -DPACKAGE_VERSION=\"\" -DPACKAGE_STRING=\"\" -DPACKAGE_BUGREPORT=\"\" -DPACKAGE_URL=\"\" -DMAGIC_VERSION=\"8.2\" -DMAGIC_REVISION=\"19\" -DSTDC_HEADERS=1 -DHAVE_SYS_TYPES_H=1 -DHAVE_SYS_STAT_H=1 -DHAVE_STDLIB_H=1 -DHAVE_STRING_H=1 -DHAVE_MEMORY_H=1 -DHAVE_STRINGS_H=1 -DHAVE_INTTYPES_H=1 -DHAVE_STDINT_H=1 -DHAVE_UNISTD_H=1 -DSIZEOF_VOID_P=8 -DSIZEOF_UNSIGNED_INT=4 -DSIZEOF_UNSIGNED_LONG=8 -DSIZEOF_UNSIGNED_LONG_LONG=8 -DSTDC_HEADERS=1 -DHAVE_SETENV=1 -DHAVE_PUTENV=1 -DHAVE_SYS_MMAN_H=1 -DHAVE_DIRENT_H=1 -DHAVE_LIMITS_H=1 -DHAVE_PATHS_H=1 -DHAVE_VA_COPY=1 -DHAVE___VA_COPY=1 -DFILE_LOCKS=1 -DCALMA_MODULE=1 -DCIF_MODULE=1 -DX11_BACKING_STORE=1 -DPLOT_MODULE=1 -DLEF_MODULE=1 -DROUTE_MODULE=1 -DUSE_NEW_MACROS=1 -DVECTOR_FONTS=1 -DHAVE_LIBCAIRO=1 -DMAGIC_WRAPPER=1 -Dlinux=1 -DSYSV=1 -DISC=1 -DNDEBUG -DGCORE=\"/usr/bin/gcore\" -DSHDLIB_EXT=\".so\"  -c mzXtndDown.c
--- compiling mzrouter/mzXtndLeft.o
rm -f mzXtndLeft.o
gcc -g -m64 -fPIC -Wimplicit-int -fPIC  -I/usr/include/tcl8.6/tk-private/generic -I/usr/include/tcl8.6 -I. -I..  -DCAD_DIR=\"/home/chuan/Desktop/magic_install/lib\" -DBIN_DIR=\"/home/chuan/Desktop/magic_install/bin\" -DTCL_DIR=\"/home/chuan/Desktop/magic_install/lib/magic/tcl\" -DPACKAGE_NAME=\"\" -DPACKAGE_TARNAME=\"\" -DPACKAGE_VERSION=\"\" -DPACKAGE_STRING=\"\" -DPACKAGE_BUGREPORT=\"\" -DPACKAGE_URL=\"\" -DMAGIC_VERSION=\"8.2\" -DMAGIC_REVISION=\"19\" -DSTDC_HEADERS=1 -DHAVE_SYS_TYPES_H=1 -DHAVE_SYS_STAT_H=1 -DHAVE_STDLIB_H=1 -DHAVE_STRING_H=1 -DHAVE_MEMORY_H=1 -DHAVE_STRINGS_H=1 -DHAVE_INTTYPES_H=1 -DHAVE_STDINT_H=1 -DHAVE_UNISTD_H=1 -DSIZEOF_VOID_P=8 -DSIZEOF_UNSIGNED_INT=4 -DSIZEOF_UNSIGNED_LONG=8 -DSIZEOF_UNSIGNED_LONG_LONG=8 -DSTDC_HEADERS=1 -DHAVE_SETENV=1 -DHAVE_PUTENV=1 -DHAVE_SYS_MMAN_H=1 -DHAVE_DIRENT_H=1 -DHAVE_LIMITS_H=1 -DHAVE_PATHS_H=1 -DHAVE_VA_COPY=1 -DHAVE___VA_COPY=1 -DFILE_LOCKS=1 -DCALMA_MODULE=1 -DCIF_MODULE=1 -DX11_BACKING_STORE=1 -DPLOT_MODULE=1 -DLEF_MODULE=1 -DROUTE_MODULE=1 -DUSE_NEW_MACROS=1 -DVECTOR_FONTS=1 -DHAVE_LIBCAIRO=1 -DMAGIC_WRAPPER=1 -Dlinux=1 -DSYSV=1 -DISC=1 -DNDEBUG -DGCORE=\"/usr/bin/gcore\" -DSHDLIB_EXT=\".so\"  -c mzXtndLeft.c
--- compiling mzrouter/mzXtndRght.o
rm -f mzXtndRght.o
gcc -g -m64 -fPIC -Wimplicit-int -fPIC  -I/usr/include/tcl8.6/tk-private/generic -I/usr/include/tcl8.6 -I. -I..  -DCAD_DIR=\"/home/chuan/Desktop/magic_install/lib\" -DBIN_DIR=\"/home/chuan/Desktop/magic_install/bin\" -DTCL_DIR=\"/home/chuan/Desktop/magic_install/lib/magic/tcl\" -DPACKAGE_NAME=\"\" -DPACKAGE_TARNAME=\"\" -DPACKAGE_VERSION=\"\" -DPACKAGE_STRING=\"\" -DPACKAGE_BUGREPORT=\"\" -DPACKAGE_URL=\"\" -DMAGIC_VERSION=\"8.2\" -DMAGIC_REVISION=\"19\" -DSTDC_HEADERS=1 -DHAVE_SYS_TYPES_H=1 -DHAVE_SYS_STAT_H=1 -DHAVE_STDLIB_H=1 -DHAVE_STRING_H=1 -DHAVE_MEMORY_H=1 -DHAVE_STRINGS_H=1 -DHAVE_INTTYPES_H=1 -DHAVE_STDINT_H=1 -DHAVE_UNISTD_H=1 -DSIZEOF_VOID_P=8 -DSIZEOF_UNSIGNED_INT=4 -DSIZEOF_UNSIGNED_LONG=8 -DSIZEOF_UNSIGNED_LONG_LONG=8 -DSTDC_HEADERS=1 -DHAVE_SETENV=1 -DHAVE_PUTENV=1 -DHAVE_SYS_MMAN_H=1 -DHAVE_DIRENT_H=1 -DHAVE_LIMITS_H=1 -DHAVE_PATHS_H=1 -DHAVE_VA_COPY=1 -DHAVE___VA_COPY=1 -DFILE_LOCKS=1 -DCALMA_MODULE=1 -DCIF_MODULE=1 -DX11_BACKING_STORE=1 -DPLOT_MODULE=1 -DLEF_MODULE=1 -DROUTE_MODULE=1 -DUSE_NEW_MACROS=1 -DVECTOR_FONTS=1 -DHAVE_LIBCAIRO=1 -DMAGIC_WRAPPER=1 -Dlinux=1 -DSYSV=1 -DISC=1 -DNDEBUG -DGCORE=\"/usr/bin/gcore\" -DSHDLIB_EXT=\".so\"  -c mzXtndRght.c
--- compiling mzrouter/mzXtndUp.o
rm -f mzXtndUp.o
gcc -g -m64 -fPIC -Wimplicit-int -fPIC  -I/usr/include/tcl8.6/tk-private/generic -I/usr/include/tcl8.6 -I. -I..  -DCAD_DIR=\"/home/chuan/Desktop/magic_install/lib\" -DBIN_DIR=\"/home/chuan/Desktop/magic_install/bin\" -DTCL_DIR=\"/home/chuan/Desktop/magic_install/lib/magic/tcl\" -DPACKAGE_NAME=\"\" -DPACKAGE_TARNAME=\"\" -DPACKAGE_VERSION=\"\" -DPACKAGE_STRING=\"\" -DPACKAGE_BUGREPORT=\"\" -DPACKAGE_URL=\"\" -DMAGIC_VERSION=\"8.2\" -DMAGIC_REVISION=\"19\" -DSTDC_HEADERS=1 -DHAVE_SYS_TYPES_H=1 -DHAVE_SYS_STAT_H=1 -DHAVE_STDLIB_H=1 -DHAVE_STRING_H=1 -DHAVE_MEMORY_H=1 -DHAVE_STRINGS_H=1 -DHAVE_INTTYPES_H=1 -DHAVE_STDINT_H=1 -DHAVE_UNISTD_H=1 -DSIZEOF_VOID_P=8 -DSIZEOF_UNSIGNED_INT=4 -DSIZEOF_UNSIGNED_LONG=8 -DSIZEOF_UNSIGNED_LONG_LONG=8 -DSTDC_HEADERS=1 -DHAVE_SETENV=1 -DHAVE_PUTENV=1 -DHAVE_SYS_MMAN_H=1 -DHAVE_DIRENT_H=1 -DHAVE_LIMITS_H=1 -DHAVE_PATHS_H=1 -DHAVE_VA_COPY=1 -DHAVE___VA_COPY=1 -DFILE_LOCKS=1 -DCALMA_MODULE=1 -DCIF_MODULE=1 -DX11_BACKING_STORE=1 -DPLOT_MODULE=1 -DLEF_MODULE=1 -DROUTE_MODULE=1 -DUSE_NEW_MACROS=1 -DVECTOR_FONTS=1 -DHAVE_LIBCAIRO=1 -DMAGIC_WRAPPER=1 -Dlinux=1 -DSYSV=1 -DISC=1 -DNDEBUG -DGCORE=\"/usr/bin/gcore\" -DSHDLIB_EXT=\".so\"  -c mzXtndUp.c
--- compiling mzrouter/mzHint.o
rm -f mzHint.o
gcc -g -m64 -fPIC -Wimplicit-int -fPIC  -I/usr/include/tcl8.6/tk-private/generic -I/usr/include/tcl8.6 -I. -I..  -DCAD_DIR=\"/home/chuan/Desktop/magic_install/lib\" -DBIN_DIR=\"/home/chuan/Desktop/magic_install/bin\" -DTCL_DIR=\"/home/chuan/Desktop/magic_install/lib/magic/tcl\" -DPACKAGE_NAME=\"\" -DPACKAGE_TARNAME=\"\" -DPACKAGE_VERSION=\"\" -DPACKAGE_STRING=\"\" -DPACKAGE_BUGREPORT=\"\" -DPACKAGE_URL=\"\" -DMAGIC_VERSION=\"8.2\" -DMAGIC_REVISION=\"19\" -DSTDC_HEADERS=1 -DHAVE_SYS_TYPES_H=1 -DHAVE_SYS_STAT_H=1 -DHAVE_STDLIB_H=1 -DHAVE_STRING_H=1 -DHAVE_MEMORY_H=1 -DHAVE_STRINGS_H=1 -DHAVE_INTTYPES_H=1 -DHAVE_STDINT_H=1 -DHAVE_UNISTD_H=1 -DSIZEOF_VOID_P=8 -DSIZEOF_UNSIGNED_INT=4 -DSIZEOF_UNSIGNED_LONG=8 -DSIZEOF_UNSIGNED_LONG_LONG=8 -DSTDC_HEADERS=1 -DHAVE_SETENV=1 -DHAVE_PUTENV=1 -DHAVE_SYS_MMAN_H=1 -DHAVE_DIRENT_H=1 -DHAVE_LIMITS_H=1 -DHAVE_PATHS_H=1 -DHAVE_VA_COPY=1 -DHAVE___VA_COPY=1 -DFILE_LOCKS=1 -DCALMA_MODULE=1 -DCIF_MODULE=1 -DX11_BACKING_STORE=1 -DPLOT_MODULE=1 -DLEF_MODULE=1 -DROUTE_MODULE=1 -DUSE_NEW_MACROS=1 -DVECTOR_FONTS=1 -DHAVE_LIBCAIRO=1 -DMAGIC_WRAPPER=1 -Dlinux=1 -DSYSV=1 -DISC=1 -DNDEBUG -DGCORE=\"/usr/bin/gcore\" -DSHDLIB_EXT=\".so\"  -c mzHint.c
--- compiling mzrouter/mzInit.o
rm -f mzInit.o
gcc -g -m64 -fPIC -Wimplicit-int -fPIC  -I/usr/include/tcl8.6/tk-private/generic -I/usr/include/tcl8.6 -I. -I..  -DCAD_DIR=\"/home/chuan/Desktop/magic_install/lib\" -DBIN_DIR=\"/home/chuan/Desktop/magic_install/bin\" -DTCL_DIR=\"/home/chuan/Desktop/magic_install/lib/magic/tcl\" -DPACKAGE_NAME=\"\" -DPACKAGE_TARNAME=\"\" -DPACKAGE_VERSION=\"\" -DPACKAGE_STRING=\"\" -DPACKAGE_BUGREPORT=\"\" -DPACKAGE_URL=\"\" -DMAGIC_VERSION=\"8.2\" -DMAGIC_REVISION=\"19\" -DSTDC_HEADERS=1 -DHAVE_SYS_TYPES_H=1 -DHAVE_SYS_STAT_H=1 -DHAVE_STDLIB_H=1 -DHAVE_STRING_H=1 -DHAVE_MEMORY_H=1 -DHAVE_STRINGS_H=1 -DHAVE_INTTYPES_H=1 -DHAVE_STDINT_H=1 -DHAVE_UNISTD_H=1 -DSIZEOF_VOID_P=8 -DSIZEOF_UNSIGNED_INT=4 -DSIZEOF_UNSIGNED_LONG=8 -DSIZEOF_UNSIGNED_LONG_LONG=8 -DSTDC_HEADERS=1 -DHAVE_SETENV=1 -DHAVE_PUTENV=1 -DHAVE_SYS_MMAN_H=1 -DHAVE_DIRENT_H=1 -DHAVE_LIMITS_H=1 -DHAVE_PATHS_H=1 -DHAVE_VA_COPY=1 -DHAVE___VA_COPY=1 -DFILE_LOCKS=1 -DCALMA_MODULE=1 -DCIF_MODULE=1 -DX11_BACKING_STORE=1 -DPLOT_MODULE=1 -DLEF_MODULE=1 -DROUTE_MODULE=1 -DUSE_NEW_MACROS=1 -DVECTOR_FONTS=1 -DHAVE_LIBCAIRO=1 -DMAGIC_WRAPPER=1 -Dlinux=1 -DSYSV=1 -DISC=1 -DNDEBUG -DGCORE=\"/usr/bin/gcore\" -DSHDLIB_EXT=\".so\"  -c mzInit.c
--- compiling mzrouter/mzNumLine.o
rm -f mzNumLine.o
gcc -g -m64 -fPIC -Wimplicit-int -fPIC  -I/usr/include/tcl8.6/tk-private/generic -I/usr/include/tcl8.6 -I. -I..  -DCAD_DIR=\"/home/chuan/Desktop/magic_install/lib\" -DBIN_DIR=\"/home/chuan/Desktop/magic_install/bin\" -DTCL_DIR=\"/home/chuan/Desktop/magic_install/lib/magic/tcl\" -DPACKAGE_NAME=\"\" -DPACKAGE_TARNAME=\"\" -DPACKAGE_VERSION=\"\" -DPACKAGE_STRING=\"\" -DPACKAGE_BUGREPORT=\"\" -DPACKAGE_URL=\"\" -DMAGIC_VERSION=\"8.2\" -DMAGIC_REVISION=\"19\" -DSTDC_HEADERS=1 -DHAVE_SYS_TYPES_H=1 -DHAVE_SYS_STAT_H=1 -DHAVE_STDLIB_H=1 -DHAVE_STRING_H=1 -DHAVE_MEMORY_H=1 -DHAVE_STRINGS_H=1 -DHAVE_INTTYPES_H=1 -DHAVE_STDINT_H=1 -DHAVE_UNISTD_H=1 -DSIZEOF_VOID_P=8 -DSIZEOF_UNSIGNED_INT=4 -DSIZEOF_UNSIGNED_LONG=8 -DSIZEOF_UNSIGNED_LONG_LONG=8 -DSTDC_HEADERS=1 -DHAVE_SETENV=1 -DHAVE_PUTENV=1 -DHAVE_SYS_MMAN_H=1 -DHAVE_DIRENT_H=1 -DHAVE_LIMITS_H=1 -DHAVE_PATHS_H=1 -DHAVE_VA_COPY=1 -DHAVE___VA_COPY=1 -DFILE_LOCKS=1 -DCALMA_MODULE=1 -DCIF_MODULE=1 -DX11_BACKING_STORE=1 -DPLOT_MODULE=1 -DLEF_MODULE=1 -DROUTE_MODULE=1 -DUSE_NEW_MACROS=1 -DVECTOR_FONTS=1 -DHAVE_LIBCAIRO=1 -DMAGIC_WRAPPER=1 -Dlinux=1 -DSYSV=1 -DISC=1 -DNDEBUG -DGCORE=\"/usr/bin/gcore\" -DSHDLIB_EXT=\".so\"  -c mzNumLine.c
--- compiling mzrouter/mzMain.o
rm -f mzMain.o
gcc -g -m64 -fPIC -Wimplicit-int -fPIC  -I/usr/include/tcl8.6/tk-private/generic -I/usr/include/tcl8.6 -I. -I..  -DCAD_DIR=\"/home/chuan/Desktop/magic_install/lib\" -DBIN_DIR=\"/home/chuan/Desktop/magic_install/bin\" -DTCL_DIR=\"/home/chuan/Desktop/magic_install/lib/magic/tcl\" -DPACKAGE_NAME=\"\" -DPACKAGE_TARNAME=\"\" -DPACKAGE_VERSION=\"\" -DPACKAGE_STRING=\"\" -DPACKAGE_BUGREPORT=\"\" -DPACKAGE_URL=\"\" -DMAGIC_VERSION=\"8.2\" -DMAGIC_REVISION=\"19\" -DSTDC_HEADERS=1 -DHAVE_SYS_TYPES_H=1 -DHAVE_SYS_STAT_H=1 -DHAVE_STDLIB_H=1 -DHAVE_STRING_H=1 -DHAVE_MEMORY_H=1 -DHAVE_STRINGS_H=1 -DHAVE_INTTYPES_H=1 -DHAVE_STDINT_H=1 -DHAVE_UNISTD_H=1 -DSIZEOF_VOID_P=8 -DSIZEOF_UNSIGNED_INT=4 -DSIZEOF_UNSIGNED_LONG=8 -DSIZEOF_UNSIGNED_LONG_LONG=8 -DSTDC_HEADERS=1 -DHAVE_SETENV=1 -DHAVE_PUTENV=1 -DHAVE_SYS_MMAN_H=1 -DHAVE_DIRENT_H=1 -DHAVE_LIMITS_H=1 -DHAVE_PATHS_H=1 -DHAVE_VA_COPY=1 -DHAVE___VA_COPY=1 -DFILE_LOCKS=1 -DCALMA_MODULE=1 -DCIF_MODULE=1 -DX11_BACKING_STORE=1 -DPLOT_MODULE=1 -DLEF_MODULE=1 -DROUTE_MODULE=1 -DUSE_NEW_MACROS=1 -DVECTOR_FONTS=1 -DHAVE_LIBCAIRO=1 -DMAGIC_WRAPPER=1 -Dlinux=1 -DSYSV=1 -DISC=1 -DNDEBUG -DGCORE=\"/usr/bin/gcore\" -DSHDLIB_EXT=\".so\"  -c mzMain.c
--- compiling mzrouter/mzSearch.o
rm -f mzSearch.o
gcc -g -m64 -fPIC -Wimplicit-int -fPIC  -I/usr/include/tcl8.6/tk-private/generic -I/usr/include/tcl8.6 -I. -I..  -DCAD_DIR=\"/home/chuan/Desktop/magic_install/lib\" -DBIN_DIR=\"/home/chuan/Desktop/magic_install/bin\" -DTCL_DIR=\"/home/chuan/Desktop/magic_install/lib/magic/tcl\" -DPACKAGE_NAME=\"\" -DPACKAGE_TARNAME=\"\" -DPACKAGE_VERSION=\"\" -DPACKAGE_STRING=\"\" -DPACKAGE_BUGREPORT=\"\" -DPACKAGE_URL=\"\" -DMAGIC_VERSION=\"8.2\" -DMAGIC_REVISION=\"19\" -DSTDC_HEADERS=1 -DHAVE_SYS_TYPES_H=1 -DHAVE_SYS_STAT_H=1 -DHAVE_STDLIB_H=1 -DHAVE_STRING_H=1 -DHAVE_MEMORY_H=1 -DHAVE_STRINGS_H=1 -DHAVE_INTTYPES_H=1 -DHAVE_STDINT_H=1 -DHAVE_UNISTD_H=1 -DSIZEOF_VOID_P=8 -DSIZEOF_UNSIGNED_INT=4 -DSIZEOF_UNSIGNED_LONG=8 -DSIZEOF_UNSIGNED_LONG_LONG=8 -DSTDC_HEADERS=1 -DHAVE_SETENV=1 -DHAVE_PUTENV=1 -DHAVE_SYS_MMAN_H=1 -DHAVE_DIRENT_H=1 -DHAVE_LIMITS_H=1 -DHAVE_PATHS_H=1 -DHAVE_VA_COPY=1 -DHAVE___VA_COPY=1 -DFILE_LOCKS=1 -DCALMA_MODULE=1 -DCIF_MODULE=1 -DX11_BACKING_STORE=1 -DPLOT_MODULE=1 -DLEF_MODULE=1 -DROUTE_MODULE=1 -DUSE_NEW_MACROS=1 -DVECTOR_FONTS=1 -DHAVE_LIBCAIRO=1 -DMAGIC_WRAPPER=1 -Dlinux=1 -DSYSV=1 -DISC=1 -DNDEBUG -DGCORE=\"/usr/bin/gcore\" -DSHDLIB_EXT=\".so\"  -c mzSearch.c
--- compiling mzrouter/mzStart.o
rm -f mzStart.o
gcc -g -m64 -fPIC -Wimplicit-int -fPIC  -I/usr/include/tcl8.6/tk-private/generic -I/usr/include/tcl8.6 -I. -I..  -DCAD_DIR=\"/home/chuan/Desktop/magic_install/lib\" -DBIN_DIR=\"/home/chuan/Desktop/magic_install/bin\" -DTCL_DIR=\"/home/chuan/Desktop/magic_install/lib/magic/tcl\" -DPACKAGE_NAME=\"\" -DPACKAGE_TARNAME=\"\" -DPACKAGE_VERSION=\"\" -DPACKAGE_STRING=\"\" -DPACKAGE_BUGREPORT=\"\" -DPACKAGE_URL=\"\" -DMAGIC_VERSION=\"8.2\" -DMAGIC_REVISION=\"19\" -DSTDC_HEADERS=1 -DHAVE_SYS_TYPES_H=1 -DHAVE_SYS_STAT_H=1 -DHAVE_STDLIB_H=1 -DHAVE_STRING_H=1 -DHAVE_MEMORY_H=1 -DHAVE_STRINGS_H=1 -DHAVE_INTTYPES_H=1 -DHAVE_STDINT_H=1 -DHAVE_UNISTD_H=1 -DSIZEOF_VOID_P=8 -DSIZEOF_UNSIGNED_INT=4 -DSIZEOF_UNSIGNED_LONG=8 -DSIZEOF_UNSIGNED_LONG_LONG=8 -DSTDC_HEADERS=1 -DHAVE_SETENV=1 -DHAVE_PUTENV=1 -DHAVE_SYS_MMAN_H=1 -DHAVE_DIRENT_H=1 -DHAVE_LIMITS_H=1 -DHAVE_PATHS_H=1 -DHAVE_VA_COPY=1 -DHAVE___VA_COPY=1 -DFILE_LOCKS=1 -DCALMA_MODULE=1 -DCIF_MODULE=1 -DX11_BACKING_STORE=1 -DPLOT_MODULE=1 -DLEF_MODULE=1 -DROUTE_MODULE=1 -DUSE_NEW_MACROS=1 -DVECTOR_FONTS=1 -DHAVE_LIBCAIRO=1 -DMAGIC_WRAPPER=1 -Dlinux=1 -DSYSV=1 -DISC=1 -DNDEBUG -DGCORE=\"/usr/bin/gcore\" -DSHDLIB_EXT=\".so\"  -c mzStart.c
--- compiling mzrouter/mzSubrs.o
rm -f mzSubrs.o
gcc -g -m64 -fPIC -Wimplicit-int -fPIC  -I/usr/include/tcl8.6/tk-private/generic -I/usr/include/tcl8.6 -I. -I..  -DCAD_DIR=\"/home/chuan/Desktop/magic_install/lib\" -DBIN_DIR=\"/home/chuan/Desktop/magic_install/bin\" -DTCL_DIR=\"/home/chuan/Desktop/magic_install/lib/magic/tcl\" -DPACKAGE_NAME=\"\" -DPACKAGE_TARNAME=\"\" -DPACKAGE_VERSION=\"\" -DPACKAGE_STRING=\"\" -DPACKAGE_BUGREPORT=\"\" -DPACKAGE_URL=\"\" -DMAGIC_VERSION=\"8.2\" -DMAGIC_REVISION=\"19\" -DSTDC_HEADERS=1 -DHAVE_SYS_TYPES_H=1 -DHAVE_SYS_STAT_H=1 -DHAVE_STDLIB_H=1 -DHAVE_STRING_H=1 -DHAVE_MEMORY_H=1 -DHAVE_STRINGS_H=1 -DHAVE_INTTYPES_H=1 -DHAVE_STDINT_H=1 -DHAVE_UNISTD_H=1 -DSIZEOF_VOID_P=8 -DSIZEOF_UNSIGNED_INT=4 -DSIZEOF_UNSIGNED_LONG=8 -DSIZEOF_UNSIGNED_LONG_LONG=8 -DSTDC_HEADERS=1 -DHAVE_SETENV=1 -DHAVE_PUTENV=1 -DHAVE_SYS_MMAN_H=1 -DHAVE_DIRENT_H=1 -DHAVE_LIMITS_H=1 -DHAVE_PATHS_H=1 -DHAVE_VA_COPY=1 -DHAVE___VA_COPY=1 -DFILE_LOCKS=1 -DCALMA_MODULE=1 -DCIF_MODULE=1 -DX11_BACKING_STORE=1 -DPLOT_MODULE=1 -DLEF_MODULE=1 -DROUTE_MODULE=1 -DUSE_NEW_MACROS=1 -DVECTOR_FONTS=1 -DHAVE_LIBCAIRO=1 -DMAGIC_WRAPPER=1 -Dlinux=1 -DSYSV=1 -DISC=1 -DNDEBUG -DGCORE=\"/usr/bin/gcore\" -DSHDLIB_EXT=\".so\"  -c mzSubrs.c
--- compiling mzrouter/mzTech.o
rm -f mzTech.o
gcc -g -m64 -fPIC -Wimplicit-int -fPIC  -I/usr/include/tcl8.6/tk-private/generic -I/usr/include/tcl8.6 -I. -I..  -DCAD_DIR=\"/home/chuan/Desktop/magic_install/lib\" -DBIN_DIR=\"/home/chuan/Desktop/magic_install/bin\" -DTCL_DIR=\"/home/chuan/Desktop/magic_install/lib/magic/tcl\" -DPACKAGE_NAME=\"\" -DPACKAGE_TARNAME=\"\" -DPACKAGE_VERSION=\"\" -DPACKAGE_STRING=\"\" -DPACKAGE_BUGREPORT=\"\" -DPACKAGE_URL=\"\" -DMAGIC_VERSION=\"8.2\" -DMAGIC_REVISION=\"19\" -DSTDC_HEADERS=1 -DHAVE_SYS_TYPES_H=1 -DHAVE_SYS_STAT_H=1 -DHAVE_STDLIB_H=1 -DHAVE_STRING_H=1 -DHAVE_MEMORY_H=1 -DHAVE_STRINGS_H=1 -DHAVE_INTTYPES_H=1 -DHAVE_STDINT_H=1 -DHAVE_UNISTD_H=1 -DSIZEOF_VOID_P=8 -DSIZEOF_UNSIGNED_INT=4 -DSIZEOF_UNSIGNED_LONG=8 -DSIZEOF_UNSIGNED_LONG_LONG=8 -DSTDC_HEADERS=1 -DHAVE_SETENV=1 -DHAVE_PUTENV=1 -DHAVE_SYS_MMAN_H=1 -DHAVE_DIRENT_H=1 -DHAVE_LIMITS_H=1 -DHAVE_PATHS_H=1 -DHAVE_VA_COPY=1 -DHAVE___VA_COPY=1 -DFILE_LOCKS=1 -DCALMA_MODULE=1 -DCIF_MODULE=1 -DX11_BACKING_STORE=1 -DPLOT_MODULE=1 -DLEF_MODULE=1 -DROUTE_MODULE=1 -DUSE_NEW_MACROS=1 -DVECTOR_FONTS=1 -DHAVE_LIBCAIRO=1 -DMAGIC_WRAPPER=1 -Dlinux=1 -DSYSV=1 -DISC=1 -DNDEBUG -DGCORE=\"/usr/bin/gcore\" -DSHDLIB_EXT=\".so\"  -c mzTech.c
--- compiling mzrouter/mzTestCmd.o
rm -f mzTestCmd.o
gcc -g -m64 -fPIC -Wimplicit-int -fPIC  -I/usr/include/tcl8.6/tk-private/generic -I/usr/include/tcl8.6 -I. -I..  -DCAD_DIR=\"/home/chuan/Desktop/magic_install/lib\" -DBIN_DIR=\"/home/chuan/Desktop/magic_install/bin\" -DTCL_DIR=\"/home/chuan/Desktop/magic_install/lib/magic/tcl\" -DPACKAGE_NAME=\"\" -DPACKAGE_TARNAME=\"\" -DPACKAGE_VERSION=\"\" -DPACKAGE_STRING=\"\" -DPACKAGE_BUGREPORT=\"\" -DPACKAGE_URL=\"\" -DMAGIC_VERSION=\"8.2\" -DMAGIC_REVISION=\"19\" -DSTDC_HEADERS=1 -DHAVE_SYS_TYPES_H=1 -DHAVE_SYS_STAT_H=1 -DHAVE_STDLIB_H=1 -DHAVE_STRING_H=1 -DHAVE_MEMORY_H=1 -DHAVE_STRINGS_H=1 -DHAVE_INTTYPES_H=1 -DHAVE_STDINT_H=1 -DHAVE_UNISTD_H=1 -DSIZEOF_VOID_P=8 -DSIZEOF_UNSIGNED_INT=4 -DSIZEOF_UNSIGNED_LONG=8 -DSIZEOF_UNSIGNED_LONG_LONG=8 -DSTDC_HEADERS=1 -DHAVE_SETENV=1 -DHAVE_PUTENV=1 -DHAVE_SYS_MMAN_H=1 -DHAVE_DIRENT_H=1 -DHAVE_LIMITS_H=1 -DHAVE_PATHS_H=1 -DHAVE_VA_COPY=1 -DHAVE___VA_COPY=1 -DFILE_LOCKS=1 -DCALMA_MODULE=1 -DCIF_MODULE=1 -DX11_BACKING_STORE=1 -DPLOT_MODULE=1 -DLEF_MODULE=1 -DROUTE_MODULE=1 -DUSE_NEW_MACROS=1 -DVECTOR_FONTS=1 -DHAVE_LIBCAIRO=1 -DMAGIC_WRAPPER=1 -Dlinux=1 -DSYSV=1 -DISC=1 -DNDEBUG -DGCORE=\"/usr/bin/gcore\" -DSHDLIB_EXT=\".so\"  -c mzTestCmd.c
--- compiling mzrouter/mzWalk.o
rm -f mzWalk.o
gcc -g -m64 -fPIC -Wimplicit-int -fPIC  -I/usr/include/tcl8.6/tk-private/generic -I/usr/include/tcl8.6 -I. -I..  -DCAD_DIR=\"/home/chuan/Desktop/magic_install/lib\" -DBIN_DIR=\"/home/chuan/Desktop/magic_install/bin\" -DTCL_DIR=\"/home/chuan/Desktop/magic_install/lib/magic/tcl\" -DPACKAGE_NAME=\"\" -DPACKAGE_TARNAME=\"\" -DPACKAGE_VERSION=\"\" -DPACKAGE_STRING=\"\" -DPACKAGE_BUGREPORT=\"\" -DPACKAGE_URL=\"\" -DMAGIC_VERSION=\"8.2\" -DMAGIC_REVISION=\"19\" -DSTDC_HEADERS=1 -DHAVE_SYS_TYPES_H=1 -DHAVE_SYS_STAT_H=1 -DHAVE_STDLIB_H=1 -DHAVE_STRING_H=1 -DHAVE_MEMORY_H=1 -DHAVE_STRINGS_H=1 -DHAVE_INTTYPES_H=1 -DHAVE_STDINT_H=1 -DHAVE_UNISTD_H=1 -DSIZEOF_VOID_P=8 -DSIZEOF_UNSIGNED_INT=4 -DSIZEOF_UNSIGNED_LONG=8 -DSIZEOF_UNSIGNED_LONG_LONG=8 -DSTDC_HEADERS=1 -DHAVE_SETENV=1 -DHAVE_PUTENV=1 -DHAVE_SYS_MMAN_H=1 -DHAVE_DIRENT_H=1 -DHAVE_LIMITS_H=1 -DHAVE_PATHS_H=1 -DHAVE_VA_COPY=1 -DHAVE___VA_COPY=1 -DFILE_LOCKS=1 -DCALMA_MODULE=1 -DCIF_MODULE=1 -DX11_BACKING_STORE=1 -DPLOT_MODULE=1 -DLEF_MODULE=1 -DROUTE_MODULE=1 -DUSE_NEW_MACROS=1 -DVECTOR_FONTS=1 -DHAVE_LIBCAIRO=1 -DMAGIC_WRAPPER=1 -Dlinux=1 -DSYSV=1 -DISC=1 -DNDEBUG -DGCORE=\"/usr/bin/gcore\" -DSHDLIB_EXT=\".so\"  -c mzWalk.c
--- linking libmzrouter.o
rm -f libmzrouter.o
ld -r mzBlock.o mzDebug.o mzEstimate.o mzXtndDown.o mzXtndLeft.o mzXtndRght.o mzXtndUp.o mzHint.o mzInit.o mzNumLine.o mzMain.o mzSearch.o mzStart.o mzSubrs.o mzTech.o mzTestCmd.o mzWalk.o  -o libmzrouter.o 
make[2]: Leaving directory `/home/chuan/Desktop/magic-8.2/mzrouter'
make[2]: Entering directory `/home/chuan/Desktop/magic-8.2/router'
--- compiling router/rtrCmd.o
rm -f rtrCmd.o
gcc -g -m64 -fPIC -Wimplicit-int -fPIC  -I/usr/include/tcl8.6/tk-private/generic -I/usr/include/tcl8.6 -I. -I..  -DCAD_DIR=\"/home/chuan/Desktop/magic_install/lib\" -DBIN_DIR=\"/home/chuan/Desktop/magic_install/bin\" -DTCL_DIR=\"/home/chuan/Desktop/magic_install/lib/magic/tcl\" -DPACKAGE_NAME=\"\" -DPACKAGE_TARNAME=\"\" -DPACKAGE_VERSION=\"\" -DPACKAGE_STRING=\"\" -DPACKAGE_BUGREPORT=\"\" -DPACKAGE_URL=\"\" -DMAGIC_VERSION=\"8.2\" -DMAGIC_REVISION=\"19\" -DSTDC_HEADERS=1 -DHAVE_SYS_TYPES_H=1 -DHAVE_SYS_STAT_H=1 -DHAVE_STDLIB_H=1 -DHAVE_STRING_H=1 -DHAVE_MEMORY_H=1 -DHAVE_STRINGS_H=1 -DHAVE_INTTYPES_H=1 -DHAVE_STDINT_H=1 -DHAVE_UNISTD_H=1 -DSIZEOF_VOID_P=8 -DSIZEOF_UNSIGNED_INT=4 -DSIZEOF_UNSIGNED_LONG=8 -DSIZEOF_UNSIGNED_LONG_LONG=8 -DSTDC_HEADERS=1 -DHAVE_SETENV=1 -DHAVE_PUTENV=1 -DHAVE_SYS_MMAN_H=1 -DHAVE_DIRENT_H=1 -DHAVE_LIMITS_H=1 -DHAVE_PATHS_H=1 -DHAVE_VA_COPY=1 -DHAVE___VA_COPY=1 -DFILE_LOCKS=1 -DCALMA_MODULE=1 -DCIF_MODULE=1 -DX11_BACKING_STORE=1 -DPLOT_MODULE=1 -DLEF_MODULE=1 -DROUTE_MODULE=1 -DUSE_NEW_MACROS=1 -DVECTOR_FONTS=1 -DHAVE_LIBCAIRO=1 -DMAGIC_WRAPPER=1 -Dlinux=1 -DSYSV=1 -DISC=1 -DNDEBUG -DGCORE=\"/usr/bin/gcore\" -DSHDLIB_EXT=\".so\"  -c rtrCmd.c
--- compiling router/rtrMain.o
rm -f rtrMain.o
gcc -g -m64 -fPIC -Wimplicit-int -fPIC  -I/usr/include/tcl8.6/tk-private/generic -I/usr/include/tcl8.6 -I. -I..  -DCAD_DIR=\"/home/chuan/Desktop/magic_install/lib\" -DBIN_DIR=\"/home/chuan/Desktop/magic_install/bin\" -DTCL_DIR=\"/home/chuan/Desktop/magic_install/lib/magic/tcl\" -DPACKAGE_NAME=\"\" -DPACKAGE_TARNAME=\"\" -DPACKAGE_VERSION=\"\" -DPACKAGE_STRING=\"\" -DPACKAGE_BUGREPORT=\"\" -DPACKAGE_URL=\"\" -DMAGIC_VERSION=\"8.2\" -DMAGIC_REVISION=\"19\" -DSTDC_HEADERS=1 -DHAVE_SYS_TYPES_H=1 -DHAVE_SYS_STAT_H=1 -DHAVE_STDLIB_H=1 -DHAVE_STRING_H=1 -DHAVE_MEMORY_H=1 -DHAVE_STRINGS_H=1 -DHAVE_INTTYPES_H=1 -DHAVE_STDINT_H=1 -DHAVE_UNISTD_H=1 -DSIZEOF_VOID_P=8 -DSIZEOF_UNSIGNED_INT=4 -DSIZEOF_UNSIGNED_LONG=8 -DSIZEOF_UNSIGNED_LONG_LONG=8 -DSTDC_HEADERS=1 -DHAVE_SETENV=1 -DHAVE_PUTENV=1 -DHAVE_SYS_MMAN_H=1 -DHAVE_DIRENT_H=1 -DHAVE_LIMITS_H=1 -DHAVE_PATHS_H=1 -DHAVE_VA_COPY=1 -DHAVE___VA_COPY=1 -DFILE_LOCKS=1 -DCALMA_MODULE=1 -DCIF_MODULE=1 -DX11_BACKING_STORE=1 -DPLOT_MODULE=1 -DLEF_MODULE=1 -DROUTE_MODULE=1 -DUSE_NEW_MACROS=1 -DVECTOR_FONTS=1 -DHAVE_LIBCAIRO=1 -DMAGIC_WRAPPER=1 -Dlinux=1 -DSYSV=1 -DISC=1 -DNDEBUG -DGCORE=\"/usr/bin/gcore\" -DSHDLIB_EXT=\".so\"  -c rtrMain.c
--- compiling router/rtrDcmpose.o
rm -f rtrDcmpose.o
gcc -g -m64 -fPIC -Wimplicit-int -fPIC  -I/usr/include/tcl8.6/tk-private/generic -I/usr/include/tcl8.6 -I. -I..  -DCAD_DIR=\"/home/chuan/Desktop/magic_install/lib\" -DBIN_DIR=\"/home/chuan/Desktop/magic_install/bin\" -DTCL_DIR=\"/home/chuan/Desktop/magic_install/lib/magic/tcl\" -DPACKAGE_NAME=\"\" -DPACKAGE_TARNAME=\"\" -DPACKAGE_VERSION=\"\" -DPACKAGE_STRING=\"\" -DPACKAGE_BUGREPORT=\"\" -DPACKAGE_URL=\"\" -DMAGIC_VERSION=\"8.2\" -DMAGIC_REVISION=\"19\" -DSTDC_HEADERS=1 -DHAVE_SYS_TYPES_H=1 -DHAVE_SYS_STAT_H=1 -DHAVE_STDLIB_H=1 -DHAVE_STRING_H=1 -DHAVE_MEMORY_H=1 -DHAVE_STRINGS_H=1 -DHAVE_INTTYPES_H=1 -DHAVE_STDINT_H=1 -DHAVE_UNISTD_H=1 -DSIZEOF_VOID_P=8 -DSIZEOF_UNSIGNED_INT=4 -DSIZEOF_UNSIGNED_LONG=8 -DSIZEOF_UNSIGNED_LONG_LONG=8 -DSTDC_HEADERS=1 -DHAVE_SETENV=1 -DHAVE_PUTENV=1 -DHAVE_SYS_MMAN_H=1 -DHAVE_DIRENT_H=1 -DHAVE_LIMITS_H=1 -DHAVE_PATHS_H=1 -DHAVE_VA_COPY=1 -DHAVE___VA_COPY=1 -DFILE_LOCKS=1 -DCALMA_MODULE=1 -DCIF_MODULE=1 -DX11_BACKING_STORE=1 -DPLOT_MODULE=1 -DLEF_MODULE=1 -DROUTE_MODULE=1 -DUSE_NEW_MACROS=1 -DVECTOR_FONTS=1 -DHAVE_LIBCAIRO=1 -DMAGIC_WRAPPER=1 -Dlinux=1 -DSYSV=1 -DISC=1 -DNDEBUG -DGCORE=\"/usr/bin/gcore\" -DSHDLIB_EXT=\".so\"  -c rtrDcmpose.c
--- compiling router/rtrFdback.o
rm -f rtrFdback.o
gcc -g -m64 -fPIC -Wimplicit-int -fPIC  -I/usr/include/tcl8.6/tk-private/generic -I/usr/include/tcl8.6 -I. -I..  -DCAD_DIR=\"/home/chuan/Desktop/magic_install/lib\" -DBIN_DIR=\"/home/chuan/Desktop/magic_install/bin\" -DTCL_DIR=\"/home/chuan/Desktop/magic_install/lib/magic/tcl\" -DPACKAGE_NAME=\"\" -DPACKAGE_TARNAME=\"\" -DPACKAGE_VERSION=\"\" -DPACKAGE_STRING=\"\" -DPACKAGE_BUGREPORT=\"\" -DPACKAGE_URL=\"\" -DMAGIC_VERSION=\"8.2\" -DMAGIC_REVISION=\"19\" -DSTDC_HEADERS=1 -DHAVE_SYS_TYPES_H=1 -DHAVE_SYS_STAT_H=1 -DHAVE_STDLIB_H=1 -DHAVE_STRING_H=1 -DHAVE_MEMORY_H=1 -DHAVE_STRINGS_H=1 -DHAVE_INTTYPES_H=1 -DHAVE_STDINT_H=1 -DHAVE_UNISTD_H=1 -DSIZEOF_VOID_P=8 -DSIZEOF_UNSIGNED_INT=4 -DSIZEOF_UNSIGNED_LONG=8 -DSIZEOF_UNSIGNED_LONG_LONG=8 -DSTDC_HEADERS=1 -DHAVE_SETENV=1 -DHAVE_PUTENV=1 -DHAVE_SYS_MMAN_H=1 -DHAVE_DIRENT_H=1 -DHAVE_LIMITS_H=1 -DHAVE_PATHS_H=1 -DHAVE_VA_COPY=1 -DHAVE___VA_COPY=1 -DFILE_LOCKS=1 -DCALMA_MODULE=1 -DCIF_MODULE=1 -DX11_BACKING_STORE=1 -DPLOT_MODULE=1 -DLEF_MODULE=1 -DROUTE_MODULE=1 -DUSE_NEW_MACROS=1 -DVECTOR_FONTS=1 -DHAVE_LIBCAIRO=1 -DMAGIC_WRAPPER=1 -Dlinux=1 -DSYSV=1 -DISC=1 -DNDEBUG -DGCORE=\"/usr/bin/gcore\" -DSHDLIB_EXT=\".so\"  -c rtrFdback.c
--- compiling router/rtrHazards.o
rm -f rtrHazards.o
gcc -g -m64 -fPIC -Wimplicit-int -fPIC  -I/usr/include/tcl8.6/tk-private/generic -I/usr/include/tcl8.6 -I. -I..  -DCAD_DIR=\"/home/chuan/Desktop/magic_install/lib\" -DBIN_DIR=\"/home/chuan/Desktop/magic_install/bin\" -DTCL_DIR=\"/home/chuan/Desktop/magic_install/lib/magic/tcl\" -DPACKAGE_NAME=\"\" -DPACKAGE_TARNAME=\"\" -DPACKAGE_VERSION=\"\" -DPACKAGE_STRING=\"\" -DPACKAGE_BUGREPORT=\"\" -DPACKAGE_URL=\"\" -DMAGIC_VERSION=\"8.2\" -DMAGIC_REVISION=\"19\" -DSTDC_HEADERS=1 -DHAVE_SYS_TYPES_H=1 -DHAVE_SYS_STAT_H=1 -DHAVE_STDLIB_H=1 -DHAVE_STRING_H=1 -DHAVE_MEMORY_H=1 -DHAVE_STRINGS_H=1 -DHAVE_INTTYPES_H=1 -DHAVE_STDINT_H=1 -DHAVE_UNISTD_H=1 -DSIZEOF_VOID_P=8 -DSIZEOF_UNSIGNED_INT=4 -DSIZEOF_UNSIGNED_LONG=8 -DSIZEOF_UNSIGNED_LONG_LONG=8 -DSTDC_HEADERS=1 -DHAVE_SETENV=1 -DHAVE_PUTENV=1 -DHAVE_SYS_MMAN_H=1 -DHAVE_DIRENT_H=1 -DHAVE_LIMITS_H=1 -DHAVE_PATHS_H=1 -DHAVE_VA_COPY=1 -DHAVE___VA_COPY=1 -DFILE_LOCKS=1 -DCALMA_MODULE=1 -DCIF_MODULE=1 -DX11_BACKING_STORE=1 -DPLOT_MODULE=1 -DLEF_MODULE=1 -DROUTE_MODULE=1 -DUSE_NEW_MACROS=1 -DVECTOR_FONTS=1 -DHAVE_LIBCAIRO=1 -DMAGIC_WRAPPER=1 -Dlinux=1 -DSYSV=1 -DISC=1 -DNDEBUG -DGCORE=\"/usr/bin/gcore\" -DSHDLIB_EXT=\".so\"  -c rtrHazards.c
--- compiling router/rtrChannel.o
rm -f rtrChannel.o
gcc -g -m64 -fPIC -Wimplicit-int -fPIC  -I/usr/include/tcl8.6/tk-private/generic -I/usr/include/tcl8.6 -I. -I..  -DCAD_DIR=\"/home/chuan/Desktop/magic_install/lib\" -DBIN_DIR=\"/home/chuan/Desktop/magic_install/bin\" -DTCL_DIR=\"/home/chuan/Desktop/magic_install/lib/magic/tcl\" -DPACKAGE_NAME=\"\" -DPACKAGE_TARNAME=\"\" -DPACKAGE_VERSION=\"\" -DPACKAGE_STRING=\"\" -DPACKAGE_BUGREPORT=\"\" -DPACKAGE_URL=\"\" -DMAGIC_VERSION=\"8.2\" -DMAGIC_REVISION=\"19\" -DSTDC_HEADERS=1 -DHAVE_SYS_TYPES_H=1 -DHAVE_SYS_STAT_H=1 -DHAVE_STDLIB_H=1 -DHAVE_STRING_H=1 -DHAVE_MEMORY_H=1 -DHAVE_STRINGS_H=1 -DHAVE_INTTYPES_H=1 -DHAVE_STDINT_H=1 -DHAVE_UNISTD_H=1 -DSIZEOF_VOID_P=8 -DSIZEOF_UNSIGNED_INT=4 -DSIZEOF_UNSIGNED_LONG=8 -DSIZEOF_UNSIGNED_LONG_LONG=8 -DSTDC_HEADERS=1 -DHAVE_SETENV=1 -DHAVE_PUTENV=1 -DHAVE_SYS_MMAN_H=1 -DHAVE_DIRENT_H=1 -DHAVE_LIMITS_H=1 -DHAVE_PATHS_H=1 -DHAVE_VA_COPY=1 -DHAVE___VA_COPY=1 -DFILE_LOCKS=1 -DCALMA_MODULE=1 -DCIF_MODULE=1 -DX11_BACKING_STORE=1 -DPLOT_MODULE=1 -DLEF_MODULE=1 -DROUTE_MODULE=1 -DUSE_NEW_MACROS=1 -DVECTOR_FONTS=1 -DHAVE_LIBCAIRO=1 -DMAGIC_WRAPPER=1 -Dlinux=1 -DSYSV=1 -DISC=1 -DNDEBUG -DGCORE=\"/usr/bin/gcore\" -DSHDLIB_EXT=\".so\"  -c rtrChannel.c
--- compiling router/rtrPaint.o
rm -f rtrPaint.o
gcc -g -m64 -fPIC -Wimplicit-int -fPIC  -I/usr/include/tcl8.6/tk-private/generic -I/usr/include/tcl8.6 -I. -I..  -DCAD_DIR=\"/home/chuan/Desktop/magic_install/lib\" -DBIN_DIR=\"/home/chuan/Desktop/magic_install/bin\" -DTCL_DIR=\"/home/chuan/Desktop/magic_install/lib/magic/tcl\" -DPACKAGE_NAME=\"\" -DPACKAGE_TARNAME=\"\" -DPACKAGE_VERSION=\"\" -DPACKAGE_STRING=\"\" -DPACKAGE_BUGREPORT=\"\" -DPACKAGE_URL=\"\" -DMAGIC_VERSION=\"8.2\" -DMAGIC_REVISION=\"19\" -DSTDC_HEADERS=1 -DHAVE_SYS_TYPES_H=1 -DHAVE_SYS_STAT_H=1 -DHAVE_STDLIB_H=1 -DHAVE_STRING_H=1 -DHAVE_MEMORY_H=1 -DHAVE_STRINGS_H=1 -DHAVE_INTTYPES_H=1 -DHAVE_STDINT_H=1 -DHAVE_UNISTD_H=1 -DSIZEOF_VOID_P=8 -DSIZEOF_UNSIGNED_INT=4 -DSIZEOF_UNSIGNED_LONG=8 -DSIZEOF_UNSIGNED_LONG_LONG=8 -DSTDC_HEADERS=1 -DHAVE_SETENV=1 -DHAVE_PUTENV=1 -DHAVE_SYS_MMAN_H=1 -DHAVE_DIRENT_H=1 -DHAVE_LIMITS_H=1 -DHAVE_PATHS_H=1 -DHAVE_VA_COPY=1 -DHAVE___VA_COPY=1 -DFILE_LOCKS=1 -DCALMA_MODULE=1 -DCIF_MODULE=1 -DX11_BACKING_STORE=1 -DPLOT_MODULE=1 -DLEF_MODULE=1 -DROUTE_MODULE=1 -DUSE_NEW_MACROS=1 -DVECTOR_FONTS=1 -DHAVE_LIBCAIRO=1 -DMAGIC_WRAPPER=1 -Dlinux=1 -DSYSV=1 -DISC=1 -DNDEBUG -DGCORE=\"/usr/bin/gcore\" -DSHDLIB_EXT=\".so\"  -c rtrPaint.c
--- compiling router/rtrPin.o
rm -f rtrPin.o
gcc -g -m64 -fPIC -Wimplicit-int -fPIC  -I/usr/include/tcl8.6/tk-private/generic -I/usr/include/tcl8.6 -I. -I..  -DCAD_DIR=\"/home/chuan/Desktop/magic_install/lib\" -DBIN_DIR=\"/home/chuan/Desktop/magic_install/bin\" -DTCL_DIR=\"/home/chuan/Desktop/magic_install/lib/magic/tcl\" -DPACKAGE_NAME=\"\" -DPACKAGE_TARNAME=\"\" -DPACKAGE_VERSION=\"\" -DPACKAGE_STRING=\"\" -DPACKAGE_BUGREPORT=\"\" -DPACKAGE_URL=\"\" -DMAGIC_VERSION=\"8.2\" -DMAGIC_REVISION=\"19\" -DSTDC_HEADERS=1 -DHAVE_SYS_TYPES_H=1 -DHAVE_SYS_STAT_H=1 -DHAVE_STDLIB_H=1 -DHAVE_STRING_H=1 -DHAVE_MEMORY_H=1 -DHAVE_STRINGS_H=1 -DHAVE_INTTYPES_H=1 -DHAVE_STDINT_H=1 -DHAVE_UNISTD_H=1 -DSIZEOF_VOID_P=8 -DSIZEOF_UNSIGNED_INT=4 -DSIZEOF_UNSIGNED_LONG=8 -DSIZEOF_UNSIGNED_LONG_LONG=8 -DSTDC_HEADERS=1 -DHAVE_SETENV=1 -DHAVE_PUTENV=1 -DHAVE_SYS_MMAN_H=1 -DHAVE_DIRENT_H=1 -DHAVE_LIMITS_H=1 -DHAVE_PATHS_H=1 -DHAVE_VA_COPY=1 -DHAVE___VA_COPY=1 -DFILE_LOCKS=1 -DCALMA_MODULE=1 -DCIF_MODULE=1 -DX11_BACKING_STORE=1 -DPLOT_MODULE=1 -DLEF_MODULE=1 -DROUTE_MODULE=1 -DUSE_NEW_MACROS=1 -DVECTOR_FONTS=1 -DHAVE_LIBCAIRO=1 -DMAGIC_WRAPPER=1 -Dlinux=1 -DSYSV=1 -DISC=1 -DNDEBUG -DGCORE=\"/usr/bin/gcore\" -DSHDLIB_EXT=\".so\"  -c rtrPin.c
rtrPin.c: In function ‘rtrPinShow’:
rtrPin.c:430:3: warning: format ‘%lld’ expects argument of type ‘long long int’, but argument 8 has type ‘long int’ [-Wformat=]
   (dlong) pin->gcr_pId, pin->gcr_linked);
   ^
--- compiling router/rtrSide.o
rm -f rtrSide.o
gcc -g -m64 -fPIC -Wimplicit-int -fPIC  -I/usr/include/tcl8.6/tk-private/generic -I/usr/include/tcl8.6 -I. -I..  -DCAD_DIR=\"/home/chuan/Desktop/magic_install/lib\" -DBIN_DIR=\"/home/chuan/Desktop/magic_install/bin\" -DTCL_DIR=\"/home/chuan/Desktop/magic_install/lib/magic/tcl\" -DPACKAGE_NAME=\"\" -DPACKAGE_TARNAME=\"\" -DPACKAGE_VERSION=\"\" -DPACKAGE_STRING=\"\" -DPACKAGE_BUGREPORT=\"\" -DPACKAGE_URL=\"\" -DMAGIC_VERSION=\"8.2\" -DMAGIC_REVISION=\"19\" -DSTDC_HEADERS=1 -DHAVE_SYS_TYPES_H=1 -DHAVE_SYS_STAT_H=1 -DHAVE_STDLIB_H=1 -DHAVE_STRING_H=1 -DHAVE_MEMORY_H=1 -DHAVE_STRINGS_H=1 -DHAVE_INTTYPES_H=1 -DHAVE_STDINT_H=1 -DHAVE_UNISTD_H=1 -DSIZEOF_VOID_P=8 -DSIZEOF_UNSIGNED_INT=4 -DSIZEOF_UNSIGNED_LONG=8 -DSIZEOF_UNSIGNED_LONG_LONG=8 -DSTDC_HEADERS=1 -DHAVE_SETENV=1 -DHAVE_PUTENV=1 -DHAVE_SYS_MMAN_H=1 -DHAVE_DIRENT_H=1 -DHAVE_LIMITS_H=1 -DHAVE_PATHS_H=1 -DHAVE_VA_COPY=1 -DHAVE___VA_COPY=1 -DFILE_LOCKS=1 -DCALMA_MODULE=1 -DCIF_MODULE=1 -DX11_BACKING_STORE=1 -DPLOT_MODULE=1 -DLEF_MODULE=1 -DROUTE_MODULE=1 -DUSE_NEW_MACROS=1 -DVECTOR_FONTS=1 -DHAVE_LIBCAIRO=1 -DMAGIC_WRAPPER=1 -Dlinux=1 -DSYSV=1 -DISC=1 -DNDEBUG -DGCORE=\"/usr/bin/gcore\" -DSHDLIB_EXT=\".so\"  -c rtrSide.c
--- compiling router/rtrStem.o
rm -f rtrStem.o
gcc -g -m64 -fPIC -Wimplicit-int -fPIC  -I/usr/include/tcl8.6/tk-private/generic -I/usr/include/tcl8.6 -I. -I..  -DCAD_DIR=\"/home/chuan/Desktop/magic_install/lib\" -DBIN_DIR=\"/home/chuan/Desktop/magic_install/bin\" -DTCL_DIR=\"/home/chuan/Desktop/magic_install/lib/magic/tcl\" -DPACKAGE_NAME=\"\" -DPACKAGE_TARNAME=\"\" -DPACKAGE_VERSION=\"\" -DPACKAGE_STRING=\"\" -DPACKAGE_BUGREPORT=\"\" -DPACKAGE_URL=\"\" -DMAGIC_VERSION=\"8.2\" -DMAGIC_REVISION=\"19\" -DSTDC_HEADERS=1 -DHAVE_SYS_TYPES_H=1 -DHAVE_SYS_STAT_H=1 -DHAVE_STDLIB_H=1 -DHAVE_STRING_H=1 -DHAVE_MEMORY_H=1 -DHAVE_STRINGS_H=1 -DHAVE_INTTYPES_H=1 -DHAVE_STDINT_H=1 -DHAVE_UNISTD_H=1 -DSIZEOF_VOID_P=8 -DSIZEOF_UNSIGNED_INT=4 -DSIZEOF_UNSIGNED_LONG=8 -DSIZEOF_UNSIGNED_LONG_LONG=8 -DSTDC_HEADERS=1 -DHAVE_SETENV=1 -DHAVE_PUTENV=1 -DHAVE_SYS_MMAN_H=1 -DHAVE_DIRENT_H=1 -DHAVE_LIMITS_H=1 -DHAVE_PATHS_H=1 -DHAVE_VA_COPY=1 -DHAVE___VA_COPY=1 -DFILE_LOCKS=1 -DCALMA_MODULE=1 -DCIF_MODULE=1 -DX11_BACKING_STORE=1 -DPLOT_MODULE=1 -DLEF_MODULE=1 -DROUTE_MODULE=1 -DUSE_NEW_MACROS=1 -DVECTOR_FONTS=1 -DHAVE_LIBCAIRO=1 -DMAGIC_WRAPPER=1 -Dlinux=1 -DSYSV=1 -DISC=1 -DNDEBUG -DGCORE=\"/usr/bin/gcore\" -DSHDLIB_EXT=\".so\"  -c rtrStem.c
--- compiling router/rtrTech.o
rm -f rtrTech.o
gcc -g -m64 -fPIC -Wimplicit-int -fPIC  -I/usr/include/tcl8.6/tk-private/generic -I/usr/include/tcl8.6 -I. -I..  -DCAD_DIR=\"/home/chuan/Desktop/magic_install/lib\" -DBIN_DIR=\"/home/chuan/Desktop/magic_install/bin\" -DTCL_DIR=\"/home/chuan/Desktop/magic_install/lib/magic/tcl\" -DPACKAGE_NAME=\"\" -DPACKAGE_TARNAME=\"\" -DPACKAGE_VERSION=\"\" -DPACKAGE_STRING=\"\" -DPACKAGE_BUGREPORT=\"\" -DPACKAGE_URL=\"\" -DMAGIC_VERSION=\"8.2\" -DMAGIC_REVISION=\"19\" -DSTDC_HEADERS=1 -DHAVE_SYS_TYPES_H=1 -DHAVE_SYS_STAT_H=1 -DHAVE_STDLIB_H=1 -DHAVE_STRING_H=1 -DHAVE_MEMORY_H=1 -DHAVE_STRINGS_H=1 -DHAVE_INTTYPES_H=1 -DHAVE_STDINT_H=1 -DHAVE_UNISTD_H=1 -DSIZEOF_VOID_P=8 -DSIZEOF_UNSIGNED_INT=4 -DSIZEOF_UNSIGNED_LONG=8 -DSIZEOF_UNSIGNED_LONG_LONG=8 -DSTDC_HEADERS=1 -DHAVE_SETENV=1 -DHAVE_PUTENV=1 -DHAVE_SYS_MMAN_H=1 -DHAVE_DIRENT_H=1 -DHAVE_LIMITS_H=1 -DHAVE_PATHS_H=1 -DHAVE_VA_COPY=1 -DHAVE___VA_COPY=1 -DFILE_LOCKS=1 -DCALMA_MODULE=1 -DCIF_MODULE=1 -DX11_BACKING_STORE=1 -DPLOT_MODULE=1 -DLEF_MODULE=1 -DROUTE_MODULE=1 -DUSE_NEW_MACROS=1 -DVECTOR_FONTS=1 -DHAVE_LIBCAIRO=1 -DMAGIC_WRAPPER=1 -Dlinux=1 -DSYSV=1 -DISC=1 -DNDEBUG -DGCORE=\"/usr/bin/gcore\" -DSHDLIB_EXT=\".so\"  -c rtrTech.c
--- compiling router/rtrVia.o
rm -f rtrVia.o
gcc -g -m64 -fPIC -Wimplicit-int -fPIC  -I/usr/include/tcl8.6/tk-private/generic -I/usr/include/tcl8.6 -I. -I..  -DCAD_DIR=\"/home/chuan/Desktop/magic_install/lib\" -DBIN_DIR=\"/home/chuan/Desktop/magic_install/bin\" -DTCL_DIR=\"/home/chuan/Desktop/magic_install/lib/magic/tcl\" -DPACKAGE_NAME=\"\" -DPACKAGE_TARNAME=\"\" -DPACKAGE_VERSION=\"\" -DPACKAGE_STRING=\"\" -DPACKAGE_BUGREPORT=\"\" -DPACKAGE_URL=\"\" -DMAGIC_VERSION=\"8.2\" -DMAGIC_REVISION=\"19\" -DSTDC_HEADERS=1 -DHAVE_SYS_TYPES_H=1 -DHAVE_SYS_STAT_H=1 -DHAVE_STDLIB_H=1 -DHAVE_STRING_H=1 -DHAVE_MEMORY_H=1 -DHAVE_STRINGS_H=1 -DHAVE_INTTYPES_H=1 -DHAVE_STDINT_H=1 -DHAVE_UNISTD_H=1 -DSIZEOF_VOID_P=8 -DSIZEOF_UNSIGNED_INT=4 -DSIZEOF_UNSIGNED_LONG=8 -DSIZEOF_UNSIGNED_LONG_LONG=8 -DSTDC_HEADERS=1 -DHAVE_SETENV=1 -DHAVE_PUTENV=1 -DHAVE_SYS_MMAN_H=1 -DHAVE_DIRENT_H=1 -DHAVE_LIMITS_H=1 -DHAVE_PATHS_H=1 -DHAVE_VA_COPY=1 -DHAVE___VA_COPY=1 -DFILE_LOCKS=1 -DCALMA_MODULE=1 -DCIF_MODULE=1 -DX11_BACKING_STORE=1 -DPLOT_MODULE=1 -DLEF_MODULE=1 -DROUTE_MODULE=1 -DUSE_NEW_MACROS=1 -DVECTOR_FONTS=1 -DHAVE_LIBCAIRO=1 -DMAGIC_WRAPPER=1 -Dlinux=1 -DSYSV=1 -DISC=1 -DNDEBUG -DGCORE=\"/usr/bin/gcore\" -DSHDLIB_EXT=\".so\"  -c rtrVia.c
--- compiling router/rtrTravers.o
rm -f rtrTravers.o
gcc -g -m64 -fPIC -Wimplicit-int -fPIC  -I/usr/include/tcl8.6/tk-private/generic -I/usr/include/tcl8.6 -I. -I..  -DCAD_DIR=\"/home/chuan/Desktop/magic_install/lib\" -DBIN_DIR=\"/home/chuan/Desktop/magic_install/bin\" -DTCL_DIR=\"/home/chuan/Desktop/magic_install/lib/magic/tcl\" -DPACKAGE_NAME=\"\" -DPACKAGE_TARNAME=\"\" -DPACKAGE_VERSION=\"\" -DPACKAGE_STRING=\"\" -DPACKAGE_BUGREPORT=\"\" -DPACKAGE_URL=\"\" -DMAGIC_VERSION=\"8.2\" -DMAGIC_REVISION=\"19\" -DSTDC_HEADERS=1 -DHAVE_SYS_TYPES_H=1 -DHAVE_SYS_STAT_H=1 -DHAVE_STDLIB_H=1 -DHAVE_STRING_H=1 -DHAVE_MEMORY_H=1 -DHAVE_STRINGS_H=1 -DHAVE_INTTYPES_H=1 -DHAVE_STDINT_H=1 -DHAVE_UNISTD_H=1 -DSIZEOF_VOID_P=8 -DSIZEOF_UNSIGNED_INT=4 -DSIZEOF_UNSIGNED_LONG=8 -DSIZEOF_UNSIGNED_LONG_LONG=8 -DSTDC_HEADERS=1 -DHAVE_SETENV=1 -DHAVE_PUTENV=1 -DHAVE_SYS_MMAN_H=1 -DHAVE_DIRENT_H=1 -DHAVE_LIMITS_H=1 -DHAVE_PATHS_H=1 -DHAVE_VA_COPY=1 -DHAVE___VA_COPY=1 -DFILE_LOCKS=1 -DCALMA_MODULE=1 -DCIF_MODULE=1 -DX11_BACKING_STORE=1 -DPLOT_MODULE=1 -DLEF_MODULE=1 -DROUTE_MODULE=1 -DUSE_NEW_MACROS=1 -DVECTOR_FONTS=1 -DHAVE_LIBCAIRO=1 -DMAGIC_WRAPPER=1 -Dlinux=1 -DSYSV=1 -DISC=1 -DNDEBUG -DGCORE=\"/usr/bin/gcore\" -DSHDLIB_EXT=\".so\"  -c rtrTravers.c
--- linking librouter.o
rm -f librouter.o
ld -r rtrCmd.o rtrMain.o rtrDcmpose.o rtrFdback.o rtrHazards.o rtrChannel.o rtrPaint.o rtrPin.o rtrSide.o rtrStem.o rtrTech.o rtrVia.o rtrTravers.o  -o librouter.o 
make[2]: Leaving directory `/home/chuan/Desktop/magic-8.2/router'
make[2]: Entering directory `/home/chuan/Desktop/magic-8.2/gcr'
--- compiling gcr/gcrChannel.o
rm -f gcrChannel.o
gcc -g -m64 -fPIC -Wimplicit-int -fPIC  -I/usr/include/tcl8.6/tk-private/generic -I/usr/include/tcl8.6 -I. -I..  -DCAD_DIR=\"/home/chuan/Desktop/magic_install/lib\" -DBIN_DIR=\"/home/chuan/Desktop/magic_install/bin\" -DTCL_DIR=\"/home/chuan/Desktop/magic_install/lib/magic/tcl\" -DPACKAGE_NAME=\"\" -DPACKAGE_TARNAME=\"\" -DPACKAGE_VERSION=\"\" -DPACKAGE_STRING=\"\" -DPACKAGE_BUGREPORT=\"\" -DPACKAGE_URL=\"\" -DMAGIC_VERSION=\"8.2\" -DMAGIC_REVISION=\"19\" -DSTDC_HEADERS=1 -DHAVE_SYS_TYPES_H=1 -DHAVE_SYS_STAT_H=1 -DHAVE_STDLIB_H=1 -DHAVE_STRING_H=1 -DHAVE_MEMORY_H=1 -DHAVE_STRINGS_H=1 -DHAVE_INTTYPES_H=1 -DHAVE_STDINT_H=1 -DHAVE_UNISTD_H=1 -DSIZEOF_VOID_P=8 -DSIZEOF_UNSIGNED_INT=4 -DSIZEOF_UNSIGNED_LONG=8 -DSIZEOF_UNSIGNED_LONG_LONG=8 -DSTDC_HEADERS=1 -DHAVE_SETENV=1 -DHAVE_PUTENV=1 -DHAVE_SYS_MMAN_H=1 -DHAVE_DIRENT_H=1 -DHAVE_LIMITS_H=1 -DHAVE_PATHS_H=1 -DHAVE_VA_COPY=1 -DHAVE___VA_COPY=1 -DFILE_LOCKS=1 -DCALMA_MODULE=1 -DCIF_MODULE=1 -DX11_BACKING_STORE=1 -DPLOT_MODULE=1 -DLEF_MODULE=1 -DROUTE_MODULE=1 -DUSE_NEW_MACROS=1 -DVECTOR_FONTS=1 -DHAVE_LIBCAIRO=1 -DMAGIC_WRAPPER=1 -Dlinux=1 -DSYSV=1 -DISC=1 -DNDEBUG -DGCORE=\"/usr/bin/gcore\" -DSHDLIB_EXT=\".so\"  -c gcrChannel.c
--- compiling gcr/gcrColl.o
rm -f gcrColl.o
gcc -g -m64 -fPIC -Wimplicit-int -fPIC  -I/usr/include/tcl8.6/tk-private/generic -I/usr/include/tcl8.6 -I. -I..  -DCAD_DIR=\"/home/chuan/Desktop/magic_install/lib\" -DBIN_DIR=\"/home/chuan/Desktop/magic_install/bin\" -DTCL_DIR=\"/home/chuan/Desktop/magic_install/lib/magic/tcl\" -DPACKAGE_NAME=\"\" -DPACKAGE_TARNAME=\"\" -DPACKAGE_VERSION=\"\" -DPACKAGE_STRING=\"\" -DPACKAGE_BUGREPORT=\"\" -DPACKAGE_URL=\"\" -DMAGIC_VERSION=\"8.2\" -DMAGIC_REVISION=\"19\" -DSTDC_HEADERS=1 -DHAVE_SYS_TYPES_H=1 -DHAVE_SYS_STAT_H=1 -DHAVE_STDLIB_H=1 -DHAVE_STRING_H=1 -DHAVE_MEMORY_H=1 -DHAVE_STRINGS_H=1 -DHAVE_INTTYPES_H=1 -DHAVE_STDINT_H=1 -DHAVE_UNISTD_H=1 -DSIZEOF_VOID_P=8 -DSIZEOF_UNSIGNED_INT=4 -DSIZEOF_UNSIGNED_LONG=8 -DSIZEOF_UNSIGNED_LONG_LONG=8 -DSTDC_HEADERS=1 -DHAVE_SETENV=1 -DHAVE_PUTENV=1 -DHAVE_SYS_MMAN_H=1 -DHAVE_DIRENT_H=1 -DHAVE_LIMITS_H=1 -DHAVE_PATHS_H=1 -DHAVE_VA_COPY=1 -DHAVE___VA_COPY=1 -DFILE_LOCKS=1 -DCALMA_MODULE=1 -DCIF_MODULE=1 -DX11_BACKING_STORE=1 -DPLOT_MODULE=1 -DLEF_MODULE=1 -DROUTE_MODULE=1 -DUSE_NEW_MACROS=1 -DVECTOR_FONTS=1 -DHAVE_LIBCAIRO=1 -DMAGIC_WRAPPER=1 -Dlinux=1 -DSYSV=1 -DISC=1 -DNDEBUG -DGCORE=\"/usr/bin/gcore\" -DSHDLIB_EXT=\".so\"  -c gcrColl.c
--- compiling gcr/gcrDebug.o
rm -f gcrDebug.o
gcc -g -m64 -fPIC -Wimplicit-int -fPIC  -I/usr/include/tcl8.6/tk-private/generic -I/usr/include/tcl8.6 -I. -I..  -DCAD_DIR=\"/home/chuan/Desktop/magic_install/lib\" -DBIN_DIR=\"/home/chuan/Desktop/magic_install/bin\" -DTCL_DIR=\"/home/chuan/Desktop/magic_install/lib/magic/tcl\" -DPACKAGE_NAME=\"\" -DPACKAGE_TARNAME=\"\" -DPACKAGE_VERSION=\"\" -DPACKAGE_STRING=\"\" -DPACKAGE_BUGREPORT=\"\" -DPACKAGE_URL=\"\" -DMAGIC_VERSION=\"8.2\" -DMAGIC_REVISION=\"19\" -DSTDC_HEADERS=1 -DHAVE_SYS_TYPES_H=1 -DHAVE_SYS_STAT_H=1 -DHAVE_STDLIB_H=1 -DHAVE_STRING_H=1 -DHAVE_MEMORY_H=1 -DHAVE_STRINGS_H=1 -DHAVE_INTTYPES_H=1 -DHAVE_STDINT_H=1 -DHAVE_UNISTD_H=1 -DSIZEOF_VOID_P=8 -DSIZEOF_UNSIGNED_INT=4 -DSIZEOF_UNSIGNED_LONG=8 -DSIZEOF_UNSIGNED_LONG_LONG=8 -DSTDC_HEADERS=1 -DHAVE_SETENV=1 -DHAVE_PUTENV=1 -DHAVE_SYS_MMAN_H=1 -DHAVE_DIRENT_H=1 -DHAVE_LIMITS_H=1 -DHAVE_PATHS_H=1 -DHAVE_VA_COPY=1 -DHAVE___VA_COPY=1 -DFILE_LOCKS=1 -DCALMA_MODULE=1 -DCIF_MODULE=1 -DX11_BACKING_STORE=1 -DPLOT_MODULE=1 -DLEF_MODULE=1 -DROUTE_MODULE=1 -DUSE_NEW_MACROS=1 -DVECTOR_FONTS=1 -DHAVE_LIBCAIRO=1 -DMAGIC_WRAPPER=1 -Dlinux=1 -DSYSV=1 -DISC=1 -DNDEBUG -DGCORE=\"/usr/bin/gcore\" -DSHDLIB_EXT=\".so\"  -c gcrDebug.c
gcrDebug.c: In function ‘gcrMakePinLR’:
gcrDebug.c:256:2: warning: format ‘%lld’ expects argument of type ‘long long int *’, but argument 3 has type ‘dlong *’ [-Wformat=]
  (void) fscanf(fp, "%"DLONG_PREFIX"d", &pointer_bits);
  ^
--- compiling gcr/gcrEdge.o
rm -f gcrEdge.o
gcc -g -m64 -fPIC -Wimplicit-int -fPIC  -I/usr/include/tcl8.6/tk-private/generic -I/usr/include/tcl8.6 -I. -I..  -DCAD_DIR=\"/home/chuan/Desktop/magic_install/lib\" -DBIN_DIR=\"/home/chuan/Desktop/magic_install/bin\" -DTCL_DIR=\"/home/chuan/Desktop/magic_install/lib/magic/tcl\" -DPACKAGE_NAME=\"\" -DPACKAGE_TARNAME=\"\" -DPACKAGE_VERSION=\"\" -DPACKAGE_STRING=\"\" -DPACKAGE_BUGREPORT=\"\" -DPACKAGE_URL=\"\" -DMAGIC_VERSION=\"8.2\" -DMAGIC_REVISION=\"19\" -DSTDC_HEADERS=1 -DHAVE_SYS_TYPES_H=1 -DHAVE_SYS_STAT_H=1 -DHAVE_STDLIB_H=1 -DHAVE_STRING_H=1 -DHAVE_MEMORY_H=1 -DHAVE_STRINGS_H=1 -DHAVE_INTTYPES_H=1 -DHAVE_STDINT_H=1 -DHAVE_UNISTD_H=1 -DSIZEOF_VOID_P=8 -DSIZEOF_UNSIGNED_INT=4 -DSIZEOF_UNSIGNED_LONG=8 -DSIZEOF_UNSIGNED_LONG_LONG=8 -DSTDC_HEADERS=1 -DHAVE_SETENV=1 -DHAVE_PUTENV=1 -DHAVE_SYS_MMAN_H=1 -DHAVE_DIRENT_H=1 -DHAVE_LIMITS_H=1 -DHAVE_PATHS_H=1 -DHAVE_VA_COPY=1 -DHAVE___VA_COPY=1 -DFILE_LOCKS=1 -DCALMA_MODULE=1 -DCIF_MODULE=1 -DX11_BACKING_STORE=1 -DPLOT_MODULE=1 -DLEF_MODULE=1 -DROUTE_MODULE=1 -DUSE_NEW_MACROS=1 -DVECTOR_FONTS=1 -DHAVE_LIBCAIRO=1 -DMAGIC_WRAPPER=1 -Dlinux=1 -DSYSV=1 -DISC=1 -DNDEBUG -DGCORE=\"/usr/bin/gcore\" -DSHDLIB_EXT=\".so\"  -c gcrEdge.c
--- compiling gcr/gcrFeas.o
rm -f gcrFeas.o
gcc -g -m64 -fPIC -Wimplicit-int -fPIC  -I/usr/include/tcl8.6/tk-private/generic -I/usr/include/tcl8.6 -I. -I..  -DCAD_DIR=\"/home/chuan/Desktop/magic_install/lib\" -DBIN_DIR=\"/home/chuan/Desktop/magic_install/bin\" -DTCL_DIR=\"/home/chuan/Desktop/magic_install/lib/magic/tcl\" -DPACKAGE_NAME=\"\" -DPACKAGE_TARNAME=\"\" -DPACKAGE_VERSION=\"\" -DPACKAGE_STRING=\"\" -DPACKAGE_BUGREPORT=\"\" -DPACKAGE_URL=\"\" -DMAGIC_VERSION=\"8.2\" -DMAGIC_REVISION=\"19\" -DSTDC_HEADERS=1 -DHAVE_SYS_TYPES_H=1 -DHAVE_SYS_STAT_H=1 -DHAVE_STDLIB_H=1 -DHAVE_STRING_H=1 -DHAVE_MEMORY_H=1 -DHAVE_STRINGS_H=1 -DHAVE_INTTYPES_H=1 -DHAVE_STDINT_H=1 -DHAVE_UNISTD_H=1 -DSIZEOF_VOID_P=8 -DSIZEOF_UNSIGNED_INT=4 -DSIZEOF_UNSIGNED_LONG=8 -DSIZEOF_UNSIGNED_LONG_LONG=8 -DSTDC_HEADERS=1 -DHAVE_SETENV=1 -DHAVE_PUTENV=1 -DHAVE_SYS_MMAN_H=1 -DHAVE_DIRENT_H=1 -DHAVE_LIMITS_H=1 -DHAVE_PATHS_H=1 -DHAVE_VA_COPY=1 -DHAVE___VA_COPY=1 -DFILE_LOCKS=1 -DCALMA_MODULE=1 -DCIF_MODULE=1 -DX11_BACKING_STORE=1 -DPLOT_MODULE=1 -DLEF_MODULE=1 -DROUTE_MODULE=1 -DUSE_NEW_MACROS=1 -DVECTOR_FONTS=1 -DHAVE_LIBCAIRO=1 -DMAGIC_WRAPPER=1 -Dlinux=1 -DSYSV=1 -DISC=1 -DNDEBUG -DGCORE=\"/usr/bin/gcore\" -DSHDLIB_EXT=\".so\"  -c gcrFeas.c
--- compiling gcr/gcrFlags.o
rm -f gcrFlags.o
gcc -g -m64 -fPIC -Wimplicit-int -fPIC  -I/usr/include/tcl8.6/tk-private/generic -I/usr/include/tcl8.6 -I. -I..  -DCAD_DIR=\"/home/chuan/Desktop/magic_install/lib\" -DBIN_DIR=\"/home/chuan/Desktop/magic_install/bin\" -DTCL_DIR=\"/home/chuan/Desktop/magic_install/lib/magic/tcl\" -DPACKAGE_NAME=\"\" -DPACKAGE_TARNAME=\"\" -DPACKAGE_VERSION=\"\" -DPACKAGE_STRING=\"\" -DPACKAGE_BUGREPORT=\"\" -DPACKAGE_URL=\"\" -DMAGIC_VERSION=\"8.2\" -DMAGIC_REVISION=\"19\" -DSTDC_HEADERS=1 -DHAVE_SYS_TYPES_H=1 -DHAVE_SYS_STAT_H=1 -DHAVE_STDLIB_H=1 -DHAVE_STRING_H=1 -DHAVE_MEMORY_H=1 -DHAVE_STRINGS_H=1 -DHAVE_INTTYPES_H=1 -DHAVE_STDINT_H=1 -DHAVE_UNISTD_H=1 -DSIZEOF_VOID_P=8 -DSIZEOF_UNSIGNED_INT=4 -DSIZEOF_UNSIGNED_LONG=8 -DSIZEOF_UNSIGNED_LONG_LONG=8 -DSTDC_HEADERS=1 -DHAVE_SETENV=1 -DHAVE_PUTENV=1 -DHAVE_SYS_MMAN_H=1 -DHAVE_DIRENT_H=1 -DHAVE_LIMITS_H=1 -DHAVE_PATHS_H=1 -DHAVE_VA_COPY=1 -DHAVE___VA_COPY=1 -DFILE_LOCKS=1 -DCALMA_MODULE=1 -DCIF_MODULE=1 -DX11_BACKING_STORE=1 -DPLOT_MODULE=1 -DLEF_MODULE=1 -DROUTE_MODULE=1 -DUSE_NEW_MACROS=1 -DVECTOR_FONTS=1 -DHAVE_LIBCAIRO=1 -DMAGIC_WRAPPER=1 -Dlinux=1 -DSYSV=1 -DISC=1 -DNDEBUG -DGCORE=\"/usr/bin/gcore\" -DSHDLIB_EXT=\".so\"  -c gcrFlags.c
--- compiling gcr/gcrInit.o
rm -f gcrInit.o
gcc -g -m64 -fPIC -Wimplicit-int -fPIC  -I/usr/include/tcl8.6/tk-private/generic -I/usr/include/tcl8.6 -I. -I..  -DCAD_DIR=\"/home/chuan/Desktop/magic_install/lib\" -DBIN_DIR=\"/home/chuan/Desktop/magic_install/bin\" -DTCL_DIR=\"/home/chuan/Desktop/magic_install/lib/magic/tcl\" -DPACKAGE_NAME=\"\" -DPACKAGE_TARNAME=\"\" -DPACKAGE_VERSION=\"\" -DPACKAGE_STRING=\"\" -DPACKAGE_BUGREPORT=\"\" -DPACKAGE_URL=\"\" -DMAGIC_VERSION=\"8.2\" -DMAGIC_REVISION=\"19\" -DSTDC_HEADERS=1 -DHAVE_SYS_TYPES_H=1 -DHAVE_SYS_STAT_H=1 -DHAVE_STDLIB_H=1 -DHAVE_STRING_H=1 -DHAVE_MEMORY_H=1 -DHAVE_STRINGS_H=1 -DHAVE_INTTYPES_H=1 -DHAVE_STDINT_H=1 -DHAVE_UNISTD_H=1 -DSIZEOF_VOID_P=8 -DSIZEOF_UNSIGNED_INT=4 -DSIZEOF_UNSIGNED_LONG=8 -DSIZEOF_UNSIGNED_LONG_LONG=8 -DSTDC_HEADERS=1 -DHAVE_SETENV=1 -DHAVE_PUTENV=1 -DHAVE_SYS_MMAN_H=1 -DHAVE_DIRENT_H=1 -DHAVE_LIMITS_H=1 -DHAVE_PATHS_H=1 -DHAVE_VA_COPY=1 -DHAVE___VA_COPY=1 -DFILE_LOCKS=1 -DCALMA_MODULE=1 -DCIF_MODULE=1 -DX11_BACKING_STORE=1 -DPLOT_MODULE=1 -DLEF_MODULE=1 -DROUTE_MODULE=1 -DUSE_NEW_MACROS=1 -DVECTOR_FONTS=1 -DHAVE_LIBCAIRO=1 -DMAGIC_WRAPPER=1 -Dlinux=1 -DSYSV=1 -DISC=1 -DNDEBUG -DGCORE=\"/usr/bin/gcore\" -DSHDLIB_EXT=\".so\"  -c gcrInit.c
--- compiling gcr/gcrLib.o
rm -f gcrLib.o
gcc -g -m64 -fPIC -Wimplicit-int -fPIC  -I/usr/include/tcl8.6/tk-private/generic -I/usr/include/tcl8.6 -I. -I..  -DCAD_DIR=\"/home/chuan/Desktop/magic_install/lib\" -DBIN_DIR=\"/home/chuan/Desktop/magic_install/bin\" -DTCL_DIR=\"/home/chuan/Desktop/magic_install/lib/magic/tcl\" -DPACKAGE_NAME=\"\" -DPACKAGE_TARNAME=\"\" -DPACKAGE_VERSION=\"\" -DPACKAGE_STRING=\"\" -DPACKAGE_BUGREPORT=\"\" -DPACKAGE_URL=\"\" -DMAGIC_VERSION=\"8.2\" -DMAGIC_REVISION=\"19\" -DSTDC_HEADERS=1 -DHAVE_SYS_TYPES_H=1 -DHAVE_SYS_STAT_H=1 -DHAVE_STDLIB_H=1 -DHAVE_STRING_H=1 -DHAVE_MEMORY_H=1 -DHAVE_STRINGS_H=1 -DHAVE_INTTYPES_H=1 -DHAVE_STDINT_H=1 -DHAVE_UNISTD_H=1 -DSIZEOF_VOID_P=8 -DSIZEOF_UNSIGNED_INT=4 -DSIZEOF_UNSIGNED_LONG=8 -DSIZEOF_UNSIGNED_LONG_LONG=8 -DSTDC_HEADERS=1 -DHAVE_SETENV=1 -DHAVE_PUTENV=1 -DHAVE_SYS_MMAN_H=1 -DHAVE_DIRENT_H=1 -DHAVE_LIMITS_H=1 -DHAVE_PATHS_H=1 -DHAVE_VA_COPY=1 -DHAVE___VA_COPY=1 -DFILE_LOCKS=1 -DCALMA_MODULE=1 -DCIF_MODULE=1 -DX11_BACKING_STORE=1 -DPLOT_MODULE=1 -DLEF_MODULE=1 -DROUTE_MODULE=1 -DUSE_NEW_MACROS=1 -DVECTOR_FONTS=1 -DHAVE_LIBCAIRO=1 -DMAGIC_WRAPPER=1 -Dlinux=1 -DSYSV=1 -DISC=1 -DNDEBUG -DGCORE=\"/usr/bin/gcore\" -DSHDLIB_EXT=\".so\"  -c gcrLib.c
--- compiling gcr/gcrRiver.o
rm -f gcrRiver.o
gcc -g -m64 -fPIC -Wimplicit-int -fPIC  -I/usr/include/tcl8.6/tk-private/generic -I/usr/include/tcl8.6 -I. -I..  -DCAD_DIR=\"/home/chuan/Desktop/magic_install/lib\" -DBIN_DIR=\"/home/chuan/Desktop/magic_install/bin\" -DTCL_DIR=\"/home/chuan/Desktop/magic_install/lib/magic/tcl\" -DPACKAGE_NAME=\"\" -DPACKAGE_TARNAME=\"\" -DPACKAGE_VERSION=\"\" -DPACKAGE_STRING=\"\" -DPACKAGE_BUGREPORT=\"\" -DPACKAGE_URL=\"\" -DMAGIC_VERSION=\"8.2\" -DMAGIC_REVISION=\"19\" -DSTDC_HEADERS=1 -DHAVE_SYS_TYPES_H=1 -DHAVE_SYS_STAT_H=1 -DHAVE_STDLIB_H=1 -DHAVE_STRING_H=1 -DHAVE_MEMORY_H=1 -DHAVE_STRINGS_H=1 -DHAVE_INTTYPES_H=1 -DHAVE_STDINT_H=1 -DHAVE_UNISTD_H=1 -DSIZEOF_VOID_P=8 -DSIZEOF_UNSIGNED_INT=4 -DSIZEOF_UNSIGNED_LONG=8 -DSIZEOF_UNSIGNED_LONG_LONG=8 -DSTDC_HEADERS=1 -DHAVE_SETENV=1 -DHAVE_PUTENV=1 -DHAVE_SYS_MMAN_H=1 -DHAVE_DIRENT_H=1 -DHAVE_LIMITS_H=1 -DHAVE_PATHS_H=1 -DHAVE_VA_COPY=1 -DHAVE___VA_COPY=1 -DFILE_LOCKS=1 -DCALMA_MODULE=1 -DCIF_MODULE=1 -DX11_BACKING_STORE=1 -DPLOT_MODULE=1 -DLEF_MODULE=1 -DROUTE_MODULE=1 -DUSE_NEW_MACROS=1 -DVECTOR_FONTS=1 -DHAVE_LIBCAIRO=1 -DMAGIC_WRAPPER=1 -Dlinux=1 -DSYSV=1 -DISC=1 -DNDEBUG -DGCORE=\"/usr/bin/gcore\" -DSHDLIB_EXT=\".so\"  -c gcrRiver.c
--- compiling gcr/gcrRoute.o
rm -f gcrRoute.o
gcc -g -m64 -fPIC -Wimplicit-int -fPIC  -I/usr/include/tcl8.6/tk-private/generic -I/usr/include/tcl8.6 -I. -I..  -DCAD_DIR=\"/home/chuan/Desktop/magic_install/lib\" -DBIN_DIR=\"/home/chuan/Desktop/magic_install/bin\" -DTCL_DIR=\"/home/chuan/Desktop/magic_install/lib/magic/tcl\" -DPACKAGE_NAME=\"\" -DPACKAGE_TARNAME=\"\" -DPACKAGE_VERSION=\"\" -DPACKAGE_STRING=\"\" -DPACKAGE_BUGREPORT=\"\" -DPACKAGE_URL=\"\" -DMAGIC_VERSION=\"8.2\" -DMAGIC_REVISION=\"19\" -DSTDC_HEADERS=1 -DHAVE_SYS_TYPES_H=1 -DHAVE_SYS_STAT_H=1 -DHAVE_STDLIB_H=1 -DHAVE_STRING_H=1 -DHAVE_MEMORY_H=1 -DHAVE_STRINGS_H=1 -DHAVE_INTTYPES_H=1 -DHAVE_STDINT_H=1 -DHAVE_UNISTD_H=1 -DSIZEOF_VOID_P=8 -DSIZEOF_UNSIGNED_INT=4 -DSIZEOF_UNSIGNED_LONG=8 -DSIZEOF_UNSIGNED_LONG_LONG=8 -DSTDC_HEADERS=1 -DHAVE_SETENV=1 -DHAVE_PUTENV=1 -DHAVE_SYS_MMAN_H=1 -DHAVE_DIRENT_H=1 -DHAVE_LIMITS_H=1 -DHAVE_PATHS_H=1 -DHAVE_VA_COPY=1 -DHAVE___VA_COPY=1 -DFILE_LOCKS=1 -DCALMA_MODULE=1 -DCIF_MODULE=1 -DX11_BACKING_STORE=1 -DPLOT_MODULE=1 -DLEF_MODULE=1 -DROUTE_MODULE=1 -DUSE_NEW_MACROS=1 -DVECTOR_FONTS=1 -DHAVE_LIBCAIRO=1 -DMAGIC_WRAPPER=1 -Dlinux=1 -DSYSV=1 -DISC=1 -DNDEBUG -DGCORE=\"/usr/bin/gcore\" -DSHDLIB_EXT=\".so\"  -c gcrRoute.c
--- compiling gcr/gcrShwFlgs.o
rm -f gcrShwFlgs.o
gcc -g -m64 -fPIC -Wimplicit-int -fPIC  -I/usr/include/tcl8.6/tk-private/generic -I/usr/include/tcl8.6 -I. -I..  -DCAD_DIR=\"/home/chuan/Desktop/magic_install/lib\" -DBIN_DIR=\"/home/chuan/Desktop/magic_install/bin\" -DTCL_DIR=\"/home/chuan/Desktop/magic_install/lib/magic/tcl\" -DPACKAGE_NAME=\"\" -DPACKAGE_TARNAME=\"\" -DPACKAGE_VERSION=\"\" -DPACKAGE_STRING=\"\" -DPACKAGE_BUGREPORT=\"\" -DPACKAGE_URL=\"\" -DMAGIC_VERSION=\"8.2\" -DMAGIC_REVISION=\"19\" -DSTDC_HEADERS=1 -DHAVE_SYS_TYPES_H=1 -DHAVE_SYS_STAT_H=1 -DHAVE_STDLIB_H=1 -DHAVE_STRING_H=1 -DHAVE_MEMORY_H=1 -DHAVE_STRINGS_H=1 -DHAVE_INTTYPES_H=1 -DHAVE_STDINT_H=1 -DHAVE_UNISTD_H=1 -DSIZEOF_VOID_P=8 -DSIZEOF_UNSIGNED_INT=4 -DSIZEOF_UNSIGNED_LONG=8 -DSIZEOF_UNSIGNED_LONG_LONG=8 -DSTDC_HEADERS=1 -DHAVE_SETENV=1 -DHAVE_PUTENV=1 -DHAVE_SYS_MMAN_H=1 -DHAVE_DIRENT_H=1 -DHAVE_LIMITS_H=1 -DHAVE_PATHS_H=1 -DHAVE_VA_COPY=1 -DHAVE___VA_COPY=1 -DFILE_LOCKS=1 -DCALMA_MODULE=1 -DCIF_MODULE=1 -DX11_BACKING_STORE=1 -DPLOT_MODULE=1 -DLEF_MODULE=1 -DROUTE_MODULE=1 -DUSE_NEW_MACROS=1 -DVECTOR_FONTS=1 -DHAVE_LIBCAIRO=1 -DMAGIC_WRAPPER=1 -Dlinux=1 -DSYSV=1 -DISC=1 -DNDEBUG -DGCORE=\"/usr/bin/gcore\" -DSHDLIB_EXT=\".so\"  -c gcrShwFlgs.c
--- compiling gcr/gcrUnsplit.o
rm -f gcrUnsplit.o
gcc -g -m64 -fPIC -Wimplicit-int -fPIC  -I/usr/include/tcl8.6/tk-private/generic -I/usr/include/tcl8.6 -I. -I..  -DCAD_DIR=\"/home/chuan/Desktop/magic_install/lib\" -DBIN_DIR=\"/home/chuan/Desktop/magic_install/bin\" -DTCL_DIR=\"/home/chuan/Desktop/magic_install/lib/magic/tcl\" -DPACKAGE_NAME=\"\" -DPACKAGE_TARNAME=\"\" -DPACKAGE_VERSION=\"\" -DPACKAGE_STRING=\"\" -DPACKAGE_BUGREPORT=\"\" -DPACKAGE_URL=\"\" -DMAGIC_VERSION=\"8.2\" -DMAGIC_REVISION=\"19\" -DSTDC_HEADERS=1 -DHAVE_SYS_TYPES_H=1 -DHAVE_SYS_STAT_H=1 -DHAVE_STDLIB_H=1 -DHAVE_STRING_H=1 -DHAVE_MEMORY_H=1 -DHAVE_STRINGS_H=1 -DHAVE_INTTYPES_H=1 -DHAVE_STDINT_H=1 -DHAVE_UNISTD_H=1 -DSIZEOF_VOID_P=8 -DSIZEOF_UNSIGNED_INT=4 -DSIZEOF_UNSIGNED_LONG=8 -DSIZEOF_UNSIGNED_LONG_LONG=8 -DSTDC_HEADERS=1 -DHAVE_SETENV=1 -DHAVE_PUTENV=1 -DHAVE_SYS_MMAN_H=1 -DHAVE_DIRENT_H=1 -DHAVE_LIMITS_H=1 -DHAVE_PATHS_H=1 -DHAVE_VA_COPY=1 -DHAVE___VA_COPY=1 -DFILE_LOCKS=1 -DCALMA_MODULE=1 -DCIF_MODULE=1 -DX11_BACKING_STORE=1 -DPLOT_MODULE=1 -DLEF_MODULE=1 -DROUTE_MODULE=1 -DUSE_NEW_MACROS=1 -DVECTOR_FONTS=1 -DHAVE_LIBCAIRO=1 -DMAGIC_WRAPPER=1 -Dlinux=1 -DSYSV=1 -DISC=1 -DNDEBUG -DGCORE=\"/usr/bin/gcore\" -DSHDLIB_EXT=\".so\"  -c gcrUnsplit.c
--- linking libgcr.o
rm -f libgcr.o
ld -r gcrChannel.o gcrColl.o gcrDebug.o gcrEdge.o gcrFeas.o gcrFlags.o gcrInit.o gcrLib.o gcrRiver.o gcrRoute.o gcrShwFlgs.o gcrUnsplit.o  -o libgcr.o 
make[2]: Leaving directory `/home/chuan/Desktop/magic-8.2/gcr'
make[2]: Entering directory `/home/chuan/Desktop/magic-8.2/tcltk'
--- compiling tcltk/tclmagic.o
rm -f tclmagic.o
gcc -g -m64 -fPIC -Wimplicit-int -fPIC  -I/usr/include/tcl8.6/tk-private/generic -I/usr/include/tcl8.6 -I. -I..  -DCAD_DIR=\"/home/chuan/Desktop/magic_install/lib\" -DBIN_DIR=\"/home/chuan/Desktop/magic_install/bin\" -DTCL_DIR=\"/home/chuan/Desktop/magic_install/lib/magic/tcl\" -DPACKAGE_NAME=\"\" -DPACKAGE_TARNAME=\"\" -DPACKAGE_VERSION=\"\" -DPACKAGE_STRING=\"\" -DPACKAGE_BUGREPORT=\"\" -DPACKAGE_URL=\"\" -DMAGIC_VERSION=\"8.2\" -DMAGIC_REVISION=\"19\" -DSTDC_HEADERS=1 -DHAVE_SYS_TYPES_H=1 -DHAVE_SYS_STAT_H=1 -DHAVE_STDLIB_H=1 -DHAVE_STRING_H=1 -DHAVE_MEMORY_H=1 -DHAVE_STRINGS_H=1 -DHAVE_INTTYPES_H=1 -DHAVE_STDINT_H=1 -DHAVE_UNISTD_H=1 -DSIZEOF_VOID_P=8 -DSIZEOF_UNSIGNED_INT=4 -DSIZEOF_UNSIGNED_LONG=8 -DSIZEOF_UNSIGNED_LONG_LONG=8 -DSTDC_HEADERS=1 -DHAVE_SETENV=1 -DHAVE_PUTENV=1 -DHAVE_SYS_MMAN_H=1 -DHAVE_DIRENT_H=1 -DHAVE_LIMITS_H=1 -DHAVE_PATHS_H=1 -DHAVE_VA_COPY=1 -DHAVE___VA_COPY=1 -DFILE_LOCKS=1 -DCALMA_MODULE=1 -DCIF_MODULE=1 -DX11_BACKING_STORE=1 -DPLOT_MODULE=1 -DLEF_MODULE=1 -DROUTE_MODULE=1 -DUSE_NEW_MACROS=1 -DVECTOR_FONTS=1 -DHAVE_LIBCAIRO=1 -DMAGIC_WRAPPER=1 -Dlinux=1 -DSYSV=1 -DISC=1 -DNDEBUG -DGCORE=\"/usr/bin/gcore\" -DSHDLIB_EXT=\".so\" -DMAGIC_DATE="\"`date`\""  -c tclmagic.c
--- linking libtcltk.o
rm -f libtcltk.o
ld -r tclmagic.o  -o libtcltk.o 
make[2]: Leaving directory `/home/chuan/Desktop/magic-8.2/tcltk'
make[2]: Entering directory `/home/chuan/Desktop/magic-8.2/magic'
--- compiling magic/magicTop.o
rm -f magicTop.o
gcc -g -m64 -fPIC -Wimplicit-int -fPIC  -I/usr/include/tcl8.6/tk-private/generic -I/usr/include/tcl8.6 -I. -I..  -DCAD_DIR=\"/home/chuan/Desktop/magic_install/lib\" -DBIN_DIR=\"/home/chuan/Desktop/magic_install/bin\" -DTCL_DIR=\"/home/chuan/Desktop/magic_install/lib/magic/tcl\" -DPACKAGE_NAME=\"\" -DPACKAGE_TARNAME=\"\" -DPACKAGE_VERSION=\"\" -DPACKAGE_STRING=\"\" -DPACKAGE_BUGREPORT=\"\" -DPACKAGE_URL=\"\" -DMAGIC_VERSION=\"8.2\" -DMAGIC_REVISION=\"19\" -DSTDC_HEADERS=1 -DHAVE_SYS_TYPES_H=1 -DHAVE_SYS_STAT_H=1 -DHAVE_STDLIB_H=1 -DHAVE_STRING_H=1 -DHAVE_MEMORY_H=1 -DHAVE_STRINGS_H=1 -DHAVE_INTTYPES_H=1 -DHAVE_STDINT_H=1 -DHAVE_UNISTD_H=1 -DSIZEOF_VOID_P=8 -DSIZEOF_UNSIGNED_INT=4 -DSIZEOF_UNSIGNED_LONG=8 -DSIZEOF_UNSIGNED_LONG_LONG=8 -DSTDC_HEADERS=1 -DHAVE_SETENV=1 -DHAVE_PUTENV=1 -DHAVE_SYS_MMAN_H=1 -DHAVE_DIRENT_H=1 -DHAVE_LIMITS_H=1 -DHAVE_PATHS_H=1 -DHAVE_VA_COPY=1 -DHAVE___VA_COPY=1 -DFILE_LOCKS=1 -DCALMA_MODULE=1 -DCIF_MODULE=1 -DX11_BACKING_STORE=1 -DPLOT_MODULE=1 -DLEF_MODULE=1 -DROUTE_MODULE=1 -DUSE_NEW_MACROS=1 -DVECTOR_FONTS=1 -DHAVE_LIBCAIRO=1 -DMAGIC_WRAPPER=1 -Dlinux=1 -DSYSV=1 -DISC=1 -DNDEBUG -DGCORE=\"/usr/bin/gcore\" -DSHDLIB_EXT=\".so\" -DMAGIC_DATE="\"`date`\"" -DCAD_DIR="/home/chuan/Desktop/magic_install/lib"  -c magicTop.c
<command-line>:0:0: warning: "CAD_DIR" redefined [enabled by default]
<command-line>:0:0: note: this is the location of the previous definition
--- linking libmagic.o
rm -f libmagic.o
ld -r magicTop.o  -o libmagic.o 
make[2]: Leaving directory `/home/chuan/Desktop/magic-8.2/magic'
make[2]: Entering directory `/home/chuan/Desktop/magic-8.2/net2ir'
--- compiling net2ir/net2ir.o
rm -f net2ir.o
gcc -g -m64 -fPIC -Wimplicit-int -fPIC  -I/usr/include/tcl8.6/tk-private/generic -I/usr/include/tcl8.6 -I. -I..  -DCAD_DIR=\"/home/chuan/Desktop/magic_install/lib\" -DBIN_DIR=\"/home/chuan/Desktop/magic_install/bin\" -DTCL_DIR=\"/home/chuan/Desktop/magic_install/lib/magic/tcl\" -DPACKAGE_NAME=\"\" -DPACKAGE_TARNAME=\"\" -DPACKAGE_VERSION=\"\" -DPACKAGE_STRING=\"\" -DPACKAGE_BUGREPORT=\"\" -DPACKAGE_URL=\"\" -DMAGIC_VERSION=\"8.2\" -DMAGIC_REVISION=\"19\" -DSTDC_HEADERS=1 -DHAVE_SYS_TYPES_H=1 -DHAVE_SYS_STAT_H=1 -DHAVE_STDLIB_H=1 -DHAVE_STRING_H=1 -DHAVE_MEMORY_H=1 -DHAVE_STRINGS_H=1 -DHAVE_INTTYPES_H=1 -DHAVE_STDINT_H=1 -DHAVE_UNISTD_H=1 -DSIZEOF_VOID_P=8 -DSIZEOF_UNSIGNED_INT=4 -DSIZEOF_UNSIGNED_LONG=8 -DSIZEOF_UNSIGNED_LONG_LONG=8 -DSTDC_HEADERS=1 -DHAVE_SETENV=1 -DHAVE_PUTENV=1 -DHAVE_SYS_MMAN_H=1 -DHAVE_DIRENT_H=1 -DHAVE_LIMITS_H=1 -DHAVE_PATHS_H=1 -DHAVE_VA_COPY=1 -DHAVE___VA_COPY=1 -DFILE_LOCKS=1 -DCALMA_MODULE=1 -DCIF_MODULE=1 -DX11_BACKING_STORE=1 -DPLOT_MODULE=1 -DLEF_MODULE=1 -DROUTE_MODULE=1 -DUSE_NEW_MACROS=1 -DVECTOR_FONTS=1 -DHAVE_LIBCAIRO=1 -DMAGIC_WRAPPER=1 -Dlinux=1 -DSYSV=1 -DISC=1 -DNDEBUG -DGCORE=\"/usr/bin/gcore\" -DSHDLIB_EXT=\".so\"  -c net2ir.c
--- linking libnet2ir.o
rm -f libnet2ir.o
ld -r net2ir.o  -o libnet2ir.o 
make[2]: Leaving directory `/home/chuan/Desktop/magic-8.2/net2ir'
make[2]: Entering directory `/home/chuan/Desktop/magic-8.2/tcltk'
make[2]: Nothing to be done for `module'.
make[2]: Leaving directory `/home/chuan/Desktop/magic-8.2/tcltk'
--- making Tcl shared libraries
for dir in magic net2ir tcltk; do \
		(cd $dir && make tcl-main); done
make[2]: Entering directory `/home/chuan/Desktop/magic-8.2/magic'
--- making magic Tcl library (tclmagic.so)
rm -f tclmagic.so
gcc -g -m64 -fPIC -Wimplicit-int -fPIC  -I/usr/include/tcl8.6/tk-private/generic -I/usr/include/tcl8.6 -I. -I..  -o tclmagic.so  -shared -Wl,-soname,tclmagic.so -Wl,--version-script=../magic/symbol.map  \
		../cmwind/libcmwind.o ../commands/libcommands.o ../database/libdatabase.o ../dbwind/libdbwind.o ../drc/libdrc.o ../debug/libdebug.o ../extract/libextract.o ../graphics/libgraphics.o ../select/libselect.o ../textio/libtextio.o ../tiles/libtiles.o ../windows/libwindows.o ../wiring/libwiring.o ../resis/libresis.o ../sim/libsim.o ../netmenu/libnetmenu.o ../plow/libplow.o ../utils/libutils.o ../ext2sim/libext2sim.o ../ext2spice/libext2spice.o ../calma/libcalma.o ../cif/libcif.o ../plot/libplot.o ../lef/liblef.o ../extflat/libextflat.o ../garouter/libgarouter.o 	../mzrouter/libmzrouter.o ../router/librouter.o 	../irouter/libirouter.o ../grouter/libgrouter.o 	../gcr/libgcr.o ../tcltk/libtcltk.o -lc -lX11 -lcairo -lfontconfig -lfreetype    -lm   
gcc -E -x c -DX11 -DXLIB -DCAIRO -DNDEBUG -DCAD_DIR=\"/home/chuan/Desktop/magic_install/lib\" -DBIN_DIR=\"/home/chuan/Desktop/magic_install/bin\" -DTCL_DIR=\"/home/chuan/Desktop/magic_install/lib/magic/tcl\" -DPACKAGE_NAME=\"\" -DPACKAGE_TARNAME=\"\" -DPACKAGE_VERSION=\"\" -DPACKAGE_STRING=\"\" -DPACKAGE_BUGREPORT=\"\" -DPACKAGE_URL=\"\" -DMAGIC_VERSION=\"8.2\" -DMAGIC_REVISION=\"19\" -DSTDC_HEADERS=1 -DHAVE_SYS_TYPES_H=1 -DHAVE_SYS_STAT_H=1 -DHAVE_STDLIB_H=1 -DHAVE_STRING_H=1 -DHAVE_MEMORY_H=1 -DHAVE_STRINGS_H=1 -DHAVE_INTTYPES_H=1 -DHAVE_STDINT_H=1 -DHAVE_UNISTD_H=1 -DSIZEOF_VOID_P=8 -DSIZEOF_UNSIGNED_INT=4 -DSIZEOF_UNSIGNED_LONG=8 -DSIZEOF_UNSIGNED_LONG_LONG=8 -DSTDC_HEADERS=1 -DHAVE_SETENV=1 -DHAVE_PUTENV=1 -DHAVE_SYS_MMAN_H=1 -DHAVE_DIRENT_H=1 -DHAVE_LIMITS_H=1 -DHAVE_PATHS_H=1 -DHAVE_VA_COPY=1 -DHAVE___VA_COPY=1 -DFILE_LOCKS=1 -DCALMA_MODULE=1 -DCIF_MODULE=1 -DX11_BACKING_STORE=1 -DPLOT_MODULE=1 -DLEF_MODULE=1 -DROUTE_MODULE=1 -DUSE_NEW_MACROS=1 -DVECTOR_FONTS=1 -DHAVE_LIBCAIRO=1 -DMAGIC_WRAPPER=1 -Dlinux=1 -DSYSV=1 -DISC=1 -DNDEBUG -DGCORE=\"/usr/bin/gcore\" -DSHDLIB_EXT=\".so\" -DMAGIC_DATE="\"`date`\"" -DCAD_DIR="/home/chuan/Desktop/magic_install/lib" proto.magicrc.in > proto.magicrc
<command-line>:0:0: warning: "CAD_DIR" redefined [enabled by default]
<command-line>:0:0: note: this is the location of the previous definition
proto.magicrc.in:1:3: error: invalid preprocessing directive #$
 # $(CAD_ROOT)/magic/sys/.magicrc 
   ^
proto.magicrc.in:2:4: error: invalid preprocessing directive #System
 #  System wide start up file for magic, defines default macros.
    ^
proto.magicrc.in:5:3: error: invalid preprocessing directive #Source
 # Source file proto.magicrc.in
   ^
proto.magicrc.in:6:3: error: invalid preprocessing directive #Process
 # Process this file with the cpp macro processor
   ^
proto.magicrc.in:13:4: error: invalid preprocessing directive #Default
 #  Default .magicrc macro file (new macros)
    ^
proto.magicrc.in:15:3: error: invalid preprocessing directive #A
 # A key
   ^
proto.magicrc.in:19:3: error: invalid preprocessing directive #B
 # B key
   ^
proto.magicrc.in:22:3: error: invalid preprocessing directive #C
 # C key
   ^
proto.magicrc.in:24:3: error: invalid preprocessing directive #D
 # D key
   ^
proto.magicrc.in:27:3: error: invalid preprocessing directive #E
 # E key
   ^
proto.magicrc.in:29:3: error: invalid preprocessing directive #F
 # F key
   ^
proto.magicrc.in:32:3: error: invalid preprocessing directive #G
 # G key
   ^
proto.magicrc.in:35:3: error: invalid preprocessing directive #I
 # I key
   ^
proto.magicrc.in:41:3: error: invalid preprocessing directive #L
 # L key
   ^
proto.magicrc.in:50:3: error: invalid preprocessing directive #M
 # M key
   ^
proto.magicrc.in:53:3: error: invalid preprocessing directive #N
 # N key
   ^
proto.magicrc.in:55:3: error: invalid preprocessing directive #O
 # O key
   ^
proto.magicrc.in:58:3: error: invalid preprocessing directive #P
 # P key
   ^
proto.magicrc.in:65:3: error: invalid preprocessing directive #Q
 # Q key
   ^
proto.magicrc.in:69:3: error: invalid preprocessing directive #R
 # R key
   ^
proto.magicrc.in:73:3: error: invalid preprocessing directive #S
 # S key
   ^
proto.magicrc.in:80:3: error: invalid preprocessing directive #U
 # U key
   ^
proto.magicrc.in:83:3: error: invalid preprocessing directive #V
 # V key
   ^
proto.magicrc.in:86:3: error: invalid preprocessing directive #W
 # W key
   ^
proto.magicrc.in:89:3: error: invalid preprocessing directive #X
 # X key
   ^
proto.magicrc.in:93:3: error: invalid preprocessing directive #Z
 # Z key
   ^
proto.magicrc.in:100:3: error: invalid preprocessing directive #Question
 # Question mark
   ^
proto.magicrc.in:103:3: error: invalid preprocessing directive #Comma
 # Comma key
   ^
proto.magicrc.in:105:3: error: invalid preprocessing directive #Exclamation
 # Exclamation mark
   ^
proto.magicrc.in:109:3: error: invalid preprocessing directive #Space
 # Space bar
   ^
proto.magicrc.in:111:3: error: invalid preprocessing directive #Colon
 # Colon and semicolon (interactive command)
   ^
proto.magicrc.in:117:3: error: invalid preprocessing directive #Arrow
 # Arrow keys (X11 versions only)
   ^
proto.magicrc.in:134:3: error: invalid preprocessing directive #Keypad
 # Keypad keys (X11 versions only)
   ^
proto.magicrc.in:135:3: error: invalid preprocessing directive #Functions
 # Functions duplicated for use both with Num_Lock ON and OFF
   ^
proto.magicrc.in:167:3: error: invalid preprocessing directive #Scroll
 # Scroll wheel bindings
   ^
proto.magicrc.in:170:3: error: invalid preprocessing directive #Quick
 # Quick macro function keys for scmos tech (X11 versions only)
   ^
proto.magicrc.in:233:3: error: invalid preprocessing directive #Allow
 # Allow some box manipulation from all tools.
   ^
proto.magicrc.in:238:3: error: invalid preprocessing directive #Box
 # Box tool button bindings
   ^
proto.magicrc.in:257:3: error: invalid preprocessing directive #Color
 # Color window button bindings
   ^
proto.magicrc.in:265:3: error: invalid preprocessing directive #Netlist
 # Netlist window button bindings
   ^
proto.magicrc.in:269:3: error: invalid preprocessing directive #Wind3D
 # Wind3D window key bindings
   ^
proto.magicrc.in:298:3: error: invalid preprocessing directive #Load
 # Load basic set of fonts
   ^
proto.magicrc.in:304:3: error: invalid preprocessing directive #Additions
 # Additions for Tcl GUI wrapper
   ^
make[2]: *** [proto.magicrc] Error 1
make[2]: Leaving directory `/home/chuan/Desktop/magic-8.2/magic'
make[2]: Entering directory `/home/chuan/Desktop/magic-8.2/net2ir'
echo "Nothing to do here"
Nothing to do here
make[2]: Leaving directory `/home/chuan/Desktop/magic-8.2/net2ir'
make[2]: Entering directory `/home/chuan/Desktop/magic-8.2/tcltk'
gcc -g -m64 -fPIC -Wimplicit-int -fPIC  -I/usr/include/tcl8.6/tk-private/generic -I/usr/include/tcl8.6 -I. -I..  -DCAD_DIR=\"/home/chuan/Desktop/magic_install/lib\" -DBIN_DIR=\"/home/chuan/Desktop/magic_install/bin\" -DTCL_DIR=\"/home/chuan/Desktop/magic_install/lib/magic/tcl\" -DPACKAGE_NAME=\"\" -DPACKAGE_TARNAME=\"\" -DPACKAGE_VERSION=\"\" -DPACKAGE_STRING=\"\" -DPACKAGE_BUGREPORT=\"\" -DPACKAGE_URL=\"\" -DMAGIC_VERSION=\"8.2\" -DMAGIC_REVISION=\"19\" -DSTDC_HEADERS=1 -DHAVE_SYS_TYPES_H=1 -DHAVE_SYS_STAT_H=1 -DHAVE_STDLIB_H=1 -DHAVE_STRING_H=1 -DHAVE_MEMORY_H=1 -DHAVE_STRINGS_H=1 -DHAVE_INTTYPES_H=1 -DHAVE_STDINT_H=1 -DHAVE_UNISTD_H=1 -DSIZEOF_VOID_P=8 -DSIZEOF_UNSIGNED_INT=4 -DSIZEOF_UNSIGNED_LONG=8 -DSIZEOF_UNSIGNED_LONG_LONG=8 -DSTDC_HEADERS=1 -DHAVE_SETENV=1 -DHAVE_PUTENV=1 -DHAVE_SYS_MMAN_H=1 -DHAVE_DIRENT_H=1 -DHAVE_LIMITS_H=1 -DHAVE_PATHS_H=1 -DHAVE_VA_COPY=1 -DHAVE___VA_COPY=1 -DFILE_LOCKS=1 -DCALMA_MODULE=1 -DCIF_MODULE=1 -DX11_BACKING_STORE=1 -DPLOT_MODULE=1 -DLEF_MODULE=1 -DROUTE_MODULE=1 -DUSE_NEW_MACROS=1 -DVECTOR_FONTS=1 -DHAVE_LIBCAIRO=1 -DMAGIC_WRAPPER=1 -Dlinux=1 -DSYSV=1 -DISC=1 -DNDEBUG -DGCORE=\"/usr/bin/gcore\" -DSHDLIB_EXT=\".so\" -DMAGIC_DATE="\"`date`\""  magicexec.c \
		-o magicexec   -L/usr/lib/x86_64-linux-gnu -ltk8.6 -L/usr/lib/x86_64-linux-gnu -ltcl8.6
gcc -g -m64 -fPIC -Wimplicit-int -fPIC  -I/usr/include/tcl8.6/tk-private/generic -I/usr/include/tcl8.6 -I. -I..  -DCAD_DIR=\"/home/chuan/Desktop/magic_install/lib\" -DBIN_DIR=\"/home/chuan/Desktop/magic_install/bin\" -DTCL_DIR=\"/home/chuan/Desktop/magic_install/lib/magic/tcl\" -DPACKAGE_NAME=\"\" -DPACKAGE_TARNAME=\"\" -DPACKAGE_VERSION=\"\" -DPACKAGE_STRING=\"\" -DPACKAGE_BUGREPORT=\"\" -DPACKAGE_URL=\"\" -DMAGIC_VERSION=\"8.2\" -DMAGIC_REVISION=\"19\" -DSTDC_HEADERS=1 -DHAVE_SYS_TYPES_H=1 -DHAVE_SYS_STAT_H=1 -DHAVE_STDLIB_H=1 -DHAVE_STRING_H=1 -DHAVE_MEMORY_H=1 -DHAVE_STRINGS_H=1 -DHAVE_INTTYPES_H=1 -DHAVE_STDINT_H=1 -DHAVE_UNISTD_H=1 -DSIZEOF_VOID_P=8 -DSIZEOF_UNSIGNED_INT=4 -DSIZEOF_UNSIGNED_LONG=8 -DSIZEOF_UNSIGNED_LONG_LONG=8 -DSTDC_HEADERS=1 -DHAVE_SETENV=1 -DHAVE_PUTENV=1 -DHAVE_SYS_MMAN_H=1 -DHAVE_DIRENT_H=1 -DHAVE_LIMITS_H=1 -DHAVE_PATHS_H=1 -DHAVE_VA_COPY=1 -DHAVE___VA_COPY=1 -DFILE_LOCKS=1 -DCALMA_MODULE=1 -DCIF_MODULE=1 -DX11_BACKING_STORE=1 -DPLOT_MODULE=1 -DLEF_MODULE=1 -DROUTE_MODULE=1 -DUSE_NEW_MACROS=1 -DVECTOR_FONTS=1 -DHAVE_LIBCAIRO=1 -DMAGIC_WRAPPER=1 -Dlinux=1 -DSYSV=1 -DISC=1 -DNDEBUG -DGCORE=\"/usr/bin/gcore\" -DSHDLIB_EXT=\".so\" -DMAGIC_DATE="\"`date`\""  magicdnull.c \
		-o magicdnull   -L/usr/lib/x86_64-linux-gnu -ltk8.6 -L/usr/lib/x86_64-linux-gnu -ltcl8.6
sed -e /TCL_DIR/s%TCL_DIR%/home/chuan/Desktop/magic_install/lib/magic/tcl%g  \
	    -e /MAGIC_VERSION/s%MAGIC_VERSION%8.2%g \
	    -e /MAGIC_REVISION/s%MAGIC_REVISION%19%g \
            -e /SHDLIB_EXT/s%SHDLIB_EXT%.so%g magic.tcl.in > magic.tcl
sed -e /TCL_DIR/s%TCL_DIR%/home/chuan/Desktop/magic_install/lib/magic/tcl%g \
	    -e /TCLLIB_DIR/s%TCLLIB_DIR%/usr/lib%g \
	    -e /WISH_EXE/s%WISH_EXE%/usr/bin/wish%g magic.sh.in > magic.sh
make[2]: Leaving directory `/home/chuan/Desktop/magic-8.2/tcltk'
make[1]: Leaving directory `/home/chuan/Desktop/magic-8.2'
make[1]: Entering directory `/home/chuan/Desktop/magic-8.2'
--- making modules
for dir in cmwind commands database dbwind debug drc extflat extract graphics netmenu plow resis select sim textio tiles utils windows wiring ext2sim ext2spice calma cif plot lef garouter grouter irouter mzrouter router gcr tcltk magic net2ir tcltk; do \
		(cd $dir && make module); done
make[2]: Entering directory `/home/chuan/Desktop/magic-8.2/cmwind'
make[2]: Nothing to be done for `module'.
make[2]: Leaving directory `/home/chuan/Desktop/magic-8.2/cmwind'
make[2]: Entering directory `/home/chuan/Desktop/magic-8.2/commands'
make[2]: Nothing to be done for `module'.
make[2]: Leaving directory `/home/chuan/Desktop/magic-8.2/commands'
make[2]: Entering directory `/home/chuan/Desktop/magic-8.2/database'
make[2]: Nothing to be done for `module'.
make[2]: Leaving directory `/home/chuan/Desktop/magic-8.2/database'
make[2]: Entering directory `/home/chuan/Desktop/magic-8.2/dbwind'
make[2]: Nothing to be done for `module'.
make[2]: Leaving directory `/home/chuan/Desktop/magic-8.2/dbwind'
make[2]: Entering directory `/home/chuan/Desktop/magic-8.2/debug'
make[2]: Nothing to be done for `module'.
make[2]: Leaving directory `/home/chuan/Desktop/magic-8.2/debug'
make[2]: Entering directory `/home/chuan/Desktop/magic-8.2/drc'
make[2]: Nothing to be done for `module'.
make[2]: Leaving directory `/home/chuan/Desktop/magic-8.2/drc'
make[2]: Entering directory `/home/chuan/Desktop/magic-8.2/extflat'
make[2]: Nothing to be done for `module'.
make[2]: Leaving directory `/home/chuan/Desktop/magic-8.2/extflat'
make[2]: Entering directory `/home/chuan/Desktop/magic-8.2/extract'
make[2]: Nothing to be done for `module'.
make[2]: Leaving directory `/home/chuan/Desktop/magic-8.2/extract'
make[2]: Entering directory `/home/chuan/Desktop/magic-8.2/graphics'
--- compiling graphics/grTCairo1.o
rm -f grTCairo1.o
gcc -g -m64 -fPIC -Wimplicit-int -fPIC  -I/usr/include/tcl8.6/tk-private/generic -I/usr/include/tcl8.6  -I. -I..  -DCAD_DIR=\"/home/chuan/Desktop/magic_install/lib\" -DBIN_DIR=\"/home/chuan/Desktop/magic_install/bin\" -DTCL_DIR=\"/home/chuan/Desktop/magic_install/lib/magic/tcl\" -DPACKAGE_NAME=\"\" -DPACKAGE_TARNAME=\"\" -DPACKAGE_VERSION=\"\" -DPACKAGE_STRING=\"\" -DPACKAGE_BUGREPORT=\"\" -DPACKAGE_URL=\"\" -DMAGIC_VERSION=\"8.2\" -DMAGIC_REVISION=\"19\" -DSTDC_HEADERS=1 -DHAVE_SYS_TYPES_H=1 -DHAVE_SYS_STAT_H=1 -DHAVE_STDLIB_H=1 -DHAVE_STRING_H=1 -DHAVE_MEMORY_H=1 -DHAVE_STRINGS_H=1 -DHAVE_INTTYPES_H=1 -DHAVE_STDINT_H=1 -DHAVE_UNISTD_H=1 -DSIZEOF_VOID_P=8 -DSIZEOF_UNSIGNED_INT=4 -DSIZEOF_UNSIGNED_LONG=8 -DSIZEOF_UNSIGNED_LONG_LONG=8 -DSTDC_HEADERS=1 -DHAVE_SETENV=1 -DHAVE_PUTENV=1 -DHAVE_SYS_MMAN_H=1 -DHAVE_DIRENT_H=1 -DHAVE_LIMITS_H=1 -DHAVE_PATHS_H=1 -DHAVE_VA_COPY=1 -DHAVE___VA_COPY=1 -DFILE_LOCKS=1 -DCALMA_MODULE=1 -DCIF_MODULE=1 -DX11_BACKING_STORE=1 -DPLOT_MODULE=1 -DLEF_MODULE=1 -DROUTE_MODULE=1 -DUSE_NEW_MACROS=1 -DVECTOR_FONTS=1 -DHAVE_LIBCAIRO=1 -DMAGIC_WRAPPER=1 -Dlinux=1 -DSYSV=1 -DISC=1 -DNDEBUG -DGCORE=\"/usr/bin/gcore\" -DSHDLIB_EXT=\".so\" -DX11 -DXLIB -DCAIRO -DNDEBUG  -c grTCairo1.c
--- linking libgraphics.o
rm -f libgraphics.o
ld -r grMain.o grLock.o grDStyle.o grText.o grCMap.o grClip.o grGlyphs.o grNull.o W3Dmain.o grTk1.o grTk2.o grTk3.o grTk4.o grTk5.o grTCairo1.o grTCairo2.o grTCairo3.o grTCairo4.o grTCairo5.o grTkCommon.o -o libgraphics.o 
make[2]: Leaving directory `/home/chuan/Desktop/magic-8.2/graphics'
make[2]: Entering directory `/home/chuan/Desktop/magic-8.2/netmenu'
make[2]: Nothing to be done for `module'.
make[2]: Leaving directory `/home/chuan/Desktop/magic-8.2/netmenu'
make[2]: Entering directory `/home/chuan/Desktop/magic-8.2/plow'
make[2]: Nothing to be done for `module'.
make[2]: Leaving directory `/home/chuan/Desktop/magic-8.2/plow'
make[2]: Entering directory `/home/chuan/Desktop/magic-8.2/resis'
make[2]: Nothing to be done for `module'.
make[2]: Leaving directory `/home/chuan/Desktop/magic-8.2/resis'
make[2]: Entering directory `/home/chuan/Desktop/magic-8.2/select'
make[2]: Nothing to be done for `module'.
make[2]: Leaving directory `/home/chuan/Desktop/magic-8.2/select'
make[2]: Entering directory `/home/chuan/Desktop/magic-8.2/sim'
make[2]: Nothing to be done for `module'.
make[2]: Leaving directory `/home/chuan/Desktop/magic-8.2/sim'
make[2]: Entering directory `/home/chuan/Desktop/magic-8.2/textio'
make[2]: Nothing to be done for `module'.
make[2]: Leaving directory `/home/chuan/Desktop/magic-8.2/textio'
make[2]: Entering directory `/home/chuan/Desktop/magic-8.2/tiles'
make[2]: Nothing to be done for `module'.
make[2]: Leaving directory `/home/chuan/Desktop/magic-8.2/tiles'
make[2]: Entering directory `/home/chuan/Desktop/magic-8.2/utils'
make[2]: Nothing to be done for `module'.
make[2]: Leaving directory `/home/chuan/Desktop/magic-8.2/utils'
make[2]: Entering directory `/home/chuan/Desktop/magic-8.2/windows'
make[2]: Nothing to be done for `module'.
make[2]: Leaving directory `/home/chuan/Desktop/magic-8.2/windows'
make[2]: Entering directory `/home/chuan/Desktop/magic-8.2/wiring'
make[2]: Nothing to be done for `module'.
make[2]: Leaving directory `/home/chuan/Desktop/magic-8.2/wiring'
make[2]: Entering directory `/home/chuan/Desktop/magic-8.2/ext2sim'
make[2]: Nothing to be done for `module'.
make[2]: Leaving directory `/home/chuan/Desktop/magic-8.2/ext2sim'
make[2]: Entering directory `/home/chuan/Desktop/magic-8.2/ext2spice'
make[2]: Nothing to be done for `module'.
make[2]: Leaving directory `/home/chuan/Desktop/magic-8.2/ext2spice'
make[2]: Entering directory `/home/chuan/Desktop/magic-8.2/calma'
make[2]: Nothing to be done for `module'.
make[2]: Leaving directory `/home/chuan/Desktop/magic-8.2/calma'
make[2]: Entering directory `/home/chuan/Desktop/magic-8.2/cif'
make[2]: Nothing to be done for `module'.
make[2]: Leaving directory `/home/chuan/Desktop/magic-8.2/cif'
make[2]: Entering directory `/home/chuan/Desktop/magic-8.2/plot'
make[2]: Nothing to be done for `module'.
make[2]: Leaving directory `/home/chuan/Desktop/magic-8.2/plot'
make[2]: Entering directory `/home/chuan/Desktop/magic-8.2/lef'
make[2]: Nothing to be done for `module'.
make[2]: Leaving directory `/home/chuan/Desktop/magic-8.2/lef'
make[2]: Entering directory `/home/chuan/Desktop/magic-8.2/garouter'
make[2]: Nothing to be done for `module'.
make[2]: Leaving directory `/home/chuan/Desktop/magic-8.2/garouter'
make[2]: Entering directory `/home/chuan/Desktop/magic-8.2/grouter'
make[2]: Nothing to be done for `module'.
make[2]: Leaving directory `/home/chuan/Desktop/magic-8.2/grouter'
make[2]: Entering directory `/home/chuan/Desktop/magic-8.2/irouter'
make[2]: Nothing to be done for `module'.
make[2]: Leaving directory `/home/chuan/Desktop/magic-8.2/irouter'
make[2]: Entering directory `/home/chuan/Desktop/magic-8.2/mzrouter'
make[2]: Nothing to be done for `module'.
make[2]: Leaving directory `/home/chuan/Desktop/magic-8.2/mzrouter'
make[2]: Entering directory `/home/chuan/Desktop/magic-8.2/router'
make[2]: Nothing to be done for `module'.
make[2]: Leaving directory `/home/chuan/Desktop/magic-8.2/router'
make[2]: Entering directory `/home/chuan/Desktop/magic-8.2/gcr'
make[2]: Nothing to be done for `module'.
make[2]: Leaving directory `/home/chuan/Desktop/magic-8.2/gcr'
make[2]: Entering directory `/home/chuan/Desktop/magic-8.2/tcltk'
make[2]: Nothing to be done for `module'.
make[2]: Leaving directory `/home/chuan/Desktop/magic-8.2/tcltk'
make[2]: Entering directory `/home/chuan/Desktop/magic-8.2/magic'
make[2]: Nothing to be done for `module'.
make[2]: Leaving directory `/home/chuan/Desktop/magic-8.2/magic'
make[2]: Entering directory `/home/chuan/Desktop/magic-8.2/net2ir'
make[2]: Nothing to be done for `module'.
make[2]: Leaving directory `/home/chuan/Desktop/magic-8.2/net2ir'
make[2]: Entering directory `/home/chuan/Desktop/magic-8.2/tcltk'
make[2]: Nothing to be done for `module'.
make[2]: Leaving directory `/home/chuan/Desktop/magic-8.2/tcltk'
--- making Tcl shared libraries
for dir in magic net2ir tcltk; do \
		(cd $dir && make tcl-main); done
make[2]: Entering directory `/home/chuan/Desktop/magic-8.2/magic'
--- making magic Tcl library (tclmagic.so)
rm -f tclmagic.so
gcc -g -m64 -fPIC -Wimplicit-int -fPIC  -I/usr/include/tcl8.6/tk-private/generic -I/usr/include/tcl8.6 -I. -I..  -o tclmagic.so  -shared -Wl,-soname,tclmagic.so -Wl,--version-script=../magic/symbol.map  \
		../cmwind/libcmwind.o ../commands/libcommands.o ../database/libdatabase.o ../dbwind/libdbwind.o ../drc/libdrc.o ../debug/libdebug.o ../extract/libextract.o ../graphics/libgraphics.o ../select/libselect.o ../textio/libtextio.o ../tiles/libtiles.o ../windows/libwindows.o ../wiring/libwiring.o ../resis/libresis.o ../sim/libsim.o ../netmenu/libnetmenu.o ../plow/libplow.o ../utils/libutils.o ../ext2sim/libext2sim.o ../ext2spice/libext2spice.o ../calma/libcalma.o ../cif/libcif.o ../plot/libplot.o ../lef/liblef.o ../extflat/libextflat.o ../garouter/libgarouter.o 	../mzrouter/libmzrouter.o ../router/librouter.o 	../irouter/libirouter.o ../grouter/libgrouter.o 	../gcr/libgcr.o ../tcltk/libtcltk.o -lc -lX11 -lcairo -lfontconfig -lfreetype    -lm   
make[2]: Leaving directory `/home/chuan/Desktop/magic-8.2/magic'
make[2]: Entering directory `/home/chuan/Desktop/magic-8.2/net2ir'
echo "Nothing to do here"
Nothing to do here
make[2]: Leaving directory `/home/chuan/Desktop/magic-8.2/net2ir'
make[2]: Entering directory `/home/chuan/Desktop/magic-8.2/tcltk'
make[2]: Nothing to be done for `tcl-main'.
make[2]: Leaving directory `/home/chuan/Desktop/magic-8.2/tcltk'
make[1]: Leaving directory `/home/chuan/Desktop/magic-8.2'
make[1]: Entering directory `/home/chuan/Desktop/magic-8.2'
--- making modules
for dir in cmwind commands database dbwind debug drc extflat extract graphics netmenu plow resis select sim textio tiles utils windows wiring ext2sim ext2spice calma cif plot lef garouter grouter irouter mzrouter router gcr tcltk magic net2ir tcltk; do \
		(cd $dir && make module); done
make[2]: Entering directory `/home/chuan/Desktop/magic-8.2/cmwind'
make[2]: Nothing to be done for `module'.
make[2]: Leaving directory `/home/chuan/Desktop/magic-8.2/cmwind'
make[1]: Entering directory `/home/chuan/Desktop/magic-8.2'
--- making modules
for dir in cmwind commands database dbwind debug drc extflat extract graphics netmenu plow resis select sim textio tiles utils windows wiring ext2sim ext2spice calma cif plot lef garouter grouter irouter mzrouter router gcr tcltk magic net2ir tcltk; do \
		(cd $dir && make module); done
make[2]: Entering directory `/home/chuan/Desktop/magic-8.2/cmwind'
make[2]: Nothing to be done for `module'.
make[2]: Leaving directory `/home/chuan/Desktop/magic-8.2/cmwind'
make[2]: Entering directory `/home/chuan/Desktop/magic-8.2/commands'
make[2]: Nothing to be done for `module'.
make[2]: Leaving directory `/home/chuan/Desktop/magic-8.2/commands'
make[2]: Entering directory `/home/chuan/Desktop/magic-8.2/database'
make[2]: Nothing to be done for `module'.
make[2]: Leaving directory `/home/chuan/Desktop/magic-8.2/database'
make[2]: Entering directory `/home/chuan/Desktop/magic-8.2/dbwind'
make[2]: Nothing to be done for `module'.
make[2]: Leaving directory `/home/chuan/Desktop/magic-8.2/dbwind'
make[2]: Entering directory `/home/chuan/Desktop/magic-8.2/debug'
make[2]: Nothing to be done for `module'.
make[2]: Leaving directory `/home/chuan/Desktop/magic-8.2/debug'
make[2]: Entering directory `/home/chuan/Desktop/magic-8.2/drc'
make[2]: Nothing to be done for `module'.
make[2]: Leaving directory `/home/chuan/Desktop/magic-8.2/drc'
make[2]: Entering directory `/home/chuan/Desktop/magic-8.2/extflat'
make[2]: Nothing to be done for `module'.
make[2]: Leaving directory `/home/chuan/Desktop/magic-8.2/extflat'
make[2]: Entering directory `/home/chuan/Desktop/magic-8.2/extract'
make[2]: Nothing to be done for `module'.
make[2]: Leaving directory `/home/chuan/Desktop/magic-8.2/extract'
make[2]: Entering directory `/home/chuan/Desktop/magic-8.2/graphics'
--- compiling graphics/grTCairo3.o
rm -f grTCairo3.o
gcc -g -m64 -fPIC -Wimplicit-int -fPIC  -I/usr/include/tcl8.6/tk-private/generic -I/usr/include/tcl8.6  -I. -I..  -DCAD_DIR=\"/home/chuan/Desktop/magic_install/lib\" -DBIN_DIR=\"/home/chuan/Desktop/magic_install/bin\" -DTCL_DIR=\"/home/chuan/Desktop/magic_install/lib/magic/tcl\" -DPACKAGE_NAME=\"\" -DPACKAGE_TARNAME=\"\" -DPACKAGE_VERSION=\"\" -DPACKAGE_STRING=\"\" -DPACKAGE_BUGREPORT=\"\" -DPACKAGE_URL=\"\" -DMAGIC_VERSION=\"8.2\" -DMAGIC_REVISION=\"19\" -DSTDC_HEADERS=1 -DHAVE_SYS_TYPES_H=1 -DHAVE_SYS_STAT_H=1 -DHAVE_STDLIB_H=1 -DHAVE_STRING_H=1 -DHAVE_MEMORY_H=1 -DHAVE_STRINGS_H=1 -DHAVE_INTTYPES_H=1 -DHAVE_STDINT_H=1 -DHAVE_UNISTD_H=1 -DSIZEOF_VOID_P=8 -DSIZEOF_UNSIGNED_INT=4 -DSIZEOF_UNSIGNED_LONG=8 -DSIZEOF_UNSIGNED_LONG_LONG=8 -DSTDC_HEADERS=1 -DHAVE_SETENV=1 -DHAVE_PUTENV=1 -DHAVE_SYS_MMAN_H=1 -DHAVE_DIRENT_H=1 -DHAVE_LIMITS_H=1 -DHAVE_PATHS_H=1 -DHAVE_VA_COPY=1 -DHAVE___VA_COPY=1 -DFILE_LOCKS=1 -DCALMA_MODULE=1 -DCIF_MODULE=1 -DX11_BACKING_STORE=1 -DPLOT_MODULE=1 -DLEF_MODULE=1 -DROUTE_MODULE=1 -DUSE_NEW_MACROS=1 -DVECTOR_FONTS=1 -DHAVE_LIBCAIRO=1 -DMAGIC_WRAPPER=1 -Dlinux=1 -DSYSV=1 -DISC=1 -DNDEBUG -DGCORE=\"/usr/bin/gcore\" -DSHDLIB_EXT=\".so\" -DX11 -DXLIB -DCAIRO -DNDEBUG  -c grTCairo3.c
--- linking libgraphics.o
rm -f libgraphics.o
ld -r grMain.o grLock.o grDStyle.o grText.o grCMap.o grClip.o grGlyphs.o grNull.o W3Dmain.o grTk1.o grTk2.o grTk3.o grTk4.o grTk5.o grTCairo1.o grTCairo2.o grTCairo3.o grTCairo4.o grTCairo5.o grTkCommon.o -o libgraphics.o 
make[2]: Leaving directory `/home/chuan/Desktop/magic-8.2/graphics'
make[2]: Entering directory `/home/chuan/Desktop/magic-8.2/netmenu'
make[2]: Nothing to be done for `module'.
make[2]: Leaving directory `/home/chuan/Desktop/magic-8.2/netmenu'
make[2]: Entering directory `/home/chuan/Desktop/magic-8.2/plow'
make[2]: Nothing to be done for `module'.
make[2]: Leaving directory `/home/chuan/Desktop/magic-8.2/plow'
make[2]: Entering directory `/home/chuan/Desktop/magic-8.2/resis'
make[2]: Nothing to be done for `module'.
make[2]: Leaving directory `/home/chuan/Desktop/magic-8.2/resis'
make[2]: Entering directory `/home/chuan/Desktop/magic-8.2/select'
make[2]: Nothing to be done for `module'.
make[2]: Leaving directory `/home/chuan/Desktop/magic-8.2/select'
make[2]: Entering directory `/home/chuan/Desktop/magic-8.2/sim'
make[2]: Nothing to be done for `module'.
make[2]: Leaving directory `/home/chuan/Desktop/magic-8.2/sim'
make[2]: Entering directory `/home/chuan/Desktop/magic-8.2/textio'
make[2]: Nothing to be done for `module'.
make[2]: Leaving directory `/home/chuan/Desktop/magic-8.2/textio'
make[2]: Entering directory `/home/chuan/Desktop/magic-8.2/tiles'
make[2]: Nothing to be done for `module'.
make[2]: Leaving directory `/home/chuan/Desktop/magic-8.2/tiles'
make[2]: Entering directory `/home/chuan/Desktop/magic-8.2/utils'
make[2]: Nothing to be done for `module'.
make[2]: Leaving directory `/home/chuan/Desktop/magic-8.2/utils'
make[2]: Entering directory `/home/chuan/Desktop/magic-8.2/windows'
make[2]: Nothing to be done for `module'.
make[2]: Leaving directory `/home/chuan/Desktop/magic-8.2/windows'
make[2]: Entering directory `/home/chuan/Desktop/magic-8.2/wiring'
make[2]: Nothing to be done for `module'.
make[2]: Leaving directory `/home/chuan/Desktop/magic-8.2/wiring'
make[2]: Entering directory `/home/chuan/Desktop/magic-8.2/ext2sim'
make[2]: Nothing to be done for `module'.
make[2]: Leaving directory `/home/chuan/Desktop/magic-8.2/ext2sim'
make[2]: Entering directory `/home/chuan/Desktop/magic-8.2/ext2spice'
make[2]: Nothing to be done for `module'.
make[2]: Leaving directory `/home/chuan/Desktop/magic-8.2/ext2spice'
make[2]: Entering directory `/home/chuan/Desktop/magic-8.2/calma'
make[2]: Nothing to be done for `module'.
make[2]: Leaving directory `/home/chuan/Desktop/magic-8.2/calma'
make[2]: Entering directory `/home/chuan/Desktop/magic-8.2/cif'
make[2]: Nothing to be done for `module'.
make[2]: Leaving directory `/home/chuan/Desktop/magic-8.2/cif'
make[2]: Entering directory `/home/chuan/Desktop/magic-8.2/plot'
make[2]: Nothing to be done for `module'.
make[2]: Leaving directory `/home/chuan/Desktop/magic-8.2/plot'
make[2]: Entering directory `/home/chuan/Desktop/magic-8.2/lef'
make[2]: Nothing to be done for `module'.
make[2]: Leaving directory `/home/chuan/Desktop/magic-8.2/lef'
make[2]: Entering directory `/home/chuan/Desktop/magic-8.2/garouter'
make[2]: Nothing to be done for `module'.
make[2]: Leaving directory `/home/chuan/Desktop/magic-8.2/garouter'
make[2]: Entering directory `/home/chuan/Desktop/magic-8.2/grouter'
make[2]: Nothing to be done for `module'.
make[2]: Leaving directory `/home/chuan/Desktop/magic-8.2/grouter'
make[2]: Entering directory `/home/chuan/Desktop/magic-8.2/irouter'
make[2]: Nothing to be done for `module'.
make[2]: Leaving directory `/home/chuan/Desktop/magic-8.2/irouter'
make[2]: Entering directory `/home/chuan/Desktop/magic-8.2/mzrouter'
make[2]: Nothing to be done for `module'.
make[2]: Leaving directory `/home/chuan/Desktop/magic-8.2/mzrouter'
make[2]: Entering directory `/home/chuan/Desktop/magic-8.2/router'
make[2]: Nothing to be done for `module'.
make[2]: Leaving directory `/home/chuan/Desktop/magic-8.2/router'
make[2]: Entering directory `/home/chuan/Desktop/magic-8.2/gcr'
make[2]: Nothing to be done for `module'.
make[2]: Leaving directory `/home/chuan/Desktop/magic-8.2/gcr'
make[2]: Entering directory `/home/chuan/Desktop/magic-8.2/tcltk'
make[2]: Nothing to be done for `module'.
make[2]: Leaving directory `/home/chuan/Desktop/magic-8.2/tcltk'
make[2]: Entering directory `/home/chuan/Desktop/magic-8.2/magic'
make[2]: Nothing to be done for `module'.
make[2]: Leaving directory `/home/chuan/Desktop/magic-8.2/magic'
make[2]: Entering directory `/home/chuan/Desktop/magic-8.2/net2ir'
make[2]: Nothing to be done for `module'.
make[2]: Leaving directory `/home/chuan/Desktop/magic-8.2/net2ir'
make[2]: Entering directory `/home/chuan/Desktop/magic-8.2/tcltk'
make[2]: Nothing to be done for `module'.
make[2]: Leaving directory `/home/chuan/Desktop/magic-8.2/tcltk'
--- making Tcl shared libraries
for dir in magic net2ir tcltk; do \
		(cd $dir && make tcl-main); done
make[2]: Entering directory `/home/chuan/Desktop/magic-8.2/magic'
--- making magic Tcl library (tclmagic.so)
rm -f tclmagic.so
gcc -g -m64 -fPIC -Wimplicit-int -fPIC  -I/usr/include/tcl8.6/tk-private/generic -I/usr/include/tcl8.6 -I. -I..  -o tclmagic.so  -shared -Wl,-soname,tclmagic.so -Wl,--version-script=../magic/symbol.map  \
		../cmwind/libcmwind.o ../commands/libcommands.o ../database/libdatabase.o ../dbwind/libdbwind.o ../drc/libdrc.o ../debug/libdebug.o ../extract/libextract.o ../graphics/libgraphics.o ../select/libselect.o ../textio/libtextio.o ../tiles/libtiles.o ../windows/libwindows.o ../wiring/libwiring.o ../resis/libresis.o ../sim/libsim.o ../netmenu/libnetmenu.o ../plow/libplow.o ../utils/libutils.o ../ext2sim/libext2sim.o ../ext2spice/libext2spice.o ../calma/libcalma.o ../cif/libcif.o ../plot/libplot.o ../lef/liblef.o ../extflat/libextflat.o ../garouter/libgarouter.o 	../mzrouter/libmzrouter.o ../router/librouter.o 	../irouter/libirouter.o ../grouter/libgrouter.o 	../gcr/libgcr.o ../tcltk/libtcltk.o -lc -lX11 -lcairo -lfontconfig -lfreetype    -lm   
make[2]: Leaving directory `/home/chuan/Desktop/magic-8.2/magic'
make[2]: Entering directory `/home/chuan/Desktop/magic-8.2/net2ir'
echo "Nothing to do here"
Nothing to do here
make[2]: Leaving directory `/home/chuan/Desktop/magic-8.2/net2ir'
make[2]: Entering directory `/home/chuan/Desktop/magic-8.2/tcltk'
make[2]: Nothing to be done for `tcl-main'.
make[2]: Leaving directory `/home/chuan/Desktop/magic-8.2/tcltk'
make[1]: Leaving directory `/home/chuan/Desktop/magic-8.2'
make[1]: Entering directory `/home/chuan/Desktop/magic-8.2'
--- making modules
for dir in cmwind commands database dbwind debug drc extflat extract graphics netmenu plow resis select sim textio tiles utils windows wiring ext2sim ext2spice calma cif plot lef garouter grouter irouter mzrouter router gcr tcltk magic net2ir tcltk; do \
		(cd $dir && make module); done
make[2]: Entering directory `/home/chuan/Desktop/magic-8.2/cmwind'
make[2]: Nothing to be done for `module'.
make[2]: Leaving directory `/home/chuan/Desktop/magic-8.2/cmwind'
make[2]: Entering directory `/home/chuan/Desktop/magic-8.2/commands'
make[2]: Nothing to be done for `module'.
make[2]: Leaving directory `/home/chuan/Desktop/magic-8.2/commands'
make[2]: Entering directory `/home/chuan/Desktop/magic-8.2/database'
make[2]: Nothing to be done for `module'.
make[2]: Leaving directory `/home/chuan/Desktop/magic-8.2/database'
make[2]: Entering directory `/home/chuan/Desktop/magic-8.2/dbwind'
make[2]: Nothing to be done for `module'.
make[2]: Leaving directory `/home/chuan/Desktop/magic-8.2/dbwind'
make[2]: Entering directory `/home/chuan/Desktop/magic-8.2/debug'
make[2]: Nothing to be done for `module'.
make[2]: Leaving directory `/home/chuan/Desktop/magic-8.2/debug'
make[2]: Entering directory `/home/chuan/Desktop/magic-8.2/drc'
make[2]: Nothing to be done for `module'.
make[2]: Leaving directory `/home/chuan/Desktop/magic-8.2/drc'
make[2]: Entering directory `/home/chuan/Desktop/magic-8.2/extflat'
make[2]: Nothing to be done for `module'.
make[2]: Leaving directory `/home/chuan/Desktop/magic-8.2/extflat'
make[2]: Entering directory `/home/chuan/Desktop/magic-8.2/extract'
make[2]: Nothing to be done for `module'.
make[2]: Leaving directory `/home/chuan/Desktop/magic-8.2/extract'
make[2]: Entering directory `/home/chuan/Desktop/magic-8.2/graphics'
--- compiling graphics/grTCairo2.o
rm -f grTCairo2.o
gcc -g -m64 -fPIC -Wimplicit-int -fPIC  -I/usr/include/tcl8.6/tk-private/generic -I/usr/include/tcl8.6  -I. -I..  -DCAD_DIR=\"/home/chuan/Desktop/magic_install/lib\" -DBIN_DIR=\"/home/chuan/Desktop/magic_install/bin\" -DTCL_DIR=\"/home/chuan/Desktop/magic_install/lib/magic/tcl\" -DPACKAGE_NAME=\"\" -DPACKAGE_TARNAME=\"\" -DPACKAGE_VERSION=\"\" -DPACKAGE_STRING=\"\" -DPACKAGE_BUGREPORT=\"\" -DPACKAGE_URL=\"\" -DMAGIC_VERSION=\"8.2\" -DMAGIC_REVISION=\"19\" -DSTDC_HEADERS=1 -DHAVE_SYS_TYPES_H=1 -DHAVE_SYS_STAT_H=1 -DHAVE_STDLIB_H=1 -DHAVE_STRING_H=1 -DHAVE_MEMORY_H=1 -DHAVE_STRINGS_H=1 -DHAVE_INTTYPES_H=1 -DHAVE_STDINT_H=1 -DHAVE_UNISTD_H=1 -DSIZEOF_VOID_P=8 -DSIZEOF_UNSIGNED_INT=4 -DSIZEOF_UNSIGNED_LONG=8 -DSIZEOF_UNSIGNED_LONG_LONG=8 -DSTDC_HEADERS=1 -DHAVE_SETENV=1 -DHAVE_PUTENV=1 -DHAVE_SYS_MMAN_H=1 -DHAVE_DIRENT_H=1 -DHAVE_LIMITS_H=1 -DHAVE_PATHS_H=1 -DHAVE_VA_COPY=1 -DHAVE___VA_COPY=1 -DFILE_LOCKS=1 -DCALMA_MODULE=1 -DCIF_MODULE=1 -DX11_BACKING_STORE=1 -DPLOT_MODULE=1 -DLEF_MODULE=1 -DROUTE_MODULE=1 -DUSE_NEW_MACROS=1 -DVECTOR_FONTS=1 -DHAVE_LIBCAIRO=1 -DMAGIC_WRAPPER=1 -Dlinux=1 -DSYSV=1 -DISC=1 -DNDEBUG -DGCORE=\"/usr/bin/gcore\" -DSHDLIB_EXT=\".so\" -DX11 -DXLIB -DCAIRO -DNDEBUG  -c grTCairo2.c
--- linking libgraphics.o
rm -f libgraphics.o
ld -r grMain.o grLock.o grDStyle.o grText.o grCMap.o grClip.o grGlyphs.o grNull.o W3Dmain.o grTk1.o grTk2.o grTk3.o grTk4.o grTk5.o grTCairo1.o grTCairo2.o grTCairo3.o grTCairo4.o grTCairo5.o grTkCommon.o -o libgraphics.o 
make[2]: Leaving directory `/home/chuan/Desktop/magic-8.2/graphics'
make[2]: Entering directory `/home/chuan/Desktop/magic-8.2/netmenu'
make[2]: Nothing to be done for `module'.
make[2]: Leaving directory `/home/chuan/Desktop/magic-8.2/netmenu'
make[2]: Entering directory `/home/chuan/Desktop/magic-8.2/plow'
make[2]: Nothing to be done for `module'.
make[2]: Leaving directory `/home/chuan/Desktop/magic-8.2/plow'
make[2]: Entering directory `/home/chuan/Desktop/magic-8.2/resis'
make[2]: Nothing to be done for `module'.
make[2]: Leaving directory `/home/chuan/Desktop/magic-8.2/resis'
make[2]: Entering directory `/home/chuan/Desktop/magic-8.2/select'
make[2]: Nothing to be done for `module'.
make[2]: Leaving directory `/home/chuan/Desktop/magic-8.2/select'
make[2]: Entering directory `/home/chuan/Desktop/magic-8.2/sim'
make[2]: Nothing to be done for `module'.
make[2]: Leaving directory `/home/chuan/Desktop/magic-8.2/sim'
make[2]: Entering directory `/home/chuan/Desktop/magic-8.2/textio'
make[2]: Nothing to be done for `module'.
make[2]: Leaving directory `/home/chuan/Desktop/magic-8.2/textio'
make[2]: Entering directory `/home/chuan/Desktop/magic-8.2/tiles'
make[2]: Nothing to be done for `module'.
make[2]: Leaving directory `/home/chuan/Desktop/magic-8.2/tiles'
make[2]: Entering directory `/home/chuan/Desktop/magic-8.2/utils'
make[2]: Nothing to be done for `module'.
make[2]: Leaving directory `/home/chuan/Desktop/magic-8.2/utils'
make[2]: Entering directory `/home/chuan/Desktop/magic-8.2/windows'
make[2]: Nothing to be done for `module'.
make[2]: Leaving directory `/home/chuan/Desktop/magic-8.2/windows'
make[2]: Entering directory `/home/chuan/Desktop/magic-8.2/wiring'
make[2]: Nothing to be done for `module'.
make[2]: Leaving directory `/home/chuan/Desktop/magic-8.2/wiring'
make[2]: Entering directory `/home/chuan/Desktop/magic-8.2/ext2sim'
make[2]: Nothing to be done for `module'.
make[2]: Leaving directory `/home/chuan/Desktop/magic-8.2/ext2sim'
make[2]: Entering directory `/home/chuan/Desktop/magic-8.2/ext2spice'
make[2]: Nothing to be done for `module'.
make[2]: Leaving directory `/home/chuan/Desktop/magic-8.2/ext2spice'
make[2]: Entering directory `/home/chuan/Desktop/magic-8.2/calma'
make[2]: Nothing to be done for `module'.
make[2]: Leaving directory `/home/chuan/Desktop/magic-8.2/calma'
make[2]: Entering directory `/home/chuan/Desktop/magic-8.2/cif'
make[2]: Nothing to be done for `module'.
make[2]: Leaving directory `/home/chuan/Desktop/magic-8.2/cif'
make[2]: Entering directory `/home/chuan/Desktop/magic-8.2/plot'
make[2]: Nothing to be done for `module'.
make[2]: Leaving directory `/home/chuan/Desktop/magic-8.2/plot'
make[2]: Entering directory `/home/chuan/Desktop/magic-8.2/lef'
make[2]: Nothing to be done for `module'.
make[2]: Leaving directory `/home/chuan/Desktop/magic-8.2/lef'
make[2]: Entering directory `/home/chuan/Desktop/magic-8.2/garouter'
make[2]: Nothing to be done for `module'.
make[2]: Leaving directory `/home/chuan/Desktop/magic-8.2/garouter'
make[2]: Entering directory `/home/chuan/Desktop/magic-8.2/grouter'
make[2]: Nothing to be done for `module'.
make[2]: Leaving directory `/home/chuan/Desktop/magic-8.2/grouter'
make[2]: Entering directory `/home/chuan/Desktop/magic-8.2/irouter'
make[2]: Nothing to be done for `module'.
make[2]: Leaving directory `/home/chuan/Desktop/magic-8.2/irouter'
make[2]: Entering directory `/home/chuan/Desktop/magic-8.2/mzrouter'
make[2]: Nothing to be done for `module'.
make[2]: Leaving directory `/home/chuan/Desktop/magic-8.2/mzrouter'
make[2]: Entering directory `/home/chuan/Desktop/magic-8.2/router'
make[2]: Nothing to be done for `module'.
make[2]: Leaving directory `/home/chuan/Desktop/magic-8.2/router'
make[2]: Entering directory `/home/chuan/Desktop/magic-8.2/gcr'
make[2]: Nothing to be done for `module'.
make[2]: Leaving directory `/home/chuan/Desktop/magic-8.2/gcr'
make[2]: Entering directory `/home/chuan/Desktop/magic-8.2/tcltk'
make[2]: Nothing to be done for `module'.
make[2]: Leaving directory `/home/chuan/Desktop/magic-8.2/tcltk'
make[2]: Entering directory `/home/chuan/Desktop/magic-8.2/magic'
make[2]: Nothing to be done for `module'.
make[2]: Leaving directory `/home/chuan/Desktop/magic-8.2/magic'
make[2]: Entering directory `/home/chuan/Desktop/magic-8.2/net2ir'
make[2]: Nothing to be done for `module'.
make[2]: Leaving directory `/home/chuan/Desktop/magic-8.2/net2ir'
make[2]: Entering directory `/home/chuan/Desktop/magic-8.2/tcltk'
make[2]: Nothing to be done for `module'.
make[2]: Leaving directory `/home/chuan/Desktop/magic-8.2/tcltk'
--- making Tcl shared libraries
for dir in magic net2ir tcltk; do \
		(cd $dir && make tcl-main); done
make[2]: Entering directory `/home/chuan/Desktop/magic-8.2/magic'
--- making magic Tcl library (tclmagic.so)
rm -f tclmagic.so
gcc -g -m64 -fPIC -Wimplicit-int -fPIC  -I/usr/include/tcl8.6/tk-private/generic -I/usr/include/tcl8.6 -I. -I..  -o tclmagic.so  -shared -Wl,-soname,tclmagic.so -Wl,--version-script=../magic/symbol.map  \
		../cmwind/libcmwind.o ../commands/libcommands.o ../database/libdatabase.o ../dbwind/libdbwind.o ../drc/libdrc.o ../debug/libdebug.o ../extract/libextract.o ../graphics/libgraphics.o ../select/libselect.o ../textio/libtextio.o ../tiles/libtiles.o ../windows/libwindows.o ../wiring/libwiring.o ../resis/libresis.o ../sim/libsim.o ../netmenu/libnetmenu.o ../plow/libplow.o ../utils/libutils.o ../ext2sim/libext2sim.o ../ext2spice/libext2spice.o ../calma/libcalma.o ../cif/libcif.o ../plot/libplot.o ../lef/liblef.o ../extflat/libextflat.o ../garouter/libgarouter.o 	../mzrouter/libmzrouter.o ../router/librouter.o 	../irouter/libirouter.o ../grouter/libgrouter.o 	../gcr/libgcr.o ../tcltk/libtcltk.o -lc -lX11 -lcairo -lfontconfig -lfreetype    -lm   
make[2]: Leaving directory `/home/chuan/Desktop/magic-8.2/magic'
make[2]: Entering directory `/home/chuan/Desktop/magic-8.2/net2ir'
echo "Nothing to do here"
Nothing to do here
make[2]: Leaving directory `/home/chuan/Desktop/magic-8.2/net2ir'
make[2]: Entering directory `/home/chuan/Desktop/magic-8.2/tcltk'
make[2]: Nothing to be done for `tcl-main'.
make[2]: Leaving directory `/home/chuan/Desktop/magic-8.2/tcltk'
make[1]: Leaving directory `/home/chuan/Desktop/magic-8.2'
make[1]: Entering directory `/home/chuan/Desktop/magic-8.2'
--- making modules
for dir in cmwind commands database dbwind debug drc extflat extract graphics netmenu plow resis select sim textio tiles utils windows wiring ext2sim ext2spice calma cif plot lef garouter grouter irouter mzrouter router gcr tcltk magic net2ir tcltk; do \
		(cd $dir && make module); done
make[2]: Entering directory `/home/chuan/Desktop/magic-8.2/cmwind'
make[2]: Nothing to be done for `module'.
make[2]: Leaving directory `/home/chuan/Desktop/magic-8.2/cmwind'
make[2]: Entering directory `/home/chuan/Desktop/magic-8.2/commands'
make[2]: Nothing to be done for `module'.
make[2]: Leaving directory `/home/chuan/Desktop/magic-8.2/commands'
make[2]: Entering directory `/home/chuan/Desktop/magic-8.2/database'
make[2]: Nothing to be done for `module'.
make[2]: Leaving directory `/home/chuan/Desktop/magic-8.2/database'
make[2]: Entering directory `/home/chuan/Desktop/magic-8.2/dbwind'
make[2]: Nothing to be done for `module'.
make[2]: Leaving directory `/home/chuan/Desktop/magic-8.2/dbwind'
make[2]: Entering directory `/home/chuan/Desktop/magic-8.2/debug'
make[2]: Nothing to be done for `module'.
make[2]: Leaving directory `/home/chuan/Desktop/magic-8.2/debug'
make[2]: Entering directory `/home/chuan/Desktop/magic-8.2/drc'
make[2]: Nothing to be done for `module'.
make[2]: Leaving directory `/home/chuan/Desktop/magic-8.2/drc'
make[2]: Entering directory `/home/chuan/Desktop/magic-8.2/extflat'
make[2]: Nothing to be done for `module'.
make[2]: Leaving directory `/home/chuan/Desktop/magic-8.2/extflat'
make[2]: Entering directory `/home/chuan/Desktop/magic-8.2/extract'
make[2]: Nothing to be done for `module'.
make[2]: Leaving directory `/home/chuan/Desktop/magic-8.2/extract'
make[2]: Entering directory `/home/chuan/Desktop/magic-8.2/graphics'
--- compiling graphics/grTCairo2.o
rm -f grTCairo2.o
gcc -g -m64 -fPIC -Wimplicit-int -fPIC  -I/usr/include/tcl8.6/tk-private/generic -I/usr/include/tcl8.6  -I. -I..  -DCAD_DIR=\"/home/chuan/Desktop/magic_install/lib\" -DBIN_DIR=\"/home/chuan/Desktop/magic_install/bin\" -DTCL_DIR=\"/home/chuan/Desktop/magic_install/lib/magic/tcl\" -DPACKAGE_NAME=\"\" -DPACKAGE_TARNAME=\"\" -DPACKAGE_VERSION=\"\" -DPACKAGE_STRING=\"\" -DPACKAGE_BUGREPORT=\"\" -DPACKAGE_URL=\"\" -DMAGIC_VERSION=\"8.2\" -DMAGIC_REVISION=\"19\" -DSTDC_HEADERS=1 -DHAVE_SYS_TYPES_H=1 -DHAVE_SYS_STAT_H=1 -DHAVE_STDLIB_H=1 -DHAVE_STRING_H=1 -DHAVE_MEMORY_H=1 -DHAVE_STRINGS_H=1 -DHAVE_INTTYPES_H=1 -DHAVE_STDINT_H=1 -DHAVE_UNISTD_H=1 -DSIZEOF_VOID_P=8 -DSIZEOF_UNSIGNED_INT=4 -DSIZEOF_UNSIGNED_LONG=8 -DSIZEOF_UNSIGNED_LONG_LONG=8 -DSTDC_HEADERS=1 -DHAVE_SETENV=1 -DHAVE_PUTENV=1 -DHAVE_SYS_MMAN_H=1 -DHAVE_DIRENT_H=1 -DHAVE_LIMITS_H=1 -DHAVE_PATHS_H=1 -DHAVE_VA_COPY=1 -DHAVE___VA_COPY=1 -DFILE_LOCKS=1 -DCALMA_MODULE=1 -DCIF_MODULE=1 -DX11_BACKING_STORE=1 -DPLOT_MODULE=1 -DLEF_MODULE=1 -DROUTE_MODULE=1 -DUSE_NEW_MACROS=1 -DVECTOR_FONTS=1 -DHAVE_LIBCAIRO=1 -DMAGIC_WRAPPER=1 -Dlinux=1 -DSYSV=1 -DISC=1 -DNDEBUG -DGCORE=\"/usr/bin/gcore\" -DSHDLIB_EXT=\".so\" -DX11 -DXLIB -DCAIRO -DNDEBUG  -c grTCairo2.c
--- linking libgraphics.o
rm -f libgraphics.o
ld -r grMain.o grLock.o grDStyle.o grText.o grCMap.o grClip.o grGlyphs.o grNull.o W3Dmain.o grTk1.o grTk2.o grTk3.o grTk4.o grTk5.o grTCairo1.o grTCairo2.o grTCairo3.o grTCairo4.o grTCairo5.o grTkCommon.o -o libgraphics.o 
make[2]: Leaving directory `/home/chuan/Desktop/magic-8.2/graphics'
make[2]: Entering directory `/home/chuan/Desktop/magic-8.2/netmenu'
make[2]: Nothing to be done for `module'.
make[2]: Leaving directory `/home/chuan/Desktop/magic-8.2/netmenu'
make[2]: Entering directory `/home/chuan/Desktop/magic-8.2/plow'
make[2]: Nothing to be done for `module'.
make[2]: Leaving directory `/home/chuan/Desktop/magic-8.2/plow'
make[2]: Entering directory `/home/chuan/Desktop/magic-8.2/resis'
make[2]: Nothing to be done for `module'.
make[2]: Leaving directory `/home/chuan/Desktop/magic-8.2/resis'
make[2]: Entering directory `/home/chuan/Desktop/magic-8.2/select'
make[2]: Nothing to be done for `module'.
make[2]: Leaving directory `/home/chuan/Desktop/magic-8.2/select'
make[2]: Entering directory `/home/chuan/Desktop/magic-8.2/sim'
make[2]: Nothing to be done for `module'.
make[2]: Leaving directory `/home/chuan/Desktop/magic-8.2/sim'
make[2]: Entering directory `/home/chuan/Desktop/magic-8.2/textio'
make[2]: Nothing to be done for `module'.
make[2]: Leaving directory `/home/chuan/Desktop/magic-8.2/textio'
make[2]: Entering directory `/home/chuan/Desktop/magic-8.2/tiles'
make[2]: Nothing to be done for `module'.
make[2]: Leaving directory `/home/chuan/Desktop/magic-8.2/tiles'
make[2]: Entering directory `/home/chuan/Desktop/magic-8.2/utils'
make[2]: Nothing to be done for `module'.
make[2]: Leaving directory `/home/chuan/Desktop/magic-8.2/utils'
make[2]: Entering directory `/home/chuan/Desktop/magic-8.2/windows'
make[2]: Nothing to be done for `module'.
make[2]: Leaving directory `/home/chuan/Desktop/magic-8.2/windows'
make[2]: Entering directory `/home/chuan/Desktop/magic-8.2/wiring'
make[2]: Nothing to be done for `module'.
make[2]: Leaving directory `/home/chuan/Desktop/magic-8.2/wiring'
make[2]: Entering directory `/home/chuan/Desktop/magic-8.2/ext2sim'
make[2]: Nothing to be done for `module'.
make[2]: Leaving directory `/home/chuan/Desktop/magic-8.2/ext2sim'
make[2]: Entering directory `/home/chuan/Desktop/magic-8.2/ext2spice'
make[2]: Nothing to be done for `module'.
make[2]: Leaving directory `/home/chuan/Desktop/magic-8.2/ext2spice'
make[2]: Entering directory `/home/chuan/Desktop/magic-8.2/calma'
make[2]: Nothing to be done for `module'.
make[2]: Leaving directory `/home/chuan/Desktop/magic-8.2/calma'
make[2]: Entering directory `/home/chuan/Desktop/magic-8.2/cif'
make[2]: Nothing to be done for `module'.
make[2]: Leaving directory `/home/chuan/Desktop/magic-8.2/cif'
make[2]: Entering directory `/home/chuan/Desktop/magic-8.2/plot'
make[2]: Nothing to be done for `module'.
make[2]: Leaving directory `/home/chuan/Desktop/magic-8.2/plot'
make[2]: Entering directory `/home/chuan/Desktop/magic-8.2/lef'
make[2]: Nothing to be done for `module'.
make[2]: Leaving directory `/home/chuan/Desktop/magic-8.2/lef'
make[2]: Entering directory `/home/chuan/Desktop/magic-8.2/garouter'
make[2]: Nothing to be done for `module'.
make[2]: Leaving directory `/home/chuan/Desktop/magic-8.2/garouter'
make[2]: Entering directory `/home/chuan/Desktop/magic-8.2/grouter'
make[2]: Nothing to be done for `module'.
make[2]: Leaving directory `/home/chuan/Desktop/magic-8.2/grouter'
make[2]: Entering directory `/home/chuan/Desktop/magic-8.2/irouter'
make[2]: Nothing to be done for `module'.
make[2]: Leaving directory `/home/chuan/Desktop/magic-8.2/irouter'
make[2]: Entering directory `/home/chuan/Desktop/magic-8.2/mzrouter'
make[2]: Nothing to be done for `module'.
make[2]: Leaving directory `/home/chuan/Desktop/magic-8.2/mzrouter'
make[2]: Entering directory `/home/chuan/Desktop/magic-8.2/router'
make[2]: Nothing to be done for `module'.
make[2]: Leaving directory `/home/chuan/Desktop/magic-8.2/router'
make[2]: Entering directory `/home/chuan/Desktop/magic-8.2/gcr'
make[2]: Nothing to be done for `module'.
make[2]: Leaving directory `/home/chuan/Desktop/magic-8.2/gcr'
make[2]: Entering directory `/home/chuan/Desktop/magic-8.2/tcltk'
make[2]: Nothing to be done for `module'.
make[2]: Leaving directory `/home/chuan/Desktop/magic-8.2/tcltk'
make[2]: Entering directory `/home/chuan/Desktop/magic-8.2/magic'
make[2]: Nothing to be done for `module'.
make[2]: Leaving directory `/home/chuan/Desktop/magic-8.2/magic'
make[2]: Entering directory `/home/chuan/Desktop/magic-8.2/net2ir'
make[2]: Nothing to be done for `module'.
make[2]: Leaving directory `/home/chuan/Desktop/magic-8.2/net2ir'
make[2]: Entering directory `/home/chuan/Desktop/magic-8.2/tcltk'
make[2]: Nothing to be done for `module'.
make[2]: Leaving directory `/home/chuan/Desktop/magic-8.2/tcltk'
--- making Tcl shared libraries
for dir in magic net2ir tcltk; do \
		(cd $dir && make tcl-main); done
make[2]: Entering directory `/home/chuan/Desktop/magic-8.2/magic'
--- making magic Tcl library (tclmagic.so)
rm -f tclmagic.so
gcc -g -m64 -fPIC -Wimplicit-int -fPIC  -I/usr/include/tcl8.6/tk-private/generic -I/usr/include/tcl8.6 -I. -I..  -o tclmagic.so  -shared -Wl,-soname,tclmagic.so -Wl,--version-script=../magic/symbol.map  \
		../cmwind/libcmwind.o ../commands/libcommands.o ../database/libdatabase.o ../dbwind/libdbwind.o ../drc/libdrc.o ../debug/libdebug.o ../extract/libextract.o ../graphics/libgraphics.o ../select/libselect.o ../textio/libtextio.o ../tiles/libtiles.o ../windows/libwindows.o ../wiring/libwiring.o ../resis/libresis.o ../sim/libsim.o ../netmenu/libnetmenu.o ../plow/libplow.o ../utils/libutils.o ../ext2sim/libext2sim.o ../ext2spice/libext2spice.o ../calma/libcalma.o ../cif/libcif.o ../plot/libplot.o ../lef/liblef.o ../extflat/libextflat.o ../garouter/libgarouter.o 	../mzrouter/libmzrouter.o ../router/librouter.o 	../irouter/libirouter.o ../grouter/libgrouter.o 	../gcr/libgcr.o ../tcltk/libtcltk.o -lc -lX11 -lcairo -lfontconfig -lfreetype    -lm   
make[2]: Leaving directory `/home/chuan/Desktop/magic-8.2/magic'
make[2]: Entering directory `/home/chuan/Desktop/magic-8.2/net2ir'
echo "Nothing to do here"
Nothing to do here
make[2]: Leaving directory `/home/chuan/Desktop/magic-8.2/net2ir'
make[2]: Entering directory `/home/chuan/Desktop/magic-8.2/tcltk'
make[2]: Nothing to be done for `tcl-main'.
make[2]: Leaving directory `/home/chuan/Desktop/magic-8.2/tcltk'
make[1]: Leaving directory `/home/chuan/Desktop/magic-8.2'
make[1]: Entering directory `/home/chuan/Desktop/magic-8.2'
--- making modules
for dir in cmwind commands database dbwind debug drc extflat extract graphics netmenu plow resis select sim textio tiles utils windows wiring ext2sim ext2spice calma cif plot lef garouter grouter irouter mzrouter router gcr tcltk magic net2ir tcltk; do \
		(cd $dir && make module); done
make[2]: Entering directory `/home/chuan/Desktop/magic-8.2/cmwind'
make[2]: Nothing to be done for `module'.
make[2]: Leaving directory `/home/chuan/Desktop/magic-8.2/cmwind'
make[2]: Entering directory `/home/chuan/Desktop/magic-8.2/commands'
make[2]: Nothing to be done for `module'.
make[2]: Leaving directory `/home/chuan/Desktop/magic-8.2/commands'
make[2]: Entering directory `/home/chuan/Desktop/magic-8.2/database'
make[2]: Nothing to be done for `module'.
make[2]: Leaving directory `/home/chuan/Desktop/magic-8.2/database'
make[2]: Entering directory `/home/chuan/Desktop/magic-8.2/dbwind'
make[2]: Nothing to be done for `module'.
make[2]: Leaving directory `/home/chuan/Desktop/magic-8.2/dbwind'
make[2]: Entering directory `/home/chuan/Desktop/magic-8.2/debug'
make[2]: Nothing to be done for `module'.
make[2]: Leaving directory `/home/chuan/Desktop/magic-8.2/debug'
make[2]: Entering directory `/home/chuan/Desktop/magic-8.2/drc'
make[2]: Nothing to be done for `module'.
make[2]: Leaving directory `/home/chuan/Desktop/magic-8.2/drc'
make[2]: Entering directory `/home/chuan/Desktop/magic-8.2/extflat'
make[2]: Nothing to be done for `module'.
make[2]: Leaving directory `/home/chuan/Desktop/magic-8.2/extflat'
make[2]: Entering directory `/home/chuan/Desktop/magic-8.2/extract'
make[2]: Nothing to be done for `module'.
make[2]: Leaving directory `/home/chuan/Desktop/magic-8.2/extract'
make[2]: Entering directory `/home/chuan/Desktop/magic-8.2/graphics'
--- compiling graphics/grTCairo1.o
rm -f grTCairo1.o
gcc -g -m64 -fPIC -Wimplicit-int -fPIC  -I/usr/include/tcl8.6/tk-private/generic -I/usr/include/tcl8.6  -I. -I..  -DCAD_DIR=\"/home/chuan/Desktop/magic_install/lib\" -DBIN_DIR=\"/home/chuan/Desktop/magic_install/bin\" -DTCL_DIR=\"/home/chuan/Desktop/magic_install/lib/magic/tcl\" -DPACKAGE_NAME=\"\" -DPACKAGE_TARNAME=\"\" -DPACKAGE_VERSION=\"\" -DPACKAGE_STRING=\"\" -DPACKAGE_BUGREPORT=\"\" -DPACKAGE_URL=\"\" -DMAGIC_VERSION=\"8.2\" -DMAGIC_REVISION=\"19\" -DSTDC_HEADERS=1 -DHAVE_SYS_TYPES_H=1 -DHAVE_SYS_STAT_H=1 -DHAVE_STDLIB_H=1 -DHAVE_STRING_H=1 -DHAVE_MEMORY_H=1 -DHAVE_STRINGS_H=1 -DHAVE_INTTYPES_H=1 -DHAVE_STDINT_H=1 -DHAVE_UNISTD_H=1 -DSIZEOF_VOID_P=8 -DSIZEOF_UNSIGNED_INT=4 -DSIZEOF_UNSIGNED_LONG=8 -DSIZEOF_UNSIGNED_LONG_LONG=8 -DSTDC_HEADERS=1 -DHAVE_SETENV=1 -DHAVE_PUTENV=1 -DHAVE_SYS_MMAN_H=1 -DHAVE_DIRENT_H=1 -DHAVE_LIMITS_H=1 -DHAVE_PATHS_H=1 -DHAVE_VA_COPY=1 -DHAVE___VA_COPY=1 -DFILE_LOCKS=1 -DCALMA_MODULE=1 -DCIF_MODULE=1 -DX11_BACKING_STORE=1 -DPLOT_MODULE=1 -DLEF_MODULE=1 -DROUTE_MODULE=1 -DUSE_NEW_MACROS=1 -DVECTOR_FONTS=1 -DHAVE_LIBCAIRO=1 -DMAGIC_WRAPPER=1 -Dlinux=1 -DSYSV=1 -DISC=1 -DNDEBUG -DGCORE=\"/usr/bin/gcore\" -DSHDLIB_EXT=\".so\" -DX11 -DXLIB -DCAIRO -DNDEBUG  -c grTCairo1.c
--- linking libgraphics.o
rm -f libgraphics.o
ld -r grMain.o grLock.o grDStyle.o grText.o grCMap.o grClip.o grGlyphs.o grNull.o W3Dmain.o grTk1.o grTk2.o grTk3.o grTk4.o grTk5.o grTCairo1.o grTCairo2.o grTCairo3.o grTCairo4.o grTCairo5.o grTkCommon.o -o libgraphics.o 
make[2]: Leaving directory `/home/chuan/Desktop/magic-8.2/graphics'
make[2]: Entering directory `/home/chuan/Desktop/magic-8.2/netmenu'
make[2]: Nothing to be done for `module'.
make[2]: Leaving directory `/home/chuan/Desktop/magic-8.2/netmenu'
make[2]: Entering directory `/home/chuan/Desktop/magic-8.2/plow'
make[2]: Nothing to be done for `module'.
make[2]: Leaving directory `/home/chuan/Desktop/magic-8.2/plow'
make[2]: Entering directory `/home/chuan/Desktop/magic-8.2/resis'
make[2]: Nothing to be done for `module'.
make[2]: Leaving directory `/home/chuan/Desktop/magic-8.2/resis'
make[2]: Entering directory `/home/chuan/Desktop/magic-8.2/select'
make[2]: Nothing to be done for `module'.
make[2]: Leaving directory `/home/chuan/Desktop/magic-8.2/select'
make[2]: Entering directory `/home/chuan/Desktop/magic-8.2/sim'
make[2]: Nothing to be done for `module'.
make[2]: Leaving directory `/home/chuan/Desktop/magic-8.2/sim'
make[2]: Entering directory `/home/chuan/Desktop/magic-8.2/textio'
make[2]: Nothing to be done for `module'.
make[2]: Leaving directory `/home/chuan/Desktop/magic-8.2/textio'
make[2]: Entering directory `/home/chuan/Desktop/magic-8.2/tiles'
make[2]: Nothing to be done for `module'.
make[2]: Leaving directory `/home/chuan/Desktop/magic-8.2/tiles'
make[2]: Entering directory `/home/chuan/Desktop/magic-8.2/utils'
make[2]: Nothing to be done for `module'.
make[2]: Leaving directory `/home/chuan/Desktop/magic-8.2/utils'
make[2]: Entering directory `/home/chuan/Desktop/magic-8.2/windows'
make[2]: Nothing to be done for `module'.
make[2]: Leaving directory `/home/chuan/Desktop/magic-8.2/windows'
make[2]: Entering directory `/home/chuan/Desktop/magic-8.2/wiring'
make[2]: Nothing to be done for `module'.
make[2]: Leaving directory `/home/chuan/Desktop/magic-8.2/wiring'
make[2]: Entering directory `/home/chuan/Desktop/magic-8.2/ext2sim'
make[2]: Nothing to be done for `module'.
make[2]: Leaving directory `/home/chuan/Desktop/magic-8.2/ext2sim'
make[2]: Entering directory `/home/chuan/Desktop/magic-8.2/ext2spice'
make[2]: Nothing to be done for `module'.
make[2]: Leaving directory `/home/chuan/Desktop/magic-8.2/ext2spice'
make[2]: Entering directory `/home/chuan/Desktop/magic-8.2/calma'
make[2]: Nothing to be done for `module'.
make[2]: Leaving directory `/home/chuan/Desktop/magic-8.2/calma'
make[2]: Entering directory `/home/chuan/Desktop/magic-8.2/cif'
make[2]: Nothing to be done for `module'.
make[2]: Leaving directory `/home/chuan/Desktop/magic-8.2/cif'
make[2]: Entering directory `/home/chuan/Desktop/magic-8.2/plot'
make[2]: Nothing to be done for `module'.
make[2]: Leaving directory `/home/chuan/Desktop/magic-8.2/plot'
make[2]: Entering directory `/home/chuan/Desktop/magic-8.2/lef'
make[2]: Nothing to be done for `module'.
make[2]: Leaving directory `/home/chuan/Desktop/magic-8.2/lef'
make[2]: Entering directory `/home/chuan/Desktop/magic-8.2/garouter'
make[2]: Nothing to be done for `module'.
make[2]: Leaving directory `/home/chuan/Desktop/magic-8.2/garouter'
make[2]: Entering directory `/home/chuan/Desktop/magic-8.2/grouter'
make[2]: Nothing to be done for `module'.
make[2]: Leaving directory `/home/chuan/Desktop/magic-8.2/grouter'
make[2]: Entering directory `/home/chuan/Desktop/magic-8.2/irouter'
make[2]: Nothing to be done for `module'.
make[2]: Leaving directory `/home/chuan/Desktop/magic-8.2/irouter'
make[2]: Entering directory `/home/chuan/Desktop/magic-8.2/mzrouter'
make[2]: Nothing to be done for `module'.
make[2]: Leaving directory `/home/chuan/Desktop/magic-8.2/mzrouter'
make[2]: Entering directory `/home/chuan/Desktop/magic-8.2/router'
make[2]: Nothing to be done for `module'.
make[2]: Leaving directory `/home/chuan/Desktop/magic-8.2/router'
make[2]: Entering directory `/home/chuan/Desktop/magic-8.2/gcr'
make[2]: Nothing to be done for `module'.
make[2]: Leaving directory `/home/chuan/Desktop/magic-8.2/gcr'
make[2]: Entering directory `/home/chuan/Desktop/magic-8.2/tcltk'
make[2]: Nothing to be done for `module'.
make[2]: Leaving directory `/home/chuan/Desktop/magic-8.2/tcltk'
make[2]: Entering directory `/home/chuan/Desktop/magic-8.2/magic'
make[2]: Nothing to be done for `module'.
make[2]: Leaving directory `/home/chuan/Desktop/magic-8.2/magic'
make[2]: Entering directory `/home/chuan/Desktop/magic-8.2/net2ir'
make[2]: Nothing to be done for `module'.
make[2]: Leaving directory `/home/chuan/Desktop/magic-8.2/net2ir'
make[2]: Entering directory `/home/chuan/Desktop/magic-8.2/tcltk'
make[2]: Nothing to be done for `module'.
make[2]: Leaving directory `/home/chuan/Desktop/magic-8.2/tcltk'
--- making Tcl shared libraries
for dir in magic net2ir tcltk; do \
		(cd $dir && make tcl-main); done
make[2]: Entering directory `/home/chuan/Desktop/magic-8.2/magic'
--- making magic Tcl library (tclmagic.so)
rm -f tclmagic.so
gcc -g -m64 -fPIC -Wimplicit-int -fPIC  -I/usr/include/tcl8.6/tk-private/generic -I/usr/include/tcl8.6 -I. -I..  -o tclmagic.so  -shared -Wl,-soname,tclmagic.so -Wl,--version-script=../magic/symbol.map  \
		../cmwind/libcmwind.o ../commands/libcommands.o ../database/libdatabase.o ../dbwind/libdbwind.o ../drc/libdrc.o ../debug/libdebug.o ../extract/libextract.o ../graphics/libgraphics.o ../select/libselect.o ../textio/libtextio.o ../tiles/libtiles.o ../windows/libwindows.o ../wiring/libwiring.o ../resis/libresis.o ../sim/libsim.o ../netmenu/libnetmenu.o ../plow/libplow.o ../utils/libutils.o ../ext2sim/libext2sim.o ../ext2spice/libext2spice.o ../calma/libcalma.o ../cif/libcif.o ../plot/libplot.o ../lef/liblef.o ../extflat/libextflat.o ../garouter/libgarouter.o 	../mzrouter/libmzrouter.o ../router/librouter.o 	../irouter/libirouter.o ../grouter/libgrouter.o 	../gcr/libgcr.o ../tcltk/libtcltk.o -lc -lX11 -lcairo -lfontconfig -lfreetype    -lm   
make[2]: Leaving directory `/home/chuan/Desktop/magic-8.2/magic'
make[2]: Entering directory `/home/chuan/Desktop/magic-8.2/net2ir'
echo "Nothing to do here"
Nothing to do here
make[2]: Leaving directory `/home/chuan/Desktop/magic-8.2/net2ir'
make[2]: Entering directory `/home/chuan/Desktop/magic-8.2/tcltk'
make[2]: Nothing to be done for `tcl-main'.
make[2]: Leaving directory `/home/chuan/Desktop/magic-8.2/tcltk'
make[1]: Leaving directory `/home/chuan/Desktop/magic-8.2'
make[1]: Entering directory `/home/chuan/Desktop/magic-8.2'
--- making modules
for dir in cmwind commands database dbwind debug drc extflat extract graphics netmenu plow resis select sim textio tiles utils windows wiring ext2sim ext2spice calma cif plot lef garouter grouter irouter mzrouter router gcr tcltk magic net2ir tcltk; do \
		(cd $dir && make module); done
make[2]: Entering directory `/home/chuan/Desktop/magic-8.2/cmwind'
make[2]: Nothing to be done for `module'.
make[2]: Leaving directory `/home/chuan/Desktop/magic-8.2/cmwind'
make[2]: Entering directory `/home/chuan/Desktop/magic-8.2/commands'
make[2]: Nothing to be done for `module'.
make[2]: Leaving directory `/home/chuan/Desktop/magic-8.2/commands'
make[2]: Entering directory `/home/chuan/Desktop/magic-8.2/database'
make[2]: Nothing to be done for `module'.
make[2]: Leaving directory `/home/chuan/Desktop/magic-8.2/database'
make[2]: Entering directory `/home/chuan/Desktop/magic-8.2/dbwind'
make[2]: Nothing to be done for `module'.
make[2]: Leaving directory `/home/chuan/Desktop/magic-8.2/dbwind'
make[2]: Entering directory `/home/chuan/Desktop/magic-8.2/debug'
make[2]: Nothing to be done for `module'.
make[2]: Leaving directory `/home/chuan/Desktop/magic-8.2/debug'
make[2]: Entering directory `/home/chuan/Desktop/magic-8.2/drc'
make[2]: Nothing to be done for `module'.
make[2]: Leaving directory `/home/chuan/Desktop/magic-8.2/drc'
make[2]: Entering directory `/home/chuan/Desktop/magic-8.2/extflat'
make[2]: Nothing to be done for `module'.
make[2]: Leaving directory `/home/chuan/Desktop/magic-8.2/extflat'
make[2]: Entering directory `/home/chuan/Desktop/magic-8.2/extract'
make[2]: Nothing to be done for `module'.
make[2]: Leaving directory `/home/chuan/Desktop/magic-8.2/extract'
make[2]: Entering directory `/home/chuan/Desktop/magic-8.2/graphics'
--- compiling graphics/grTCairo1.o
rm -f grTCairo1.o
gcc -g -m64 -fPIC -Wimplicit-int -fPIC  -I/usr/include/tcl8.6/tk-private/generic -I/usr/include/tcl8.6  -I. -I..  -DCAD_DIR=\"/home/chuan/Desktop/magic_install/lib\" -DBIN_DIR=\"/home/chuan/Desktop/magic_install/bin\" -DTCL_DIR=\"/home/chuan/Desktop/magic_install/lib/magic/tcl\" -DPACKAGE_NAME=\"\" -DPACKAGE_TARNAME=\"\" -DPACKAGE_VERSION=\"\" -DPACKAGE_STRING=\"\" -DPACKAGE_BUGREPORT=\"\" -DPACKAGE_URL=\"\" -DMAGIC_VERSION=\"8.2\" -DMAGIC_REVISION=\"19\" -DSTDC_HEADERS=1 -DHAVE_SYS_TYPES_H=1 -DHAVE_SYS_STAT_H=1 -DHAVE_STDLIB_H=1 -DHAVE_STRING_H=1 -DHAVE_MEMORY_H=1 -DHAVE_STRINGS_H=1 -DHAVE_INTTYPES_H=1 -DHAVE_STDINT_H=1 -DHAVE_UNISTD_H=1 -DSIZEOF_VOID_P=8 -DSIZEOF_UNSIGNED_INT=4 -DSIZEOF_UNSIGNED_LONG=8 -DSIZEOF_UNSIGNED_LONG_LONG=8 -DSTDC_HEADERS=1 -DHAVE_SETENV=1 -DHAVE_PUTENV=1 -DHAVE_SYS_MMAN_H=1 -DHAVE_DIRENT_H=1 -DHAVE_LIMITS_H=1 -DHAVE_PATHS_H=1 -DHAVE_VA_COPY=1 -DHAVE___VA_COPY=1 -DFILE_LOCKS=1 -DCALMA_MODULE=1 -DCIF_MODULE=1 -DX11_BACKING_STORE=1 -DPLOT_MODULE=1 -DLEF_MODULE=1 -DROUTE_MODULE=1 -DUSE_NEW_MACROS=1 -DVECTOR_FONTS=1 -DHAVE_LIBCAIRO=1 -DMAGIC_WRAPPER=1 -Dlinux=1 -DSYSV=1 -DISC=1 -DNDEBUG -DGCORE=\"/usr/bin/gcore\" -DSHDLIB_EXT=\".so\" -DX11 -DXLIB -DCAIRO -DNDEBUG  -c grTCairo1.c
--- linking libgraphics.o
rm -f libgraphics.o
ld -r grMain.o grLock.o grDStyle.o grText.o grCMap.o grClip.o grGlyphs.o grNull.o W3Dmain.o grTk1.o grTk2.o grTk3.o grTk4.o grTk5.o grTCairo1.o grTCairo2.o grTCairo3.o grTCairo4.o grTCairo5.o grTkCommon.o -o libgraphics.o 
make[2]: Leaving directory `/home/chuan/Desktop/magic-8.2/graphics'
make[2]: Entering directory `/home/chuan/Desktop/magic-8.2/netmenu'
make[2]: Nothing to be done for `module'.
make[2]: Leaving directory `/home/chuan/Desktop/magic-8.2/netmenu'
make[2]: Entering directory `/home/chuan/Desktop/magic-8.2/plow'
make[2]: Nothing to be done for `module'.
make[2]: Leaving directory `/home/chuan/Desktop/magic-8.2/plow'
make[2]: Entering directory `/home/chuan/Desktop/magic-8.2/resis'
make[2]: Nothing to be done for `module'.
make[2]: Leaving directory `/home/chuan/Desktop/magic-8.2/resis'
make[2]: Entering directory `/home/chuan/Desktop/magic-8.2/select'
make[2]: Nothing to be done for `module'.
make[2]: Leaving directory `/home/chuan/Desktop/magic-8.2/select'
make[2]: Entering directory `/home/chuan/Desktop/magic-8.2/sim'
make[2]: Nothing to be done for `module'.
make[2]: Leaving directory `/home/chuan/Desktop/magic-8.2/sim'
make[2]: Entering directory `/home/chuan/Desktop/magic-8.2/textio'
make[2]: Nothing to be done for `module'.
make[2]: Leaving directory `/home/chuan/Desktop/magic-8.2/textio'
make[2]: Entering directory `/home/chuan/Desktop/magic-8.2/tiles'
make[2]: Nothing to be done for `module'.
make[2]: Leaving directory `/home/chuan/Desktop/magic-8.2/tiles'
make[2]: Entering directory `/home/chuan/Desktop/magic-8.2/utils'
make[2]: Nothing to be done for `module'.
make[2]: Leaving directory `/home/chuan/Desktop/magic-8.2/utils'
make[2]: Entering directory `/home/chuan/Desktop/magic-8.2/windows'
make[2]: Nothing to be done for `module'.
make[2]: Leaving directory `/home/chuan/Desktop/magic-8.2/windows'
make[2]: Entering directory `/home/chuan/Desktop/magic-8.2/wiring'
make[2]: Nothing to be done for `module'.
make[2]: Leaving directory `/home/chuan/Desktop/magic-8.2/wiring'
make[2]: Entering directory `/home/chuan/Desktop/magic-8.2/ext2sim'
make[2]: Nothing to be done for `module'.
make[2]: Leaving directory `/home/chuan/Desktop/magic-8.2/ext2sim'
make[2]: Entering directory `/home/chuan/Desktop/magic-8.2/ext2spice'
make[2]: Nothing to be done for `module'.
make[2]: Leaving directory `/home/chuan/Desktop/magic-8.2/ext2spice'
make[2]: Entering directory `/home/chuan/Desktop/magic-8.2/calma'
make[2]: Nothing to be done for `module'.
make[2]: Leaving directory `/home/chuan/Desktop/magic-8.2/calma'
make[2]: Entering directory `/home/chuan/Desktop/magic-8.2/cif'
make[2]: Nothing to be done for `module'.
make[2]: Leaving directory `/home/chuan/Desktop/magic-8.2/cif'
make[2]: Entering directory `/home/chuan/Desktop/magic-8.2/plot'
make[2]: Nothing to be done for `module'.
make[2]: Leaving directory `/home/chuan/Desktop/magic-8.2/plot'
make[2]: Entering directory `/home/chuan/Desktop/magic-8.2/lef'
make[2]: Nothing to be done for `module'.
make[2]: Leaving directory `/home/chuan/Desktop/magic-8.2/lef'
make[2]: Entering directory `/home/chuan/Desktop/magic-8.2/garouter'
make[2]: Nothing to be done for `module'.
make[2]: Leaving directory `/home/chuan/Desktop/magic-8.2/garouter'
make[2]: Entering directory `/home/chuan/Desktop/magic-8.2/grouter'
make[2]: Nothing to be done for `module'.
make[2]: Leaving directory `/home/chuan/Desktop/magic-8.2/grouter'
make[2]: Entering directory `/home/chuan/Desktop/magic-8.2/irouter'
make[2]: Nothing to be done for `module'.
make[2]: Leaving directory `/home/chuan/Desktop/magic-8.2/irouter'
make[2]: Entering directory `/home/chuan/Desktop/magic-8.2/mzrouter'
make[2]: Nothing to be done for `module'.
make[2]: Leaving directory `/home/chuan/Desktop/magic-8.2/mzrouter'
make[2]: Entering directory `/home/chuan/Desktop/magic-8.2/router'
make[2]: Nothing to be done for `module'.
make[2]: Leaving directory `/home/chuan/Desktop/magic-8.2/router'
make[2]: Entering directory `/home/chuan/Desktop/magic-8.2/gcr'
make[2]: Nothing to be done for `module'.
make[2]: Leaving directory `/home/chuan/Desktop/magic-8.2/gcr'
make[2]: Entering directory `/home/chuan/Desktop/magic-8.2/tcltk'
make[2]: Nothing to be done for `module'.
make[2]: Leaving directory `/home/chuan/Desktop/magic-8.2/tcltk'
make[2]: Entering directory `/home/chuan/Desktop/magic-8.2/magic'
make[2]: Nothing to be done for `module'.
make[2]: Leaving directory `/home/chuan/Desktop/magic-8.2/magic'
make[2]: Entering directory `/home/chuan/Desktop/magic-8.2/net2ir'
make[2]: Nothing to be done for `module'.
make[2]: Leaving directory `/home/chuan/Desktop/magic-8.2/net2ir'
make[2]: Entering directory `/home/chuan/Desktop/magic-8.2/tcltk'
make[2]: Nothing to be done for `module'.
make[2]: Leaving directory `/home/chuan/Desktop/magic-8.2/tcltk'
--- making Tcl shared libraries
for dir in magic net2ir tcltk; do \
		(cd $dir && make tcl-main); done
make[2]: Entering directory `/home/chuan/Desktop/magic-8.2/magic'
--- making magic Tcl library (tclmagic.so)
rm -f tclmagic.so
gcc -g -m64 -fPIC -Wimplicit-int -fPIC  -I/usr/include/tcl8.6/tk-private/generic -I/usr/include/tcl8.6 -I. -I..  -o tclmagic.so  -shared -Wl,-soname,tclmagic.so -Wl,--version-script=../magic/symbol.map  \
		../cmwind/libcmwind.o ../commands/libcommands.o ../database/libdatabase.o ../dbwind/libdbwind.o ../drc/libdrc.o ../debug/libdebug.o ../extract/libextract.o ../graphics/libgraphics.o ../select/libselect.o ../textio/libtextio.o ../tiles/libtiles.o ../windows/libwindows.o ../wiring/libwiring.o ../resis/libresis.o ../sim/libsim.o ../netmenu/libnetmenu.o ../plow/libplow.o ../utils/libutils.o ../ext2sim/libext2sim.o ../ext2spice/libext2spice.o ../calma/libcalma.o ../cif/libcif.o ../plot/libplot.o ../lef/liblef.o ../extflat/libextflat.o ../garouter/libgarouter.o 	../mzrouter/libmzrouter.o ../router/librouter.o 	../irouter/libirouter.o ../grouter/libgrouter.o 	../gcr/libgcr.o ../tcltk/libtcltk.o -lc -lX11 -lcairo -lfontconfig -lfreetype    -lm   
make[2]: Leaving directory `/home/chuan/Desktop/magic-8.2/magic'
make[2]: Entering directory `/home/chuan/Desktop/magic-8.2/net2ir'
echo "Nothing to do here"
Nothing to do here
make[2]: Leaving directory `/home/chuan/Desktop/magic-8.2/net2ir'
make[2]: Entering directory `/home/chuan/Desktop/magic-8.2/tcltk'
make[2]: Nothing to be done for `tcl-main'.
make[2]: Leaving directory `/home/chuan/Desktop/magic-8.2/tcltk'
make[1]: Leaving directory `/home/chuan/Desktop/magic-8.2'
make[1]: Entering directory `/home/chuan/Desktop/magic-8.2'
--- making modules
for dir in cmwind commands database dbwind debug drc extflat extract graphics netmenu plow resis select sim textio tiles utils windows wiring ext2sim ext2spice calma cif plot lef garouter grouter irouter mzrouter router gcr tcltk magic net2ir tcltk; do \
		(cd $dir && make module); done
make[2]: Entering directory `/home/chuan/Desktop/magic-8.2/cmwind'
make[2]: Nothing to be done for `module'.
make[2]: Leaving directory `/home/chuan/Desktop/magic-8.2/cmwind'
make[2]: Entering directory `/home/chuan/Desktop/magic-8.2/commands'
make[2]: Nothing to be done for `module'.
make[2]: Leaving directory `/home/chuan/Desktop/magic-8.2/commands'
make[2]: Entering directory `/home/chuan/Desktop/magic-8.2/database'
make[2]: Nothing to be done for `module'.
make[2]: Leaving directory `/home/chuan/Desktop/magic-8.2/database'
make[2]: Entering directory `/home/chuan/Desktop/magic-8.2/dbwind'
make[2]: Nothing to be done for `module'.
make[2]: Leaving directory `/home/chuan/Desktop/magic-8.2/dbwind'
make[2]: Entering directory `/home/chuan/Desktop/magic-8.2/debug'
make[2]: Nothing to be done for `module'.
make[2]: Leaving directory `/home/chuan/Desktop/magic-8.2/debug'
make[2]: Entering directory `/home/chuan/Desktop/magic-8.2/drc'
make[2]: Nothing to be done for `module'.
make[2]: Leaving directory `/home/chuan/Desktop/magic-8.2/drc'
make[2]: Entering directory `/home/chuan/Desktop/magic-8.2/extflat'
make[2]: Nothing to be done for `module'.
make[2]: Leaving directory `/home/chuan/Desktop/magic-8.2/extflat'
make[2]: Entering directory `/home/chuan/Desktop/magic-8.2/extract'
make[2]: Nothing to be done for `module'.
make[2]: Leaving directory `/home/chuan/Desktop/magic-8.2/extract'
make[2]: Entering directory `/home/chuan/Desktop/magic-8.2/graphics'
--- compiling graphics/grTCairo1.o
rm -f grTCairo1.o
gcc -g -m64 -fPIC -Wimplicit-int -fPIC  -I/usr/include/tcl8.6/tk-private/generic -I/usr/include/tcl8.6  -I. -I..  -DCAD_DIR=\"/home/chuan/Desktop/magic_install/lib\" -DBIN_DIR=\"/home/chuan/Desktop/magic_install/bin\" -DTCL_DIR=\"/home/chuan/Desktop/magic_install/lib/magic/tcl\" -DPACKAGE_NAME=\"\" -DPACKAGE_TARNAME=\"\" -DPACKAGE_VERSION=\"\" -DPACKAGE_STRING=\"\" -DPACKAGE_BUGREPORT=\"\" -DPACKAGE_URL=\"\" -DMAGIC_VERSION=\"8.2\" -DMAGIC_REVISION=\"19\" -DSTDC_HEADERS=1 -DHAVE_SYS_TYPES_H=1 -DHAVE_SYS_STAT_H=1 -DHAVE_STDLIB_H=1 -DHAVE_STRING_H=1 -DHAVE_MEMORY_H=1 -DHAVE_STRINGS_H=1 -DHAVE_INTTYPES_H=1 -DHAVE_STDINT_H=1 -DHAVE_UNISTD_H=1 -DSIZEOF_VOID_P=8 -DSIZEOF_UNSIGNED_INT=4 -DSIZEOF_UNSIGNED_LONG=8 -DSIZEOF_UNSIGNED_LONG_LONG=8 -DSTDC_HEADERS=1 -DHAVE_SETENV=1 -DHAVE_PUTENV=1 -DHAVE_SYS_MMAN_H=1 -DHAVE_DIRENT_H=1 -DHAVE_LIMITS_H=1 -DHAVE_PATHS_H=1 -DHAVE_VA_COPY=1 -DHAVE___VA_COPY=1 -DFILE_LOCKS=1 -DCALMA_MODULE=1 -DCIF_MODULE=1 -DX11_BACKING_STORE=1 -DPLOT_MODULE=1 -DLEF_MODULE=1 -DROUTE_MODULE=1 -DUSE_NEW_MACROS=1 -DVECTOR_FONTS=1 -DHAVE_LIBCAIRO=1 -DMAGIC_WRAPPER=1 -Dlinux=1 -DSYSV=1 -DISC=1 -DNDEBUG -DGCORE=\"/usr/bin/gcore\" -DSHDLIB_EXT=\".so\" -DX11 -DXLIB -DCAIRO -DNDEBUG  -c grTCairo1.c
--- linking libgraphics.o
rm -f libgraphics.o
ld -r grMain.o grLock.o grDStyle.o grText.o grCMap.o grClip.o grGlyphs.o grNull.o W3Dmain.o grTk1.o grTk2.o grTk3.o grTk4.o grTk5.o grTCairo1.o grTCairo2.o grTCairo3.o grTCairo4.o grTCairo5.o grTkCommon.o -o libgraphics.o 
make[2]: Leaving directory `/home/chuan/Desktop/magic-8.2/graphics'
make[2]: Entering directory `/home/chuan/Desktop/magic-8.2/netmenu'
make[2]: Nothing to be done for `module'.
make[2]: Leaving directory `/home/chuan/Desktop/magic-8.2/netmenu'
make[2]: Entering directory `/home/chuan/Desktop/magic-8.2/plow'
make[2]: Nothing to be done for `module'.
make[2]: Leaving directory `/home/chuan/Desktop/magic-8.2/plow'
make[2]: Entering directory `/home/chuan/Desktop/magic-8.2/resis'
make[2]: Nothing to be done for `module'.
make[2]: Leaving directory `/home/chuan/Desktop/magic-8.2/resis'
make[2]: Entering directory `/home/chuan/Desktop/magic-8.2/select'
make[2]: Nothing to be done for `module'.
make[2]: Leaving directory `/home/chuan/Desktop/magic-8.2/select'
make[2]: Entering directory `/home/chuan/Desktop/magic-8.2/sim'
make[2]: Nothing to be done for `module'.
make[2]: Leaving directory `/home/chuan/Desktop/magic-8.2/sim'
make[2]: Entering directory `/home/chuan/Desktop/magic-8.2/textio'
make[2]: Nothing to be done for `module'.
make[2]: Leaving directory `/home/chuan/Desktop/magic-8.2/textio'
make[2]: Entering directory `/home/chuan/Desktop/magic-8.2/tiles'
make[2]: Nothing to be done for `module'.
make[2]: Leaving directory `/home/chuan/Desktop/magic-8.2/tiles'
make[2]: Entering directory `/home/chuan/Desktop/magic-8.2/utils'
make[2]: Nothing to be done for `module'.
make[2]: Leaving directory `/home/chuan/Desktop/magic-8.2/utils'
make[2]: Entering directory `/home/chuan/Desktop/magic-8.2/windows'
make[2]: Nothing to be done for `module'.
make[2]: Leaving directory `/home/chuan/Desktop/magic-8.2/windows'
make[2]: Entering directory `/home/chuan/Desktop/magic-8.2/wiring'
make[2]: Nothing to be done for `module'.
make[2]: Leaving directory `/home/chuan/Desktop/magic-8.2/wiring'
make[2]: Entering directory `/home/chuan/Desktop/magic-8.2/ext2sim'
make[2]: Nothing to be done for `module'.
make[2]: Leaving directory `/home/chuan/Desktop/magic-8.2/ext2sim'
make[2]: Entering directory `/home/chuan/Desktop/magic-8.2/ext2spice'
make[2]: Nothing to be done for `module'.
make[2]: Leaving directory `/home/chuan/Desktop/magic-8.2/ext2spice'
make[2]: Entering directory `/home/chuan/Desktop/magic-8.2/calma'
make[2]: Nothing to be done for `module'.
make[2]: Leaving directory `/home/chuan/Desktop/magic-8.2/calma'
make[2]: Entering directory `/home/chuan/Desktop/magic-8.2/cif'
make[2]: Nothing to be done for `module'.
make[2]: Leaving directory `/home/chuan/Desktop/magic-8.2/cif'
make[2]: Entering directory `/home/chuan/Desktop/magic-8.2/plot'
make[2]: Nothing to be done for `module'.
make[2]: Leaving directory `/home/chuan/Desktop/magic-8.2/plot'
make[2]: Entering directory `/home/chuan/Desktop/magic-8.2/lef'
make[2]: Nothing to be done for `module'.
make[2]: Leaving directory `/home/chuan/Desktop/magic-8.2/lef'
make[2]: Entering directory `/home/chuan/Desktop/magic-8.2/garouter'
make[2]: Nothing to be done for `module'.
make[2]: Leaving directory `/home/chuan/Desktop/magic-8.2/garouter'
make[2]: Entering directory `/home/chuan/Desktop/magic-8.2/grouter'
make[2]: Nothing to be done for `module'.
make[2]: Leaving directory `/home/chuan/Desktop/magic-8.2/grouter'
make[2]: Entering directory `/home/chuan/Desktop/magic-8.2/irouter'
make[2]: Nothing to be done for `module'.
make[2]: Leaving directory `/home/chuan/Desktop/magic-8.2/irouter'
make[2]: Entering directory `/home/chuan/Desktop/magic-8.2/mzrouter'
make[2]: Nothing to be done for `module'.
make[2]: Leaving directory `/home/chuan/Desktop/magic-8.2/mzrouter'
make[2]: Entering directory `/home/chuan/Desktop/magic-8.2/router'
make[2]: Nothing to be done for `module'.
make[2]: Leaving directory `/home/chuan/Desktop/magic-8.2/router'
make[2]: Entering directory `/home/chuan/Desktop/magic-8.2/gcr'
make[2]: Nothing to be done for `module'.
make[2]: Leaving directory `/home/chuan/Desktop/magic-8.2/gcr'
make[2]: Entering directory `/home/chuan/Desktop/magic-8.2/tcltk'
make[2]: Nothing to be done for `module'.
make[2]: Leaving directory `/home/chuan/Desktop/magic-8.2/tcltk'
make[2]: Entering directory `/home/chuan/Desktop/magic-8.2/magic'
make[2]: Nothing to be done for `module'.
make[2]: Leaving directory `/home/chuan/Desktop/magic-8.2/magic'
make[2]: Entering directory `/home/chuan/Desktop/magic-8.2/net2ir'
make[2]: Nothing to be done for `module'.
make[2]: Leaving directory `/home/chuan/Desktop/magic-8.2/net2ir'
make[2]: Entering directory `/home/chuan/Desktop/magic-8.2/tcltk'
make[2]: Nothing to be done for `module'.
make[2]: Leaving directory `/home/chuan/Desktop/magic-8.2/tcltk'
--- making Tcl shared libraries
for dir in magic net2ir tcltk; do \
		(cd $dir && make tcl-main); done
make[2]: Entering directory `/home/chuan/Desktop/magic-8.2/magic'
--- making magic Tcl library (tclmagic.so)
rm -f tclmagic.so
gcc -g -m64 -fPIC -Wimplicit-int -fPIC  -I/usr/include/tcl8.6/tk-private/generic -I/usr/include/tcl8.6 -I. -I..  -o tclmagic.so  -shared -Wl,-soname,tclmagic.so -Wl,--version-script=../magic/symbol.map  \
		../cmwind/libcmwind.o ../commands/libcommands.o ../database/libdatabase.o ../dbwind/libdbwind.o ../drc/libdrc.o ../debug/libdebug.o ../extract/libextract.o ../graphics/libgraphics.o ../select/libselect.o ../textio/libtextio.o ../tiles/libtiles.o ../windows/libwindows.o ../wiring/libwiring.o ../resis/libresis.o ../sim/libsim.o ../netmenu/libnetmenu.o ../plow/libplow.o ../utils/libutils.o ../ext2sim/libext2sim.o ../ext2spice/libext2spice.o ../calma/libcalma.o ../cif/libcif.o ../plot/libplot.o ../lef/liblef.o ../extflat/libextflat.o ../garouter/libgarouter.o 	../mzrouter/libmzrouter.o ../router/librouter.o 	../irouter/libirouter.o ../grouter/libgrouter.o 	../gcr/libgcr.o ../tcltk/libtcltk.o -lc -lX11 -lcairo -lfontconfig -lfreetype    -lm   
make[2]: Leaving directory `/home/chuan/Desktop/magic-8.2/magic'
make[2]: Entering directory `/home/chuan/Desktop/magic-8.2/net2ir'
echo "Nothing to do here"
Nothing to do here
make[2]: Leaving directory `/home/chuan/Desktop/magic-8.2/net2ir'
make[2]: Entering directory `/home/chuan/Desktop/magic-8.2/tcltk'
make[2]: Nothing to be done for `tcl-main'.
make[2]: Leaving directory `/home/chuan/Desktop/magic-8.2/tcltk'
make[1]: Leaving directory `/home/chuan/Desktop/magic-8.2'
make[1]: Entering directory `/home/chuan/Desktop/magic-8.2'
--- making modules
for dir in cmwind commands database dbwind debug drc extflat extract graphics netmenu plow resis select sim textio tiles utils windows wiring ext2sim ext2spice calma cif plot lef garouter grouter irouter mzrouter router gcr tcltk magic net2ir tcltk; do \
		(cd $dir && make module); done
make[2]: Entering directory `/home/chuan/Desktop/magic-8.2/cmwind'
make[2]: Nothing to be done for `module'.
make[2]: Leaving directory `/home/chuan/Desktop/magic-8.2/cmwind'
make[2]: Entering directory `/home/chuan/Desktop/magic-8.2/commands'
make[2]: Nothing to be done for `module'.
make[2]: Leaving directory `/home/chuan/Desktop/magic-8.2/commands'
make[2]: Entering directory `/home/chuan/Desktop/magic-8.2/database'
make[2]: Nothing to be done for `module'.
make[2]: Leaving directory `/home/chuan/Desktop/magic-8.2/database'
make[2]: Entering directory `/home/chuan/Desktop/magic-8.2/dbwind'
make[2]: Nothing to be done for `module'.
make[2]: Leaving directory `/home/chuan/Desktop/magic-8.2/dbwind'
make[2]: Entering directory `/home/chuan/Desktop/magic-8.2/debug'
make[2]: Nothing to be done for `module'.
make[2]: Leaving directory `/home/chuan/Desktop/magic-8.2/debug'
make[2]: Entering directory `/home/chuan/Desktop/magic-8.2/drc'
make[2]: Nothing to be done for `module'.
make[2]: Leaving directory `/home/chuan/Desktop/magic-8.2/drc'
make[2]: Entering directory `/home/chuan/Desktop/magic-8.2/extflat'
make[2]: Nothing to be done for `module'.
make[2]: Leaving directory `/home/chuan/Desktop/magic-8.2/extflat'
make[2]: Entering directory `/home/chuan/Desktop/magic-8.2/extract'
make[2]: Nothing to be done for `module'.
make[2]: Leaving directory `/home/chuan/Desktop/magic-8.2/extract'
make[2]: Entering directory `/home/chuan/Desktop/magic-8.2/graphics'
--- compiling graphics/grTCairo1.o
rm -f grTCairo1.o
gcc -g -m64 -fPIC -Wimplicit-int -fPIC  -I/usr/include/tcl8.6/tk-private/generic -I/usr/include/tcl8.6  -I. -I..  -DCAD_DIR=\"/home/chuan/Desktop/magic_install/lib\" -DBIN_DIR=\"/home/chuan/Desktop/magic_install/bin\" -DTCL_DIR=\"/home/chuan/Desktop/magic_install/lib/magic/tcl\" -DPACKAGE_NAME=\"\" -DPACKAGE_TARNAME=\"\" -DPACKAGE_VERSION=\"\" -DPACKAGE_STRING=\"\" -DPACKAGE_BUGREPORT=\"\" -DPACKAGE_URL=\"\" -DMAGIC_VERSION=\"8.2\" -DMAGIC_REVISION=\"19\" -DSTDC_HEADERS=1 -DHAVE_SYS_TYPES_H=1 -DHAVE_SYS_STAT_H=1 -DHAVE_STDLIB_H=1 -DHAVE_STRING_H=1 -DHAVE_MEMORY_H=1 -DHAVE_STRINGS_H=1 -DHAVE_INTTYPES_H=1 -DHAVE_STDINT_H=1 -DHAVE_UNISTD_H=1 -DSIZEOF_VOID_P=8 -DSIZEOF_UNSIGNED_INT=4 -DSIZEOF_UNSIGNED_LONG=8 -DSIZEOF_UNSIGNED_LONG_LONG=8 -DSTDC_HEADERS=1 -DHAVE_SETENV=1 -DHAVE_PUTENV=1 -DHAVE_SYS_MMAN_H=1 -DHAVE_DIRENT_H=1 -DHAVE_LIMITS_H=1 -DHAVE_PATHS_H=1 -DHAVE_VA_COPY=1 -DHAVE___VA_COPY=1 -DFILE_LOCKS=1 -DCALMA_MODULE=1 -DCIF_MODULE=1 -DX11_BACKING_STORE=1 -DPLOT_MODULE=1 -DLEF_MODULE=1 -DROUTE_MODULE=1 -DUSE_NEW_MACROS=1 -DVECTOR_FONTS=1 -DHAVE_LIBCAIRO=1 -DMAGIC_WRAPPER=1 -Dlinux=1 -DSYSV=1 -DISC=1 -DNDEBUG -DGCORE=\"/usr/bin/gcore\" -DSHDLIB_EXT=\".so\" -DX11 -DXLIB -DCAIRO -DNDEBUG  -c grTCairo1.c
--- compiling graphics/grTCairo2.o
rm -f grTCairo2.o
gcc -g -m64 -fPIC -Wimplicit-int -fPIC  -I/usr/include/tcl8.6/tk-private/generic -I/usr/include/tcl8.6  -I. -I..  -DCAD_DIR=\"/home/chuan/Desktop/magic_install/lib\" -DBIN_DIR=\"/home/chuan/Desktop/magic_install/bin\" -DTCL_DIR=\"/home/chuan/Desktop/magic_install/lib/magic/tcl\" -DPACKAGE_NAME=\"\" -DPACKAGE_TARNAME=\"\" -DPACKAGE_VERSION=\"\" -DPACKAGE_STRING=\"\" -DPACKAGE_BUGREPORT=\"\" -DPACKAGE_URL=\"\" -DMAGIC_VERSION=\"8.2\" -DMAGIC_REVISION=\"19\" -DSTDC_HEADERS=1 -DHAVE_SYS_TYPES_H=1 -DHAVE_SYS_STAT_H=1 -DHAVE_STDLIB_H=1 -DHAVE_STRING_H=1 -DHAVE_MEMORY_H=1 -DHAVE_STRINGS_H=1 -DHAVE_INTTYPES_H=1 -DHAVE_STDINT_H=1 -DHAVE_UNISTD_H=1 -DSIZEOF_VOID_P=8 -DSIZEOF_UNSIGNED_INT=4 -DSIZEOF_UNSIGNED_LONG=8 -DSIZEOF_UNSIGNED_LONG_LONG=8 -DSTDC_HEADERS=1 -DHAVE_SETENV=1 -DHAVE_PUTENV=1 -DHAVE_SYS_MMAN_H=1 -DHAVE_DIRENT_H=1 -DHAVE_LIMITS_H=1 -DHAVE_PATHS_H=1 -DHAVE_VA_COPY=1 -DHAVE___VA_COPY=1 -DFILE_LOCKS=1 -DCALMA_MODULE=1 -DCIF_MODULE=1 -DX11_BACKING_STORE=1 -DPLOT_MODULE=1 -DLEF_MODULE=1 -DROUTE_MODULE=1 -DUSE_NEW_MACROS=1 -DVECTOR_FONTS=1 -DHAVE_LIBCAIRO=1 -DMAGIC_WRAPPER=1 -Dlinux=1 -DSYSV=1 -DISC=1 -DNDEBUG -DGCORE=\"/usr/bin/gcore\" -DSHDLIB_EXT=\".so\" -DX11 -DXLIB -DCAIRO -DNDEBUG  -c grTCairo2.c
grTCairo2.c: In function ‘grtcairoFillRects’:
grTCairo2.c:190:37: error: ‘grCairoSurface’ undeclared (first use in this function)
  cairo_mask_surface(grCairoContext, grCairoSurface, 0.0, 0.0);
                                     ^
grTCairo2.c:190:37: note: each undeclared identifier is reported only once for each function it appears in
make[2]: *** [grTCairo2.o] Error 1
make[2]: Leaving directory `/home/chuan/Desktop/magic-8.2/graphics'
make[2]: Entering directory `/home/chuan/Desktop/magic-8.2/netmenu'
make[2]: Nothing to be done for `module'.
make[2]: Leaving directory `/home/chuan/Desktop/magic-8.2/netmenu'
make[2]: Entering directory `/home/chuan/Desktop/magic-8.2/plow'
make[2]: Nothing to be done for `module'.
make[2]: Leaving directory `/home/chuan/Desktop/magic-8.2/plow'
make[2]: Entering directory `/home/chuan/Desktop/magic-8.2/resis'
make[2]: Nothing to be done for `module'.
make[2]: Leaving directory `/home/chuan/Desktop/magic-8.2/resis'
make[2]: Entering directory `/home/chuan/Desktop/magic-8.2/select'
make[2]: Nothing to be done for `module'.
make[2]: Leaving directory `/home/chuan/Desktop/magic-8.2/select'
make[2]: Entering directory `/home/chuan/Desktop/magic-8.2/sim'
make[2]: Nothing to be done for `module'.
make[2]: Leaving directory `/home/chuan/Desktop/magic-8.2/sim'
make[2]: Entering directory `/home/chuan/Desktop/magic-8.2/textio'
make[2]: Nothing to be done for `module'.
make[2]: Leaving directory `/home/chuan/Desktop/magic-8.2/textio'
make[2]: Entering directory `/home/chuan/Desktop/magic-8.2/tiles'
make[2]: Nothing to be done for `module'.
make[2]: Leaving directory `/home/chuan/Desktop/magic-8.2/tiles'
make[2]: Entering directory `/home/chuan/Desktop/magic-8.2/utils'
make[2]: Nothing to be done for `module'.
make[2]: Leaving directory `/home/chuan/Desktop/magic-8.2/utils'
make[2]: Entering directory `/home/chuan/Desktop/magic-8.2/windows'
make[2]: Nothing to be done for `module'.
make[2]: Leaving directory `/home/chuan/Desktop/magic-8.2/windows'
make[2]: Entering directory `/home/chuan/Desktop/magic-8.2/wiring'
make[2]: Nothing to be done for `module'.
make[2]: Leaving directory `/home/chuan/Desktop/magic-8.2/wiring'
make[2]: Entering directory `/home/chuan/Desktop/magic-8.2/ext2sim'
make[2]: Nothing to be done for `module'.
make[2]: Leaving directory `/home/chuan/Desktop/magic-8.2/ext2sim'
make[2]: Entering directory `/home/chuan/Desktop/magic-8.2/ext2spice'
make[2]: Nothing to be done for `module'.
make[2]: Leaving directory `/home/chuan/Desktop/magic-8.2/ext2spice'
make[2]: Entering directory `/home/chuan/Desktop/magic-8.2/calma'
make[2]: Nothing to be done for `module'.
make[2]: Leaving directory `/home/chuan/Desktop/magic-8.2/calma'
make[2]: Entering directory `/home/chuan/Desktop/magic-8.2/cif'
make[2]: Nothing to be done for `module'.
make[2]: Leaving directory `/home/chuan/Desktop/magic-8.2/cif'
make[2]: Entering directory `/home/chuan/Desktop/magic-8.2/plot'
make[2]: Nothing to be done for `module'.
make[2]: Leaving directory `/home/chuan/Desktop/magic-8.2/plot'
make[2]: Entering directory `/home/chuan/Desktop/magic-8.2/lef'
make[2]: Nothing to be done for `module'.
make[2]: Leaving directory `/home/chuan/Desktop/magic-8.2/lef'
make[2]: Entering directory `/home/chuan/Desktop/magic-8.2/garouter'
make[2]: Nothing to be done for `module'.
make[2]: Leaving directory `/home/chuan/Desktop/magic-8.2/garouter'
make[2]: Entering directory `/home/chuan/Desktop/magic-8.2/grouter'
make[2]: Nothing to be done for `module'.
make[2]: Leaving directory `/home/chuan/Desktop/magic-8.2/grouter'
make[2]: Entering directory `/home/chuan/Desktop/magic-8.2/irouter'
make[2]: Nothing to be done for `module'.
make[2]: Leaving directory `/home/chuan/Desktop/magic-8.2/irouter'
make[2]: Entering directory `/home/chuan/Desktop/magic-8.2/mzrouter'
make[2]: Nothing to be done for `module'.
make[2]: Leaving directory `/home/chuan/Desktop/magic-8.2/mzrouter'
make[2]: Entering directory `/home/chuan/Desktop/magic-8.2/router'
make[2]: Nothing to be done for `module'.
make[2]: Leaving directory `/home/chuan/Desktop/magic-8.2/router'
make[2]: Entering directory `/home/chuan/Desktop/magic-8.2/gcr'
make[2]: Nothing to be done for `module'.
make[2]: Leaving directory `/home/chuan/Desktop/magic-8.2/gcr'
make[2]: Entering directory `/home/chuan/Desktop/magic-8.2/tcltk'
make[2]: Nothing to be done for `module'.
make[2]: Leaving directory `/home/chuan/Desktop/magic-8.2/tcltk'
make[2]: Entering directory `/home/chuan/Desktop/magic-8.2/magic'
make[2]: Nothing to be done for `module'.
make[2]: Leaving directory `/home/chuan/Desktop/magic-8.2/magic'
make[2]: Entering directory `/home/chuan/Desktop/magic-8.2/net2ir'
make[2]: Nothing to be done for `module'.
make[2]: Leaving directory `/home/chuan/Desktop/magic-8.2/net2ir'
make[2]: Entering directory `/home/chuan/Desktop/magic-8.2/tcltk'
make[2]: Nothing to be done for `module'.
make[2]: Leaving directory `/home/chuan/Desktop/magic-8.2/tcltk'
--- making Tcl shared libraries
for dir in magic net2ir tcltk; do \
		(cd $dir && make tcl-main); done
make[2]: Entering directory `/home/chuan/Desktop/magic-8.2/magic'
make[2]: Nothing to be done for `tcl-main'.
make[2]: Leaving directory `/home/chuan/Desktop/magic-8.2/magic'
make[2]: Entering directory `/home/chuan/Desktop/magic-8.2/net2ir'
echo "Nothing to do here"
Nothing to do here
make[2]: Leaving directory `/home/chuan/Desktop/magic-8.2/net2ir'
make[2]: Entering directory `/home/chuan/Desktop/magic-8.2/tcltk'
make[2]: Nothing to be done for `tcl-main'.
make[2]: Leaving directory `/home/chuan/Desktop/magic-8.2/tcltk'
make[1]: Leaving directory `/home/chuan/Desktop/magic-8.2'
make[1]: Entering directory `/home/chuan/Desktop/magic-8.2'
--- making modules
for dir in cmwind commands database dbwind debug drc extflat extract graphics netmenu plow resis select sim textio tiles utils windows wiring ext2sim ext2spice calma cif plot lef garouter grouter irouter mzrouter router gcr tcltk magic net2ir tcltk; do \
		(cd $dir && make module); done
make[2]: Entering directory `/home/chuan/Desktop/magic-8.2/cmwind'
make[2]: Nothing to be done for `module'.
make[2]: Leaving directory `/home/chuan/Desktop/magic-8.2/cmwind'
make[2]: Entering directory `/home/chuan/Desktop/magic-8.2/commands'
make[2]: Nothing to be done for `module'.
make[2]: Leaving directory `/home/chuan/Desktop/magic-8.2/commands'
make[2]: Entering directory `/home/chuan/Desktop/magic-8.2/database'
make[2]: Nothing to be done for `module'.
make[2]: Leaving directory `/home/chuan/Desktop/magic-8.2/database'
make[2]: Entering directory `/home/chuan/Desktop/magic-8.2/dbwind'
make[2]: Nothing to be done for `module'.
make[2]: Leaving directory `/home/chuan/Desktop/magic-8.2/dbwind'
make[2]: Entering directory `/home/chuan/Desktop/magic-8.2/debug'
make[2]: Nothing to be done for `module'.
make[2]: Leaving directory `/home/chuan/Desktop/magic-8.2/debug'
make[2]: Entering directory `/home/chuan/Desktop/magic-8.2/drc'
make[2]: Nothing to be done for `module'.
make[2]: Leaving directory `/home/chuan/Desktop/magic-8.2/drc'
make[2]: Entering directory `/home/chuan/Desktop/magic-8.2/extflat'
make[2]: Nothing to be done for `module'.
make[2]: Leaving directory `/home/chuan/Desktop/magic-8.2/extflat'
make[2]: Entering directory `/home/chuan/Desktop/magic-8.2/extract'
make[2]: Nothing to be done for `module'.
make[2]: Leaving directory `/home/chuan/Desktop/magic-8.2/extract'
make[2]: Entering directory `/home/chuan/Desktop/magic-8.2/graphics'
--- compiling graphics/grTCairo1.o
rm -f grTCairo1.o
gcc -g -m64 -fPIC -Wimplicit-int -fPIC  -I/usr/include/tcl8.6/tk-private/generic -I/usr/include/tcl8.6  -I. -I..  -DCAD_DIR=\"/home/chuan/Desktop/magic_install/lib\" -DBIN_DIR=\"/home/chuan/Desktop/magic_install/bin\" -DTCL_DIR=\"/home/chuan/Desktop/magic_install/lib/magic/tcl\" -DPACKAGE_NAME=\"\" -DPACKAGE_TARNAME=\"\" -DPACKAGE_VERSION=\"\" -DPACKAGE_STRING=\"\" -DPACKAGE_BUGREPORT=\"\" -DPACKAGE_URL=\"\" -DMAGIC_VERSION=\"8.2\" -DMAGIC_REVISION=\"19\" -DSTDC_HEADERS=1 -DHAVE_SYS_TYPES_H=1 -DHAVE_SYS_STAT_H=1 -DHAVE_STDLIB_H=1 -DHAVE_STRING_H=1 -DHAVE_MEMORY_H=1 -DHAVE_STRINGS_H=1 -DHAVE_INTTYPES_H=1 -DHAVE_STDINT_H=1 -DHAVE_UNISTD_H=1 -DSIZEOF_VOID_P=8 -DSIZEOF_UNSIGNED_INT=4 -DSIZEOF_UNSIGNED_LONG=8 -DSIZEOF_UNSIGNED_LONG_LONG=8 -DSTDC_HEADERS=1 -DHAVE_SETENV=1 -DHAVE_PUTENV=1 -DHAVE_SYS_MMAN_H=1 -DHAVE_DIRENT_H=1 -DHAVE_LIMITS_H=1 -DHAVE_PATHS_H=1 -DHAVE_VA_COPY=1 -DHAVE___VA_COPY=1 -DFILE_LOCKS=1 -DCALMA_MODULE=1 -DCIF_MODULE=1 -DX11_BACKING_STORE=1 -DPLOT_MODULE=1 -DLEF_MODULE=1 -DROUTE_MODULE=1 -DUSE_NEW_MACROS=1 -DVECTOR_FONTS=1 -DHAVE_LIBCAIRO=1 -DMAGIC_WRAPPER=1 -Dlinux=1 -DSYSV=1 -DISC=1 -DNDEBUG -DGCORE=\"/usr/bin/gcore\" -DSHDLIB_EXT=\".so\" -DX11 -DXLIB -DCAIRO -DNDEBUG  -c grTCairo1.c
--- compiling graphics/grTCairo2.o
rm -f grTCairo2.o
gcc -g -m64 -fPIC -Wimplicit-int -fPIC  -I/usr/include/tcl8.6/tk-private/generic -I/usr/include/tcl8.6  -I. -I..  -DCAD_DIR=\"/home/chuan/Desktop/magic_install/lib\" -DBIN_DIR=\"/home/chuan/Desktop/magic_install/bin\" -DTCL_DIR=\"/home/chuan/Desktop/magic_install/lib/magic/tcl\" -DPACKAGE_NAME=\"\" -DPACKAGE_TARNAME=\"\" -DPACKAGE_VERSION=\"\" -DPACKAGE_STRING=\"\" -DPACKAGE_BUGREPORT=\"\" -DPACKAGE_URL=\"\" -DMAGIC_VERSION=\"8.2\" -DMAGIC_REVISION=\"19\" -DSTDC_HEADERS=1 -DHAVE_SYS_TYPES_H=1 -DHAVE_SYS_STAT_H=1 -DHAVE_STDLIB_H=1 -DHAVE_STRING_H=1 -DHAVE_MEMORY_H=1 -DHAVE_STRINGS_H=1 -DHAVE_INTTYPES_H=1 -DHAVE_STDINT_H=1 -DHAVE_UNISTD_H=1 -DSIZEOF_VOID_P=8 -DSIZEOF_UNSIGNED_INT=4 -DSIZEOF_UNSIGNED_LONG=8 -DSIZEOF_UNSIGNED_LONG_LONG=8 -DSTDC_HEADERS=1 -DHAVE_SETENV=1 -DHAVE_PUTENV=1 -DHAVE_SYS_MMAN_H=1 -DHAVE_DIRENT_H=1 -DHAVE_LIMITS_H=1 -DHAVE_PATHS_H=1 -DHAVE_VA_COPY=1 -DHAVE___VA_COPY=1 -DFILE_LOCKS=1 -DCALMA_MODULE=1 -DCIF_MODULE=1 -DX11_BACKING_STORE=1 -DPLOT_MODULE=1 -DLEF_MODULE=1 -DROUTE_MODULE=1 -DUSE_NEW_MACROS=1 -DVECTOR_FONTS=1 -DHAVE_LIBCAIRO=1 -DMAGIC_WRAPPER=1 -Dlinux=1 -DSYSV=1 -DISC=1 -DNDEBUG -DGCORE=\"/usr/bin/gcore\" -DSHDLIB_EXT=\".so\" -DX11 -DXLIB -DCAIRO -DNDEBUG  -c grTCairo2.c
--- linking libgraphics.o
rm -f libgraphics.o
ld -r grMain.o grLock.o grDStyle.o grText.o grCMap.o grClip.o grGlyphs.o grNull.o W3Dmain.o grTk1.o grTk2.o grTk3.o grTk4.o grTk5.o grTCairo1.o grTCairo2.o grTCairo3.o grTCairo4.o grTCairo5.o grTkCommon.o -o libgraphics.o 
make[2]: Leaving directory `/home/chuan/Desktop/magic-8.2/graphics'
make[2]: Entering directory `/home/chuan/Desktop/magic-8.2/netmenu'
make[2]: Nothing to be done for `module'.
make[2]: Leaving directory `/home/chuan/Desktop/magic-8.2/netmenu'
make[2]: Entering directory `/home/chuan/Desktop/magic-8.2/plow'
make[2]: Nothing to be done for `module'.
make[2]: Leaving directory `/home/chuan/Desktop/magic-8.2/plow'
make[2]: Entering directory `/home/chuan/Desktop/magic-8.2/resis'
make[2]: Nothing to be done for `module'.
make[2]: Leaving directory `/home/chuan/Desktop/magic-8.2/resis'
make[2]: Entering directory `/home/chuan/Desktop/magic-8.2/select'
make[2]: Nothing to be done for `module'.
make[2]: Leaving directory `/home/chuan/Desktop/magic-8.2/select'
make[2]: Entering directory `/home/chuan/Desktop/magic-8.2/sim'
make[2]: Nothing to be done for `module'.
make[2]: Leaving directory `/home/chuan/Desktop/magic-8.2/sim'
make[2]: Entering directory `/home/chuan/Desktop/magic-8.2/textio'
make[2]: Nothing to be done for `module'.
make[2]: Leaving directory `/home/chuan/Desktop/magic-8.2/textio'
make[2]: Entering directory `/home/chuan/Desktop/magic-8.2/tiles'
make[2]: Nothing to be done for `module'.
make[2]: Leaving directory `/home/chuan/Desktop/magic-8.2/tiles'
make[2]: Entering directory `/home/chuan/Desktop/magic-8.2/utils'
make[2]: Nothing to be done for `module'.
make[2]: Leaving directory `/home/chuan/Desktop/magic-8.2/utils'
make[2]: Entering directory `/home/chuan/Desktop/magic-8.2/windows'
make[2]: Nothing to be done for `module'.
make[2]: Leaving directory `/home/chuan/Desktop/magic-8.2/windows'
make[2]: Entering directory `/home/chuan/Desktop/magic-8.2/wiring'
make[2]: Nothing to be done for `module'.
make[2]: Leaving directory `/home/chuan/Desktop/magic-8.2/wiring'
make[2]: Entering directory `/home/chuan/Desktop/magic-8.2/ext2sim'
make[2]: Nothing to be done for `module'.
make[2]: Leaving directory `/home/chuan/Desktop/magic-8.2/ext2sim'
make[2]: Entering directory `/home/chuan/Desktop/magic-8.2/ext2spice'
make[2]: Nothing to be done for `module'.
make[2]: Leaving directory `/home/chuan/Desktop/magic-8.2/ext2spice'
make[2]: Entering directory `/home/chuan/Desktop/magic-8.2/calma'
make[2]: Nothing to be done for `module'.
make[2]: Leaving directory `/home/chuan/Desktop/magic-8.2/calma'
make[2]: Entering directory `/home/chuan/Desktop/magic-8.2/cif'
make[2]: Nothing to be done for `module'.
make[2]: Leaving directory `/home/chuan/Desktop/magic-8.2/cif'
make[2]: Entering directory `/home/chuan/Desktop/magic-8.2/plot'
make[2]: Nothing to be done for `module'.
make[2]: Leaving directory `/home/chuan/Desktop/magic-8.2/plot'
make[2]: Entering directory `/home/chuan/Desktop/magic-8.2/lef'
make[2]: Nothing to be done for `module'.
make[2]: Leaving directory `/home/chuan/Desktop/magic-8.2/lef'
make[2]: Entering directory `/home/chuan/Desktop/magic-8.2/garouter'
make[2]: Nothing to be done for `module'.
make[2]: Leaving directory `/home/chuan/Desktop/magic-8.2/garouter'
make[2]: Entering directory `/home/chuan/Desktop/magic-8.2/grouter'
make[2]: Nothing to be done for `module'.
make[2]: Leaving directory `/home/chuan/Desktop/magic-8.2/grouter'
make[2]: Entering directory `/home/chuan/Desktop/magic-8.2/irouter'
make[2]: Nothing to be done for `module'.
make[2]: Leaving directory `/home/chuan/Desktop/magic-8.2/irouter'
make[2]: Entering directory `/home/chuan/Desktop/magic-8.2/mzrouter'
make[2]: Nothing to be done for `module'.
make[2]: Leaving directory `/home/chuan/Desktop/magic-8.2/mzrouter'
make[2]: Entering directory `/home/chuan/Desktop/magic-8.2/router'
make[2]: Nothing to be done for `module'.
make[2]: Leaving directory `/home/chuan/Desktop/magic-8.2/router'
make[2]: Entering directory `/home/chuan/Desktop/magic-8.2/gcr'
make[2]: Nothing to be done for `module'.
make[2]: Leaving directory `/home/chuan/Desktop/magic-8.2/gcr'
make[2]: Entering directory `/home/chuan/Desktop/magic-8.2/tcltk'
make[2]: Nothing to be done for `module'.
make[2]: Leaving directory `/home/chuan/Desktop/magic-8.2/tcltk'
make[2]: Entering directory `/home/chuan/Desktop/magic-8.2/magic'
make[2]: Nothing to be done for `module'.
make[2]: Leaving directory `/home/chuan/Desktop/magic-8.2/magic'
make[2]: Entering directory `/home/chuan/Desktop/magic-8.2/net2ir'
make[2]: Nothing to be done for `module'.
make[2]: Leaving directory `/home/chuan/Desktop/magic-8.2/net2ir'
make[2]: Entering directory `/home/chuan/Desktop/magic-8.2/tcltk'
make[2]: Nothing to be done for `module'.
make[2]: Leaving directory `/home/chuan/Desktop/magic-8.2/tcltk'
--- making Tcl shared libraries
for dir in magic net2ir tcltk; do \
		(cd $dir && make tcl-main); done
make[2]: Entering directory `/home/chuan/Desktop/magic-8.2/magic'
--- making magic Tcl library (tclmagic.so)
rm -f tclmagic.so
gcc -g -m64 -fPIC -Wimplicit-int -fPIC  -I/usr/include/tcl8.6/tk-private/generic -I/usr/include/tcl8.6 -I. -I..  -o tclmagic.so  -shared -Wl,-soname,tclmagic.so -Wl,--version-script=../magic/symbol.map  \
		../cmwind/libcmwind.o ../commands/libcommands.o ../database/libdatabase.o ../dbwind/libdbwind.o ../drc/libdrc.o ../debug/libdebug.o ../extract/libextract.o ../graphics/libgraphics.o ../select/libselect.o ../textio/libtextio.o ../tiles/libtiles.o ../windows/libwindows.o ../wiring/libwiring.o ../resis/libresis.o ../sim/libsim.o ../netmenu/libnetmenu.o ../plow/libplow.o ../utils/libutils.o ../ext2sim/libext2sim.o ../ext2spice/libext2spice.o ../calma/libcalma.o ../cif/libcif.o ../plot/libplot.o ../lef/liblef.o ../extflat/libextflat.o ../garouter/libgarouter.o 	../mzrouter/libmzrouter.o ../router/librouter.o 	../irouter/libirouter.o ../grouter/libgrouter.o 	../gcr/libgcr.o ../tcltk/libtcltk.o -lc -lX11 -lcairo -lfontconfig -lfreetype    -lm   
make[2]: Leaving directory `/home/chuan/Desktop/magic-8.2/magic'
make[2]: Entering directory `/home/chuan/Desktop/magic-8.2/net2ir'
echo "Nothing to do here"
Nothing to do here
make[2]: Leaving directory `/home/chuan/Desktop/magic-8.2/net2ir'
make[2]: Entering directory `/home/chuan/Desktop/magic-8.2/tcltk'
make[2]: Nothing to be done for `tcl-main'.
make[2]: Leaving directory `/home/chuan/Desktop/magic-8.2/tcltk'
make[1]: Leaving directory `/home/chuan/Desktop/magic-8.2'
make[1]: Entering directory `/home/chuan/Desktop/magic-8.2'
--- making modules
for dir in cmwind commands database dbwind debug drc extflat extract graphics netmenu plow resis select sim textio tiles utils windows wiring ext2sim ext2spice calma cif plot lef garouter grouter irouter mzrouter router gcr tcltk magic net2ir tcltk; do \
		(cd $dir && make module); done
make[2]: Entering directory `/home/chuan/Desktop/magic-8.2/cmwind'
make[2]: Nothing to be done for `module'.
make[2]: Leaving directory `/home/chuan/Desktop/magic-8.2/cmwind'
make[2]: Entering directory `/home/chuan/Desktop/magic-8.2/commands'
make[2]: Nothing to be done for `module'.
make[2]: Leaving directory `/home/chuan/Desktop/magic-8.2/commands'
make[2]: Entering directory `/home/chuan/Desktop/magic-8.2/database'
make[2]: Nothing to be done for `module'.
make[2]: Leaving directory `/home/chuan/Desktop/magic-8.2/database'
make[2]: Entering directory `/home/chuan/Desktop/magic-8.2/dbwind'
make[2]: Nothing to be done for `module'.
make[2]: Leaving directory `/home/chuan/Desktop/magic-8.2/dbwind'
make[2]: Entering directory `/home/chuan/Desktop/magic-8.2/debug'
make[2]: Nothing to be done for `module'.
make[2]: Leaving directory `/home/chuan/Desktop/magic-8.2/debug'
make[2]: Entering directory `/home/chuan/Desktop/magic-8.2/drc'
make[2]: Nothing to be done for `module'.
make[2]: Leaving directory `/home/chuan/Desktop/magic-8.2/drc'
make[2]: Entering directory `/home/chuan/Desktop/magic-8.2/extflat'
make[2]: Nothing to be done for `module'.
make[2]: Leaving directory `/home/chuan/Desktop/magic-8.2/extflat'
make[2]: Entering directory `/home/chuan/Desktop/magic-8.2/extract'
make[2]: Nothing to be done for `module'.
make[2]: Leaving directory `/home/chuan/Desktop/magic-8.2/extract'
make[2]: Entering directory `/home/chuan/Desktop/magic-8.2/graphics'
--- compiling graphics/grTCairo1.o
rm -f grTCairo1.o
gcc -g -m64 -fPIC -Wimplicit-int -fPIC  -I/usr/include/tcl8.6/tk-private/generic -I/usr/include/tcl8.6  -I. -I..  -DCAD_DIR=\"/home/chuan/Desktop/magic_install/lib\" -DBIN_DIR=\"/home/chuan/Desktop/magic_install/bin\" -DTCL_DIR=\"/home/chuan/Desktop/magic_install/lib/magic/tcl\" -DPACKAGE_NAME=\"\" -DPACKAGE_TARNAME=\"\" -DPACKAGE_VERSION=\"\" -DPACKAGE_STRING=\"\" -DPACKAGE_BUGREPORT=\"\" -DPACKAGE_URL=\"\" -DMAGIC_VERSION=\"8.2\" -DMAGIC_REVISION=\"19\" -DSTDC_HEADERS=1 -DHAVE_SYS_TYPES_H=1 -DHAVE_SYS_STAT_H=1 -DHAVE_STDLIB_H=1 -DHAVE_STRING_H=1 -DHAVE_MEMORY_H=1 -DHAVE_STRINGS_H=1 -DHAVE_INTTYPES_H=1 -DHAVE_STDINT_H=1 -DHAVE_UNISTD_H=1 -DSIZEOF_VOID_P=8 -DSIZEOF_UNSIGNED_INT=4 -DSIZEOF_UNSIGNED_LONG=8 -DSIZEOF_UNSIGNED_LONG_LONG=8 -DSTDC_HEADERS=1 -DHAVE_SETENV=1 -DHAVE_PUTENV=1 -DHAVE_SYS_MMAN_H=1 -DHAVE_DIRENT_H=1 -DHAVE_LIMITS_H=1 -DHAVE_PATHS_H=1 -DHAVE_VA_COPY=1 -DHAVE___VA_COPY=1 -DFILE_LOCKS=1 -DCALMA_MODULE=1 -DCIF_MODULE=1 -DX11_BACKING_STORE=1 -DPLOT_MODULE=1 -DLEF_MODULE=1 -DROUTE_MODULE=1 -DUSE_NEW_MACROS=1 -DVECTOR_FONTS=1 -DHAVE_LIBCAIRO=1 -DMAGIC_WRAPPER=1 -Dlinux=1 -DSYSV=1 -DISC=1 -DNDEBUG -DGCORE=\"/usr/bin/gcore\" -DSHDLIB_EXT=\".so\" -DX11 -DXLIB -DCAIRO -DNDEBUG  -c grTCairo1.c
--- linking libgraphics.o
rm -f libgraphics.o
ld -r grMain.o grLock.o grDStyle.o grText.o grCMap.o grClip.o grGlyphs.o grNull.o W3Dmain.o grTk1.o grTk2.o grTk3.o grTk4.o grTk5.o grTCairo1.o grTCairo2.o grTCairo3.o grTCairo4.o grTCairo5.o grTkCommon.o -o libgraphics.o 
make[2]: Leaving directory `/home/chuan/Desktop/magic-8.2/graphics'
make[2]: Entering directory `/home/chuan/Desktop/magic-8.2/netmenu'
make[2]: Nothing to be done for `module'.
make[2]: Leaving directory `/home/chuan/Desktop/magic-8.2/netmenu'
make[2]: Entering directory `/home/chuan/Desktop/magic-8.2/plow'
make[2]: Nothing to be done for `module'.
make[2]: Leaving directory `/home/chuan/Desktop/magic-8.2/plow'
make[2]: Entering directory `/home/chuan/Desktop/magic-8.2/resis'
make[2]: Nothing to be done for `module'.
make[2]: Leaving directory `/home/chuan/Desktop/magic-8.2/resis'
make[2]: Entering directory `/home/chuan/Desktop/magic-8.2/select'
make[2]: Nothing to be done for `module'.
make[2]: Leaving directory `/home/chuan/Desktop/magic-8.2/select'
make[2]: Entering directory `/home/chuan/Desktop/magic-8.2/sim'
make[2]: Nothing to be done for `module'.
make[2]: Leaving directory `/home/chuan/Desktop/magic-8.2/sim'
make[2]: Entering directory `/home/chuan/Desktop/magic-8.2/textio'
make[2]: Nothing to be done for `module'.
make[2]: Leaving directory `/home/chuan/Desktop/magic-8.2/textio'
make[2]: Entering directory `/home/chuan/Desktop/magic-8.2/tiles'
make[2]: Nothing to be done for `module'.
make[2]: Leaving directory `/home/chuan/Desktop/magic-8.2/tiles'
make[2]: Entering directory `/home/chuan/Desktop/magic-8.2/utils'
make[2]: Nothing to be done for `module'.
make[2]: Leaving directory `/home/chuan/Desktop/magic-8.2/utils'
make[2]: Entering directory `/home/chuan/Desktop/magic-8.2/windows'
make[2]: Nothing to be done for `module'.
make[2]: Leaving directory `/home/chuan/Desktop/magic-8.2/windows'
make[2]: Entering directory `/home/chuan/Desktop/magic-8.2/wiring'
make[2]: Nothing to be done for `module'.
make[2]: Leaving directory `/home/chuan/Desktop/magic-8.2/wiring'
make[2]: Entering directory `/home/chuan/Desktop/magic-8.2/ext2sim'
make[2]: Nothing to be done for `module'.
make[2]: Leaving directory `/home/chuan/Desktop/magic-8.2/ext2sim'
make[2]: Entering directory `/home/chuan/Desktop/magic-8.2/ext2spice'
make[2]: Nothing to be done for `module'.
make[2]: Leaving directory `/home/chuan/Desktop/magic-8.2/ext2spice'
make[2]: Entering directory `/home/chuan/Desktop/magic-8.2/calma'
make[2]: Nothing to be done for `module'.
make[2]: Leaving directory `/home/chuan/Desktop/magic-8.2/calma'
make[2]: Entering directory `/home/chuan/Desktop/magic-8.2/cif'
make[2]: Nothing to be done for `module'.
make[2]: Leaving directory `/home/chuan/Desktop/magic-8.2/cif'
make[2]: Entering directory `/home/chuan/Desktop/magic-8.2/plot'
make[2]: Nothing to be done for `module'.
make[2]: Leaving directory `/home/chuan/Desktop/magic-8.2/plot'
make[2]: Entering directory `/home/chuan/Desktop/magic-8.2/lef'
make[2]: Nothing to be done for `module'.
make[2]: Leaving directory `/home/chuan/Desktop/magic-8.2/lef'
make[2]: Entering directory `/home/chuan/Desktop/magic-8.2/garouter'
make[2]: Nothing to be done for `module'.
make[2]: Leaving directory `/home/chuan/Desktop/magic-8.2/garouter'
make[2]: Entering directory `/home/chuan/Desktop/magic-8.2/grouter'
make[2]: Nothing to be done for `module'.
make[2]: Leaving directory `/home/chuan/Desktop/magic-8.2/grouter'
make[2]: Entering directory `/home/chuan/Desktop/magic-8.2/irouter'
make[2]: Nothing to be done for `module'.
make[2]: Leaving directory `/home/chuan/Desktop/magic-8.2/irouter'
make[2]: Entering directory `/home/chuan/Desktop/magic-8.2/mzrouter'
make[2]: Nothing to be done for `module'.
make[2]: Leaving directory `/home/chuan/Desktop/magic-8.2/mzrouter'
make[2]: Entering directory `/home/chuan/Desktop/magic-8.2/router'
make[2]: Nothing to be done for `module'.
make[2]: Leaving directory `/home/chuan/Desktop/magic-8.2/router'
make[2]: Entering directory `/home/chuan/Desktop/magic-8.2/gcr'
make[2]: Nothing to be done for `module'.
make[2]: Leaving directory `/home/chuan/Desktop/magic-8.2/gcr'
make[2]: Entering directory `/home/chuan/Desktop/magic-8.2/tcltk'
make[2]: Nothing to be done for `module'.
make[2]: Leaving directory `/home/chuan/Desktop/magic-8.2/tcltk'
make[2]: Entering directory `/home/chuan/Desktop/magic-8.2/magic'
make[2]: Nothing to be done for `module'.
make[2]: Leaving directory `/home/chuan/Desktop/magic-8.2/magic'
make[2]: Entering directory `/home/chuan/Desktop/magic-8.2/net2ir'
make[2]: Nothing to be done for `module'.
make[2]: Leaving directory `/home/chuan/Desktop/magic-8.2/net2ir'
make[2]: Entering directory `/home/chuan/Desktop/magic-8.2/tcltk'
make[2]: Nothing to be done for `module'.
make[2]: Leaving directory `/home/chuan/Desktop/magic-8.2/tcltk'
--- making Tcl shared libraries
for dir in magic net2ir tcltk; do \
		(cd $dir && make tcl-main); done
make[2]: Entering directory `/home/chuan/Desktop/magic-8.2/magic'
--- making magic Tcl library (tclmagic.so)
rm -f tclmagic.so
gcc -g -m64 -fPIC -Wimplicit-int -fPIC  -I/usr/include/tcl8.6/tk-private/generic -I/usr/include/tcl8.6 -I. -I..  -o tclmagic.so  -shared -Wl,-soname,tclmagic.so -Wl,--version-script=../magic/symbol.map  \
		../cmwind/libcmwind.o ../commands/libcommands.o ../database/libdatabase.o ../dbwind/libdbwind.o ../drc/libdrc.o ../debug/libdebug.o ../extract/libextract.o ../graphics/libgraphics.o ../select/libselect.o ../textio/libtextio.o ../tiles/libtiles.o ../windows/libwindows.o ../wiring/libwiring.o ../resis/libresis.o ../sim/libsim.o ../netmenu/libnetmenu.o ../plow/libplow.o ../utils/libutils.o ../ext2sim/libext2sim.o ../ext2spice/libext2spice.o ../calma/libcalma.o ../cif/libcif.o ../plot/libplot.o ../lef/liblef.o ../extflat/libextflat.o ../garouter/libgarouter.o 	../mzrouter/libmzrouter.o ../router/librouter.o 	../irouter/libirouter.o ../grouter/libgrouter.o 	../gcr/libgcr.o ../tcltk/libtcltk.o -lc -lX11 -lcairo -lfontconfig -lfreetype    -lm   
make[2]: Leaving directory `/home/chuan/Desktop/magic-8.2/magic'
make[2]: Entering directory `/home/chuan/Desktop/magic-8.2/net2ir'
echo "Nothing to do here"
Nothing to do here
make[2]: Leaving directory `/home/chuan/Desktop/magic-8.2/net2ir'
make[2]: Entering directory `/home/chuan/Desktop/magic-8.2/tcltk'
make[2]: Nothing to be done for `tcl-main'.
make[2]: Leaving directory `/home/chuan/Desktop/magic-8.2/tcltk'
make[1]: Leaving directory `/home/chuan/Desktop/magic-8.2'
make[1]: Entering directory `/home/chuan/Desktop/magic-8.2'
--- making modules
for dir in cmwind commands database dbwind debug drc extflat extract graphics netmenu plow resis select sim textio tiles utils windows wiring ext2sim ext2spice calma cif plot lef garouter grouter irouter mzrouter router gcr tcltk magic net2ir tcltk; do \
		(cd $dir && make module); done
make[2]: Entering directory `/home/chuan/Desktop/magic-8.2/cmwind'
make[2]: Nothing to be done for `module'.
make[2]: Leaving directory `/home/chuan/Desktop/magic-8.2/cmwind'
make[2]: Entering directory `/home/chuan/Desktop/magic-8.2/commands'
make[2]: Nothing to be done for `module'.
make[2]: Leaving directory `/home/chuan/Desktop/magic-8.2/commands'
make[2]: Entering directory `/home/chuan/Desktop/magic-8.2/database'
make[2]: Nothing to be done for `module'.
make[2]: Leaving directory `/home/chuan/Desktop/magic-8.2/database'
make[2]: Entering directory `/home/chuan/Desktop/magic-8.2/dbwind'
make[2]: Nothing to be done for `module'.
make[2]: Leaving directory `/home/chuan/Desktop/magic-8.2/dbwind'
make[2]: Entering directory `/home/chuan/Desktop/magic-8.2/debug'
make[2]: Nothing to be done for `module'.
make[2]: Leaving directory `/home/chuan/Desktop/magic-8.2/debug'
make[2]: Entering directory `/home/chuan/Desktop/magic-8.2/drc'
make[2]: Nothing to be done for `module'.
make[2]: Leaving directory `/home/chuan/Desktop/magic-8.2/drc'
make[2]: Entering directory `/home/chuan/Desktop/magic-8.2/extflat'
make[2]: Nothing to be done for `module'.
make[2]: Leaving directory `/home/chuan/Desktop/magic-8.2/extflat'
make[2]: Entering directory `/home/chuan/Desktop/magic-8.2/extract'
make[2]: Nothing to be done for `module'.
make[2]: Leaving directory `/home/chuan/Desktop/magic-8.2/extract'
make[2]: Entering directory `/home/chuan/Desktop/magic-8.2/graphics'
--- compiling graphics/grTCairo1.o
rm -f grTCairo1.o
gcc -g -m64 -fPIC -Wimplicit-int -fPIC  -I/usr/include/tcl8.6/tk-private/generic -I/usr/include/tcl8.6  -I. -I..  -DCAD_DIR=\"/home/chuan/Desktop/magic_install/lib\" -DBIN_DIR=\"/home/chuan/Desktop/magic_install/bin\" -DTCL_DIR=\"/home/chuan/Desktop/magic_install/lib/magic/tcl\" -DPACKAGE_NAME=\"\" -DPACKAGE_TARNAME=\"\" -DPACKAGE_VERSION=\"\" -DPACKAGE_STRING=\"\" -DPACKAGE_BUGREPORT=\"\" -DPACKAGE_URL=\"\" -DMAGIC_VERSION=\"8.2\" -DMAGIC_REVISION=\"19\" -DSTDC_HEADERS=1 -DHAVE_SYS_TYPES_H=1 -DHAVE_SYS_STAT_H=1 -DHAVE_STDLIB_H=1 -DHAVE_STRING_H=1 -DHAVE_MEMORY_H=1 -DHAVE_STRINGS_H=1 -DHAVE_INTTYPES_H=1 -DHAVE_STDINT_H=1 -DHAVE_UNISTD_H=1 -DSIZEOF_VOID_P=8 -DSIZEOF_UNSIGNED_INT=4 -DSIZEOF_UNSIGNED_LONG=8 -DSIZEOF_UNSIGNED_LONG_LONG=8 -DSTDC_HEADERS=1 -DHAVE_SETENV=1 -DHAVE_PUTENV=1 -DHAVE_SYS_MMAN_H=1 -DHAVE_DIRENT_H=1 -DHAVE_LIMITS_H=1 -DHAVE_PATHS_H=1 -DHAVE_VA_COPY=1 -DHAVE___VA_COPY=1 -DFILE_LOCKS=1 -DCALMA_MODULE=1 -DCIF_MODULE=1 -DX11_BACKING_STORE=1 -DPLOT_MODULE=1 -DLEF_MODULE=1 -DROUTE_MODULE=1 -DUSE_NEW_MACROS=1 -DVECTOR_FONTS=1 -DHAVE_LIBCAIRO=1 -DMAGIC_WRAPPER=1 -Dlinux=1 -DSYSV=1 -DISC=1 -DNDEBUG -DGCORE=\"/usr/bin/gcore\" -DSHDLIB_EXT=\".so\" -DX11 -DXLIB -DCAIRO -DNDEBUG  -c grTCairo1.c
--- compiling graphics/grTCairo2.o
rm -f grTCairo2.o
gcc -g -m64 -fPIC -Wimplicit-int -fPIC  -I/usr/include/tcl8.6/tk-private/generic -I/usr/include/tcl8.6  -I. -I..  -DCAD_DIR=\"/home/chuan/Desktop/magic_install/lib\" -DBIN_DIR=\"/home/chuan/Desktop/magic_install/bin\" -DTCL_DIR=\"/home/chuan/Desktop/magic_install/lib/magic/tcl\" -DPACKAGE_NAME=\"\" -DPACKAGE_TARNAME=\"\" -DPACKAGE_VERSION=\"\" -DPACKAGE_STRING=\"\" -DPACKAGE_BUGREPORT=\"\" -DPACKAGE_URL=\"\" -DMAGIC_VERSION=\"8.2\" -DMAGIC_REVISION=\"19\" -DSTDC_HEADERS=1 -DHAVE_SYS_TYPES_H=1 -DHAVE_SYS_STAT_H=1 -DHAVE_STDLIB_H=1 -DHAVE_STRING_H=1 -DHAVE_MEMORY_H=1 -DHAVE_STRINGS_H=1 -DHAVE_INTTYPES_H=1 -DHAVE_STDINT_H=1 -DHAVE_UNISTD_H=1 -DSIZEOF_VOID_P=8 -DSIZEOF_UNSIGNED_INT=4 -DSIZEOF_UNSIGNED_LONG=8 -DSIZEOF_UNSIGNED_LONG_LONG=8 -DSTDC_HEADERS=1 -DHAVE_SETENV=1 -DHAVE_PUTENV=1 -DHAVE_SYS_MMAN_H=1 -DHAVE_DIRENT_H=1 -DHAVE_LIMITS_H=1 -DHAVE_PATHS_H=1 -DHAVE_VA_COPY=1 -DHAVE___VA_COPY=1 -DFILE_LOCKS=1 -DCALMA_MODULE=1 -DCIF_MODULE=1 -DX11_BACKING_STORE=1 -DPLOT_MODULE=1 -DLEF_MODULE=1 -DROUTE_MODULE=1 -DUSE_NEW_MACROS=1 -DVECTOR_FONTS=1 -DHAVE_LIBCAIRO=1 -DMAGIC_WRAPPER=1 -Dlinux=1 -DSYSV=1 -DISC=1 -DNDEBUG -DGCORE=\"/usr/bin/gcore\" -DSHDLIB_EXT=\".so\" -DX11 -DXLIB -DCAIRO -DNDEBUG  -c grTCairo2.c
--- linking libgraphics.o
rm -f libgraphics.o
ld -r grMain.o grLock.o grDStyle.o grText.o grCMap.o grClip.o grGlyphs.o grNull.o W3Dmain.o grTk1.o grTk2.o grTk3.o grTk4.o grTk5.o grTCairo1.o grTCairo2.o grTCairo3.o grTCairo4.o grTCairo5.o grTkCommon.o -o libgraphics.o 
make[2]: Leaving directory `/home/chuan/Desktop/magic-8.2/graphics'
make[2]: Entering directory `/home/chuan/Desktop/magic-8.2/netmenu'
make[2]: Nothing to be done for `module'.
make[2]: Leaving directory `/home/chuan/Desktop/magic-8.2/netmenu'
make[2]: Entering directory `/home/chuan/Desktop/magic-8.2/plow'
make[2]: Nothing to be done for `module'.
make[2]: Leaving directory `/home/chuan/Desktop/magic-8.2/plow'
make[2]: Entering directory `/home/chuan/Desktop/magic-8.2/resis'
make[2]: Nothing to be done for `module'.
make[2]: Leaving directory `/home/chuan/Desktop/magic-8.2/resis'
make[2]: Entering directory `/home/chuan/Desktop/magic-8.2/select'
make[2]: Nothing to be done for `module'.
make[2]: Leaving directory `/home/chuan/Desktop/magic-8.2/select'
make[2]: Entering directory `/home/chuan/Desktop/magic-8.2/sim'
make[2]: Nothing to be done for `module'.
make[2]: Leaving directory `/home/chuan/Desktop/magic-8.2/sim'
make[2]: Entering directory `/home/chuan/Desktop/magic-8.2/textio'
make[2]: Nothing to be done for `module'.
make[2]: Leaving directory `/home/chuan/Desktop/magic-8.2/textio'
make[2]: Entering directory `/home/chuan/Desktop/magic-8.2/tiles'
make[2]: Nothing to be done for `module'.
make[2]: Leaving directory `/home/chuan/Desktop/magic-8.2/tiles'
make[2]: Entering directory `/home/chuan/Desktop/magic-8.2/utils'
make[2]: Nothing to be done for `module'.
make[2]: Leaving directory `/home/chuan/Desktop/magic-8.2/utils'
make[2]: Entering directory `/home/chuan/Desktop/magic-8.2/windows'
make[2]: Nothing to be done for `module'.
make[2]: Leaving directory `/home/chuan/Desktop/magic-8.2/windows'
make[2]: Entering directory `/home/chuan/Desktop/magic-8.2/wiring'
make[2]: Nothing to be done for `module'.
make[2]: Leaving directory `/home/chuan/Desktop/magic-8.2/wiring'
make[2]: Entering directory `/home/chuan/Desktop/magic-8.2/ext2sim'
make[2]: Nothing to be done for `module'.
make[2]: Leaving directory `/home/chuan/Desktop/magic-8.2/ext2sim'
make[2]: Entering directory `/home/chuan/Desktop/magic-8.2/ext2spice'
make[2]: Nothing to be done for `module'.
make[2]: Leaving directory `/home/chuan/Desktop/magic-8.2/ext2spice'
make[2]: Entering directory `/home/chuan/Desktop/magic-8.2/calma'
make[2]: Nothing to be done for `module'.
make[2]: Leaving directory `/home/chuan/Desktop/magic-8.2/calma'
make[2]: Entering directory `/home/chuan/Desktop/magic-8.2/cif'
make[2]: Nothing to be done for `module'.
make[2]: Leaving directory `/home/chuan/Desktop/magic-8.2/cif'
make[2]: Entering directory `/home/chuan/Desktop/magic-8.2/plot'
make[2]: Nothing to be done for `module'.
make[2]: Leaving directory `/home/chuan/Desktop/magic-8.2/plot'
make[2]: Entering directory `/home/chuan/Desktop/magic-8.2/lef'
make[2]: Nothing to be done for `module'.
make[2]: Leaving directory `/home/chuan/Desktop/magic-8.2/lef'
make[2]: Entering directory `/home/chuan/Desktop/magic-8.2/garouter'
make[2]: Nothing to be done for `module'.
make[2]: Leaving directory `/home/chuan/Desktop/magic-8.2/garouter'
make[2]: Entering directory `/home/chuan/Desktop/magic-8.2/grouter'
make[2]: Nothing to be done for `module'.
make[2]: Leaving directory `/home/chuan/Desktop/magic-8.2/grouter'
make[2]: Entering directory `/home/chuan/Desktop/magic-8.2/irouter'
make[2]: Nothing to be done for `module'.
make[2]: Leaving directory `/home/chuan/Desktop/magic-8.2/irouter'
make[2]: Entering directory `/home/chuan/Desktop/magic-8.2/mzrouter'
make[2]: Nothing to be done for `module'.
make[2]: Leaving directory `/home/chuan/Desktop/magic-8.2/mzrouter'
make[2]: Entering directory `/home/chuan/Desktop/magic-8.2/router'
make[2]: Nothing to be done for `module'.
make[2]: Leaving directory `/home/chuan/Desktop/magic-8.2/router'
make[2]: Entering directory `/home/chuan/Desktop/magic-8.2/gcr'
make[2]: Nothing to be done for `module'.
make[2]: Leaving directory `/home/chuan/Desktop/magic-8.2/gcr'
make[2]: Entering directory `/home/chuan/Desktop/magic-8.2/tcltk'
make[2]: Nothing to be done for `module'.
make[2]: Leaving directory `/home/chuan/Desktop/magic-8.2/tcltk'
make[2]: Entering directory `/home/chuan/Desktop/magic-8.2/magic'
make[2]: Nothing to be done for `module'.
make[2]: Leaving directory `/home/chuan/Desktop/magic-8.2/magic'
make[2]: Entering directory `/home/chuan/Desktop/magic-8.2/net2ir'
make[2]: Nothing to be done for `module'.
make[2]: Leaving directory `/home/chuan/Desktop/magic-8.2/net2ir'
make[2]: Entering directory `/home/chuan/Desktop/magic-8.2/tcltk'
make[2]: Nothing to be done for `module'.
make[2]: Leaving directory `/home/chuan/Desktop/magic-8.2/tcltk'
--- making Tcl shared libraries
for dir in magic net2ir tcltk; do \
		(cd $dir && make tcl-main); done
make[2]: Entering directory `/home/chuan/Desktop/magic-8.2/magic'
--- making magic Tcl library (tclmagic.so)
rm -f tclmagic.so
gcc -g -m64 -fPIC -Wimplicit-int -fPIC  -I/usr/include/tcl8.6/tk-private/generic -I/usr/include/tcl8.6 -I. -I..  -o tclmagic.so  -shared -Wl,-soname,tclmagic.so -Wl,--version-script=../magic/symbol.map  \
		../cmwind/libcmwind.o ../commands/libcommands.o ../database/libdatabase.o ../dbwind/libdbwind.o ../drc/libdrc.o ../debug/libdebug.o ../extract/libextract.o ../graphics/libgraphics.o ../select/libselect.o ../textio/libtextio.o ../tiles/libtiles.o ../windows/libwindows.o ../wiring/libwiring.o ../resis/libresis.o ../sim/libsim.o ../netmenu/libnetmenu.o ../plow/libplow.o ../utils/libutils.o ../ext2sim/libext2sim.o ../ext2spice/libext2spice.o ../calma/libcalma.o ../cif/libcif.o ../plot/libplot.o ../lef/liblef.o ../extflat/libextflat.o ../garouter/libgarouter.o 	../mzrouter/libmzrouter.o ../router/librouter.o 	../irouter/libirouter.o ../grouter/libgrouter.o 	../gcr/libgcr.o ../tcltk/libtcltk.o -lc -lX11 -lcairo -lfontconfig -lfreetype    -lm   
make[2]: Leaving directory `/home/chuan/Desktop/magic-8.2/magic'
make[2]: Entering directory `/home/chuan/Desktop/magic-8.2/net2ir'
echo "Nothing to do here"
Nothing to do here
make[2]: Leaving directory `/home/chuan/Desktop/magic-8.2/net2ir'
make[2]: Entering directory `/home/chuan/Desktop/magic-8.2/tcltk'
make[2]: Nothing to be done for `tcl-main'.
make[2]: Leaving directory `/home/chuan/Desktop/magic-8.2/tcltk'
make[1]: Leaving directory `/home/chuan/Desktop/magic-8.2'
make[1]: Entering directory `/home/chuan/Desktop/magic-8.2'
--- making modules
for dir in cmwind commands database dbwind debug drc extflat extract graphics netmenu plow resis select sim textio tiles utils windows wiring ext2sim ext2spice calma cif plot lef garouter grouter irouter mzrouter router gcr tcltk magic net2ir tcltk; do \
		(cd $dir && make module); done
make[2]: Entering directory `/home/chuan/Desktop/magic-8.2/cmwind'
make[2]: Nothing to be done for `module'.
make[2]: Leaving directory `/home/chuan/Desktop/magic-8.2/cmwind'
make[2]: Entering directory `/home/chuan/Desktop/magic-8.2/commands'
make[2]: Nothing to be done for `module'.
make[2]: Leaving directory `/home/chuan/Desktop/magic-8.2/commands'
make[2]: Entering directory `/home/chuan/Desktop/magic-8.2/database'
make[2]: Nothing to be done for `module'.
make[2]: Leaving directory `/home/chuan/Desktop/magic-8.2/database'
make[2]: Entering directory `/home/chuan/Desktop/magic-8.2/dbwind'
make[2]: Nothing to be done for `module'.
make[2]: Leaving directory `/home/chuan/Desktop/magic-8.2/dbwind'
make[2]: Entering directory `/home/chuan/Desktop/magic-8.2/debug'
make[2]: Nothing to be done for `module'.
make[2]: Leaving directory `/home/chuan/Desktop/magic-8.2/debug'
make[2]: Entering directory `/home/chuan/Desktop/magic-8.2/drc'
make[2]: Nothing to be done for `module'.
make[2]: Leaving directory `/home/chuan/Desktop/magic-8.2/drc'
make[2]: Entering directory `/home/chuan/Desktop/magic-8.2/extflat'
make[2]: Nothing to be done for `module'.
make[2]: Leaving directory `/home/chuan/Desktop/magic-8.2/extflat'
make[2]: Entering directory `/home/chuan/Desktop/magic-8.2/extract'
make[2]: Nothing to be done for `module'.
make[2]: Leaving directory `/home/chuan/Desktop/magic-8.2/extract'
make[2]: Entering directory `/home/chuan/Desktop/magic-8.2/graphics'
--- compiling graphics/grTCairo1.o
rm -f grTCairo1.o
gcc -g -m64 -fPIC -Wimplicit-int -fPIC  -I/usr/include/tcl8.6/tk-private/generic -I/usr/include/tcl8.6  -I. -I..  -DCAD_DIR=\"/home/chuan/Desktop/magic_install/lib\" -DBIN_DIR=\"/home/chuan/Desktop/magic_install/bin\" -DTCL_DIR=\"/home/chuan/Desktop/magic_install/lib/magic/tcl\" -DPACKAGE_NAME=\"\" -DPACKAGE_TARNAME=\"\" -DPACKAGE_VERSION=\"\" -DPACKAGE_STRING=\"\" -DPACKAGE_BUGREPORT=\"\" -DPACKAGE_URL=\"\" -DMAGIC_VERSION=\"8.2\" -DMAGIC_REVISION=\"19\" -DSTDC_HEADERS=1 -DHAVE_SYS_TYPES_H=1 -DHAVE_SYS_STAT_H=1 -DHAVE_STDLIB_H=1 -DHAVE_STRING_H=1 -DHAVE_MEMORY_H=1 -DHAVE_STRINGS_H=1 -DHAVE_INTTYPES_H=1 -DHAVE_STDINT_H=1 -DHAVE_UNISTD_H=1 -DSIZEOF_VOID_P=8 -DSIZEOF_UNSIGNED_INT=4 -DSIZEOF_UNSIGNED_LONG=8 -DSIZEOF_UNSIGNED_LONG_LONG=8 -DSTDC_HEADERS=1 -DHAVE_SETENV=1 -DHAVE_PUTENV=1 -DHAVE_SYS_MMAN_H=1 -DHAVE_DIRENT_H=1 -DHAVE_LIMITS_H=1 -DHAVE_PATHS_H=1 -DHAVE_VA_COPY=1 -DHAVE___VA_COPY=1 -DFILE_LOCKS=1 -DCALMA_MODULE=1 -DCIF_MODULE=1 -DX11_BACKING_STORE=1 -DPLOT_MODULE=1 -DLEF_MODULE=1 -DROUTE_MODULE=1 -DUSE_NEW_MACROS=1 -DVECTOR_FONTS=1 -DHAVE_LIBCAIRO=1 -DMAGIC_WRAPPER=1 -Dlinux=1 -DSYSV=1 -DISC=1 -DNDEBUG -DGCORE=\"/usr/bin/gcore\" -DSHDLIB_EXT=\".so\" -DX11 -DXLIB -DCAIRO -DNDEBUG  -c grTCairo1.c
--- compiling graphics/grTCairo2.o
rm -f grTCairo2.o
gcc -g -m64 -fPIC -Wimplicit-int -fPIC  -I/usr/include/tcl8.6/tk-private/generic -I/usr/include/tcl8.6  -I. -I..  -DCAD_DIR=\"/home/chuan/Desktop/magic_install/lib\" -DBIN_DIR=\"/home/chuan/Desktop/magic_install/bin\" -DTCL_DIR=\"/home/chuan/Desktop/magic_install/lib/magic/tcl\" -DPACKAGE_NAME=\"\" -DPACKAGE_TARNAME=\"\" -DPACKAGE_VERSION=\"\" -DPACKAGE_STRING=\"\" -DPACKAGE_BUGREPORT=\"\" -DPACKAGE_URL=\"\" -DMAGIC_VERSION=\"8.2\" -DMAGIC_REVISION=\"19\" -DSTDC_HEADERS=1 -DHAVE_SYS_TYPES_H=1 -DHAVE_SYS_STAT_H=1 -DHAVE_STDLIB_H=1 -DHAVE_STRING_H=1 -DHAVE_MEMORY_H=1 -DHAVE_STRINGS_H=1 -DHAVE_INTTYPES_H=1 -DHAVE_STDINT_H=1 -DHAVE_UNISTD_H=1 -DSIZEOF_VOID_P=8 -DSIZEOF_UNSIGNED_INT=4 -DSIZEOF_UNSIGNED_LONG=8 -DSIZEOF_UNSIGNED_LONG_LONG=8 -DSTDC_HEADERS=1 -DHAVE_SETENV=1 -DHAVE_PUTENV=1 -DHAVE_SYS_MMAN_H=1 -DHAVE_DIRENT_H=1 -DHAVE_LIMITS_H=1 -DHAVE_PATHS_H=1 -DHAVE_VA_COPY=1 -DHAVE___VA_COPY=1 -DFILE_LOCKS=1 -DCALMA_MODULE=1 -DCIF_MODULE=1 -DX11_BACKING_STORE=1 -DPLOT_MODULE=1 -DLEF_MODULE=1 -DROUTE_MODULE=1 -DUSE_NEW_MACROS=1 -DVECTOR_FONTS=1 -DHAVE_LIBCAIRO=1 -DMAGIC_WRAPPER=1 -Dlinux=1 -DSYSV=1 -DISC=1 -DNDEBUG -DGCORE=\"/usr/bin/gcore\" -DSHDLIB_EXT=\".so\" -DX11 -DXLIB -DCAIRO -DNDEBUG  -c grTCairo2.c
--- linking libgraphics.o
rm -f libgraphics.o
ld -r grMain.o grLock.o grDStyle.o grText.o grCMap.o grClip.o grGlyphs.o grNull.o W3Dmain.o grTk1.o grTk2.o grTk3.o grTk4.o grTk5.o grTCairo1.o grTCairo2.o grTCairo3.o grTCairo4.o grTCairo5.o grTkCommon.o -o libgraphics.o 
make[2]: Leaving directory `/home/chuan/Desktop/magic-8.2/graphics'
make[2]: Entering directory `/home/chuan/Desktop/magic-8.2/netmenu'
make[2]: Nothing to be done for `module'.
make[2]: Leaving directory `/home/chuan/Desktop/magic-8.2/netmenu'
make[2]: Entering directory `/home/chuan/Desktop/magic-8.2/plow'
make[2]: Nothing to be done for `module'.
make[2]: Leaving directory `/home/chuan/Desktop/magic-8.2/plow'
make[2]: Entering directory `/home/chuan/Desktop/magic-8.2/resis'
make[2]: Nothing to be done for `module'.
make[2]: Leaving directory `/home/chuan/Desktop/magic-8.2/resis'
make[2]: Entering directory `/home/chuan/Desktop/magic-8.2/select'
make[2]: Nothing to be done for `module'.
make[2]: Leaving directory `/home/chuan/Desktop/magic-8.2/select'
make[2]: Entering directory `/home/chuan/Desktop/magic-8.2/sim'
make[2]: Nothing to be done for `module'.
make[2]: Leaving directory `/home/chuan/Desktop/magic-8.2/sim'
make[2]: Entering directory `/home/chuan/Desktop/magic-8.2/textio'
make[2]: Nothing to be done for `module'.
make[2]: Leaving directory `/home/chuan/Desktop/magic-8.2/textio'
make[2]: Entering directory `/home/chuan/Desktop/magic-8.2/tiles'
make[2]: Nothing to be done for `module'.
make[2]: Leaving directory `/home/chuan/Desktop/magic-8.2/tiles'
make[2]: Entering directory `/home/chuan/Desktop/magic-8.2/utils'
make[2]: Nothing to be done for `module'.
make[2]: Leaving directory `/home/chuan/Desktop/magic-8.2/utils'
make[2]: Entering directory `/home/chuan/Desktop/magic-8.2/windows'
make[2]: Nothing to be done for `module'.
make[2]: Leaving directory `/home/chuan/Desktop/magic-8.2/windows'
make[2]: Entering directory `/home/chuan/Desktop/magic-8.2/wiring'
make[2]: Nothing to be done for `module'.
make[2]: Leaving directory `/home/chuan/Desktop/magic-8.2/wiring'
make[2]: Entering directory `/home/chuan/Desktop/magic-8.2/ext2sim'
make[2]: Nothing to be done for `module'.
make[2]: Leaving directory `/home/chuan/Desktop/magic-8.2/ext2sim'
make[2]: Entering directory `/home/chuan/Desktop/magic-8.2/ext2spice'
make[2]: Nothing to be done for `module'.
make[2]: Leaving directory `/home/chuan/Desktop/magic-8.2/ext2spice'
make[2]: Entering directory `/home/chuan/Desktop/magic-8.2/calma'
make[2]: Nothing to be done for `module'.
make[2]: Leaving directory `/home/chuan/Desktop/magic-8.2/calma'
make[2]: Entering directory `/home/chuan/Desktop/magic-8.2/cif'
make[2]: Nothing to be done for `module'.
make[2]: Leaving directory `/home/chuan/Desktop/magic-8.2/cif'
make[2]: Entering directory `/home/chuan/Desktop/magic-8.2/plot'
make[2]: Nothing to be done for `module'.
make[2]: Leaving directory `/home/chuan/Desktop/magic-8.2/plot'
make[2]: Entering directory `/home/chuan/Desktop/magic-8.2/lef'
make[2]: Nothing to be done for `module'.
make[2]: Leaving directory `/home/chuan/Desktop/magic-8.2/lef'
make[2]: Entering directory `/home/chuan/Desktop/magic-8.2/garouter'
make[2]: Nothing to be done for `module'.
make[2]: Leaving directory `/home/chuan/Desktop/magic-8.2/garouter'
make[2]: Entering directory `/home/chuan/Desktop/magic-8.2/grouter'
make[2]: Nothing to be done for `module'.
make[2]: Leaving directory `/home/chuan/Desktop/magic-8.2/grouter'
make[2]: Entering directory `/home/chuan/Desktop/magic-8.2/irouter'
make[2]: Nothing to be done for `module'.
make[2]: Leaving directory `/home/chuan/Desktop/magic-8.2/irouter'
make[2]: Entering directory `/home/chuan/Desktop/magic-8.2/mzrouter'
make[2]: Nothing to be done for `module'.
make[2]: Leaving directory `/home/chuan/Desktop/magic-8.2/mzrouter'
make[2]: Entering directory `/home/chuan/Desktop/magic-8.2/router'
make[2]: Nothing to be done for `module'.
make[2]: Leaving directory `/home/chuan/Desktop/magic-8.2/router'
make[2]: Entering directory `/home/chuan/Desktop/magic-8.2/gcr'
make[2]: Nothing to be done for `module'.
make[2]: Leaving directory `/home/chuan/Desktop/magic-8.2/gcr'
make[2]: Entering directory `/home/chuan/Desktop/magic-8.2/tcltk'
make[2]: Nothing to be done for `module'.
make[2]: Leaving directory `/home/chuan/Desktop/magic-8.2/tcltk'
make[2]: Entering directory `/home/chuan/Desktop/magic-8.2/magic'
make[2]: Nothing to be done for `module'.
make[2]: Leaving directory `/home/chuan/Desktop/magic-8.2/magic'
make[2]: Entering directory `/home/chuan/Desktop/magic-8.2/net2ir'
make[2]: Nothing to be done for `module'.
make[2]: Leaving directory `/home/chuan/Desktop/magic-8.2/net2ir'
make[2]: Entering directory `/home/chuan/Desktop/magic-8.2/tcltk'
make[2]: Nothing to be done for `module'.
make[2]: Leaving directory `/home/chuan/Desktop/magic-8.2/tcltk'
--- making Tcl shared libraries
for dir in magic net2ir tcltk; do \
		(cd $dir && make tcl-main); done
make[2]: Entering directory `/home/chuan/Desktop/magic-8.2/magic'
--- making magic Tcl library (tclmagic.so)
rm -f tclmagic.so
gcc -g -m64 -fPIC -Wimplicit-int -fPIC  -I/usr/include/tcl8.6/tk-private/generic -I/usr/include/tcl8.6 -I. -I..  -o tclmagic.so  -shared -Wl,-soname,tclmagic.so -Wl,--version-script=../magic/symbol.map  \
		../cmwind/libcmwind.o ../commands/libcommands.o ../database/libdatabase.o ../dbwind/libdbwind.o ../drc/libdrc.o ../debug/libdebug.o ../extract/libextract.o ../graphics/libgraphics.o ../select/libselect.o ../textio/libtextio.o ../tiles/libtiles.o ../windows/libwindows.o ../wiring/libwiring.o ../resis/libresis.o ../sim/libsim.o ../netmenu/libnetmenu.o ../plow/libplow.o ../utils/libutils.o ../ext2sim/libext2sim.o ../ext2spice/libext2spice.o ../calma/libcalma.o ../cif/libcif.o ../plot/libplot.o ../lef/liblef.o ../extflat/libextflat.o ../garouter/libgarouter.o 	../mzrouter/libmzrouter.o ../router/librouter.o 	../irouter/libirouter.o ../grouter/libgrouter.o 	../gcr/libgcr.o ../tcltk/libtcltk.o -lc -lX11 -lcairo -lfontconfig -lfreetype    -lm   
make[2]: Leaving directory `/home/chuan/Desktop/magic-8.2/magic'
make[2]: Entering directory `/home/chuan/Desktop/magic-8.2/net2ir'
echo "Nothing to do here"
Nothing to do here
make[2]: Leaving directory `/home/chuan/Desktop/magic-8.2/net2ir'
make[2]: Entering directory `/home/chuan/Desktop/magic-8.2/tcltk'
make[2]: Nothing to be done for `tcl-main'.
make[2]: Leaving directory `/home/chuan/Desktop/magic-8.2/tcltk'
make[1]: Leaving directory `/home/chuan/Desktop/magic-8.2'
make[1]: Entering directory `/home/chuan/Desktop/magic-8.2'
--- making modules
for dir in cmwind commands database dbwind debug drc extflat extract graphics netmenu plow resis select sim textio tiles utils windows wiring ext2sim ext2spice calma cif plot lef garouter grouter irouter mzrouter router gcr tcltk magic net2ir tcltk; do \
		(cd $dir && make module); done
make[2]: Entering directory `/home/chuan/Desktop/magic-8.2/cmwind'
make[2]: Nothing to be done for `module'.
make[2]: Leaving directory `/home/chuan/Desktop/magic-8.2/cmwind'
make[2]: Entering directory `/home/chuan/Desktop/magic-8.2/commands'
make[2]: Nothing to be done for `module'.
make[2]: Leaving directory `/home/chuan/Desktop/magic-8.2/commands'
make[2]: Entering directory `/home/chuan/Desktop/magic-8.2/database'
make[2]: Nothing to be done for `module'.
make[2]: Leaving directory `/home/chuan/Desktop/magic-8.2/database'
make[2]: Entering directory `/home/chuan/Desktop/magic-8.2/dbwind'
make[2]: Nothing to be done for `module'.
make[2]: Leaving directory `/home/chuan/Desktop/magic-8.2/dbwind'
make[2]: Entering directory `/home/chuan/Desktop/magic-8.2/debug'
make[2]: Nothing to be done for `module'.
make[2]: Leaving directory `/home/chuan/Desktop/magic-8.2/debug'
make[2]: Entering directory `/home/chuan/Desktop/magic-8.2/drc'
make[2]: Nothing to be done for `module'.
make[2]: Leaving directory `/home/chuan/Desktop/magic-8.2/drc'
make[2]: Entering directory `/home/chuan/Desktop/magic-8.2/extflat'
make[2]: Nothing to be done for `module'.
make[2]: Leaving directory `/home/chuan/Desktop/magic-8.2/extflat'
make[2]: Entering directory `/home/chuan/Desktop/magic-8.2/extract'
make[2]: Nothing to be done for `module'.
make[2]: Leaving directory `/home/chuan/Desktop/magic-8.2/extract'
make[2]: Entering directory `/home/chuan/Desktop/magic-8.2/graphics'
--- compiling graphics/grTCairo1.o
rm -f grTCairo1.o
gcc -g -m64 -fPIC -Wimplicit-int -fPIC  -I/usr/include/tcl8.6/tk-private/generic -I/usr/include/tcl8.6  -I. -I..  -DCAD_DIR=\"/home/chuan/Desktop/magic_install/lib\" -DBIN_DIR=\"/home/chuan/Desktop/magic_install/bin\" -DTCL_DIR=\"/home/chuan/Desktop/magic_install/lib/magic/tcl\" -DPACKAGE_NAME=\"\" -DPACKAGE_TARNAME=\"\" -DPACKAGE_VERSION=\"\" -DPACKAGE_STRING=\"\" -DPACKAGE_BUGREPORT=\"\" -DPACKAGE_URL=\"\" -DMAGIC_VERSION=\"8.2\" -DMAGIC_REVISION=\"19\" -DSTDC_HEADERS=1 -DHAVE_SYS_TYPES_H=1 -DHAVE_SYS_STAT_H=1 -DHAVE_STDLIB_H=1 -DHAVE_STRING_H=1 -DHAVE_MEMORY_H=1 -DHAVE_STRINGS_H=1 -DHAVE_INTTYPES_H=1 -DHAVE_STDINT_H=1 -DHAVE_UNISTD_H=1 -DSIZEOF_VOID_P=8 -DSIZEOF_UNSIGNED_INT=4 -DSIZEOF_UNSIGNED_LONG=8 -DSIZEOF_UNSIGNED_LONG_LONG=8 -DSTDC_HEADERS=1 -DHAVE_SETENV=1 -DHAVE_PUTENV=1 -DHAVE_SYS_MMAN_H=1 -DHAVE_DIRENT_H=1 -DHAVE_LIMITS_H=1 -DHAVE_PATHS_H=1 -DHAVE_VA_COPY=1 -DHAVE___VA_COPY=1 -DFILE_LOCKS=1 -DCALMA_MODULE=1 -DCIF_MODULE=1 -DX11_BACKING_STORE=1 -DPLOT_MODULE=1 -DLEF_MODULE=1 -DROUTE_MODULE=1 -DUSE_NEW_MACROS=1 -DVECTOR_FONTS=1 -DHAVE_LIBCAIRO=1 -DMAGIC_WRAPPER=1 -Dlinux=1 -DSYSV=1 -DISC=1 -DNDEBUG -DGCORE=\"/usr/bin/gcore\" -DSHDLIB_EXT=\".so\" -DX11 -DXLIB -DCAIRO -DNDEBUG  -c grTCairo1.c
--- linking libgraphics.o
rm -f libgraphics.o
ld -r grMain.o grLock.o grDStyle.o grText.o grCMap.o grClip.o grGlyphs.o grNull.o W3Dmain.o grTk1.o grTk2.o grTk3.o grTk4.o grTk5.o grTCairo1.o grTCairo2.o grTCairo3.o grTCairo4.o grTCairo5.o grTkCommon.o -o libgraphics.o 
make[2]: Leaving directory `/home/chuan/Desktop/magic-8.2/graphics'
make[2]: Entering directory `/home/chuan/Desktop/magic-8.2/netmenu'
make[2]: Nothing to be done for `module'.
make[2]: Leaving directory `/home/chuan/Desktop/magic-8.2/netmenu'
make[2]: Entering directory `/home/chuan/Desktop/magic-8.2/plow'
make[2]: Nothing to be done for `module'.
make[2]: Leaving directory `/home/chuan/Desktop/magic-8.2/plow'
make[2]: Entering directory `/home/chuan/Desktop/magic-8.2/resis'
make[2]: Nothing to be done for `module'.
make[2]: Leaving directory `/home/chuan/Desktop/magic-8.2/resis'
make[2]: Entering directory `/home/chuan/Desktop/magic-8.2/select'
make[2]: Nothing to be done for `module'.
make[2]: Leaving directory `/home/chuan/Desktop/magic-8.2/select'
make[2]: Entering directory `/home/chuan/Desktop/magic-8.2/sim'
make[2]: Nothing to be done for `module'.
make[2]: Leaving directory `/home/chuan/Desktop/magic-8.2/sim'
make[2]: Entering directory `/home/chuan/Desktop/magic-8.2/textio'
make[2]: Nothing to be done for `module'.
make[2]: Leaving directory `/home/chuan/Desktop/magic-8.2/textio'
make[2]: Entering directory `/home/chuan/Desktop/magic-8.2/tiles'
make[2]: Nothing to be done for `module'.
make[2]: Leaving directory `/home/chuan/Desktop/magic-8.2/tiles'
make[2]: Entering directory `/home/chuan/Desktop/magic-8.2/utils'
make[2]: Nothing to be done for `module'.
make[2]: Leaving directory `/home/chuan/Desktop/magic-8.2/utils'
make[2]: Entering directory `/home/chuan/Desktop/magic-8.2/windows'
make[2]: Nothing to be done for `module'.
make[2]: Leaving directory `/home/chuan/Desktop/magic-8.2/windows'
make[2]: Entering directory `/home/chuan/Desktop/magic-8.2/wiring'
make[2]: Nothing to be done for `module'.
make[2]: Leaving directory `/home/chuan/Desktop/magic-8.2/wiring'
make[2]: Entering directory `/home/chuan/Desktop/magic-8.2/ext2sim'
make[2]: Nothing to be done for `module'.
make[2]: Leaving directory `/home/chuan/Desktop/magic-8.2/ext2sim'
make[2]: Entering directory `/home/chuan/Desktop/magic-8.2/ext2spice'
make[2]: Nothing to be done for `module'.
make[2]: Leaving directory `/home/chuan/Desktop/magic-8.2/ext2spice'
make[2]: Entering directory `/home/chuan/Desktop/magic-8.2/calma'
make[2]: Nothing to be done for `module'.
make[2]: Leaving directory `/home/chuan/Desktop/magic-8.2/calma'
make[2]: Entering directory `/home/chuan/Desktop/magic-8.2/cif'
make[2]: Nothing to be done for `module'.
make[2]: Leaving directory `/home/chuan/Desktop/magic-8.2/cif'
make[2]: Entering directory `/home/chuan/Desktop/magic-8.2/plot'
make[2]: Nothing to be done for `module'.
make[2]: Leaving directory `/home/chuan/Desktop/magic-8.2/plot'
make[2]: Entering directory `/home/chuan/Desktop/magic-8.2/lef'
make[2]: Nothing to be done for `module'.
make[2]: Leaving directory `/home/chuan/Desktop/magic-8.2/lef'
make[2]: Entering directory `/home/chuan/Desktop/magic-8.2/garouter'
make[2]: Nothing to be done for `module'.
make[2]: Leaving directory `/home/chuan/Desktop/magic-8.2/garouter'
make[2]: Entering directory `/home/chuan/Desktop/magic-8.2/grouter'
make[2]: Nothing to be done for `module'.
make[2]: Leaving directory `/home/chuan/Desktop/magic-8.2/grouter'
make[2]: Entering directory `/home/chuan/Desktop/magic-8.2/irouter'
make[2]: Nothing to be done for `module'.
make[2]: Leaving directory `/home/chuan/Desktop/magic-8.2/irouter'
make[2]: Entering directory `/home/chuan/Desktop/magic-8.2/mzrouter'
make[2]: Nothing to be done for `module'.
make[2]: Leaving directory `/home/chuan/Desktop/magic-8.2/mzrouter'
make[2]: Entering directory `/home/chuan/Desktop/magic-8.2/router'
make[2]: Nothing to be done for `module'.
make[2]: Leaving directory `/home/chuan/Desktop/magic-8.2/router'
make[2]: Entering directory `/home/chuan/Desktop/magic-8.2/gcr'
make[2]: Nothing to be done for `module'.
make[2]: Leaving directory `/home/chuan/Desktop/magic-8.2/gcr'
make[2]: Entering directory `/home/chuan/Desktop/magic-8.2/tcltk'
make[2]: Nothing to be done for `module'.
make[2]: Leaving directory `/home/chuan/Desktop/magic-8.2/tcltk'
make[2]: Entering directory `/home/chuan/Desktop/magic-8.2/magic'
make[2]: Nothing to be done for `module'.
make[2]: Leaving directory `/home/chuan/Desktop/magic-8.2/magic'
make[2]: Entering directory `/home/chuan/Desktop/magic-8.2/net2ir'
make[2]: Nothing to be done for `module'.
make[2]: Leaving directory `/home/chuan/Desktop/magic-8.2/net2ir'
make[2]: Entering directory `/home/chuan/Desktop/magic-8.2/tcltk'
make[2]: Nothing to be done for `module'.
make[2]: Leaving directory `/home/chuan/Desktop/magic-8.2/tcltk'
--- making Tcl shared libraries
for dir in magic net2ir tcltk; do \
		(cd $dir && make tcl-main); done
make[2]: Entering directory `/home/chuan/Desktop/magic-8.2/magic'
--- making magic Tcl library (tclmagic.so)
rm -f tclmagic.so
gcc -g -m64 -fPIC -Wimplicit-int -fPIC  -I/usr/include/tcl8.6/tk-private/generic -I/usr/include/tcl8.6 -I. -I..  -o tclmagic.so  -shared -Wl,-soname,tclmagic.so -Wl,--version-script=../magic/symbol.map  \
		../cmwind/libcmwind.o ../commands/libcommands.o ../database/libdatabase.o ../dbwind/libdbwind.o ../drc/libdrc.o ../debug/libdebug.o ../extract/libextract.o ../graphics/libgraphics.o ../select/libselect.o ../textio/libtextio.o ../tiles/libtiles.o ../windows/libwindows.o ../wiring/libwiring.o ../resis/libresis.o ../sim/libsim.o ../netmenu/libnetmenu.o ../plow/libplow.o ../utils/libutils.o ../ext2sim/libext2sim.o ../ext2spice/libext2spice.o ../calma/libcalma.o ../cif/libcif.o ../plot/libplot.o ../lef/liblef.o ../extflat/libextflat.o ../garouter/libgarouter.o 	../mzrouter/libmzrouter.o ../router/librouter.o 	../irouter/libirouter.o ../grouter/libgrouter.o 	../gcr/libgcr.o ../tcltk/libtcltk.o -lc -lX11 -lcairo -lfontconfig -lfreetype    -lm   
make[2]: Leaving directory `/home/chuan/Desktop/magic-8.2/magic'
make[2]: Entering directory `/home/chuan/Desktop/magic-8.2/net2ir'
echo "Nothing to do here"
Nothing to do here
make[2]: Leaving directory `/home/chuan/Desktop/magic-8.2/net2ir'
make[2]: Entering directory `/home/chuan/Desktop/magic-8.2/tcltk'
make[2]: Nothing to be done for `tcl-main'.
make[2]: Leaving directory `/home/chuan/Desktop/magic-8.2/tcltk'
make[1]: Leaving directory `/home/chuan/Desktop/magic-8.2'
make[1]: Entering directory `/home/chuan/Desktop/magic-8.2'
--- making modules
for dir in cmwind commands database dbwind debug drc extflat extract graphics netmenu plow resis select sim textio tiles utils windows wiring ext2sim ext2spice calma cif plot lef garouter grouter irouter mzrouter router gcr tcltk magic net2ir tcltk; do \
		(cd $dir && make module); done
make[2]: Entering directory `/home/chuan/Desktop/magic-8.2/cmwind'
make[2]: Nothing to be done for `module'.
make[2]: Leaving directory `/home/chuan/Desktop/magic-8.2/cmwind'
make[2]: Entering directory `/home/chuan/Desktop/magic-8.2/commands'
make[2]: Nothing to be done for `module'.
make[2]: Leaving directory `/home/chuan/Desktop/magic-8.2/commands'
make[2]: Entering directory `/home/chuan/Desktop/magic-8.2/database'
make[2]: Nothing to be done for `module'.
make[2]: Leaving directory `/home/chuan/Desktop/magic-8.2/database'
make[2]: Entering directory `/home/chuan/Desktop/magic-8.2/dbwind'
make[2]: Nothing to be done for `module'.
make[2]: Leaving directory `/home/chuan/Desktop/magic-8.2/dbwind'
make[2]: Entering directory `/home/chuan/Desktop/magic-8.2/debug'
make[2]: Nothing to be done for `module'.
make[2]: Leaving directory `/home/chuan/Desktop/magic-8.2/debug'
make[2]: Entering directory `/home/chuan/Desktop/magic-8.2/drc'
make[2]: Nothing to be done for `module'.
make[2]: Leaving directory `/home/chuan/Desktop/magic-8.2/drc'
make[2]: Entering directory `/home/chuan/Desktop/magic-8.2/extflat'
make[2]: Nothing to be done for `module'.
make[2]: Leaving directory `/home/chuan/Desktop/magic-8.2/extflat'
make[2]: Entering directory `/home/chuan/Desktop/magic-8.2/extract'
make[2]: Nothing to be done for `module'.
make[2]: Leaving directory `/home/chuan/Desktop/magic-8.2/extract'
make[2]: Entering directory `/home/chuan/Desktop/magic-8.2/graphics'
--- compiling graphics/grTCairo1.o
rm -f grTCairo1.o
gcc -g -m64 -fPIC -Wimplicit-int -fPIC  -I/usr/include/tcl8.6/tk-private/generic -I/usr/include/tcl8.6  -I. -I..  -DCAD_DIR=\"/home/chuan/Desktop/magic_install/lib\" -DBIN_DIR=\"/home/chuan/Desktop/magic_install/bin\" -DTCL_DIR=\"/home/chuan/Desktop/magic_install/lib/magic/tcl\" -DPACKAGE_NAME=\"\" -DPACKAGE_TARNAME=\"\" -DPACKAGE_VERSION=\"\" -DPACKAGE_STRING=\"\" -DPACKAGE_BUGREPORT=\"\" -DPACKAGE_URL=\"\" -DMAGIC_VERSION=\"8.2\" -DMAGIC_REVISION=\"19\" -DSTDC_HEADERS=1 -DHAVE_SYS_TYPES_H=1 -DHAVE_SYS_STAT_H=1 -DHAVE_STDLIB_H=1 -DHAVE_STRING_H=1 -DHAVE_MEMORY_H=1 -DHAVE_STRINGS_H=1 -DHAVE_INTTYPES_H=1 -DHAVE_STDINT_H=1 -DHAVE_UNISTD_H=1 -DSIZEOF_VOID_P=8 -DSIZEOF_UNSIGNED_INT=4 -DSIZEOF_UNSIGNED_LONG=8 -DSIZEOF_UNSIGNED_LONG_LONG=8 -DSTDC_HEADERS=1 -DHAVE_SETENV=1 -DHAVE_PUTENV=1 -DHAVE_SYS_MMAN_H=1 -DHAVE_DIRENT_H=1 -DHAVE_LIMITS_H=1 -DHAVE_PATHS_H=1 -DHAVE_VA_COPY=1 -DHAVE___VA_COPY=1 -DFILE_LOCKS=1 -DCALMA_MODULE=1 -DCIF_MODULE=1 -DX11_BACKING_STORE=1 -DPLOT_MODULE=1 -DLEF_MODULE=1 -DROUTE_MODULE=1 -DUSE_NEW_MACROS=1 -DVECTOR_FONTS=1 -DHAVE_LIBCAIRO=1 -DMAGIC_WRAPPER=1 -Dlinux=1 -DSYSV=1 -DISC=1 -DNDEBUG -DGCORE=\"/usr/bin/gcore\" -DSHDLIB_EXT=\".so\" -DX11 -DXLIB -DCAIRO -DNDEBUG  -c grTCairo1.c
--- linking libgraphics.o
rm -f libgraphics.o
ld -r grMain.o grLock.o grDStyle.o grText.o grCMap.o grClip.o grGlyphs.o grNull.o W3Dmain.o grTk1.o grTk2.o grTk3.o grTk4.o grTk5.o grTCairo1.o grTCairo2.o grTCairo3.o grTCairo4.o grTCairo5.o grTkCommon.o -o libgraphics.o 
make[2]: Leaving directory `/home/chuan/Desktop/magic-8.2/graphics'
make[2]: Entering directory `/home/chuan/Desktop/magic-8.2/netmenu'
make[2]: Nothing to be done for `module'.
make[2]: Leaving directory `/home/chuan/Desktop/magic-8.2/netmenu'
make[2]: Entering directory `/home/chuan/Desktop/magic-8.2/plow'
make[2]: Nothing to be done for `module'.
make[2]: Leaving directory `/home/chuan/Desktop/magic-8.2/plow'
make[2]: Entering directory `/home/chuan/Desktop/magic-8.2/resis'
make[2]: Nothing to be done for `module'.
make[2]: Leaving directory `/home/chuan/Desktop/magic-8.2/resis'
make[2]: Entering directory `/home/chuan/Desktop/magic-8.2/select'
make[2]: Nothing to be done for `module'.
make[2]: Leaving directory `/home/chuan/Desktop/magic-8.2/select'
make[2]: Entering directory `/home/chuan/Desktop/magic-8.2/sim'
make[2]: Nothing to be done for `module'.
make[2]: Leaving directory `/home/chuan/Desktop/magic-8.2/sim'
make[2]: Entering directory `/home/chuan/Desktop/magic-8.2/textio'
make[2]: Nothing to be done for `module'.
make[2]: Leaving directory `/home/chuan/Desktop/magic-8.2/textio'
make[2]: Entering directory `/home/chuan/Desktop/magic-8.2/tiles'
make[2]: Nothing to be done for `module'.
make[2]: Leaving directory `/home/chuan/Desktop/magic-8.2/tiles'
make[2]: Entering directory `/home/chuan/Desktop/magic-8.2/utils'
make[2]: Nothing to be done for `module'.
make[2]: Leaving directory `/home/chuan/Desktop/magic-8.2/utils'
make[2]: Entering directory `/home/chuan/Desktop/magic-8.2/windows'
make[2]: Nothing to be done for `module'.
make[2]: Leaving directory `/home/chuan/Desktop/magic-8.2/windows'
make[2]: Entering directory `/home/chuan/Desktop/magic-8.2/wiring'
make[2]: Nothing to be done for `module'.
make[2]: Leaving directory `/home/chuan/Desktop/magic-8.2/wiring'
make[2]: Entering directory `/home/chuan/Desktop/magic-8.2/ext2sim'
make[2]: Nothing to be done for `module'.
make[2]: Leaving directory `/home/chuan/Desktop/magic-8.2/ext2sim'
make[2]: Entering directory `/home/chuan/Desktop/magic-8.2/ext2spice'
make[2]: Nothing to be done for `module'.
make[2]: Leaving directory `/home/chuan/Desktop/magic-8.2/ext2spice'
make[2]: Entering directory `/home/chuan/Desktop/magic-8.2/calma'
make[2]: Nothing to be done for `module'.
make[2]: Leaving directory `/home/chuan/Desktop/magic-8.2/calma'
make[2]: Entering directory `/home/chuan/Desktop/magic-8.2/cif'
make[2]: Nothing to be done for `module'.
make[2]: Leaving directory `/home/chuan/Desktop/magic-8.2/cif'
make[2]: Entering directory `/home/chuan/Desktop/magic-8.2/plot'
make[2]: Nothing to be done for `module'.
make[2]: Leaving directory `/home/chuan/Desktop/magic-8.2/plot'
make[2]: Entering directory `/home/chuan/Desktop/magic-8.2/lef'
make[2]: Nothing to be done for `module'.
make[2]: Leaving directory `/home/chuan/Desktop/magic-8.2/lef'
make[2]: Entering directory `/home/chuan/Desktop/magic-8.2/garouter'
make[2]: Nothing to be done for `module'.
make[2]: Leaving directory `/home/chuan/Desktop/magic-8.2/garouter'
make[2]: Entering directory `/home/chuan/Desktop/magic-8.2/grouter'
make[2]: Nothing to be done for `module'.
make[2]: Leaving directory `/home/chuan/Desktop/magic-8.2/grouter'
make[2]: Entering directory `/home/chuan/Desktop/magic-8.2/irouter'
make[2]: Nothing to be done for `module'.
make[2]: Leaving directory `/home/chuan/Desktop/magic-8.2/irouter'
make[2]: Entering directory `/home/chuan/Desktop/magic-8.2/mzrouter'
make[2]: Nothing to be done for `module'.
make[2]: Leaving directory `/home/chuan/Desktop/magic-8.2/mzrouter'
make[2]: Entering directory `/home/chuan/Desktop/magic-8.2/router'
make[2]: Nothing to be done for `module'.
make[2]: Leaving directory `/home/chuan/Desktop/magic-8.2/router'
make[2]: Entering directory `/home/chuan/Desktop/magic-8.2/gcr'
make[2]: Nothing to be done for `module'.
make[2]: Leaving directory `/home/chuan/Desktop/magic-8.2/gcr'
make[2]: Entering directory `/home/chuan/Desktop/magic-8.2/tcltk'
make[2]: Nothing to be done for `module'.
make[2]: Leaving directory `/home/chuan/Desktop/magic-8.2/tcltk'
make[2]: Entering directory `/home/chuan/Desktop/magic-8.2/magic'
make[2]: Nothing to be done for `module'.
make[2]: Leaving directory `/home/chuan/Desktop/magic-8.2/magic'
make[2]: Entering directory `/home/chuan/Desktop/magic-8.2/net2ir'
make[2]: Nothing to be done for `module'.
make[2]: Leaving directory `/home/chuan/Desktop/magic-8.2/net2ir'
make[2]: Entering directory `/home/chuan/Desktop/magic-8.2/tcltk'
make[2]: Nothing to be done for `module'.
make[2]: Leaving directory `/home/chuan/Desktop/magic-8.2/tcltk'
--- making Tcl shared libraries
for dir in magic net2ir tcltk; do \
		(cd $dir && make tcl-main); done
make[2]: Entering directory `/home/chuan/Desktop/magic-8.2/magic'
--- making magic Tcl library (tclmagic.so)
rm -f tclmagic.so
gcc -g -m64 -fPIC -Wimplicit-int -fPIC  -I/usr/include/tcl8.6/tk-private/generic -I/usr/include/tcl8.6 -I. -I..  -o tclmagic.so  -shared -Wl,-soname,tclmagic.so -Wl,--version-script=../magic/symbol.map  \
		../cmwind/libcmwind.o ../commands/libcommands.o ../database/libdatabase.o ../dbwind/libdbwind.o ../drc/libdrc.o ../debug/libdebug.o ../extract/libextract.o ../graphics/libgraphics.o ../select/libselect.o ../textio/libtextio.o ../tiles/libtiles.o ../windows/libwindows.o ../wiring/libwiring.o ../resis/libresis.o ../sim/libsim.o ../netmenu/libnetmenu.o ../plow/libplow.o ../utils/libutils.o ../ext2sim/libext2sim.o ../ext2spice/libext2spice.o ../calma/libcalma.o ../cif/libcif.o ../plot/libplot.o ../lef/liblef.o ../extflat/libextflat.o ../garouter/libgarouter.o 	../mzrouter/libmzrouter.o ../router/librouter.o 	../irouter/libirouter.o ../grouter/libgrouter.o 	../gcr/libgcr.o ../tcltk/libtcltk.o -lc -lX11 -lcairo -lfontconfig -lfreetype    -lm   
make[2]: Leaving directory `/home/chuan/Desktop/magic-8.2/magic'
make[2]: Entering directory `/home/chuan/Desktop/magic-8.2/net2ir'
echo "Nothing to do here"
Nothing to do here
make[2]: Leaving directory `/home/chuan/Desktop/magic-8.2/net2ir'
make[2]: Entering directory `/home/chuan/Desktop/magic-8.2/tcltk'
make[2]: Nothing to be done for `tcl-main'.
make[2]: Leaving directory `/home/chuan/Desktop/magic-8.2/tcltk'
make[1]: Leaving directory `/home/chuan/Desktop/magic-8.2'
make[1]: Entering directory `/home/chuan/Desktop/magic-8.2'
--- making modules
for dir in cmwind commands database dbwind debug drc extflat extract graphics netmenu plow resis select sim textio tiles utils windows wiring ext2sim ext2spice calma cif plot lef garouter grouter irouter mzrouter router gcr tcltk magic net2ir tcltk; do \
		(cd $dir && make module); done
make[2]: Entering directory `/home/chuan/Desktop/magic-8.2/cmwind'
make[2]: Nothing to be done for `module'.
make[2]: Leaving directory `/home/chuan/Desktop/magic-8.2/cmwind'
make[2]: Entering directory `/home/chuan/Desktop/magic-8.2/commands'
make[2]: Nothing to be done for `module'.
make[2]: Leaving directory `/home/chuan/Desktop/magic-8.2/commands'
make[2]: Entering directory `/home/chuan/Desktop/magic-8.2/database'
make[2]: Nothing to be done for `module'.
make[2]: Leaving directory `/home/chuan/Desktop/magic-8.2/database'
make[2]: Entering directory `/home/chuan/Desktop/magic-8.2/dbwind'
make[2]: Nothing to be done for `module'.
make[2]: Leaving directory `/home/chuan/Desktop/magic-8.2/dbwind'
make[2]: Entering directory `/home/chuan/Desktop/magic-8.2/debug'
make[2]: Nothing to be done for `module'.
make[2]: Leaving directory `/home/chuan/Desktop/magic-8.2/debug'
make[2]: Entering directory `/home/chuan/Desktop/magic-8.2/drc'
make[2]: Nothing to be done for `module'.
make[2]: Leaving directory `/home/chuan/Desktop/magic-8.2/drc'
make[2]: Entering directory `/home/chuan/Desktop/magic-8.2/extflat'
make[2]: Nothing to be done for `module'.
make[2]: Leaving directory `/home/chuan/Desktop/magic-8.2/extflat'
make[2]: Entering directory `/home/chuan/Desktop/magic-8.2/extract'
make[2]: Nothing to be done for `module'.
make[2]: Leaving directory `/home/chuan/Desktop/magic-8.2/extract'
make[2]: Entering directory `/home/chuan/Desktop/magic-8.2/graphics'
--- compiling graphics/grTCairo1.o
rm -f grTCairo1.o
gcc -g -m64 -fPIC -Wimplicit-int -fPIC  -I/usr/include/tcl8.6/tk-private/generic -I/usr/include/tcl8.6  -I. -I..  -DCAD_DIR=\"/home/chuan/Desktop/magic_install/lib\" -DBIN_DIR=\"/home/chuan/Desktop/magic_install/bin\" -DTCL_DIR=\"/home/chuan/Desktop/magic_install/lib/magic/tcl\" -DPACKAGE_NAME=\"\" -DPACKAGE_TARNAME=\"\" -DPACKAGE_VERSION=\"\" -DPACKAGE_STRING=\"\" -DPACKAGE_BUGREPORT=\"\" -DPACKAGE_URL=\"\" -DMAGIC_VERSION=\"8.2\" -DMAGIC_REVISION=\"19\" -DSTDC_HEADERS=1 -DHAVE_SYS_TYPES_H=1 -DHAVE_SYS_STAT_H=1 -DHAVE_STDLIB_H=1 -DHAVE_STRING_H=1 -DHAVE_MEMORY_H=1 -DHAVE_STRINGS_H=1 -DHAVE_INTTYPES_H=1 -DHAVE_STDINT_H=1 -DHAVE_UNISTD_H=1 -DSIZEOF_VOID_P=8 -DSIZEOF_UNSIGNED_INT=4 -DSIZEOF_UNSIGNED_LONG=8 -DSIZEOF_UNSIGNED_LONG_LONG=8 -DSTDC_HEADERS=1 -DHAVE_SETENV=1 -DHAVE_PUTENV=1 -DHAVE_SYS_MMAN_H=1 -DHAVE_DIRENT_H=1 -DHAVE_LIMITS_H=1 -DHAVE_PATHS_H=1 -DHAVE_VA_COPY=1 -DHAVE___VA_COPY=1 -DFILE_LOCKS=1 -DCALMA_MODULE=1 -DCIF_MODULE=1 -DX11_BACKING_STORE=1 -DPLOT_MODULE=1 -DLEF_MODULE=1 -DROUTE_MODULE=1 -DUSE_NEW_MACROS=1 -DVECTOR_FONTS=1 -DHAVE_LIBCAIRO=1 -DMAGIC_WRAPPER=1 -Dlinux=1 -DSYSV=1 -DISC=1 -DNDEBUG -DGCORE=\"/usr/bin/gcore\" -DSHDLIB_EXT=\".so\" -DX11 -DXLIB -DCAIRO -DNDEBUG  -c grTCairo1.c
--- linking libgraphics.o
rm -f libgraphics.o
ld -r grMain.o grLock.o grDStyle.o grText.o grCMap.o grClip.o grGlyphs.o grNull.o W3Dmain.o grTk1.o grTk2.o grTk3.o grTk4.o grTk5.o grTCairo1.o grTCairo2.o grTCairo3.o grTCairo4.o grTCairo5.o grTkCommon.o -o libgraphics.o 
make[2]: Leaving directory `/home/chuan/Desktop/magic-8.2/graphics'
make[2]: Entering directory `/home/chuan/Desktop/magic-8.2/netmenu'
make[2]: Nothing to be done for `module'.
make[2]: Leaving directory `/home/chuan/Desktop/magic-8.2/netmenu'
make[2]: Entering directory `/home/chuan/Desktop/magic-8.2/plow'
make[2]: Nothing to be done for `module'.
make[2]: Leaving directory `/home/chuan/Desktop/magic-8.2/plow'
make[2]: Entering directory `/home/chuan/Desktop/magic-8.2/resis'
make[2]: Nothing to be done for `module'.
make[2]: Leaving directory `/home/chuan/Desktop/magic-8.2/resis'
make[2]: Entering directory `/home/chuan/Desktop/magic-8.2/select'
make[2]: Nothing to be done for `module'.
make[2]: Leaving directory `/home/chuan/Desktop/magic-8.2/select'
make[2]: Entering directory `/home/chuan/Desktop/magic-8.2/sim'
make[2]: Nothing to be done for `module'.
make[2]: Leaving directory `/home/chuan/Desktop/magic-8.2/sim'
make[2]: Entering directory `/home/chuan/Desktop/magic-8.2/textio'
make[2]: Nothing to be done for `module'.
make[2]: Leaving directory `/home/chuan/Desktop/magic-8.2/textio'
make[2]: Entering directory `/home/chuan/Desktop/magic-8.2/tiles'
make[2]: Nothing to be done for `module'.
make[2]: Leaving directory `/home/chuan/Desktop/magic-8.2/tiles'
make[2]: Entering directory `/home/chuan/Desktop/magic-8.2/utils'
make[2]: Nothing to be done for `module'.
make[2]: Leaving directory `/home/chuan/Desktop/magic-8.2/utils'
make[2]: Entering directory `/home/chuan/Desktop/magic-8.2/windows'
make[2]: Nothing to be done for `module'.
make[2]: Leaving directory `/home/chuan/Desktop/magic-8.2/windows'
make[2]: Entering directory `/home/chuan/Desktop/magic-8.2/wiring'
make[2]: Nothing to be done for `module'.
make[2]: Leaving directory `/home/chuan/Desktop/magic-8.2/wiring'
make[2]: Entering directory `/home/chuan/Desktop/magic-8.2/ext2sim'
make[2]: Nothing to be done for `module'.
make[2]: Leaving directory `/home/chuan/Desktop/magic-8.2/ext2sim'
make[2]: Entering directory `/home/chuan/Desktop/magic-8.2/ext2spice'
make[2]: Nothing to be done for `module'.
make[2]: Leaving directory `/home/chuan/Desktop/magic-8.2/ext2spice'
make[2]: Entering directory `/home/chuan/Desktop/magic-8.2/calma'
make[2]: Nothing to be done for `module'.
make[2]: Leaving directory `/home/chuan/Desktop/magic-8.2/calma'
make[2]: Entering directory `/home/chuan/Desktop/magic-8.2/cif'
make[2]: Nothing to be done for `module'.
make[2]: Leaving directory `/home/chuan/Desktop/magic-8.2/cif'
make[2]: Entering directory `/home/chuan/Desktop/magic-8.2/plot'
make[2]: Nothing to be done for `module'.
make[2]: Leaving directory `/home/chuan/Desktop/magic-8.2/plot'
make[2]: Entering directory `/home/chuan/Desktop/magic-8.2/lef'
make[2]: Nothing to be done for `module'.
make[2]: Leaving directory `/home/chuan/Desktop/magic-8.2/lef'
make[2]: Entering directory `/home/chuan/Desktop/magic-8.2/garouter'
make[2]: Nothing to be done for `module'.
make[2]: Leaving directory `/home/chuan/Desktop/magic-8.2/garouter'
make[2]: Entering directory `/home/chuan/Desktop/magic-8.2/grouter'
make[2]: Nothing to be done for `module'.
make[2]: Leaving directory `/home/chuan/Desktop/magic-8.2/grouter'
make[2]: Entering directory `/home/chuan/Desktop/magic-8.2/irouter'
make[2]: Nothing to be done for `module'.
make[2]: Leaving directory `/home/chuan/Desktop/magic-8.2/irouter'
make[2]: Entering directory `/home/chuan/Desktop/magic-8.2/mzrouter'
make[2]: Nothing to be done for `module'.
make[2]: Leaving directory `/home/chuan/Desktop/magic-8.2/mzrouter'
make[2]: Entering directory `/home/chuan/Desktop/magic-8.2/router'
make[2]: Nothing to be done for `module'.
make[2]: Leaving directory `/home/chuan/Desktop/magic-8.2/router'
make[2]: Entering directory `/home/chuan/Desktop/magic-8.2/gcr'
make[2]: Nothing to be done for `module'.
make[2]: Leaving directory `/home/chuan/Desktop/magic-8.2/gcr'
make[2]: Entering directory `/home/chuan/Desktop/magic-8.2/tcltk'
make[2]: Nothing to be done for `module'.
make[2]: Leaving directory `/home/chuan/Desktop/magic-8.2/tcltk'
make[2]: Entering directory `/home/chuan/Desktop/magic-8.2/magic'
make[2]: Nothing to be done for `module'.
make[2]: Leaving directory `/home/chuan/Desktop/magic-8.2/magic'
make[2]: Entering directory `/home/chuan/Desktop/magic-8.2/net2ir'
make[2]: Nothing to be done for `module'.
make[2]: Leaving directory `/home/chuan/Desktop/magic-8.2/net2ir'
make[2]: Entering directory `/home/chuan/Desktop/magic-8.2/tcltk'
make[2]: Nothing to be done for `module'.
make[2]: Leaving directory `/home/chuan/Desktop/magic-8.2/tcltk'
--- making Tcl shared libraries
for dir in magic net2ir tcltk; do \
		(cd $dir && make tcl-main); done
make[2]: Entering directory `/home/chuan/Desktop/magic-8.2/magic'
--- making magic Tcl library (tclmagic.so)
rm -f tclmagic.so
gcc -g -m64 -fPIC -Wimplicit-int -fPIC  -I/usr/include/tcl8.6/tk-private/generic -I/usr/include/tcl8.6 -I. -I..  -o tclmagic.so  -shared -Wl,-soname,tclmagic.so -Wl,--version-script=../magic/symbol.map  \
		../cmwind/libcmwind.o ../commands/libcommands.o ../database/libdatabase.o ../dbwind/libdbwind.o ../drc/libdrc.o ../debug/libdebug.o ../extract/libextract.o ../graphics/libgraphics.o ../select/libselect.o ../textio/libtextio.o ../tiles/libtiles.o ../windows/libwindows.o ../wiring/libwiring.o ../resis/libresis.o ../sim/libsim.o ../netmenu/libnetmenu.o ../plow/libplow.o ../utils/libutils.o ../ext2sim/libext2sim.o ../ext2spice/libext2spice.o ../calma/libcalma.o ../cif/libcif.o ../plot/libplot.o ../lef/liblef.o ../extflat/libextflat.o ../garouter/libgarouter.o 	../mzrouter/libmzrouter.o ../router/librouter.o 	../irouter/libirouter.o ../grouter/libgrouter.o 	../gcr/libgcr.o ../tcltk/libtcltk.o -lc -lX11 -lcairo -lfontconfig -lfreetype    -lm   
make[2]: Leaving directory `/home/chuan/Desktop/magic-8.2/magic'
make[2]: Entering directory `/home/chuan/Desktop/magic-8.2/net2ir'
echo "Nothing to do here"
Nothing to do here
make[2]: Leaving directory `/home/chuan/Desktop/magic-8.2/net2ir'
make[2]: Entering directory `/home/chuan/Desktop/magic-8.2/tcltk'
make[2]: Nothing to be done for `tcl-main'.
make[2]: Leaving directory `/home/chuan/Desktop/magic-8.2/tcltk'
make[1]: Leaving directory `/home/chuan/Desktop/magic-8.2'
make[1]: Entering directory `/home/chuan/Desktop/magic-8.2'
--- making modules
for dir in cmwind commands database dbwind debug drc extflat extract graphics netmenu plow resis select sim textio tiles utils windows wiring ext2sim ext2spice calma cif plot lef garouter grouter irouter mzrouter router gcr tcltk magic net2ir tcltk; do \
		(cd $dir && make module); done
make[2]: Entering directory `/home/chuan/Desktop/magic-8.2/cmwind'
make[2]: Nothing to be done for `module'.
make[2]: Leaving directory `/home/chuan/Desktop/magic-8.2/cmwind'
make[2]: Entering directory `/home/chuan/Desktop/magic-8.2/commands'
make[2]: Nothing to be done for `module'.
make[2]: Leaving directory `/home/chuan/Desktop/magic-8.2/commands'
make[2]: Entering directory `/home/chuan/Desktop/magic-8.2/database'
make[2]: Nothing to be done for `module'.
make[2]: Leaving directory `/home/chuan/Desktop/magic-8.2/database'
make[2]: Entering directory `/home/chuan/Desktop/magic-8.2/dbwind'
make[2]: Nothing to be done for `module'.
make[2]: Leaving directory `/home/chuan/Desktop/magic-8.2/dbwind'
make[2]: Entering directory `/home/chuan/Desktop/magic-8.2/debug'
make[2]: Nothing to be done for `module'.
make[2]: Leaving directory `/home/chuan/Desktop/magic-8.2/debug'
make[2]: Entering directory `/home/chuan/Desktop/magic-8.2/drc'
make[2]: Nothing to be done for `module'.
make[2]: Leaving directory `/home/chuan/Desktop/magic-8.2/drc'
make[2]: Entering directory `/home/chuan/Desktop/magic-8.2/extflat'
make[2]: Nothing to be done for `module'.
make[2]: Leaving directory `/home/chuan/Desktop/magic-8.2/extflat'
make[2]: Entering directory `/home/chuan/Desktop/magic-8.2/extract'
make[2]: Nothing to be done for `module'.
make[2]: Leaving directory `/home/chuan/Desktop/magic-8.2/extract'
make[2]: Entering directory `/home/chuan/Desktop/magic-8.2/graphics'
--- compiling graphics/grTCairo1.o
rm -f grTCairo1.o
gcc -g -m64 -fPIC -Wimplicit-int -fPIC  -I/usr/include/tcl8.6/tk-private/generic -I/usr/include/tcl8.6  -I. -I..  -DCAD_DIR=\"/home/chuan/Desktop/magic_install/lib\" -DBIN_DIR=\"/home/chuan/Desktop/magic_install/bin\" -DTCL_DIR=\"/home/chuan/Desktop/magic_install/lib/magic/tcl\" -DPACKAGE_NAME=\"\" -DPACKAGE_TARNAME=\"\" -DPACKAGE_VERSION=\"\" -DPACKAGE_STRING=\"\" -DPACKAGE_BUGREPORT=\"\" -DPACKAGE_URL=\"\" -DMAGIC_VERSION=\"8.2\" -DMAGIC_REVISION=\"19\" -DSTDC_HEADERS=1 -DHAVE_SYS_TYPES_H=1 -DHAVE_SYS_STAT_H=1 -DHAVE_STDLIB_H=1 -DHAVE_STRING_H=1 -DHAVE_MEMORY_H=1 -DHAVE_STRINGS_H=1 -DHAVE_INTTYPES_H=1 -DHAVE_STDINT_H=1 -DHAVE_UNISTD_H=1 -DSIZEOF_VOID_P=8 -DSIZEOF_UNSIGNED_INT=4 -DSIZEOF_UNSIGNED_LONG=8 -DSIZEOF_UNSIGNED_LONG_LONG=8 -DSTDC_HEADERS=1 -DHAVE_SETENV=1 -DHAVE_PUTENV=1 -DHAVE_SYS_MMAN_H=1 -DHAVE_DIRENT_H=1 -DHAVE_LIMITS_H=1 -DHAVE_PATHS_H=1 -DHAVE_VA_COPY=1 -DHAVE___VA_COPY=1 -DFILE_LOCKS=1 -DCALMA_MODULE=1 -DCIF_MODULE=1 -DX11_BACKING_STORE=1 -DPLOT_MODULE=1 -DLEF_MODULE=1 -DROUTE_MODULE=1 -DUSE_NEW_MACROS=1 -DVECTOR_FONTS=1 -DHAVE_LIBCAIRO=1 -DMAGIC_WRAPPER=1 -Dlinux=1 -DSYSV=1 -DISC=1 -DNDEBUG -DGCORE=\"/usr/bin/gcore\" -DSHDLIB_EXT=\".so\" -DX11 -DXLIB -DCAIRO -DNDEBUG  -c grTCairo1.c
--- linking libgraphics.o
rm -f libgraphics.o
ld -r grMain.o grLock.o grDStyle.o grText.o grCMap.o grClip.o grGlyphs.o grNull.o W3Dmain.o grTk1.o grTk2.o grTk3.o grTk4.o grTk5.o grTCairo1.o grTCairo2.o grTCairo3.o grTCairo4.o grTCairo5.o grTkCommon.o -o libgraphics.o 
make[2]: Leaving directory `/home/chuan/Desktop/magic-8.2/graphics'
make[2]: Entering directory `/home/chuan/Desktop/magic-8.2/netmenu'
make[2]: Nothing to be done for `module'.
make[2]: Leaving directory `/home/chuan/Desktop/magic-8.2/netmenu'
make[2]: Entering directory `/home/chuan/Desktop/magic-8.2/plow'
make[2]: Nothing to be done for `module'.
make[2]: Leaving directory `/home/chuan/Desktop/magic-8.2/plow'
make[2]: Entering directory `/home/chuan/Desktop/magic-8.2/resis'
make[2]: Nothing to be done for `module'.
make[2]: Leaving directory `/home/chuan/Desktop/magic-8.2/resis'
make[2]: Entering directory `/home/chuan/Desktop/magic-8.2/select'
make[2]: Nothing to be done for `module'.
make[2]: Leaving directory `/home/chuan/Desktop/magic-8.2/select'
make[2]: Entering directory `/home/chuan/Desktop/magic-8.2/sim'
make[2]: Nothing to be done for `module'.
make[2]: Leaving directory `/home/chuan/Desktop/magic-8.2/sim'
make[2]: Entering directory `/home/chuan/Desktop/magic-8.2/textio'
make[2]: Nothing to be done for `module'.
make[2]: Leaving directory `/home/chuan/Desktop/magic-8.2/textio'
make[2]: Entering directory `/home/chuan/Desktop/magic-8.2/tiles'
make[2]: Nothing to be done for `module'.
make[2]: Leaving directory `/home/chuan/Desktop/magic-8.2/tiles'
make[2]: Entering directory `/home/chuan/Desktop/magic-8.2/utils'
make[2]: Nothing to be done for `module'.
make[2]: Leaving directory `/home/chuan/Desktop/magic-8.2/utils'
make[2]: Entering directory `/home/chuan/Desktop/magic-8.2/windows'
make[2]: Nothing to be done for `module'.
make[2]: Leaving directory `/home/chuan/Desktop/magic-8.2/windows'
make[2]: Entering directory `/home/chuan/Desktop/magic-8.2/wiring'
make[2]: Nothing to be done for `module'.
make[2]: Leaving directory `/home/chuan/Desktop/magic-8.2/wiring'
make[2]: Entering directory `/home/chuan/Desktop/magic-8.2/ext2sim'
make[2]: Nothing to be done for `module'.
make[2]: Leaving directory `/home/chuan/Desktop/magic-8.2/ext2sim'
make[2]: Entering directory `/home/chuan/Desktop/magic-8.2/ext2spice'
make[2]: Nothing to be done for `module'.
make[2]: Leaving directory `/home/chuan/Desktop/magic-8.2/ext2spice'
make[2]: Entering directory `/home/chuan/Desktop/magic-8.2/calma'
make[2]: Nothing to be done for `module'.
make[2]: Leaving directory `/home/chuan/Desktop/magic-8.2/calma'
make[2]: Entering directory `/home/chuan/Desktop/magic-8.2/cif'
make[2]: Nothing to be done for `module'.
make[2]: Leaving directory `/home/chuan/Desktop/magic-8.2/cif'
make[2]: Entering directory `/home/chuan/Desktop/magic-8.2/plot'
make[2]: Nothing to be done for `module'.
make[2]: Leaving directory `/home/chuan/Desktop/magic-8.2/plot'
make[2]: Entering directory `/home/chuan/Desktop/magic-8.2/lef'
make[2]: Nothing to be done for `module'.
make[2]: Leaving directory `/home/chuan/Desktop/magic-8.2/lef'
make[2]: Entering directory `/home/chuan/Desktop/magic-8.2/garouter'
make[2]: Nothing to be done for `module'.
make[2]: Leaving directory `/home/chuan/Desktop/magic-8.2/garouter'
make[2]: Entering directory `/home/chuan/Desktop/magic-8.2/grouter'
make[2]: Nothing to be done for `module'.
make[2]: Leaving directory `/home/chuan/Desktop/magic-8.2/grouter'
make[2]: Entering directory `/home/chuan/Desktop/magic-8.2/irouter'
make[2]: Nothing to be done for `module'.
make[2]: Leaving directory `/home/chuan/Desktop/magic-8.2/irouter'
make[2]: Entering directory `/home/chuan/Desktop/magic-8.2/mzrouter'
make[2]: Nothing to be done for `module'.
make[2]: Leaving directory `/home/chuan/Desktop/magic-8.2/mzrouter'
make[2]: Entering directory `/home/chuan/Desktop/magic-8.2/router'
make[2]: Nothing to be done for `module'.
make[2]: Leaving directory `/home/chuan/Desktop/magic-8.2/router'
make[2]: Entering directory `/home/chuan/Desktop/magic-8.2/gcr'
make[2]: Nothing to be done for `module'.
make[2]: Leaving directory `/home/chuan/Desktop/magic-8.2/gcr'
make[2]: Entering directory `/home/chuan/Desktop/magic-8.2/tcltk'
make[2]: Nothing to be done for `module'.
make[2]: Leaving directory `/home/chuan/Desktop/magic-8.2/tcltk'
make[2]: Entering directory `/home/chuan/Desktop/magic-8.2/magic'
make[2]: Nothing to be done for `module'.
make[2]: Leaving directory `/home/chuan/Desktop/magic-8.2/magic'
make[2]: Entering directory `/home/chuan/Desktop/magic-8.2/net2ir'
make[2]: Nothing to be done for `module'.
make[2]: Leaving directory `/home/chuan/Desktop/magic-8.2/net2ir'
make[2]: Entering directory `/home/chuan/Desktop/magic-8.2/tcltk'
make[2]: Nothing to be done for `module'.
make[2]: Leaving directory `/home/chuan/Desktop/magic-8.2/tcltk'
--- making Tcl shared libraries
for dir in magic net2ir tcltk; do \
		(cd $dir && make tcl-main); done
make[2]: Entering directory `/home/chuan/Desktop/magic-8.2/magic'
--- making magic Tcl library (tclmagic.so)
rm -f tclmagic.so
gcc -g -m64 -fPIC -Wimplicit-int -fPIC  -I/usr/include/tcl8.6/tk-private/generic -I/usr/include/tcl8.6 -I. -I..  -o tclmagic.so  -shared -Wl,-soname,tclmagic.so -Wl,--version-script=../magic/symbol.map  \
		../cmwind/libcmwind.o ../commands/libcommands.o ../database/libdatabase.o ../dbwind/libdbwind.o ../drc/libdrc.o ../debug/libdebug.o ../extract/libextract.o ../graphics/libgraphics.o ../select/libselect.o ../textio/libtextio.o ../tiles/libtiles.o ../windows/libwindows.o ../wiring/libwiring.o ../resis/libresis.o ../sim/libsim.o ../netmenu/libnetmenu.o ../plow/libplow.o ../utils/libutils.o ../ext2sim/libext2sim.o ../ext2spice/libext2spice.o ../calma/libcalma.o ../cif/libcif.o ../plot/libplot.o ../lef/liblef.o ../extflat/libextflat.o ../garouter/libgarouter.o 	../mzrouter/libmzrouter.o ../router/librouter.o 	../irouter/libirouter.o ../grouter/libgrouter.o 	../gcr/libgcr.o ../tcltk/libtcltk.o -lc -lX11 -lcairo -lfontconfig -lfreetype    -lm   
make[2]: Leaving directory `/home/chuan/Desktop/magic-8.2/magic'
make[2]: Entering directory `/home/chuan/Desktop/magic-8.2/net2ir'
echo "Nothing to do here"
Nothing to do here
make[2]: Leaving directory `/home/chuan/Desktop/magic-8.2/net2ir'
make[2]: Entering directory `/home/chuan/Desktop/magic-8.2/tcltk'
make[2]: Nothing to be done for `tcl-main'.
make[2]: Leaving directory `/home/chuan/Desktop/magic-8.2/tcltk'
make[1]: Leaving directory `/home/chuan/Desktop/magic-8.2'
make[1]: Entering directory `/home/chuan/Desktop/magic-8.2'
--- making modules
for dir in cmwind commands database dbwind debug drc extflat extract graphics netmenu plow resis select sim textio tiles utils windows wiring ext2sim ext2spice calma cif plot lef garouter grouter irouter mzrouter router gcr tcltk magic net2ir tcltk; do \
		(cd $dir && make module); done
make[2]: Entering directory `/home/chuan/Desktop/magic-8.2/cmwind'
make[2]: Nothing to be done for `module'.
make[2]: Leaving directory `/home/chuan/Desktop/magic-8.2/cmwind'
make[2]: Entering directory `/home/chuan/Desktop/magic-8.2/commands'
make[2]: Nothing to be done for `module'.
make[2]: Leaving directory `/home/chuan/Desktop/magic-8.2/commands'
make[2]: Entering directory `/home/chuan/Desktop/magic-8.2/database'
make[2]: Nothing to be done for `module'.
make[2]: Leaving directory `/home/chuan/Desktop/magic-8.2/database'
make[2]: Entering directory `/home/chuan/Desktop/magic-8.2/dbwind'
make[2]: Nothing to be done for `module'.
make[2]: Leaving directory `/home/chuan/Desktop/magic-8.2/dbwind'
make[2]: Entering directory `/home/chuan/Desktop/magic-8.2/debug'
make[2]: Nothing to be done for `module'.
make[2]: Leaving directory `/home/chuan/Desktop/magic-8.2/debug'
make[2]: Entering directory `/home/chuan/Desktop/magic-8.2/drc'
make[2]: Nothing to be done for `module'.
make[2]: Leaving directory `/home/chuan/Desktop/magic-8.2/drc'
make[2]: Entering directory `/home/chuan/Desktop/magic-8.2/extflat'
make[2]: Nothing to be done for `module'.
make[2]: Leaving directory `/home/chuan/Desktop/magic-8.2/extflat'
make[2]: Entering directory `/home/chuan/Desktop/magic-8.2/extract'
make[2]: Nothing to be done for `module'.
make[2]: Leaving directory `/home/chuan/Desktop/magic-8.2/extract'
make[2]: Entering directory `/home/chuan/Desktop/magic-8.2/graphics'
--- compiling graphics/grTCairo1.o
rm -f grTCairo1.o
gcc -g -m64 -fPIC -Wimplicit-int -fPIC  -I/usr/include/tcl8.6/tk-private/generic -I/usr/include/tcl8.6  -I. -I..  -DCAD_DIR=\"/home/chuan/Desktop/magic_install/lib\" -DBIN_DIR=\"/home/chuan/Desktop/magic_install/bin\" -DTCL_DIR=\"/home/chuan/Desktop/magic_install/lib/magic/tcl\" -DPACKAGE_NAME=\"\" -DPACKAGE_TARNAME=\"\" -DPACKAGE_VERSION=\"\" -DPACKAGE_STRING=\"\" -DPACKAGE_BUGREPORT=\"\" -DPACKAGE_URL=\"\" -DMAGIC_VERSION=\"8.2\" -DMAGIC_REVISION=\"19\" -DSTDC_HEADERS=1 -DHAVE_SYS_TYPES_H=1 -DHAVE_SYS_STAT_H=1 -DHAVE_STDLIB_H=1 -DHAVE_STRING_H=1 -DHAVE_MEMORY_H=1 -DHAVE_STRINGS_H=1 -DHAVE_INTTYPES_H=1 -DHAVE_STDINT_H=1 -DHAVE_UNISTD_H=1 -DSIZEOF_VOID_P=8 -DSIZEOF_UNSIGNED_INT=4 -DSIZEOF_UNSIGNED_LONG=8 -DSIZEOF_UNSIGNED_LONG_LONG=8 -DSTDC_HEADERS=1 -DHAVE_SETENV=1 -DHAVE_PUTENV=1 -DHAVE_SYS_MMAN_H=1 -DHAVE_DIRENT_H=1 -DHAVE_LIMITS_H=1 -DHAVE_PATHS_H=1 -DHAVE_VA_COPY=1 -DHAVE___VA_COPY=1 -DFILE_LOCKS=1 -DCALMA_MODULE=1 -DCIF_MODULE=1 -DX11_BACKING_STORE=1 -DPLOT_MODULE=1 -DLEF_MODULE=1 -DROUTE_MODULE=1 -DUSE_NEW_MACROS=1 -DVECTOR_FONTS=1 -DHAVE_LIBCAIRO=1 -DMAGIC_WRAPPER=1 -Dlinux=1 -DSYSV=1 -DISC=1 -DNDEBUG -DGCORE=\"/usr/bin/gcore\" -DSHDLIB_EXT=\".so\" -DX11 -DXLIB -DCAIRO -DNDEBUG  -c grTCairo1.c
--- linking libgraphics.o
rm -f libgraphics.o
ld -r grMain.o grLock.o grDStyle.o grText.o grCMap.o grClip.o grGlyphs.o grNull.o W3Dmain.o grTk1.o grTk2.o grTk3.o grTk4.o grTk5.o grTCairo1.o grTCairo2.o grTCairo3.o grTCairo4.o grTCairo5.o grTkCommon.o -o libgraphics.o 
make[2]: Leaving directory `/home/chuan/Desktop/magic-8.2/graphics'
make[2]: Entering directory `/home/chuan/Desktop/magic-8.2/netmenu'
make[2]: Nothing to be done for `module'.
make[2]: Leaving directory `/home/chuan/Desktop/magic-8.2/netmenu'
make[2]: Entering directory `/home/chuan/Desktop/magic-8.2/plow'
make[2]: Nothing to be done for `module'.
make[2]: Leaving directory `/home/chuan/Desktop/magic-8.2/plow'
make[2]: Entering directory `/home/chuan/Desktop/magic-8.2/resis'
make[2]: Nothing to be done for `module'.
make[2]: Leaving directory `/home/chuan/Desktop/magic-8.2/resis'
make[2]: Entering directory `/home/chuan/Desktop/magic-8.2/select'
make[2]: Nothing to be done for `module'.
make[2]: Leaving directory `/home/chuan/Desktop/magic-8.2/select'
make[2]: Entering directory `/home/chuan/Desktop/magic-8.2/sim'
make[2]: Nothing to be done for `module'.
make[2]: Leaving directory `/home/chuan/Desktop/magic-8.2/sim'
make[2]: Entering directory `/home/chuan/Desktop/magic-8.2/textio'
make[2]: Nothing to be done for `module'.
make[2]: Leaving directory `/home/chuan/Desktop/magic-8.2/textio'
make[2]: Entering directory `/home/chuan/Desktop/magic-8.2/tiles'
make[2]: Nothing to be done for `module'.
make[2]: Leaving directory `/home/chuan/Desktop/magic-8.2/tiles'
make[2]: Entering directory `/home/chuan/Desktop/magic-8.2/utils'
make[2]: Nothing to be done for `module'.
make[2]: Leaving directory `/home/chuan/Desktop/magic-8.2/utils'
make[2]: Entering directory `/home/chuan/Desktop/magic-8.2/windows'
make[2]: Nothing to be done for `module'.
make[2]: Leaving directory `/home/chuan/Desktop/magic-8.2/windows'
make[2]: Entering directory `/home/chuan/Desktop/magic-8.2/wiring'
make[2]: Nothing to be done for `module'.
make[2]: Leaving directory `/home/chuan/Desktop/magic-8.2/wiring'
make[2]: Entering directory `/home/chuan/Desktop/magic-8.2/ext2sim'
make[2]: Nothing to be done for `module'.
make[2]: Leaving directory `/home/chuan/Desktop/magic-8.2/ext2sim'
make[2]: Entering directory `/home/chuan/Desktop/magic-8.2/ext2spice'
make[2]: Nothing to be done for `module'.
make[2]: Leaving directory `/home/chuan/Desktop/magic-8.2/ext2spice'
make[2]: Entering directory `/home/chuan/Desktop/magic-8.2/calma'
make[2]: Nothing to be done for `module'.
make[2]: Leaving directory `/home/chuan/Desktop/magic-8.2/calma'
make[2]: Entering directory `/home/chuan/Desktop/magic-8.2/cif'
make[2]: Nothing to be done for `module'.
make[2]: Leaving directory `/home/chuan/Desktop/magic-8.2/cif'
make[2]: Entering directory `/home/chuan/Desktop/magic-8.2/plot'
make[2]: Nothing to be done for `module'.
make[2]: Leaving directory `/home/chuan/Desktop/magic-8.2/plot'
make[2]: Entering directory `/home/chuan/Desktop/magic-8.2/lef'
make[2]: Nothing to be done for `module'.
make[2]: Leaving directory `/home/chuan/Desktop/magic-8.2/lef'
make[2]: Entering directory `/home/chuan/Desktop/magic-8.2/garouter'
make[2]: Nothing to be done for `module'.
make[2]: Leaving directory `/home/chuan/Desktop/magic-8.2/garouter'
make[2]: Entering directory `/home/chuan/Desktop/magic-8.2/grouter'
make[2]: Nothing to be done for `module'.
make[2]: Leaving directory `/home/chuan/Desktop/magic-8.2/grouter'
make[2]: Entering directory `/home/chuan/Desktop/magic-8.2/irouter'
make[2]: Nothing to be done for `module'.
make[2]: Leaving directory `/home/chuan/Desktop/magic-8.2/irouter'
make[2]: Entering directory `/home/chuan/Desktop/magic-8.2/mzrouter'
make[2]: Nothing to be done for `module'.
make[2]: Leaving directory `/home/chuan/Desktop/magic-8.2/mzrouter'
make[2]: Entering directory `/home/chuan/Desktop/magic-8.2/router'
make[2]: Nothing to be done for `module'.
make[2]: Leaving directory `/home/chuan/Desktop/magic-8.2/router'
make[2]: Entering directory `/home/chuan/Desktop/magic-8.2/gcr'
make[2]: Nothing to be done for `module'.
make[2]: Leaving directory `/home/chuan/Desktop/magic-8.2/gcr'
make[2]: Entering directory `/home/chuan/Desktop/magic-8.2/tcltk'
make[2]: Nothing to be done for `module'.
make[2]: Leaving directory `/home/chuan/Desktop/magic-8.2/tcltk'
make[2]: Entering directory `/home/chuan/Desktop/magic-8.2/magic'
make[2]: Nothing to be done for `module'.
make[2]: Leaving directory `/home/chuan/Desktop/magic-8.2/magic'
make[2]: Entering directory `/home/chuan/Desktop/magic-8.2/net2ir'
make[2]: Nothing to be done for `module'.
make[2]: Leaving directory `/home/chuan/Desktop/magic-8.2/net2ir'
make[2]: Entering directory `/home/chuan/Desktop/magic-8.2/tcltk'
make[2]: Nothing to be done for `module'.
make[2]: Leaving directory `/home/chuan/Desktop/magic-8.2/tcltk'
--- making Tcl shared libraries
for dir in magic net2ir tcltk; do \
		(cd $dir && make tcl-main); done
make[2]: Entering directory `/home/chuan/Desktop/magic-8.2/magic'
--- making magic Tcl library (tclmagic.so)
rm -f tclmagic.so
gcc -g -m64 -fPIC -Wimplicit-int -fPIC  -I/usr/include/tcl8.6/tk-private/generic -I/usr/include/tcl8.6 -I. -I..  -o tclmagic.so  -shared -Wl,-soname,tclmagic.so -Wl,--version-script=../magic/symbol.map  \
		../cmwind/libcmwind.o ../commands/libcommands.o ../database/libdatabase.o ../dbwind/libdbwind.o ../drc/libdrc.o ../debug/libdebug.o ../extract/libextract.o ../graphics/libgraphics.o ../select/libselect.o ../textio/libtextio.o ../tiles/libtiles.o ../windows/libwindows.o ../wiring/libwiring.o ../resis/libresis.o ../sim/libsim.o ../netmenu/libnetmenu.o ../plow/libplow.o ../utils/libutils.o ../ext2sim/libext2sim.o ../ext2spice/libext2spice.o ../calma/libcalma.o ../cif/libcif.o ../plot/libplot.o ../lef/liblef.o ../extflat/libextflat.o ../garouter/libgarouter.o 	../mzrouter/libmzrouter.o ../router/librouter.o 	../irouter/libirouter.o ../grouter/libgrouter.o 	../gcr/libgcr.o ../tcltk/libtcltk.o -lc -lX11 -lcairo -lfontconfig -lfreetype    -lm   
make[2]: Leaving directory `/home/chuan/Desktop/magic-8.2/magic'
make[2]: Entering directory `/home/chuan/Desktop/magic-8.2/net2ir'
echo "Nothing to do here"
Nothing to do here
make[2]: Leaving directory `/home/chuan/Desktop/magic-8.2/net2ir'
make[2]: Entering directory `/home/chuan/Desktop/magic-8.2/tcltk'
make[2]: Nothing to be done for `tcl-main'.
make[2]: Leaving directory `/home/chuan/Desktop/magic-8.2/tcltk'
make[1]: Leaving directory `/home/chuan/Desktop/magic-8.2'
make[1]: Entering directory `/home/chuan/Desktop/magic-8.2'
--- making modules
for dir in cmwind commands database dbwind debug drc extflat extract graphics netmenu plow resis select sim textio tiles utils windows wiring ext2sim ext2spice calma cif plot lef garouter grouter irouter mzrouter router gcr tcltk magic net2ir tcltk; do \
		(cd $dir && make module); done
make[2]: Entering directory `/home/chuan/Desktop/magic-8.2/cmwind'
make[2]: Nothing to be done for `module'.
make[2]: Leaving directory `/home/chuan/Desktop/magic-8.2/cmwind'
make[2]: Entering directory `/home/chuan/Desktop/magic-8.2/commands'
make[2]: Nothing to be done for `module'.
make[2]: Leaving directory `/home/chuan/Desktop/magic-8.2/commands'
make[2]: Entering directory `/home/chuan/Desktop/magic-8.2/database'
make[2]: Nothing to be done for `module'.
make[2]: Leaving directory `/home/chuan/Desktop/magic-8.2/database'
make[2]: Entering directory `/home/chuan/Desktop/magic-8.2/dbwind'
make[2]: Nothing to be done for `module'.
make[2]: Leaving directory `/home/chuan/Desktop/magic-8.2/dbwind'
make[2]: Entering directory `/home/chuan/Desktop/magic-8.2/debug'
make[2]: Nothing to be done for `module'.
make[2]: Leaving directory `/home/chuan/Desktop/magic-8.2/debug'
make[2]: Entering directory `/home/chuan/Desktop/magic-8.2/drc'
make[2]: Nothing to be done for `module'.
make[2]: Leaving directory `/home/chuan/Desktop/magic-8.2/drc'
make[2]: Entering directory `/home/chuan/Desktop/magic-8.2/extflat'
make[2]: Nothing to be done for `module'.
make[2]: Leaving directory `/home/chuan/Desktop/magic-8.2/extflat'
make[2]: Entering directory `/home/chuan/Desktop/magic-8.2/extract'
make[2]: Nothing to be done for `module'.
make[2]: Leaving directory `/home/chuan/Desktop/magic-8.2/extract'
make[2]: Entering directory `/home/chuan/Desktop/magic-8.2/graphics'
--- compiling graphics/grTCairo1.o
rm -f grTCairo1.o
gcc -g -m64 -fPIC -Wimplicit-int -fPIC  -I/usr/include/tcl8.6/tk-private/generic -I/usr/include/tcl8.6  -I. -I..  -DCAD_DIR=\"/home/chuan/Desktop/magic_install/lib\" -DBIN_DIR=\"/home/chuan/Desktop/magic_install/bin\" -DTCL_DIR=\"/home/chuan/Desktop/magic_install/lib/magic/tcl\" -DPACKAGE_NAME=\"\" -DPACKAGE_TARNAME=\"\" -DPACKAGE_VERSION=\"\" -DPACKAGE_STRING=\"\" -DPACKAGE_BUGREPORT=\"\" -DPACKAGE_URL=\"\" -DMAGIC_VERSION=\"8.2\" -DMAGIC_REVISION=\"19\" -DSTDC_HEADERS=1 -DHAVE_SYS_TYPES_H=1 -DHAVE_SYS_STAT_H=1 -DHAVE_STDLIB_H=1 -DHAVE_STRING_H=1 -DHAVE_MEMORY_H=1 -DHAVE_STRINGS_H=1 -DHAVE_INTTYPES_H=1 -DHAVE_STDINT_H=1 -DHAVE_UNISTD_H=1 -DSIZEOF_VOID_P=8 -DSIZEOF_UNSIGNED_INT=4 -DSIZEOF_UNSIGNED_LONG=8 -DSIZEOF_UNSIGNED_LONG_LONG=8 -DSTDC_HEADERS=1 -DHAVE_SETENV=1 -DHAVE_PUTENV=1 -DHAVE_SYS_MMAN_H=1 -DHAVE_DIRENT_H=1 -DHAVE_LIMITS_H=1 -DHAVE_PATHS_H=1 -DHAVE_VA_COPY=1 -DHAVE___VA_COPY=1 -DFILE_LOCKS=1 -DCALMA_MODULE=1 -DCIF_MODULE=1 -DX11_BACKING_STORE=1 -DPLOT_MODULE=1 -DLEF_MODULE=1 -DROUTE_MODULE=1 -DUSE_NEW_MACROS=1 -DVECTOR_FONTS=1 -DHAVE_LIBCAIRO=1 -DMAGIC_WRAPPER=1 -Dlinux=1 -DSYSV=1 -DISC=1 -DNDEBUG -DGCORE=\"/usr/bin/gcore\" -DSHDLIB_EXT=\".so\" -DX11 -DXLIB -DCAIRO -DNDEBUG  -c grTCairo1.c
--- linking libgraphics.o
rm -f libgraphics.o
ld -r grMain.o grLock.o grDStyle.o grText.o grCMap.o grClip.o grGlyphs.o grNull.o W3Dmain.o grTk1.o grTk2.o grTk3.o grTk4.o grTk5.o grTCairo1.o grTCairo2.o grTCairo3.o grTCairo4.o grTCairo5.o grTkCommon.o -o libgraphics.o 
make[2]: Leaving directory `/home/chuan/Desktop/magic-8.2/graphics'
make[2]: Entering directory `/home/chuan/Desktop/magic-8.2/netmenu'
make[2]: Nothing to be done for `module'.
make[2]: Leaving directory `/home/chuan/Desktop/magic-8.2/netmenu'
make[2]: Entering directory `/home/chuan/Desktop/magic-8.2/plow'
make[2]: Nothing to be done for `module'.
make[2]: Leaving directory `/home/chuan/Desktop/magic-8.2/plow'
make[2]: Entering directory `/home/chuan/Desktop/magic-8.2/resis'
make[2]: Nothing to be done for `module'.
make[2]: Leaving directory `/home/chuan/Desktop/magic-8.2/resis'
make[2]: Entering directory `/home/chuan/Desktop/magic-8.2/select'
make[2]: Nothing to be done for `module'.
make[2]: Leaving directory `/home/chuan/Desktop/magic-8.2/select'
make[2]: Entering directory `/home/chuan/Desktop/magic-8.2/sim'
make[2]: Nothing to be done for `module'.
make[2]: Leaving directory `/home/chuan/Desktop/magic-8.2/sim'
make[2]: Entering directory `/home/chuan/Desktop/magic-8.2/textio'
make[2]: Nothing to be done for `module'.
make[2]: Leaving directory `/home/chuan/Desktop/magic-8.2/textio'
make[2]: Entering directory `/home/chuan/Desktop/magic-8.2/tiles'
make[2]: Nothing to be done for `module'.
make[2]: Leaving directory `/home/chuan/Desktop/magic-8.2/tiles'
make[2]: Entering directory `/home/chuan/Desktop/magic-8.2/utils'
make[2]: Nothing to be done for `module'.
make[2]: Leaving directory `/home/chuan/Desktop/magic-8.2/utils'
make[2]: Entering directory `/home/chuan/Desktop/magic-8.2/windows'
make[2]: Nothing to be done for `module'.
make[2]: Leaving directory `/home/chuan/Desktop/magic-8.2/windows'
make[2]: Entering directory `/home/chuan/Desktop/magic-8.2/wiring'
make[2]: Nothing to be done for `module'.
make[2]: Leaving directory `/home/chuan/Desktop/magic-8.2/wiring'
make[2]: Entering directory `/home/chuan/Desktop/magic-8.2/ext2sim'
make[2]: Nothing to be done for `module'.
make[2]: Leaving directory `/home/chuan/Desktop/magic-8.2/ext2sim'
make[2]: Entering directory `/home/chuan/Desktop/magic-8.2/ext2spice'
make[2]: Nothing to be done for `module'.
make[2]: Leaving directory `/home/chuan/Desktop/magic-8.2/ext2spice'
make[2]: Entering directory `/home/chuan/Desktop/magic-8.2/calma'
make[2]: Nothing to be done for `module'.
make[2]: Leaving directory `/home/chuan/Desktop/magic-8.2/calma'
make[2]: Entering directory `/home/chuan/Desktop/magic-8.2/cif'
make[2]: Nothing to be done for `module'.
make[2]: Leaving directory `/home/chuan/Desktop/magic-8.2/cif'
make[2]: Entering directory `/home/chuan/Desktop/magic-8.2/plot'
make[2]: Nothing to be done for `module'.
make[2]: Leaving directory `/home/chuan/Desktop/magic-8.2/plot'
make[2]: Entering directory `/home/chuan/Desktop/magic-8.2/lef'
make[2]: Nothing to be done for `module'.
make[2]: Leaving directory `/home/chuan/Desktop/magic-8.2/lef'
make[2]: Entering directory `/home/chuan/Desktop/magic-8.2/garouter'
make[2]: Nothing to be done for `module'.
make[2]: Leaving directory `/home/chuan/Desktop/magic-8.2/garouter'
make[2]: Entering directory `/home/chuan/Desktop/magic-8.2/grouter'
make[2]: Nothing to be done for `module'.
make[2]: Leaving directory `/home/chuan/Desktop/magic-8.2/grouter'
make[2]: Entering directory `/home/chuan/Desktop/magic-8.2/irouter'
make[2]: Nothing to be done for `module'.
make[2]: Leaving directory `/home/chuan/Desktop/magic-8.2/irouter'
make[2]: Entering directory `/home/chuan/Desktop/magic-8.2/mzrouter'
make[2]: Nothing to be done for `module'.
make[2]: Leaving directory `/home/chuan/Desktop/magic-8.2/mzrouter'
make[2]: Entering directory `/home/chuan/Desktop/magic-8.2/router'
make[2]: Nothing to be done for `module'.
make[2]: Leaving directory `/home/chuan/Desktop/magic-8.2/router'
make[2]: Entering directory `/home/chuan/Desktop/magic-8.2/gcr'
make[2]: Nothing to be done for `module'.
make[2]: Leaving directory `/home/chuan/Desktop/magic-8.2/gcr'
make[2]: Entering directory `/home/chuan/Desktop/magic-8.2/tcltk'
make[2]: Nothing to be done for `module'.
make[2]: Leaving directory `/home/chuan/Desktop/magic-8.2/tcltk'
make[2]: Entering directory `/home/chuan/Desktop/magic-8.2/magic'
make[2]: Nothing to be done for `module'.
make[2]: Leaving directory `/home/chuan/Desktop/magic-8.2/magic'
make[2]: Entering directory `/home/chuan/Desktop/magic-8.2/net2ir'
make[2]: Nothing to be done for `module'.
make[2]: Leaving directory `/home/chuan/Desktop/magic-8.2/net2ir'
make[2]: Entering directory `/home/chuan/Desktop/magic-8.2/tcltk'
make[2]: Nothing to be done for `module'.
make[2]: Leaving directory `/home/chuan/Desktop/magic-8.2/tcltk'
--- making Tcl shared libraries
for dir in magic net2ir tcltk; do \
		(cd $dir && make tcl-main); done
make[2]: Entering directory `/home/chuan/Desktop/magic-8.2/magic'
--- making magic Tcl library (tclmagic.so)
rm -f tclmagic.so
gcc -g -m64 -fPIC -Wimplicit-int -fPIC  -I/usr/include/tcl8.6/tk-private/generic -I/usr/include/tcl8.6 -I. -I..  -o tclmagic.so  -shared -Wl,-soname,tclmagic.so -Wl,--version-script=../magic/symbol.map  \
		../cmwind/libcmwind.o ../commands/libcommands.o ../database/libdatabase.o ../dbwind/libdbwind.o ../drc/libdrc.o ../debug/libdebug.o ../extract/libextract.o ../graphics/libgraphics.o ../select/libselect.o ../textio/libtextio.o ../tiles/libtiles.o ../windows/libwindows.o ../wiring/libwiring.o ../resis/libresis.o ../sim/libsim.o ../netmenu/libnetmenu.o ../plow/libplow.o ../utils/libutils.o ../ext2sim/libext2sim.o ../ext2spice/libext2spice.o ../calma/libcalma.o ../cif/libcif.o ../plot/libplot.o ../lef/liblef.o ../extflat/libextflat.o ../garouter/libgarouter.o 	../mzrouter/libmzrouter.o ../router/librouter.o 	../irouter/libirouter.o ../grouter/libgrouter.o 	../gcr/libgcr.o ../tcltk/libtcltk.o -lc -lX11 -lcairo -lfontconfig -lfreetype    -lm   
make[2]: Leaving directory `/home/chuan/Desktop/magic-8.2/magic'
make[2]: Entering directory `/home/chuan/Desktop/magic-8.2/net2ir'
echo "Nothing to do here"
Nothing to do here
make[2]: Leaving directory `/home/chuan/Desktop/magic-8.2/net2ir'
make[2]: Entering directory `/home/chuan/Desktop/magic-8.2/tcltk'
make[2]: Nothing to be done for `tcl-main'.
make[2]: Leaving directory `/home/chuan/Desktop/magic-8.2/tcltk'
make[1]: Leaving directory `/home/chuan/Desktop/magic-8.2'
make[1]: Entering directory `/home/chuan/Desktop/magic-8.2'
--- making modules
for dir in cmwind commands database dbwind debug drc extflat extract graphics netmenu plow resis select sim textio tiles utils windows wiring ext2sim ext2spice calma cif plot lef garouter grouter irouter mzrouter router gcr tcltk magic net2ir tcltk; do \
		(cd $dir && make module); done
make[2]: Entering directory `/home/chuan/Desktop/magic-8.2/cmwind'
make[2]: Nothing to be done for `module'.
make[2]: Leaving directory `/home/chuan/Desktop/magic-8.2/cmwind'
make[2]: Entering directory `/home/chuan/Desktop/magic-8.2/commands'
make[2]: Nothing to be done for `module'.
make[2]: Leaving directory `/home/chuan/Desktop/magic-8.2/commands'
make[2]: Entering directory `/home/chuan/Desktop/magic-8.2/database'
make[2]: Nothing to be done for `module'.
make[2]: Leaving directory `/home/chuan/Desktop/magic-8.2/database'
make[2]: Entering directory `/home/chuan/Desktop/magic-8.2/dbwind'
make[2]: Nothing to be done for `module'.
make[2]: Leaving directory `/home/chuan/Desktop/magic-8.2/dbwind'
make[2]: Entering directory `/home/chuan/Desktop/magic-8.2/debug'
make[2]: Nothing to be done for `module'.
make[2]: Leaving directory `/home/chuan/Desktop/magic-8.2/debug'
make[2]: Entering directory `/home/chuan/Desktop/magic-8.2/drc'
make[2]: Nothing to be done for `module'.
make[2]: Leaving directory `/home/chuan/Desktop/magic-8.2/drc'
make[2]: Entering directory `/home/chuan/Desktop/magic-8.2/extflat'
make[2]: Nothing to be done for `module'.
make[2]: Leaving directory `/home/chuan/Desktop/magic-8.2/extflat'
make[2]: Entering directory `/home/chuan/Desktop/magic-8.2/extract'
make[2]: Nothing to be done for `module'.
make[2]: Leaving directory `/home/chuan/Desktop/magic-8.2/extract'
make[2]: Entering directory `/home/chuan/Desktop/magic-8.2/graphics'
--- compiling graphics/grTCairo1.o
rm -f grTCairo1.o
gcc -g -m64 -fPIC -Wimplicit-int -fPIC  -I/usr/include/tcl8.6/tk-private/generic -I/usr/include/tcl8.6  -I. -I..  -DCAD_DIR=\"/home/chuan/Desktop/magic_install/lib\" -DBIN_DIR=\"/home/chuan/Desktop/magic_install/bin\" -DTCL_DIR=\"/home/chuan/Desktop/magic_install/lib/magic/tcl\" -DPACKAGE_NAME=\"\" -DPACKAGE_TARNAME=\"\" -DPACKAGE_VERSION=\"\" -DPACKAGE_STRING=\"\" -DPACKAGE_BUGREPORT=\"\" -DPACKAGE_URL=\"\" -DMAGIC_VERSION=\"8.2\" -DMAGIC_REVISION=\"19\" -DSTDC_HEADERS=1 -DHAVE_SYS_TYPES_H=1 -DHAVE_SYS_STAT_H=1 -DHAVE_STDLIB_H=1 -DHAVE_STRING_H=1 -DHAVE_MEMORY_H=1 -DHAVE_STRINGS_H=1 -DHAVE_INTTYPES_H=1 -DHAVE_STDINT_H=1 -DHAVE_UNISTD_H=1 -DSIZEOF_VOID_P=8 -DSIZEOF_UNSIGNED_INT=4 -DSIZEOF_UNSIGNED_LONG=8 -DSIZEOF_UNSIGNED_LONG_LONG=8 -DSTDC_HEADERS=1 -DHAVE_SETENV=1 -DHAVE_PUTENV=1 -DHAVE_SYS_MMAN_H=1 -DHAVE_DIRENT_H=1 -DHAVE_LIMITS_H=1 -DHAVE_PATHS_H=1 -DHAVE_VA_COPY=1 -DHAVE___VA_COPY=1 -DFILE_LOCKS=1 -DCALMA_MODULE=1 -DCIF_MODULE=1 -DX11_BACKING_STORE=1 -DPLOT_MODULE=1 -DLEF_MODULE=1 -DROUTE_MODULE=1 -DUSE_NEW_MACROS=1 -DVECTOR_FONTS=1 -DHAVE_LIBCAIRO=1 -DMAGIC_WRAPPER=1 -Dlinux=1 -DSYSV=1 -DISC=1 -DNDEBUG -DGCORE=\"/usr/bin/gcore\" -DSHDLIB_EXT=\".so\" -DX11 -DXLIB -DCAIRO -DNDEBUG  -c grTCairo1.c
--- linking libgraphics.o
rm -f libgraphics.o
ld -r grMain.o grLock.o grDStyle.o grText.o grCMap.o grClip.o grGlyphs.o grNull.o W3Dmain.o grTk1.o grTk2.o grTk3.o grTk4.o grTk5.o grTCairo1.o grTCairo2.o grTCairo3.o grTCairo4.o grTCairo5.o grTkCommon.o -o libgraphics.o 
make[2]: Leaving directory `/home/chuan/Desktop/magic-8.2/graphics'
make[2]: Entering directory `/home/chuan/Desktop/magic-8.2/netmenu'
make[2]: Nothing to be done for `module'.
make[2]: Leaving directory `/home/chuan/Desktop/magic-8.2/netmenu'
make[2]: Entering directory `/home/chuan/Desktop/magic-8.2/plow'
make[2]: Nothing to be done for `module'.
make[2]: Leaving directory `/home/chuan/Desktop/magic-8.2/plow'
make[2]: Entering directory `/home/chuan/Desktop/magic-8.2/resis'
make[2]: Nothing to be done for `module'.
make[2]: Leaving directory `/home/chuan/Desktop/magic-8.2/resis'
make[2]: Entering directory `/home/chuan/Desktop/magic-8.2/select'
make[2]: Nothing to be done for `module'.
make[2]: Leaving directory `/home/chuan/Desktop/magic-8.2/select'
make[2]: Entering directory `/home/chuan/Desktop/magic-8.2/sim'
make[2]: Nothing to be done for `module'.
make[2]: Leaving directory `/home/chuan/Desktop/magic-8.2/sim'
make[2]: Entering directory `/home/chuan/Desktop/magic-8.2/textio'
make[2]: Nothing to be done for `module'.
make[2]: Leaving directory `/home/chuan/Desktop/magic-8.2/textio'
make[2]: Entering directory `/home/chuan/Desktop/magic-8.2/tiles'
make[2]: Nothing to be done for `module'.
make[2]: Leaving directory `/home/chuan/Desktop/magic-8.2/tiles'
make[2]: Entering directory `/home/chuan/Desktop/magic-8.2/utils'
make[2]: Nothing to be done for `module'.
make[2]: Leaving directory `/home/chuan/Desktop/magic-8.2/utils'
make[2]: Entering directory `/home/chuan/Desktop/magic-8.2/windows'
make[2]: Nothing to be done for `module'.
make[2]: Leaving directory `/home/chuan/Desktop/magic-8.2/windows'
make[2]: Entering directory `/home/chuan/Desktop/magic-8.2/wiring'
make[2]: Nothing to be done for `module'.
make[2]: Leaving directory `/home/chuan/Desktop/magic-8.2/wiring'
make[2]: Entering directory `/home/chuan/Desktop/magic-8.2/ext2sim'
make[2]: Nothing to be done for `module'.
make[2]: Leaving directory `/home/chuan/Desktop/magic-8.2/ext2sim'
make[2]: Entering directory `/home/chuan/Desktop/magic-8.2/ext2spice'
make[2]: Nothing to be done for `module'.
make[2]: Leaving directory `/home/chuan/Desktop/magic-8.2/ext2spice'
make[2]: Entering directory `/home/chuan/Desktop/magic-8.2/calma'
make[2]: Nothing to be done for `module'.
make[2]: Leaving directory `/home/chuan/Desktop/magic-8.2/calma'
make[2]: Entering directory `/home/chuan/Desktop/magic-8.2/cif'
make[2]: Nothing to be done for `module'.
make[2]: Leaving directory `/home/chuan/Desktop/magic-8.2/cif'
make[2]: Entering directory `/home/chuan/Desktop/magic-8.2/plot'
make[2]: Nothing to be done for `module'.
make[2]: Leaving directory `/home/chuan/Desktop/magic-8.2/plot'
make[2]: Entering directory `/home/chuan/Desktop/magic-8.2/lef'
make[2]: Nothing to be done for `module'.
make[2]: Leaving directory `/home/chuan/Desktop/magic-8.2/lef'
make[2]: Entering directory `/home/chuan/Desktop/magic-8.2/garouter'
make[2]: Nothing to be done for `module'.
make[2]: Leaving directory `/home/chuan/Desktop/magic-8.2/garouter'
make[2]: Entering directory `/home/chuan/Desktop/magic-8.2/grouter'
make[2]: Nothing to be done for `module'.
make[2]: Leaving directory `/home/chuan/Desktop/magic-8.2/grouter'
make[2]: Entering directory `/home/chuan/Desktop/magic-8.2/irouter'
make[2]: Nothing to be done for `module'.
make[2]: Leaving directory `/home/chuan/Desktop/magic-8.2/irouter'
make[2]: Entering directory `/home/chuan/Desktop/magic-8.2/mzrouter'
make[2]: Nothing to be done for `module'.
make[2]: Leaving directory `/home/chuan/Desktop/magic-8.2/mzrouter'
make[2]: Entering directory `/home/chuan/Desktop/magic-8.2/router'
make[2]: Nothing to be done for `module'.
make[2]: Leaving directory `/home/chuan/Desktop/magic-8.2/router'
make[2]: Entering directory `/home/chuan/Desktop/magic-8.2/gcr'
make[2]: Nothing to be done for `module'.
make[2]: Leaving directory `/home/chuan/Desktop/magic-8.2/gcr'
make[2]: Entering directory `/home/chuan/Desktop/magic-8.2/tcltk'
make[2]: Nothing to be done for `module'.
make[2]: Leaving directory `/home/chuan/Desktop/magic-8.2/tcltk'
make[2]: Entering directory `/home/chuan/Desktop/magic-8.2/magic'
make[2]: Nothing to be done for `module'.
make[2]: Leaving directory `/home/chuan/Desktop/magic-8.2/magic'
make[2]: Entering directory `/home/chuan/Desktop/magic-8.2/net2ir'
make[2]: Nothing to be done for `module'.
make[2]: Leaving directory `/home/chuan/Desktop/magic-8.2/net2ir'
make[2]: Entering directory `/home/chuan/Desktop/magic-8.2/tcltk'
make[2]: Nothing to be done for `module'.
make[2]: Leaving directory `/home/chuan/Desktop/magic-8.2/tcltk'
--- making Tcl shared libraries
for dir in magic net2ir tcltk; do \
		(cd $dir && make tcl-main); done
make[2]: Entering directory `/home/chuan/Desktop/magic-8.2/magic'
--- making magic Tcl library (tclmagic.so)
rm -f tclmagic.so
gcc -g -m64 -fPIC -Wimplicit-int -fPIC  -I/usr/include/tcl8.6/tk-private/generic -I/usr/include/tcl8.6 -I. -I..  -o tclmagic.so  -shared -Wl,-soname,tclmagic.so -Wl,--version-script=../magic/symbol.map  \
		../cmwind/libcmwind.o ../commands/libcommands.o ../database/libdatabase.o ../dbwind/libdbwind.o ../drc/libdrc.o ../debug/libdebug.o ../extract/libextract.o ../graphics/libgraphics.o ../select/libselect.o ../textio/libtextio.o ../tiles/libtiles.o ../windows/libwindows.o ../wiring/libwiring.o ../resis/libresis.o ../sim/libsim.o ../netmenu/libnetmenu.o ../plow/libplow.o ../utils/libutils.o ../ext2sim/libext2sim.o ../ext2spice/libext2spice.o ../calma/libcalma.o ../cif/libcif.o ../plot/libplot.o ../lef/liblef.o ../extflat/libextflat.o ../garouter/libgarouter.o 	../mzrouter/libmzrouter.o ../router/librouter.o 	../irouter/libirouter.o ../grouter/libgrouter.o 	../gcr/libgcr.o ../tcltk/libtcltk.o -lc -lX11 -lcairo -lfontconfig -lfreetype    -lm   
make[2]: Leaving directory `/home/chuan/Desktop/magic-8.2/magic'
make[2]: Entering directory `/home/chuan/Desktop/magic-8.2/net2ir'
echo "Nothing to do here"
Nothing to do here
make[2]: Leaving directory `/home/chuan/Desktop/magic-8.2/net2ir'
make[2]: Entering directory `/home/chuan/Desktop/magic-8.2/tcltk'
make[2]: Nothing to be done for `tcl-main'.
make[2]: Leaving directory `/home/chuan/Desktop/magic-8.2/tcltk'
make[1]: Leaving directory `/home/chuan/Desktop/magic-8.2'
make[1]: Entering directory `/home/chuan/Desktop/magic-8.2'
--- making modules
for dir in cmwind commands database dbwind debug drc extflat extract graphics netmenu plow resis select sim textio tiles utils windows wiring ext2sim ext2spice calma cif plot lef garouter grouter irouter mzrouter router gcr tcltk magic net2ir tcltk; do \
		(cd $dir && make module); done
make[2]: Entering directory `/home/chuan/Desktop/magic-8.2/cmwind'
make[2]: Nothing to be done for `module'.
make[2]: Leaving directory `/home/chuan/Desktop/magic-8.2/cmwind'
make[2]: Entering directory `/home/chuan/Desktop/magic-8.2/commands'
make[2]: Nothing to be done for `module'.
make[2]: Leaving directory `/home/chuan/Desktop/magic-8.2/commands'
make[2]: Entering directory `/home/chuan/Desktop/magic-8.2/database'
make[2]: Nothing to be done for `module'.
make[2]: Leaving directory `/home/chuan/Desktop/magic-8.2/database'
make[2]: Entering directory `/home/chuan/Desktop/magic-8.2/dbwind'
make[2]: Nothing to be done for `module'.
make[2]: Leaving directory `/home/chuan/Desktop/magic-8.2/dbwind'
make[2]: Entering directory `/home/chuan/Desktop/magic-8.2/debug'
make[2]: Nothing to be done for `module'.
make[2]: Leaving directory `/home/chuan/Desktop/magic-8.2/debug'
make[2]: Entering directory `/home/chuan/Desktop/magic-8.2/drc'
make[2]: Nothing to be done for `module'.
make[2]: Leaving directory `/home/chuan/Desktop/magic-8.2/drc'
make[2]: Entering directory `/home/chuan/Desktop/magic-8.2/extflat'
make[2]: Nothing to be done for `module'.
make[2]: Leaving directory `/home/chuan/Desktop/magic-8.2/extflat'
make[2]: Entering directory `/home/chuan/Desktop/magic-8.2/extract'
make[2]: Nothing to be done for `module'.
make[2]: Leaving directory `/home/chuan/Desktop/magic-8.2/extract'
make[2]: Entering directory `/home/chuan/Desktop/magic-8.2/graphics'
--- compiling graphics/grTCairo1.o
rm -f grTCairo1.o
gcc -g -m64 -fPIC -Wimplicit-int -fPIC  -I/usr/include/tcl8.6/tk-private/generic -I/usr/include/tcl8.6  -I. -I..  -DCAD_DIR=\"/home/chuan/Desktop/magic_install/lib\" -DBIN_DIR=\"/home/chuan/Desktop/magic_install/bin\" -DTCL_DIR=\"/home/chuan/Desktop/magic_install/lib/magic/tcl\" -DPACKAGE_NAME=\"\" -DPACKAGE_TARNAME=\"\" -DPACKAGE_VERSION=\"\" -DPACKAGE_STRING=\"\" -DPACKAGE_BUGREPORT=\"\" -DPACKAGE_URL=\"\" -DMAGIC_VERSION=\"8.2\" -DMAGIC_REVISION=\"19\" -DSTDC_HEADERS=1 -DHAVE_SYS_TYPES_H=1 -DHAVE_SYS_STAT_H=1 -DHAVE_STDLIB_H=1 -DHAVE_STRING_H=1 -DHAVE_MEMORY_H=1 -DHAVE_STRINGS_H=1 -DHAVE_INTTYPES_H=1 -DHAVE_STDINT_H=1 -DHAVE_UNISTD_H=1 -DSIZEOF_VOID_P=8 -DSIZEOF_UNSIGNED_INT=4 -DSIZEOF_UNSIGNED_LONG=8 -DSIZEOF_UNSIGNED_LONG_LONG=8 -DSTDC_HEADERS=1 -DHAVE_SETENV=1 -DHAVE_PUTENV=1 -DHAVE_SYS_MMAN_H=1 -DHAVE_DIRENT_H=1 -DHAVE_LIMITS_H=1 -DHAVE_PATHS_H=1 -DHAVE_VA_COPY=1 -DHAVE___VA_COPY=1 -DFILE_LOCKS=1 -DCALMA_MODULE=1 -DCIF_MODULE=1 -DX11_BACKING_STORE=1 -DPLOT_MODULE=1 -DLEF_MODULE=1 -DROUTE_MODULE=1 -DUSE_NEW_MACROS=1 -DVECTOR_FONTS=1 -DHAVE_LIBCAIRO=1 -DMAGIC_WRAPPER=1 -Dlinux=1 -DSYSV=1 -DISC=1 -DNDEBUG -DGCORE=\"/usr/bin/gcore\" -DSHDLIB_EXT=\".so\" -DX11 -DXLIB -DCAIRO -DNDEBUG  -c grTCairo1.c
--- linking libgraphics.o
rm -f libgraphics.o
ld -r grMain.o grLock.o grDStyle.o grText.o grCMap.o grClip.o grGlyphs.o grNull.o W3Dmain.o grTk1.o grTk2.o grTk3.o grTk4.o grTk5.o grTCairo1.o grTCairo2.o grTCairo3.o grTCairo4.o grTCairo5.o grTkCommon.o -o libgraphics.o 
make[2]: Leaving directory `/home/chuan/Desktop/magic-8.2/graphics'
make[2]: Entering directory `/home/chuan/Desktop/magic-8.2/netmenu'
make[2]: Nothing to be done for `module'.
make[2]: Leaving directory `/home/chuan/Desktop/magic-8.2/netmenu'
make[2]: Entering directory `/home/chuan/Desktop/magic-8.2/plow'
make[2]: Nothing to be done for `module'.
make[2]: Leaving directory `/home/chuan/Desktop/magic-8.2/plow'
make[2]: Entering directory `/home/chuan/Desktop/magic-8.2/resis'
make[2]: Nothing to be done for `module'.
make[2]: Leaving directory `/home/chuan/Desktop/magic-8.2/resis'
make[2]: Entering directory `/home/chuan/Desktop/magic-8.2/select'
make[2]: Nothing to be done for `module'.
make[2]: Leaving directory `/home/chuan/Desktop/magic-8.2/select'
make[2]: Entering directory `/home/chuan/Desktop/magic-8.2/sim'
make[2]: Nothing to be done for `module'.
make[2]: Leaving directory `/home/chuan/Desktop/magic-8.2/sim'
make[2]: Entering directory `/home/chuan/Desktop/magic-8.2/textio'
make[2]: Nothing to be done for `module'.
make[2]: Leaving directory `/home/chuan/Desktop/magic-8.2/textio'
make[2]: Entering directory `/home/chuan/Desktop/magic-8.2/tiles'
make[2]: Nothing to be done for `module'.
make[2]: Leaving directory `/home/chuan/Desktop/magic-8.2/tiles'
make[2]: Entering directory `/home/chuan/Desktop/magic-8.2/utils'
make[2]: Nothing to be done for `module'.
make[2]: Leaving directory `/home/chuan/Desktop/magic-8.2/utils'
make[2]: Entering directory `/home/chuan/Desktop/magic-8.2/windows'
make[2]: Nothing to be done for `module'.
make[2]: Leaving directory `/home/chuan/Desktop/magic-8.2/windows'
make[2]: Entering directory `/home/chuan/Desktop/magic-8.2/wiring'
make[2]: Nothing to be done for `module'.
make[2]: Leaving directory `/home/chuan/Desktop/magic-8.2/wiring'
make[2]: Entering directory `/home/chuan/Desktop/magic-8.2/ext2sim'
make[2]: Nothing to be done for `module'.
make[2]: Leaving directory `/home/chuan/Desktop/magic-8.2/ext2sim'
make[2]: Entering directory `/home/chuan/Desktop/magic-8.2/ext2spice'
make[2]: Nothing to be done for `module'.
make[2]: Leaving directory `/home/chuan/Desktop/magic-8.2/ext2spice'
make[2]: Entering directory `/home/chuan/Desktop/magic-8.2/calma'
make[2]: Nothing to be done for `module'.
make[2]: Leaving directory `/home/chuan/Desktop/magic-8.2/calma'
make[2]: Entering directory `/home/chuan/Desktop/magic-8.2/cif'
make[2]: Nothing to be done for `module'.
make[2]: Leaving directory `/home/chuan/Desktop/magic-8.2/cif'
make[2]: Entering directory `/home/chuan/Desktop/magic-8.2/plot'
make[2]: Nothing to be done for `module'.
make[2]: Leaving directory `/home/chuan/Desktop/magic-8.2/plot'
make[2]: Entering directory `/home/chuan/Desktop/magic-8.2/lef'
make[2]: Nothing to be done for `module'.
make[2]: Leaving directory `/home/chuan/Desktop/magic-8.2/lef'
make[2]: Entering directory `/home/chuan/Desktop/magic-8.2/garouter'
make[2]: Nothing to be done for `module'.
make[2]: Leaving directory `/home/chuan/Desktop/magic-8.2/garouter'
make[2]: Entering directory `/home/chuan/Desktop/magic-8.2/grouter'
make[2]: Nothing to be done for `module'.
make[2]: Leaving directory `/home/chuan/Desktop/magic-8.2/grouter'
make[2]: Entering directory `/home/chuan/Desktop/magic-8.2/irouter'
make[2]: Nothing to be done for `module'.
make[2]: Leaving directory `/home/chuan/Desktop/magic-8.2/irouter'
make[2]: Entering directory `/home/chuan/Desktop/magic-8.2/mzrouter'
make[2]: Nothing to be done for `module'.
make[2]: Leaving directory `/home/chuan/Desktop/magic-8.2/mzrouter'
make[2]: Entering directory `/home/chuan/Desktop/magic-8.2/router'
make[2]: Nothing to be done for `module'.
make[2]: Leaving directory `/home/chuan/Desktop/magic-8.2/router'
make[2]: Entering directory `/home/chuan/Desktop/magic-8.2/gcr'
make[2]: Nothing to be done for `module'.
make[2]: Leaving directory `/home/chuan/Desktop/magic-8.2/gcr'
make[2]: Entering directory `/home/chuan/Desktop/magic-8.2/tcltk'
make[2]: Nothing to be done for `module'.
make[2]: Leaving directory `/home/chuan/Desktop/magic-8.2/tcltk'
make[2]: Entering directory `/home/chuan/Desktop/magic-8.2/magic'
make[2]: Nothing to be done for `module'.
make[2]: Leaving directory `/home/chuan/Desktop/magic-8.2/magic'
make[2]: Entering directory `/home/chuan/Desktop/magic-8.2/net2ir'
make[2]: Nothing to be done for `module'.
make[2]: Leaving directory `/home/chuan/Desktop/magic-8.2/net2ir'
make[2]: Entering directory `/home/chuan/Desktop/magic-8.2/tcltk'
make[2]: Nothing to be done for `module'.
make[2]: Leaving directory `/home/chuan/Desktop/magic-8.2/tcltk'
--- making Tcl shared libraries
for dir in magic net2ir tcltk; do \
		(cd $dir && make tcl-main); done
make[2]: Entering directory `/home/chuan/Desktop/magic-8.2/magic'
--- making magic Tcl library (tclmagic.so)
rm -f tclmagic.so
gcc -g -m64 -fPIC -Wimplicit-int -fPIC  -I/usr/include/tcl8.6/tk-private/generic -I/usr/include/tcl8.6 -I. -I..  -o tclmagic.so  -shared -Wl,-soname,tclmagic.so -Wl,--version-script=../magic/symbol.map  \
		../cmwind/libcmwind.o ../commands/libcommands.o ../database/libdatabase.o ../dbwind/libdbwind.o ../drc/libdrc.o ../debug/libdebug.o ../extract/libextract.o ../graphics/libgraphics.o ../select/libselect.o ../textio/libtextio.o ../tiles/libtiles.o ../windows/libwindows.o ../wiring/libwiring.o ../resis/libresis.o ../sim/libsim.o ../netmenu/libnetmenu.o ../plow/libplow.o ../utils/libutils.o ../ext2sim/libext2sim.o ../ext2spice/libext2spice.o ../calma/libcalma.o ../cif/libcif.o ../plot/libplot.o ../lef/liblef.o ../extflat/libextflat.o ../garouter/libgarouter.o 	../mzrouter/libmzrouter.o ../router/librouter.o 	../irouter/libirouter.o ../grouter/libgrouter.o 	../gcr/libgcr.o ../tcltk/libtcltk.o -lc -lX11 -lcairo -lfontconfig -lfreetype    -lm   
make[2]: Leaving directory `/home/chuan/Desktop/magic-8.2/magic'
make[2]: Entering directory `/home/chuan/Desktop/magic-8.2/net2ir'
echo "Nothing to do here"
Nothing to do here
make[2]: Leaving directory `/home/chuan/Desktop/magic-8.2/net2ir'
make[2]: Entering directory `/home/chuan/Desktop/magic-8.2/tcltk'
make[2]: Nothing to be done for `tcl-main'.
make[2]: Leaving directory `/home/chuan/Desktop/magic-8.2/tcltk'
make[1]: Leaving directory `/home/chuan/Desktop/magic-8.2'
make[1]: Entering directory `/home/chuan/Desktop/magic-8.2'
--- making modules
for dir in cmwind commands database dbwind debug drc extflat extract graphics netmenu plow resis select sim textio tiles utils windows wiring ext2sim ext2spice calma cif plot lef garouter grouter irouter mzrouter router gcr tcltk magic net2ir tcltk; do \
		(cd $dir && make module); done
make[2]: Entering directory `/home/chuan/Desktop/magic-8.2/cmwind'
make[2]: Nothing to be done for `module'.
make[2]: Leaving directory `/home/chuan/Desktop/magic-8.2/cmwind'
make[2]: Entering directory `/home/chuan/Desktop/magic-8.2/commands'
make[2]: Nothing to be done for `module'.
make[2]: Leaving directory `/home/chuan/Desktop/magic-8.2/commands'
make[2]: Entering directory `/home/chuan/Desktop/magic-8.2/database'
make[2]: Nothing to be done for `module'.
make[2]: Leaving directory `/home/chuan/Desktop/magic-8.2/database'
make[2]: Entering directory `/home/chuan/Desktop/magic-8.2/dbwind'
make[2]: Nothing to be done for `module'.
make[2]: Leaving directory `/home/chuan/Desktop/magic-8.2/dbwind'
make[2]: Entering directory `/home/chuan/Desktop/magic-8.2/debug'
make[2]: Nothing to be done for `module'.
make[2]: Leaving directory `/home/chuan/Desktop/magic-8.2/debug'
make[2]: Entering directory `/home/chuan/Desktop/magic-8.2/drc'
make[2]: Nothing to be done for `module'.
make[2]: Leaving directory `/home/chuan/Desktop/magic-8.2/drc'
make[2]: Entering directory `/home/chuan/Desktop/magic-8.2/extflat'
make[2]: Nothing to be done for `module'.
make[2]: Leaving directory `/home/chuan/Desktop/magic-8.2/extflat'
make[2]: Entering directory `/home/chuan/Desktop/magic-8.2/extract'
make[2]: Nothing to be done for `module'.
make[2]: Leaving directory `/home/chuan/Desktop/magic-8.2/extract'
make[2]: Entering directory `/home/chuan/Desktop/magic-8.2/graphics'
--- compiling graphics/grTCairo1.o
rm -f grTCairo1.o
gcc -g -m64 -fPIC -Wimplicit-int -fPIC  -I/usr/include/tcl8.6/tk-private/generic -I/usr/include/tcl8.6  -I. -I..  -DCAD_DIR=\"/home/chuan/Desktop/magic_install/lib\" -DBIN_DIR=\"/home/chuan/Desktop/magic_install/bin\" -DTCL_DIR=\"/home/chuan/Desktop/magic_install/lib/magic/tcl\" -DPACKAGE_NAME=\"\" -DPACKAGE_TARNAME=\"\" -DPACKAGE_VERSION=\"\" -DPACKAGE_STRING=\"\" -DPACKAGE_BUGREPORT=\"\" -DPACKAGE_URL=\"\" -DMAGIC_VERSION=\"8.2\" -DMAGIC_REVISION=\"19\" -DSTDC_HEADERS=1 -DHAVE_SYS_TYPES_H=1 -DHAVE_SYS_STAT_H=1 -DHAVE_STDLIB_H=1 -DHAVE_STRING_H=1 -DHAVE_MEMORY_H=1 -DHAVE_STRINGS_H=1 -DHAVE_INTTYPES_H=1 -DHAVE_STDINT_H=1 -DHAVE_UNISTD_H=1 -DSIZEOF_VOID_P=8 -DSIZEOF_UNSIGNED_INT=4 -DSIZEOF_UNSIGNED_LONG=8 -DSIZEOF_UNSIGNED_LONG_LONG=8 -DSTDC_HEADERS=1 -DHAVE_SETENV=1 -DHAVE_PUTENV=1 -DHAVE_SYS_MMAN_H=1 -DHAVE_DIRENT_H=1 -DHAVE_LIMITS_H=1 -DHAVE_PATHS_H=1 -DHAVE_VA_COPY=1 -DHAVE___VA_COPY=1 -DFILE_LOCKS=1 -DCALMA_MODULE=1 -DCIF_MODULE=1 -DX11_BACKING_STORE=1 -DPLOT_MODULE=1 -DLEF_MODULE=1 -DROUTE_MODULE=1 -DUSE_NEW_MACROS=1 -DVECTOR_FONTS=1 -DHAVE_LIBCAIRO=1 -DMAGIC_WRAPPER=1 -Dlinux=1 -DSYSV=1 -DISC=1 -DNDEBUG -DGCORE=\"/usr/bin/gcore\" -DSHDLIB_EXT=\".so\" -DX11 -DXLIB -DCAIRO -DNDEBUG  -c grTCairo1.c
--- linking libgraphics.o
rm -f libgraphics.o
ld -r grMain.o grLock.o grDStyle.o grText.o grCMap.o grClip.o grGlyphs.o grNull.o W3Dmain.o grTk1.o grTk2.o grTk3.o grTk4.o grTk5.o grTCairo1.o grTCairo2.o grTCairo3.o grTCairo4.o grTCairo5.o grTkCommon.o -o libgraphics.o 
make[2]: Leaving directory `/home/chuan/Desktop/magic-8.2/graphics'
make[2]: Entering directory `/home/chuan/Desktop/magic-8.2/netmenu'
make[2]: Nothing to be done for `module'.
make[2]: Leaving directory `/home/chuan/Desktop/magic-8.2/netmenu'
make[2]: Entering directory `/home/chuan/Desktop/magic-8.2/plow'
make[2]: Nothing to be done for `module'.
make[2]: Leaving directory `/home/chuan/Desktop/magic-8.2/plow'
make[2]: Entering directory `/home/chuan/Desktop/magic-8.2/resis'
make[2]: Nothing to be done for `module'.
make[2]: Leaving directory `/home/chuan/Desktop/magic-8.2/resis'
make[2]: Entering directory `/home/chuan/Desktop/magic-8.2/select'
make[2]: Nothing to be done for `module'.
make[2]: Leaving directory `/home/chuan/Desktop/magic-8.2/select'
make[2]: Entering directory `/home/chuan/Desktop/magic-8.2/sim'
make[2]: Nothing to be done for `module'.
make[2]: Leaving directory `/home/chuan/Desktop/magic-8.2/sim'
make[2]: Entering directory `/home/chuan/Desktop/magic-8.2/textio'
make[2]: Nothing to be done for `module'.
make[2]: Leaving directory `/home/chuan/Desktop/magic-8.2/textio'
make[2]: Entering directory `/home/chuan/Desktop/magic-8.2/tiles'
make[2]: Nothing to be done for `module'.
make[2]: Leaving directory `/home/chuan/Desktop/magic-8.2/tiles'
make[2]: Entering directory `/home/chuan/Desktop/magic-8.2/utils'
make[2]: Nothing to be done for `module'.
make[2]: Leaving directory `/home/chuan/Desktop/magic-8.2/utils'
make[2]: Entering directory `/home/chuan/Desktop/magic-8.2/windows'
make[2]: Nothing to be done for `module'.
make[2]: Leaving directory `/home/chuan/Desktop/magic-8.2/windows'
make[2]: Entering directory `/home/chuan/Desktop/magic-8.2/wiring'
make[2]: Nothing to be done for `module'.
make[2]: Leaving directory `/home/chuan/Desktop/magic-8.2/wiring'
make[2]: Entering directory `/home/chuan/Desktop/magic-8.2/ext2sim'
make[2]: Nothing to be done for `module'.
make[2]: Leaving directory `/home/chuan/Desktop/magic-8.2/ext2sim'
make[2]: Entering directory `/home/chuan/Desktop/magic-8.2/ext2spice'
make[2]: Nothing to be done for `module'.
make[2]: Leaving directory `/home/chuan/Desktop/magic-8.2/ext2spice'
make[2]: Entering directory `/home/chuan/Desktop/magic-8.2/calma'
make[2]: Nothing to be done for `module'.
make[2]: Leaving directory `/home/chuan/Desktop/magic-8.2/calma'
make[2]: Entering directory `/home/chuan/Desktop/magic-8.2/cif'
make[2]: Nothing to be done for `module'.
make[2]: Leaving directory `/home/chuan/Desktop/magic-8.2/cif'
make[2]: Entering directory `/home/chuan/Desktop/magic-8.2/plot'
make[2]: Nothing to be done for `module'.
make[2]: Leaving directory `/home/chuan/Desktop/magic-8.2/plot'
make[2]: Entering directory `/home/chuan/Desktop/magic-8.2/lef'
make[2]: Nothing to be done for `module'.
make[2]: Leaving directory `/home/chuan/Desktop/magic-8.2/lef'
make[2]: Entering directory `/home/chuan/Desktop/magic-8.2/garouter'
make[2]: Nothing to be done for `module'.
make[2]: Leaving directory `/home/chuan/Desktop/magic-8.2/garouter'
make[2]: Entering directory `/home/chuan/Desktop/magic-8.2/grouter'
make[2]: Nothing to be done for `module'.
make[2]: Leaving directory `/home/chuan/Desktop/magic-8.2/grouter'
make[2]: Entering directory `/home/chuan/Desktop/magic-8.2/irouter'
make[2]: Nothing to be done for `module'.
make[2]: Leaving directory `/home/chuan/Desktop/magic-8.2/irouter'
make[2]: Entering directory `/home/chuan/Desktop/magic-8.2/mzrouter'
make[2]: Nothing to be done for `module'.
make[2]: Leaving directory `/home/chuan/Desktop/magic-8.2/mzrouter'
make[2]: Entering directory `/home/chuan/Desktop/magic-8.2/router'
make[2]: Nothing to be done for `module'.
make[2]: Leaving directory `/home/chuan/Desktop/magic-8.2/router'
make[2]: Entering directory `/home/chuan/Desktop/magic-8.2/gcr'
make[2]: Nothing to be done for `module'.
make[2]: Leaving directory `/home/chuan/Desktop/magic-8.2/gcr'
make[2]: Entering directory `/home/chuan/Desktop/magic-8.2/tcltk'
make[2]: Nothing to be done for `module'.
make[2]: Leaving directory `/home/chuan/Desktop/magic-8.2/tcltk'
make[2]: Entering directory `/home/chuan/Desktop/magic-8.2/magic'
make[2]: Nothing to be done for `module'.
make[2]: Leaving directory `/home/chuan/Desktop/magic-8.2/magic'
make[2]: Entering directory `/home/chuan/Desktop/magic-8.2/net2ir'
make[2]: Nothing to be done for `module'.
make[2]: Leaving directory `/home/chuan/Desktop/magic-8.2/net2ir'
make[2]: Entering directory `/home/chuan/Desktop/magic-8.2/tcltk'
make[2]: Nothing to be done for `module'.
make[2]: Leaving directory `/home/chuan/Desktop/magic-8.2/tcltk'
--- making Tcl shared libraries
for dir in magic net2ir tcltk; do \
		(cd $dir && make tcl-main); done
make[2]: Entering directory `/home/chuan/Desktop/magic-8.2/magic'
--- making magic Tcl library (tclmagic.so)
rm -f tclmagic.so
gcc -g -m64 -fPIC -Wimplicit-int -fPIC  -I/usr/include/tcl8.6/tk-private/generic -I/usr/include/tcl8.6 -I. -I..  -o tclmagic.so  -shared -Wl,-soname,tclmagic.so -Wl,--version-script=../magic/symbol.map  \
		../cmwind/libcmwind.o ../commands/libcommands.o ../database/libdatabase.o ../dbwind/libdbwind.o ../drc/libdrc.o ../debug/libdebug.o ../extract/libextract.o ../graphics/libgraphics.o ../select/libselect.o ../textio/libtextio.o ../tiles/libtiles.o ../windows/libwindows.o ../wiring/libwiring.o ../resis/libresis.o ../sim/libsim.o ../netmenu/libnetmenu.o ../plow/libplow.o ../utils/libutils.o ../ext2sim/libext2sim.o ../ext2spice/libext2spice.o ../calma/libcalma.o ../cif/libcif.o ../plot/libplot.o ../lef/liblef.o ../extflat/libextflat.o ../garouter/libgarouter.o 	../mzrouter/libmzrouter.o ../router/librouter.o 	../irouter/libirouter.o ../grouter/libgrouter.o 	../gcr/libgcr.o ../tcltk/libtcltk.o -lc -lX11 -lcairo -lfontconfig -lfreetype    -lm   
make[2]: Leaving directory `/home/chuan/Desktop/magic-8.2/magic'
make[2]: Entering directory `/home/chuan/Desktop/magic-8.2/net2ir'
echo "Nothing to do here"
Nothing to do here
make[2]: Leaving directory `/home/chuan/Desktop/magic-8.2/net2ir'
make[2]: Entering directory `/home/chuan/Desktop/magic-8.2/tcltk'
make[2]: Nothing to be done for `tcl-main'.
make[2]: Leaving directory `/home/chuan/Desktop/magic-8.2/tcltk'
make[1]: Leaving directory `/home/chuan/Desktop/magic-8.2'
make[1]: Entering directory `/home/chuan/Desktop/magic-8.2'
--- making modules
for dir in cmwind commands database dbwind debug drc extflat extract graphics netmenu plow resis select sim textio tiles utils windows wiring ext2sim ext2spice calma cif plot lef garouter grouter irouter mzrouter router gcr tcltk magic net2ir tcltk; do \
		(cd $dir && make module); done
make[2]: Entering directory `/home/chuan/Desktop/magic-8.2/cmwind'
make[2]: Nothing to be done for `module'.
make[2]: Leaving directory `/home/chuan/Desktop/magic-8.2/cmwind'
make[2]: Entering directory `/home/chuan/Desktop/magic-8.2/commands'
make[2]: Nothing to be done for `module'.
make[2]: Leaving directory `/home/chuan/Desktop/magic-8.2/commands'
make[2]: Entering directory `/home/chuan/Desktop/magic-8.2/database'
make[2]: Nothing to be done for `module'.
make[2]: Leaving directory `/home/chuan/Desktop/magic-8.2/database'
make[2]: Entering directory `/home/chuan/Desktop/magic-8.2/dbwind'
make[2]: Nothing to be done for `module'.
make[2]: Leaving directory `/home/chuan/Desktop/magic-8.2/dbwind'
make[2]: Entering directory `/home/chuan/Desktop/magic-8.2/debug'
make[2]: Nothing to be done for `module'.
make[2]: Leaving directory `/home/chuan/Desktop/magic-8.2/debug'
make[2]: Entering directory `/home/chuan/Desktop/magic-8.2/drc'
make[2]: Nothing to be done for `module'.
make[2]: Leaving directory `/home/chuan/Desktop/magic-8.2/drc'
make[2]: Entering directory `/home/chuan/Desktop/magic-8.2/extflat'
make[2]: Nothing to be done for `module'.
make[2]: Leaving directory `/home/chuan/Desktop/magic-8.2/extflat'
make[2]: Entering directory `/home/chuan/Desktop/magic-8.2/extract'
make[2]: Nothing to be done for `module'.
make[2]: Leaving directory `/home/chuan/Desktop/magic-8.2/extract'
make[2]: Entering directory `/home/chuan/Desktop/magic-8.2/graphics'
--- compiling graphics/grTCairo1.o
rm -f grTCairo1.o
gcc -g -m64 -fPIC -Wimplicit-int -fPIC  -I/usr/include/tcl8.6/tk-private/generic -I/usr/include/tcl8.6  -I. -I..  -DCAD_DIR=\"/home/chuan/Desktop/magic_install/lib\" -DBIN_DIR=\"/home/chuan/Desktop/magic_install/bin\" -DTCL_DIR=\"/home/chuan/Desktop/magic_install/lib/magic/tcl\" -DPACKAGE_NAME=\"\" -DPACKAGE_TARNAME=\"\" -DPACKAGE_VERSION=\"\" -DPACKAGE_STRING=\"\" -DPACKAGE_BUGREPORT=\"\" -DPACKAGE_URL=\"\" -DMAGIC_VERSION=\"8.2\" -DMAGIC_REVISION=\"19\" -DSTDC_HEADERS=1 -DHAVE_SYS_TYPES_H=1 -DHAVE_SYS_STAT_H=1 -DHAVE_STDLIB_H=1 -DHAVE_STRING_H=1 -DHAVE_MEMORY_H=1 -DHAVE_STRINGS_H=1 -DHAVE_INTTYPES_H=1 -DHAVE_STDINT_H=1 -DHAVE_UNISTD_H=1 -DSIZEOF_VOID_P=8 -DSIZEOF_UNSIGNED_INT=4 -DSIZEOF_UNSIGNED_LONG=8 -DSIZEOF_UNSIGNED_LONG_LONG=8 -DSTDC_HEADERS=1 -DHAVE_SETENV=1 -DHAVE_PUTENV=1 -DHAVE_SYS_MMAN_H=1 -DHAVE_DIRENT_H=1 -DHAVE_LIMITS_H=1 -DHAVE_PATHS_H=1 -DHAVE_VA_COPY=1 -DHAVE___VA_COPY=1 -DFILE_LOCKS=1 -DCALMA_MODULE=1 -DCIF_MODULE=1 -DX11_BACKING_STORE=1 -DPLOT_MODULE=1 -DLEF_MODULE=1 -DROUTE_MODULE=1 -DUSE_NEW_MACROS=1 -DVECTOR_FONTS=1 -DHAVE_LIBCAIRO=1 -DMAGIC_WRAPPER=1 -Dlinux=1 -DSYSV=1 -DISC=1 -DNDEBUG -DGCORE=\"/usr/bin/gcore\" -DSHDLIB_EXT=\".so\" -DX11 -DXLIB -DCAIRO -DNDEBUG  -c grTCairo1.c
--- compiling graphics/grTCairo2.o
rm -f grTCairo2.o
gcc -g -m64 -fPIC -Wimplicit-int -fPIC  -I/usr/include/tcl8.6/tk-private/generic -I/usr/include/tcl8.6  -I. -I..  -DCAD_DIR=\"/home/chuan/Desktop/magic_install/lib\" -DBIN_DIR=\"/home/chuan/Desktop/magic_install/bin\" -DTCL_DIR=\"/home/chuan/Desktop/magic_install/lib/magic/tcl\" -DPACKAGE_NAME=\"\" -DPACKAGE_TARNAME=\"\" -DPACKAGE_VERSION=\"\" -DPACKAGE_STRING=\"\" -DPACKAGE_BUGREPORT=\"\" -DPACKAGE_URL=\"\" -DMAGIC_VERSION=\"8.2\" -DMAGIC_REVISION=\"19\" -DSTDC_HEADERS=1 -DHAVE_SYS_TYPES_H=1 -DHAVE_SYS_STAT_H=1 -DHAVE_STDLIB_H=1 -DHAVE_STRING_H=1 -DHAVE_MEMORY_H=1 -DHAVE_STRINGS_H=1 -DHAVE_INTTYPES_H=1 -DHAVE_STDINT_H=1 -DHAVE_UNISTD_H=1 -DSIZEOF_VOID_P=8 -DSIZEOF_UNSIGNED_INT=4 -DSIZEOF_UNSIGNED_LONG=8 -DSIZEOF_UNSIGNED_LONG_LONG=8 -DSTDC_HEADERS=1 -DHAVE_SETENV=1 -DHAVE_PUTENV=1 -DHAVE_SYS_MMAN_H=1 -DHAVE_DIRENT_H=1 -DHAVE_LIMITS_H=1 -DHAVE_PATHS_H=1 -DHAVE_VA_COPY=1 -DHAVE___VA_COPY=1 -DFILE_LOCKS=1 -DCALMA_MODULE=1 -DCIF_MODULE=1 -DX11_BACKING_STORE=1 -DPLOT_MODULE=1 -DLEF_MODULE=1 -DROUTE_MODULE=1 -DUSE_NEW_MACROS=1 -DVECTOR_FONTS=1 -DHAVE_LIBCAIRO=1 -DMAGIC_WRAPPER=1 -Dlinux=1 -DSYSV=1 -DISC=1 -DNDEBUG -DGCORE=\"/usr/bin/gcore\" -DSHDLIB_EXT=\".so\" -DX11 -DXLIB -DCAIRO -DNDEBUG  -c grTCairo2.c
--- linking libgraphics.o
rm -f libgraphics.o
ld -r grMain.o grLock.o grDStyle.o grText.o grCMap.o grClip.o grGlyphs.o grNull.o W3Dmain.o grTk1.o grTk2.o grTk3.o grTk4.o grTk5.o grTCairo1.o grTCairo2.o grTCairo3.o grTCairo4.o grTCairo5.o grTkCommon.o -o libgraphics.o 
make[2]: Leaving directory `/home/chuan/Desktop/magic-8.2/graphics'
make[2]: Entering directory `/home/chuan/Desktop/magic-8.2/netmenu'
make[2]: Nothing to be done for `module'.
make[2]: Leaving directory `/home/chuan/Desktop/magic-8.2/netmenu'
make[2]: Entering directory `/home/chuan/Desktop/magic-8.2/plow'
make[2]: Nothing to be done for `module'.
make[2]: Leaving directory `/home/chuan/Desktop/magic-8.2/plow'
make[2]: Entering directory `/home/chuan/Desktop/magic-8.2/resis'
make[2]: Nothing to be done for `module'.
make[2]: Leaving directory `/home/chuan/Desktop/magic-8.2/resis'
make[2]: Entering directory `/home/chuan/Desktop/magic-8.2/select'
make[2]: Nothing to be done for `module'.
make[2]: Leaving directory `/home/chuan/Desktop/magic-8.2/select'
make[2]: Entering directory `/home/chuan/Desktop/magic-8.2/sim'
make[2]: Nothing to be done for `module'.
make[2]: Leaving directory `/home/chuan/Desktop/magic-8.2/sim'
make[2]: Entering directory `/home/chuan/Desktop/magic-8.2/textio'
make[2]: Nothing to be done for `module'.
make[2]: Leaving directory `/home/chuan/Desktop/magic-8.2/textio'
make[2]: Entering directory `/home/chuan/Desktop/magic-8.2/tiles'
make[2]: Nothing to be done for `module'.
make[2]: Leaving directory `/home/chuan/Desktop/magic-8.2/tiles'
make[2]: Entering directory `/home/chuan/Desktop/magic-8.2/utils'
make[2]: Nothing to be done for `module'.
make[2]: Leaving directory `/home/chuan/Desktop/magic-8.2/utils'
make[2]: Entering directory `/home/chuan/Desktop/magic-8.2/windows'
make[2]: Nothing to be done for `module'.
make[2]: Leaving directory `/home/chuan/Desktop/magic-8.2/windows'
make[2]: Entering directory `/home/chuan/Desktop/magic-8.2/wiring'
make[2]: Nothing to be done for `module'.
make[2]: Leaving directory `/home/chuan/Desktop/magic-8.2/wiring'
make[2]: Entering directory `/home/chuan/Desktop/magic-8.2/ext2sim'
make[2]: Nothing to be done for `module'.
make[2]: Leaving directory `/home/chuan/Desktop/magic-8.2/ext2sim'
make[2]: Entering directory `/home/chuan/Desktop/magic-8.2/ext2spice'
make[2]: Nothing to be done for `module'.
make[2]: Leaving directory `/home/chuan/Desktop/magic-8.2/ext2spice'
make[2]: Entering directory `/home/chuan/Desktop/magic-8.2/calma'
make[2]: Nothing to be done for `module'.
make[2]: Leaving directory `/home/chuan/Desktop/magic-8.2/calma'
make[2]: Entering directory `/home/chuan/Desktop/magic-8.2/cif'
make[2]: Nothing to be done for `module'.
make[2]: Leaving directory `/home/chuan/Desktop/magic-8.2/cif'
make[2]: Entering directory `/home/chuan/Desktop/magic-8.2/plot'
make[2]: Nothing to be done for `module'.
make[2]: Leaving directory `/home/chuan/Desktop/magic-8.2/plot'
make[2]: Entering directory `/home/chuan/Desktop/magic-8.2/lef'
make[2]: Nothing to be done for `module'.
make[2]: Leaving directory `/home/chuan/Desktop/magic-8.2/lef'
make[2]: Entering directory `/home/chuan/Desktop/magic-8.2/garouter'
make[2]: Nothing to be done for `module'.
make[2]: Leaving directory `/home/chuan/Desktop/magic-8.2/garouter'
make[2]: Entering directory `/home/chuan/Desktop/magic-8.2/grouter'
make[2]: Nothing to be done for `module'.
make[2]: Leaving directory `/home/chuan/Desktop/magic-8.2/grouter'
make[2]: Entering directory `/home/chuan/Desktop/magic-8.2/irouter'
make[2]: Nothing to be done for `module'.
make[2]: Leaving directory `/home/chuan/Desktop/magic-8.2/irouter'
make[2]: Entering directory `/home/chuan/Desktop/magic-8.2/mzrouter'
make[2]: Nothing to be done for `module'.
make[2]: Leaving directory `/home/chuan/Desktop/magic-8.2/mzrouter'
make[2]: Entering directory `/home/chuan/Desktop/magic-8.2/router'
make[2]: Nothing to be done for `module'.
make[2]: Leaving directory `/home/chuan/Desktop/magic-8.2/router'
make[2]: Entering directory `/home/chuan/Desktop/magic-8.2/gcr'
make[2]: Nothing to be done for `module'.
make[2]: Leaving directory `/home/chuan/Desktop/magic-8.2/gcr'
make[2]: Entering directory `/home/chuan/Desktop/magic-8.2/tcltk'
make[2]: Nothing to be done for `module'.
make[2]: Leaving directory `/home/chuan/Desktop/magic-8.2/tcltk'
make[2]: Entering directory `/home/chuan/Desktop/magic-8.2/magic'
make[2]: Nothing to be done for `module'.
make[2]: Leaving directory `/home/chuan/Desktop/magic-8.2/magic'
make[2]: Entering directory `/home/chuan/Desktop/magic-8.2/net2ir'
make[2]: Nothing to be done for `module'.
make[2]: Leaving directory `/home/chuan/Desktop/magic-8.2/net2ir'
make[2]: Entering directory `/home/chuan/Desktop/magic-8.2/tcltk'
make[2]: Nothing to be done for `module'.
make[2]: Leaving directory `/home/chuan/Desktop/magic-8.2/tcltk'
--- making Tcl shared libraries
for dir in magic net2ir tcltk; do \
		(cd $dir && make tcl-main); done
make[2]: Entering directory `/home/chuan/Desktop/magic-8.2/magic'
--- making magic Tcl library (tclmagic.so)
rm -f tclmagic.so
gcc -g -m64 -fPIC -Wimplicit-int -fPIC  -I/usr/include/tcl8.6/tk-private/generic -I/usr/include/tcl8.6 -I. -I..  -o tclmagic.so  -shared -Wl,-soname,tclmagic.so -Wl,--version-script=../magic/symbol.map  \
		../cmwind/libcmwind.o ../commands/libcommands.o ../database/libdatabase.o ../dbwind/libdbwind.o ../drc/libdrc.o ../debug/libdebug.o ../extract/libextract.o ../graphics/libgraphics.o ../select/libselect.o ../textio/libtextio.o ../tiles/libtiles.o ../windows/libwindows.o ../wiring/libwiring.o ../resis/libresis.o ../sim/libsim.o ../netmenu/libnetmenu.o ../plow/libplow.o ../utils/libutils.o ../ext2sim/libext2sim.o ../ext2spice/libext2spice.o ../calma/libcalma.o ../cif/libcif.o ../plot/libplot.o ../lef/liblef.o ../extflat/libextflat.o ../garouter/libgarouter.o 	../mzrouter/libmzrouter.o ../router/librouter.o 	../irouter/libirouter.o ../grouter/libgrouter.o 	../gcr/libgcr.o ../tcltk/libtcltk.o -lc -lX11 -lcairo -lfontconfig -lfreetype    -lm   
make[2]: Leaving directory `/home/chuan/Desktop/magic-8.2/magic'
make[2]: Entering directory `/home/chuan/Desktop/magic-8.2/net2ir'
echo "Nothing to do here"
Nothing to do here
make[2]: Leaving directory `/home/chuan/Desktop/magic-8.2/net2ir'
make[2]: Entering directory `/home/chuan/Desktop/magic-8.2/tcltk'
make[2]: Nothing to be done for `tcl-main'.
make[2]: Leaving directory `/home/chuan/Desktop/magic-8.2/tcltk'
make[1]: Leaving directory `/home/chuan/Desktop/magic-8.2'
make[1]: Entering directory `/home/chuan/Desktop/magic-8.2'
--- making modules
for dir in cmwind commands database dbwind debug drc extflat extract graphics netmenu plow resis select sim textio tiles utils windows wiring ext2sim ext2spice calma cif plot lef garouter grouter irouter mzrouter router gcr tcltk magic net2ir tcltk; do \
		(cd $dir && make module); done
make[2]: Entering directory `/home/chuan/Desktop/magic-8.2/cmwind'
make[2]: Nothing to be done for `module'.
make[2]: Leaving directory `/home/chuan/Desktop/magic-8.2/cmwind'
make[2]: Entering directory `/home/chuan/Desktop/magic-8.2/commands'
make[2]: Nothing to be done for `module'.
make[2]: Leaving directory `/home/chuan/Desktop/magic-8.2/commands'
make[2]: Entering directory `/home/chuan/Desktop/magic-8.2/database'
make[2]: Nothing to be done for `module'.
make[2]: Leaving directory `/home/chuan/Desktop/magic-8.2/database'
make[2]: Entering directory `/home/chuan/Desktop/magic-8.2/dbwind'
make[2]: Nothing to be done for `module'.
make[2]: Leaving directory `/home/chuan/Desktop/magic-8.2/dbwind'
make[2]: Entering directory `/home/chuan/Desktop/magic-8.2/debug'
make[2]: Nothing to be done for `module'.
make[2]: Leaving directory `/home/chuan/Desktop/magic-8.2/debug'
make[2]: Entering directory `/home/chuan/Desktop/magic-8.2/drc'
make[2]: Nothing to be done for `module'.
make[2]: Leaving directory `/home/chuan/Desktop/magic-8.2/drc'
make[2]: Entering directory `/home/chuan/Desktop/magic-8.2/extflat'
make[2]: Nothing to be done for `module'.
make[2]: Leaving directory `/home/chuan/Desktop/magic-8.2/extflat'
make[2]: Entering directory `/home/chuan/Desktop/magic-8.2/extract'
make[2]: Nothing to be done for `module'.
make[2]: Leaving directory `/home/chuan/Desktop/magic-8.2/extract'
make[2]: Entering directory `/home/chuan/Desktop/magic-8.2/graphics'
--- compiling graphics/grTCairo1.o
rm -f grTCairo1.o
gcc -g -m64 -fPIC -Wimplicit-int -fPIC  -I/usr/include/tcl8.6/tk-private/generic -I/usr/include/tcl8.6  -I. -I..  -DCAD_DIR=\"/home/chuan/Desktop/magic_install/lib\" -DBIN_DIR=\"/home/chuan/Desktop/magic_install/bin\" -DTCL_DIR=\"/home/chuan/Desktop/magic_install/lib/magic/tcl\" -DPACKAGE_NAME=\"\" -DPACKAGE_TARNAME=\"\" -DPACKAGE_VERSION=\"\" -DPACKAGE_STRING=\"\" -DPACKAGE_BUGREPORT=\"\" -DPACKAGE_URL=\"\" -DMAGIC_VERSION=\"8.2\" -DMAGIC_REVISION=\"19\" -DSTDC_HEADERS=1 -DHAVE_SYS_TYPES_H=1 -DHAVE_SYS_STAT_H=1 -DHAVE_STDLIB_H=1 -DHAVE_STRING_H=1 -DHAVE_MEMORY_H=1 -DHAVE_STRINGS_H=1 -DHAVE_INTTYPES_H=1 -DHAVE_STDINT_H=1 -DHAVE_UNISTD_H=1 -DSIZEOF_VOID_P=8 -DSIZEOF_UNSIGNED_INT=4 -DSIZEOF_UNSIGNED_LONG=8 -DSIZEOF_UNSIGNED_LONG_LONG=8 -DSTDC_HEADERS=1 -DHAVE_SETENV=1 -DHAVE_PUTENV=1 -DHAVE_SYS_MMAN_H=1 -DHAVE_DIRENT_H=1 -DHAVE_LIMITS_H=1 -DHAVE_PATHS_H=1 -DHAVE_VA_COPY=1 -DHAVE___VA_COPY=1 -DFILE_LOCKS=1 -DCALMA_MODULE=1 -DCIF_MODULE=1 -DX11_BACKING_STORE=1 -DPLOT_MODULE=1 -DLEF_MODULE=1 -DROUTE_MODULE=1 -DUSE_NEW_MACROS=1 -DVECTOR_FONTS=1 -DHAVE_LIBCAIRO=1 -DMAGIC_WRAPPER=1 -Dlinux=1 -DSYSV=1 -DISC=1 -DNDEBUG -DGCORE=\"/usr/bin/gcore\" -DSHDLIB_EXT=\".so\" -DX11 -DXLIB -DCAIRO -DNDEBUG  -c grTCairo1.c
--- linking libgraphics.o
rm -f libgraphics.o
ld -r grMain.o grLock.o grDStyle.o grText.o grCMap.o grClip.o grGlyphs.o grNull.o W3Dmain.o grTk1.o grTk2.o grTk3.o grTk4.o grTk5.o grTCairo1.o grTCairo2.o grTCairo3.o grTCairo4.o grTCairo5.o grTkCommon.o -o libgraphics.o 
make[2]: Leaving directory `/home/chuan/Desktop/magic-8.2/graphics'
make[2]: Entering directory `/home/chuan/Desktop/magic-8.2/netmenu'
make[2]: Nothing to be done for `module'.
make[2]: Leaving directory `/home/chuan/Desktop/magic-8.2/netmenu'
make[2]: Entering directory `/home/chuan/Desktop/magic-8.2/plow'
make[2]: Nothing to be done for `module'.
make[2]: Leaving directory `/home/chuan/Desktop/magic-8.2/plow'
make[2]: Entering directory `/home/chuan/Desktop/magic-8.2/resis'
make[2]: Nothing to be done for `module'.
make[2]: Leaving directory `/home/chuan/Desktop/magic-8.2/resis'
make[2]: Entering directory `/home/chuan/Desktop/magic-8.2/select'
make[2]: Nothing to be done for `module'.
make[2]: Leaving directory `/home/chuan/Desktop/magic-8.2/select'
make[2]: Entering directory `/home/chuan/Desktop/magic-8.2/sim'
make[2]: Nothing to be done for `module'.
make[2]: Leaving directory `/home/chuan/Desktop/magic-8.2/sim'
make[2]: Entering directory `/home/chuan/Desktop/magic-8.2/textio'
make[2]: Nothing to be done for `module'.
make[2]: Leaving directory `/home/chuan/Desktop/magic-8.2/textio'
make[2]: Entering directory `/home/chuan/Desktop/magic-8.2/tiles'
make[2]: Nothing to be done for `module'.
make[2]: Leaving directory `/home/chuan/Desktop/magic-8.2/tiles'
make[2]: Entering directory `/home/chuan/Desktop/magic-8.2/utils'
make[2]: Nothing to be done for `module'.
make[2]: Leaving directory `/home/chuan/Desktop/magic-8.2/utils'
make[2]: Entering directory `/home/chuan/Desktop/magic-8.2/windows'
make[2]: Nothing to be done for `module'.
make[2]: Leaving directory `/home/chuan/Desktop/magic-8.2/windows'
make[2]: Entering directory `/home/chuan/Desktop/magic-8.2/wiring'
make[2]: Nothing to be done for `module'.
make[2]: Leaving directory `/home/chuan/Desktop/magic-8.2/wiring'
make[2]: Entering directory `/home/chuan/Desktop/magic-8.2/ext2sim'
make[2]: Nothing to be done for `module'.
make[2]: Leaving directory `/home/chuan/Desktop/magic-8.2/ext2sim'
make[2]: Entering directory `/home/chuan/Desktop/magic-8.2/ext2spice'
make[2]: Nothing to be done for `module'.
make[2]: Leaving directory `/home/chuan/Desktop/magic-8.2/ext2spice'
make[2]: Entering directory `/home/chuan/Desktop/magic-8.2/calma'
make[2]: Nothing to be done for `module'.
make[2]: Leaving directory `/home/chuan/Desktop/magic-8.2/calma'
make[2]: Entering directory `/home/chuan/Desktop/magic-8.2/cif'
make[2]: Nothing to be done for `module'.
make[2]: Leaving directory `/home/chuan/Desktop/magic-8.2/cif'
make[2]: Entering directory `/home/chuan/Desktop/magic-8.2/plot'
make[2]: Nothing to be done for `module'.
make[2]: Leaving directory `/home/chuan/Desktop/magic-8.2/plot'
make[2]: Entering directory `/home/chuan/Desktop/magic-8.2/lef'
make[2]: Nothing to be done for `module'.
make[2]: Leaving directory `/home/chuan/Desktop/magic-8.2/lef'
make[2]: Entering directory `/home/chuan/Desktop/magic-8.2/garouter'
make[2]: Nothing to be done for `module'.
make[2]: Leaving directory `/home/chuan/Desktop/magic-8.2/garouter'
make[2]: Entering directory `/home/chuan/Desktop/magic-8.2/grouter'
make[2]: Nothing to be done for `module'.
make[2]: Leaving directory `/home/chuan/Desktop/magic-8.2/grouter'
make[2]: Entering directory `/home/chuan/Desktop/magic-8.2/irouter'
make[2]: Nothing to be done for `module'.
make[2]: Leaving directory `/home/chuan/Desktop/magic-8.2/irouter'
make[2]: Entering directory `/home/chuan/Desktop/magic-8.2/mzrouter'
make[2]: Nothing to be done for `module'.
make[2]: Leaving directory `/home/chuan/Desktop/magic-8.2/mzrouter'
make[2]: Entering directory `/home/chuan/Desktop/magic-8.2/router'
make[2]: Nothing to be done for `module'.
make[2]: Leaving directory `/home/chuan/Desktop/magic-8.2/router'
make[2]: Entering directory `/home/chuan/Desktop/magic-8.2/gcr'
make[2]: Nothing to be done for `module'.
make[2]: Leaving directory `/home/chuan/Desktop/magic-8.2/gcr'
make[2]: Entering directory `/home/chuan/Desktop/magic-8.2/tcltk'
make[2]: Nothing to be done for `module'.
make[2]: Leaving directory `/home/chuan/Desktop/magic-8.2/tcltk'
make[2]: Entering directory `/home/chuan/Desktop/magic-8.2/magic'
make[2]: Nothing to be done for `module'.
make[2]: Leaving directory `/home/chuan/Desktop/magic-8.2/magic'
make[2]: Entering directory `/home/chuan/Desktop/magic-8.2/net2ir'
make[2]: Nothing to be done for `module'.
make[2]: Leaving directory `/home/chuan/Desktop/magic-8.2/net2ir'
make[2]: Entering directory `/home/chuan/Desktop/magic-8.2/tcltk'
make[2]: Nothing to be done for `module'.
make[2]: Leaving directory `/home/chuan/Desktop/magic-8.2/tcltk'
--- making Tcl shared libraries
for dir in magic net2ir tcltk; do \
		(cd $dir && make tcl-main); done
make[2]: Entering directory `/home/chuan/Desktop/magic-8.2/magic'
--- making magic Tcl library (tclmagic.so)
rm -f tclmagic.so
gcc -g -m64 -fPIC -Wimplicit-int -fPIC  -I/usr/include/tcl8.6/tk-private/generic -I/usr/include/tcl8.6 -I. -I..  -o tclmagic.so  -shared -Wl,-soname,tclmagic.so -Wl,--version-script=../magic/symbol.map  \
		../cmwind/libcmwind.o ../commands/libcommands.o ../database/libdatabase.o ../dbwind/libdbwind.o ../drc/libdrc.o ../debug/libdebug.o ../extract/libextract.o ../graphics/libgraphics.o ../select/libselect.o ../textio/libtextio.o ../tiles/libtiles.o ../windows/libwindows.o ../wiring/libwiring.o ../resis/libresis.o ../sim/libsim.o ../netmenu/libnetmenu.o ../plow/libplow.o ../utils/libutils.o ../ext2sim/libext2sim.o ../ext2spice/libext2spice.o ../calma/libcalma.o ../cif/libcif.o ../plot/libplot.o ../lef/liblef.o ../extflat/libextflat.o ../garouter/libgarouter.o 	../mzrouter/libmzrouter.o ../router/librouter.o 	../irouter/libirouter.o ../grouter/libgrouter.o 	../gcr/libgcr.o ../tcltk/libtcltk.o -lc -lX11 -lcairo -lfontconfig -lfreetype    -lm   
make[2]: Leaving directory `/home/chuan/Desktop/magic-8.2/magic'
make[2]: Entering directory `/home/chuan/Desktop/magic-8.2/net2ir'
echo "Nothing to do here"
Nothing to do here
make[2]: Leaving directory `/home/chuan/Desktop/magic-8.2/net2ir'
make[2]: Entering directory `/home/chuan/Desktop/magic-8.2/tcltk'
make[2]: Nothing to be done for `tcl-main'.
make[2]: Leaving directory `/home/chuan/Desktop/magic-8.2/tcltk'
make[1]: Leaving directory `/home/chuan/Desktop/magic-8.2'
make[1]: Entering directory `/home/chuan/Desktop/magic-8.2'
--- making modules
for dir in cmwind commands database dbwind debug drc extflat extract graphics netmenu plow resis select sim textio tiles utils windows wiring ext2sim ext2spice calma cif plot lef garouter grouter irouter mzrouter router gcr tcltk magic net2ir tcltk; do \
		(cd $dir && make module); done
make[2]: Entering directory `/home/chuan/Desktop/magic-8.2/cmwind'
make[2]: Nothing to be done for `module'.
make[2]: Leaving directory `/home/chuan/Desktop/magic-8.2/cmwind'
make[2]: Entering directory `/home/chuan/Desktop/magic-8.2/commands'
make[2]: Nothing to be done for `module'.
make[2]: Leaving directory `/home/chuan/Desktop/magic-8.2/commands'
make[2]: Entering directory `/home/chuan/Desktop/magic-8.2/database'
make[2]: Nothing to be done for `module'.
make[2]: Leaving directory `/home/chuan/Desktop/magic-8.2/database'
make[2]: Entering directory `/home/chuan/Desktop/magic-8.2/dbwind'
make[2]: Nothing to be done for `module'.
make[2]: Leaving directory `/home/chuan/Desktop/magic-8.2/dbwind'
make[2]: Entering directory `/home/chuan/Desktop/magic-8.2/debug'
make[2]: Nothing to be done for `module'.
make[2]: Leaving directory `/home/chuan/Desktop/magic-8.2/debug'
make[2]: Entering directory `/home/chuan/Desktop/magic-8.2/drc'
make[2]: Nothing to be done for `module'.
make[2]: Leaving directory `/home/chuan/Desktop/magic-8.2/drc'
make[2]: Entering directory `/home/chuan/Desktop/magic-8.2/extflat'
make[2]: Nothing to be done for `module'.
make[2]: Leaving directory `/home/chuan/Desktop/magic-8.2/extflat'
make[2]: Entering directory `/home/chuan/Desktop/magic-8.2/extract'
make[2]: Nothing to be done for `module'.
make[2]: Leaving directory `/home/chuan/Desktop/magic-8.2/extract'
make[2]: Entering directory `/home/chuan/Desktop/magic-8.2/graphics'
--- compiling graphics/grTCairo1.o
rm -f grTCairo1.o
gcc -g -m64 -fPIC -Wimplicit-int -fPIC  -I/usr/include/tcl8.6/tk-private/generic -I/usr/include/tcl8.6  -I. -I..  -DCAD_DIR=\"/home/chuan/Desktop/magic_install/lib\" -DBIN_DIR=\"/home/chuan/Desktop/magic_install/bin\" -DTCL_DIR=\"/home/chuan/Desktop/magic_install/lib/magic/tcl\" -DPACKAGE_NAME=\"\" -DPACKAGE_TARNAME=\"\" -DPACKAGE_VERSION=\"\" -DPACKAGE_STRING=\"\" -DPACKAGE_BUGREPORT=\"\" -DPACKAGE_URL=\"\" -DMAGIC_VERSION=\"8.2\" -DMAGIC_REVISION=\"19\" -DSTDC_HEADERS=1 -DHAVE_SYS_TYPES_H=1 -DHAVE_SYS_STAT_H=1 -DHAVE_STDLIB_H=1 -DHAVE_STRING_H=1 -DHAVE_MEMORY_H=1 -DHAVE_STRINGS_H=1 -DHAVE_INTTYPES_H=1 -DHAVE_STDINT_H=1 -DHAVE_UNISTD_H=1 -DSIZEOF_VOID_P=8 -DSIZEOF_UNSIGNED_INT=4 -DSIZEOF_UNSIGNED_LONG=8 -DSIZEOF_UNSIGNED_LONG_LONG=8 -DSTDC_HEADERS=1 -DHAVE_SETENV=1 -DHAVE_PUTENV=1 -DHAVE_SYS_MMAN_H=1 -DHAVE_DIRENT_H=1 -DHAVE_LIMITS_H=1 -DHAVE_PATHS_H=1 -DHAVE_VA_COPY=1 -DHAVE___VA_COPY=1 -DFILE_LOCKS=1 -DCALMA_MODULE=1 -DCIF_MODULE=1 -DX11_BACKING_STORE=1 -DPLOT_MODULE=1 -DLEF_MODULE=1 -DROUTE_MODULE=1 -DUSE_NEW_MACROS=1 -DVECTOR_FONTS=1 -DHAVE_LIBCAIRO=1 -DMAGIC_WRAPPER=1 -Dlinux=1 -DSYSV=1 -DISC=1 -DNDEBUG -DGCORE=\"/usr/bin/gcore\" -DSHDLIB_EXT=\".so\" -DX11 -DXLIB -DCAIRO -DNDEBUG  -c grTCairo1.c
--- linking libgraphics.o
rm -f libgraphics.o
ld -r grMain.o grLock.o grDStyle.o grText.o grCMap.o grClip.o grGlyphs.o grNull.o W3Dmain.o grTk1.o grTk2.o grTk3.o grTk4.o grTk5.o grTCairo1.o grTCairo2.o grTCairo3.o grTCairo4.o grTCairo5.o grTkCommon.o -o libgraphics.o 
make[2]: Leaving directory `/home/chuan/Desktop/magic-8.2/graphics'
make[2]: Entering directory `/home/chuan/Desktop/magic-8.2/netmenu'
make[2]: Nothing to be done for `module'.
make[2]: Leaving directory `/home/chuan/Desktop/magic-8.2/netmenu'
make[2]: Entering directory `/home/chuan/Desktop/magic-8.2/plow'
make[2]: Nothing to be done for `module'.
make[2]: Leaving directory `/home/chuan/Desktop/magic-8.2/plow'
make[2]: Entering directory `/home/chuan/Desktop/magic-8.2/resis'
make[2]: Nothing to be done for `module'.
make[2]: Leaving directory `/home/chuan/Desktop/magic-8.2/resis'
make[2]: Entering directory `/home/chuan/Desktop/magic-8.2/select'
make[2]: Nothing to be done for `module'.
make[2]: Leaving directory `/home/chuan/Desktop/magic-8.2/select'
make[2]: Entering directory `/home/chuan/Desktop/magic-8.2/sim'
make[2]: Nothing to be done for `module'.
make[2]: Leaving directory `/home/chuan/Desktop/magic-8.2/sim'
make[2]: Entering directory `/home/chuan/Desktop/magic-8.2/textio'
make[2]: Nothing to be done for `module'.
make[2]: Leaving directory `/home/chuan/Desktop/magic-8.2/textio'
make[2]: Entering directory `/home/chuan/Desktop/magic-8.2/tiles'
make[2]: Nothing to be done for `module'.
make[2]: Leaving directory `/home/chuan/Desktop/magic-8.2/tiles'
make[2]: Entering directory `/home/chuan/Desktop/magic-8.2/utils'
make[2]: Nothing to be done for `module'.
make[2]: Leaving directory `/home/chuan/Desktop/magic-8.2/utils'
make[2]: Entering directory `/home/chuan/Desktop/magic-8.2/windows'
make[2]: Nothing to be done for `module'.
make[2]: Leaving directory `/home/chuan/Desktop/magic-8.2/windows'
make[2]: Entering directory `/home/chuan/Desktop/magic-8.2/wiring'
make[2]: Nothing to be done for `module'.
make[2]: Leaving directory `/home/chuan/Desktop/magic-8.2/wiring'
make[2]: Entering directory `/home/chuan/Desktop/magic-8.2/ext2sim'
make[2]: Nothing to be done for `module'.
make[2]: Leaving directory `/home/chuan/Desktop/magic-8.2/ext2sim'
make[2]: Entering directory `/home/chuan/Desktop/magic-8.2/ext2spice'
make[2]: Nothing to be done for `module'.
make[2]: Leaving directory `/home/chuan/Desktop/magic-8.2/ext2spice'
make[2]: Entering directory `/home/chuan/Desktop/magic-8.2/calma'
make[2]: Nothing to be done for `module'.
make[2]: Leaving directory `/home/chuan/Desktop/magic-8.2/calma'
make[2]: Entering directory `/home/chuan/Desktop/magic-8.2/cif'
make[2]: Nothing to be done for `module'.
make[2]: Leaving directory `/home/chuan/Desktop/magic-8.2/cif'
make[2]: Entering directory `/home/chuan/Desktop/magic-8.2/plot'
make[2]: Nothing to be done for `module'.
make[2]: Leaving directory `/home/chuan/Desktop/magic-8.2/plot'
make[2]: Entering directory `/home/chuan/Desktop/magic-8.2/lef'
make[2]: Nothing to be done for `module'.
make[2]: Leaving directory `/home/chuan/Desktop/magic-8.2/lef'
make[2]: Entering directory `/home/chuan/Desktop/magic-8.2/garouter'
make[2]: Nothing to be done for `module'.
make[2]: Leaving directory `/home/chuan/Desktop/magic-8.2/garouter'
make[2]: Entering directory `/home/chuan/Desktop/magic-8.2/grouter'
make[2]: Nothing to be done for `module'.
make[2]: Leaving directory `/home/chuan/Desktop/magic-8.2/grouter'
make[2]: Entering directory `/home/chuan/Desktop/magic-8.2/irouter'
make[2]: Nothing to be done for `module'.
make[2]: Leaving directory `/home/chuan/Desktop/magic-8.2/irouter'
make[2]: Entering directory `/home/chuan/Desktop/magic-8.2/mzrouter'
make[2]: Nothing to be done for `module'.
make[2]: Leaving directory `/home/chuan/Desktop/magic-8.2/mzrouter'
make[2]: Entering directory `/home/chuan/Desktop/magic-8.2/router'
make[2]: Nothing to be done for `module'.
make[2]: Leaving directory `/home/chuan/Desktop/magic-8.2/router'
make[2]: Entering directory `/home/chuan/Desktop/magic-8.2/gcr'
make[2]: Nothing to be done for `module'.
make[2]: Leaving directory `/home/chuan/Desktop/magic-8.2/gcr'
make[2]: Entering directory `/home/chuan/Desktop/magic-8.2/tcltk'
make[2]: Nothing to be done for `module'.
make[2]: Leaving directory `/home/chuan/Desktop/magic-8.2/tcltk'
make[2]: Entering directory `/home/chuan/Desktop/magic-8.2/magic'
make[2]: Nothing to be done for `module'.
make[2]: Leaving directory `/home/chuan/Desktop/magic-8.2/magic'
make[2]: Entering directory `/home/chuan/Desktop/magic-8.2/net2ir'
make[2]: Nothing to be done for `module'.
make[2]: Leaving directory `/home/chuan/Desktop/magic-8.2/net2ir'
make[2]: Entering directory `/home/chuan/Desktop/magic-8.2/tcltk'
make[2]: Nothing to be done for `module'.
make[2]: Leaving directory `/home/chuan/Desktop/magic-8.2/tcltk'
--- making Tcl shared libraries
for dir in magic net2ir tcltk; do \
		(cd $dir && make tcl-main); done
make[2]: Entering directory `/home/chuan/Desktop/magic-8.2/magic'
--- making magic Tcl library (tclmagic.so)
rm -f tclmagic.so
gcc -g -m64 -fPIC -Wimplicit-int -fPIC  -I/usr/include/tcl8.6/tk-private/generic -I/usr/include/tcl8.6 -I. -I..  -o tclmagic.so  -shared -Wl,-soname,tclmagic.so -Wl,--version-script=../magic/symbol.map  \
		../cmwind/libcmwind.o ../commands/libcommands.o ../database/libdatabase.o ../dbwind/libdbwind.o ../drc/libdrc.o ../debug/libdebug.o ../extract/libextract.o ../graphics/libgraphics.o ../select/libselect.o ../textio/libtextio.o ../tiles/libtiles.o ../windows/libwindows.o ../wiring/libwiring.o ../resis/libresis.o ../sim/libsim.o ../netmenu/libnetmenu.o ../plow/libplow.o ../utils/libutils.o ../ext2sim/libext2sim.o ../ext2spice/libext2spice.o ../calma/libcalma.o ../cif/libcif.o ../plot/libplot.o ../lef/liblef.o ../extflat/libextflat.o ../garouter/libgarouter.o 	../mzrouter/libmzrouter.o ../router/librouter.o 	../irouter/libirouter.o ../grouter/libgrouter.o 	../gcr/libgcr.o ../tcltk/libtcltk.o -lc -lX11 -lcairo -lfontconfig -lfreetype    -lm   
make[2]: Leaving directory `/home/chuan/Desktop/magic-8.2/magic'
make[2]: Entering directory `/home/chuan/Desktop/magic-8.2/net2ir'
echo "Nothing to do here"
Nothing to do here
make[2]: Leaving directory `/home/chuan/Desktop/magic-8.2/net2ir'
make[2]: Entering directory `/home/chuan/Desktop/magic-8.2/tcltk'
make[2]: Nothing to be done for `tcl-main'.
make[2]: Leaving directory `/home/chuan/Desktop/magic-8.2/tcltk'
make[1]: Leaving directory `/home/chuan/Desktop/magic-8.2'
make[1]: Entering directory `/home/chuan/Desktop/magic-8.2'
--- making modules
for dir in cmwind commands database dbwind debug drc extflat extract graphics netmenu plow resis select sim textio tiles utils windows wiring ext2sim ext2spice calma cif plot lef garouter grouter irouter mzrouter router gcr tcltk magic net2ir tcltk; do \
		(cd $dir && make module); done
make[2]: Entering directory `/home/chuan/Desktop/magic-8.2/cmwind'
make[2]: Nothing to be done for `module'.
make[2]: Leaving directory `/home/chuan/Desktop/magic-8.2/cmwind'
make[2]: Entering directory `/home/chuan/Desktop/magic-8.2/commands'
make[2]: Nothing to be done for `module'.
make[2]: Leaving directory `/home/chuan/Desktop/magic-8.2/commands'
make[2]: Entering directory `/home/chuan/Desktop/magic-8.2/database'
make[2]: Nothing to be done for `module'.
make[2]: Leaving directory `/home/chuan/Desktop/magic-8.2/database'
make[2]: Entering directory `/home/chuan/Desktop/magic-8.2/dbwind'
make[2]: Nothing to be done for `module'.
make[2]: Leaving directory `/home/chuan/Desktop/magic-8.2/dbwind'
make[2]: Entering directory `/home/chuan/Desktop/magic-8.2/debug'
make[2]: Nothing to be done for `module'.
make[2]: Leaving directory `/home/chuan/Desktop/magic-8.2/debug'
make[2]: Entering directory `/home/chuan/Desktop/magic-8.2/drc'
make[2]: Nothing to be done for `module'.
make[2]: Leaving directory `/home/chuan/Desktop/magic-8.2/drc'
make[2]: Entering directory `/home/chuan/Desktop/magic-8.2/extflat'
make[2]: Nothing to be done for `module'.
make[2]: Leaving directory `/home/chuan/Desktop/magic-8.2/extflat'
make[2]: Entering directory `/home/chuan/Desktop/magic-8.2/extract'
make[2]: Nothing to be done for `module'.
make[2]: Leaving directory `/home/chuan/Desktop/magic-8.2/extract'
make[2]: Entering directory `/home/chuan/Desktop/magic-8.2/graphics'
--- compiling graphics/grTCairo1.o
rm -f grTCairo1.o
gcc -g -m64 -fPIC -Wimplicit-int -fPIC  -I/usr/include/tcl8.6/tk-private/generic -I/usr/include/tcl8.6  -I. -I..  -DCAD_DIR=\"/home/chuan/Desktop/magic_install/lib\" -DBIN_DIR=\"/home/chuan/Desktop/magic_install/bin\" -DTCL_DIR=\"/home/chuan/Desktop/magic_install/lib/magic/tcl\" -DPACKAGE_NAME=\"\" -DPACKAGE_TARNAME=\"\" -DPACKAGE_VERSION=\"\" -DPACKAGE_STRING=\"\" -DPACKAGE_BUGREPORT=\"\" -DPACKAGE_URL=\"\" -DMAGIC_VERSION=\"8.2\" -DMAGIC_REVISION=\"19\" -DSTDC_HEADERS=1 -DHAVE_SYS_TYPES_H=1 -DHAVE_SYS_STAT_H=1 -DHAVE_STDLIB_H=1 -DHAVE_STRING_H=1 -DHAVE_MEMORY_H=1 -DHAVE_STRINGS_H=1 -DHAVE_INTTYPES_H=1 -DHAVE_STDINT_H=1 -DHAVE_UNISTD_H=1 -DSIZEOF_VOID_P=8 -DSIZEOF_UNSIGNED_INT=4 -DSIZEOF_UNSIGNED_LONG=8 -DSIZEOF_UNSIGNED_LONG_LONG=8 -DSTDC_HEADERS=1 -DHAVE_SETENV=1 -DHAVE_PUTENV=1 -DHAVE_SYS_MMAN_H=1 -DHAVE_DIRENT_H=1 -DHAVE_LIMITS_H=1 -DHAVE_PATHS_H=1 -DHAVE_VA_COPY=1 -DHAVE___VA_COPY=1 -DFILE_LOCKS=1 -DCALMA_MODULE=1 -DCIF_MODULE=1 -DX11_BACKING_STORE=1 -DPLOT_MODULE=1 -DLEF_MODULE=1 -DROUTE_MODULE=1 -DUSE_NEW_MACROS=1 -DVECTOR_FONTS=1 -DHAVE_LIBCAIRO=1 -DMAGIC_WRAPPER=1 -Dlinux=1 -DSYSV=1 -DISC=1 -DNDEBUG -DGCORE=\"/usr/bin/gcore\" -DSHDLIB_EXT=\".so\" -DX11 -DXLIB -DCAIRO -DNDEBUG  -c grTCairo1.c
--- linking libgraphics.o
rm -f libgraphics.o
ld -r grMain.o grLock.o grDStyle.o grText.o grCMap.o grClip.o grGlyphs.o grNull.o W3Dmain.o grTk1.o grTk2.o grTk3.o grTk4.o grTk5.o grTCairo1.o grTCairo2.o grTCairo3.o grTCairo4.o grTCairo5.o grTkCommon.o -o libgraphics.o 
make[2]: Leaving directory `/home/chuan/Desktop/magic-8.2/graphics'
make[2]: Entering directory `/home/chuan/Desktop/magic-8.2/netmenu'
make[2]: Nothing to be done for `module'.
make[2]: Leaving directory `/home/chuan/Desktop/magic-8.2/netmenu'
make[2]: Entering directory `/home/chuan/Desktop/magic-8.2/plow'
make[2]: Nothing to be done for `module'.
make[2]: Leaving directory `/home/chuan/Desktop/magic-8.2/plow'
make[2]: Entering directory `/home/chuan/Desktop/magic-8.2/resis'
make[2]: Nothing to be done for `module'.
make[2]: Leaving directory `/home/chuan/Desktop/magic-8.2/resis'
make[2]: Entering directory `/home/chuan/Desktop/magic-8.2/select'
make[2]: Nothing to be done for `module'.
make[2]: Leaving directory `/home/chuan/Desktop/magic-8.2/select'
make[2]: Entering directory `/home/chuan/Desktop/magic-8.2/sim'
make[2]: Nothing to be done for `module'.
make[2]: Leaving directory `/home/chuan/Desktop/magic-8.2/sim'
make[2]: Entering directory `/home/chuan/Desktop/magic-8.2/textio'
make[2]: Nothing to be done for `module'.
make[2]: Leaving directory `/home/chuan/Desktop/magic-8.2/textio'
make[2]: Entering directory `/home/chuan/Desktop/magic-8.2/tiles'
make[2]: Nothing to be done for `module'.
make[2]: Leaving directory `/home/chuan/Desktop/magic-8.2/tiles'
make[2]: Entering directory `/home/chuan/Desktop/magic-8.2/utils'
make[2]: Nothing to be done for `module'.
make[2]: Leaving directory `/home/chuan/Desktop/magic-8.2/utils'
make[2]: Entering directory `/home/chuan/Desktop/magic-8.2/windows'
make[2]: Nothing to be done for `module'.
make[2]: Leaving directory `/home/chuan/Desktop/magic-8.2/windows'
make[2]: Entering directory `/home/chuan/Desktop/magic-8.2/wiring'
make[2]: Nothing to be done for `module'.
make[2]: Leaving directory `/home/chuan/Desktop/magic-8.2/wiring'
make[2]: Entering directory `/home/chuan/Desktop/magic-8.2/ext2sim'
make[2]: Nothing to be done for `module'.
make[2]: Leaving directory `/home/chuan/Desktop/magic-8.2/ext2sim'
make[2]: Entering directory `/home/chuan/Desktop/magic-8.2/ext2spice'
make[2]: Nothing to be done for `module'.
make[2]: Leaving directory `/home/chuan/Desktop/magic-8.2/ext2spice'
make[2]: Entering directory `/home/chuan/Desktop/magic-8.2/calma'
make[2]: Nothing to be done for `module'.
make[2]: Leaving directory `/home/chuan/Desktop/magic-8.2/calma'
make[2]: Entering directory `/home/chuan/Desktop/magic-8.2/cif'
make[2]: Nothing to be done for `module'.
make[2]: Leaving directory `/home/chuan/Desktop/magic-8.2/cif'
make[2]: Entering directory `/home/chuan/Desktop/magic-8.2/plot'
make[2]: Nothing to be done for `module'.
make[2]: Leaving directory `/home/chuan/Desktop/magic-8.2/plot'
make[2]: Entering directory `/home/chuan/Desktop/magic-8.2/lef'
make[2]: Nothing to be done for `module'.
make[2]: Leaving directory `/home/chuan/Desktop/magic-8.2/lef'
make[2]: Entering directory `/home/chuan/Desktop/magic-8.2/garouter'
make[2]: Nothing to be done for `module'.
make[2]: Leaving directory `/home/chuan/Desktop/magic-8.2/garouter'
make[2]: Entering directory `/home/chuan/Desktop/magic-8.2/grouter'
make[2]: Nothing to be done for `module'.
make[2]: Leaving directory `/home/chuan/Desktop/magic-8.2/grouter'
make[2]: Entering directory `/home/chuan/Desktop/magic-8.2/irouter'
make[2]: Nothing to be done for `module'.
make[2]: Leaving directory `/home/chuan/Desktop/magic-8.2/irouter'
make[2]: Entering directory `/home/chuan/Desktop/magic-8.2/mzrouter'
make[2]: Nothing to be done for `module'.
make[2]: Leaving directory `/home/chuan/Desktop/magic-8.2/mzrouter'
make[2]: Entering directory `/home/chuan/Desktop/magic-8.2/router'
make[2]: Nothing to be done for `module'.
make[2]: Leaving directory `/home/chuan/Desktop/magic-8.2/router'
make[2]: Entering directory `/home/chuan/Desktop/magic-8.2/gcr'
make[2]: Nothing to be done for `module'.
make[2]: Leaving directory `/home/chuan/Desktop/magic-8.2/gcr'
make[2]: Entering directory `/home/chuan/Desktop/magic-8.2/tcltk'
make[2]: Nothing to be done for `module'.
make[2]: Leaving directory `/home/chuan/Desktop/magic-8.2/tcltk'
make[2]: Entering directory `/home/chuan/Desktop/magic-8.2/magic'
make[2]: Nothing to be done for `module'.
make[2]: Leaving directory `/home/chuan/Desktop/magic-8.2/magic'
make[2]: Entering directory `/home/chuan/Desktop/magic-8.2/net2ir'
make[2]: Nothing to be done for `module'.
make[2]: Leaving directory `/home/chuan/Desktop/magic-8.2/net2ir'
make[2]: Entering directory `/home/chuan/Desktop/magic-8.2/tcltk'
make[2]: Nothing to be done for `module'.
make[2]: Leaving directory `/home/chuan/Desktop/magic-8.2/tcltk'
--- making Tcl shared libraries
for dir in magic net2ir tcltk; do \
		(cd $dir && make tcl-main); done
make[2]: Entering directory `/home/chuan/Desktop/magic-8.2/magic'
--- making magic Tcl library (tclmagic.so)
rm -f tclmagic.so
gcc -g -m64 -fPIC -Wimplicit-int -fPIC  -I/usr/include/tcl8.6/tk-private/generic -I/usr/include/tcl8.6 -I. -I..  -o tclmagic.so  -shared -Wl,-soname,tclmagic.so -Wl,--version-script=../magic/symbol.map  \
		../cmwind/libcmwind.o ../commands/libcommands.o ../database/libdatabase.o ../dbwind/libdbwind.o ../drc/libdrc.o ../debug/libdebug.o ../extract/libextract.o ../graphics/libgraphics.o ../select/libselect.o ../textio/libtextio.o ../tiles/libtiles.o ../windows/libwindows.o ../wiring/libwiring.o ../resis/libresis.o ../sim/libsim.o ../netmenu/libnetmenu.o ../plow/libplow.o ../utils/libutils.o ../ext2sim/libext2sim.o ../ext2spice/libext2spice.o ../calma/libcalma.o ../cif/libcif.o ../plot/libplot.o ../lef/liblef.o ../extflat/libextflat.o ../garouter/libgarouter.o 	../mzrouter/libmzrouter.o ../router/librouter.o 	../irouter/libirouter.o ../grouter/libgrouter.o 	../gcr/libgcr.o ../tcltk/libtcltk.o -lc -lX11 -lcairo -lfontconfig -lfreetype    -lm   
make[2]: Leaving directory `/home/chuan/Desktop/magic-8.2/magic'
make[2]: Entering directory `/home/chuan/Desktop/magic-8.2/net2ir'
echo "Nothing to do here"
Nothing to do here
make[2]: Leaving directory `/home/chuan/Desktop/magic-8.2/net2ir'
make[2]: Entering directory `/home/chuan/Desktop/magic-8.2/tcltk'
make[2]: Nothing to be done for `tcl-main'.
make[2]: Leaving directory `/home/chuan/Desktop/magic-8.2/tcltk'
make[1]: Leaving directory `/home/chuan/Desktop/magic-8.2'
make[1]: Entering directory `/home/chuan/Desktop/magic-8.2'
--- making modules
for dir in cmwind commands database dbwind debug drc extflat extract graphics netmenu plow resis select sim textio tiles utils windows wiring ext2sim ext2spice calma cif plot lef garouter grouter irouter mzrouter router gcr tcltk magic net2ir tcltk; do \
		(cd $dir && make module); done
make[2]: Entering directory `/home/chuan/Desktop/magic-8.2/cmwind'
make[2]: Nothing to be done for `module'.
make[2]: Leaving directory `/home/chuan/Desktop/magic-8.2/cmwind'
make[2]: Entering directory `/home/chuan/Desktop/magic-8.2/commands'
make[2]: Nothing to be done for `module'.
make[2]: Leaving directory `/home/chuan/Desktop/magic-8.2/commands'
make[2]: Entering directory `/home/chuan/Desktop/magic-8.2/database'
make[2]: Nothing to be done for `module'.
make[2]: Leaving directory `/home/chuan/Desktop/magic-8.2/database'
make[2]: Entering directory `/home/chuan/Desktop/magic-8.2/dbwind'
make[2]: Nothing to be done for `module'.
make[2]: Leaving directory `/home/chuan/Desktop/magic-8.2/dbwind'
make[2]: Entering directory `/home/chuan/Desktop/magic-8.2/debug'
make[2]: Nothing to be done for `module'.
make[2]: Leaving directory `/home/chuan/Desktop/magic-8.2/debug'
make[2]: Entering directory `/home/chuan/Desktop/magic-8.2/drc'
make[2]: Nothing to be done for `module'.
make[2]: Leaving directory `/home/chuan/Desktop/magic-8.2/drc'
make[2]: Entering directory `/home/chuan/Desktop/magic-8.2/extflat'
make[2]: Nothing to be done for `module'.
make[2]: Leaving directory `/home/chuan/Desktop/magic-8.2/extflat'
make[2]: Entering directory `/home/chuan/Desktop/magic-8.2/extract'
make[2]: Nothing to be done for `module'.
make[2]: Leaving directory `/home/chuan/Desktop/magic-8.2/extract'
make[2]: Entering directory `/home/chuan/Desktop/magic-8.2/graphics'
--- compiling graphics/grTCairo1.o
rm -f grTCairo1.o
gcc -g -m64 -fPIC -Wimplicit-int -fPIC  -I/usr/include/tcl8.6/tk-private/generic -I/usr/include/tcl8.6  -I. -I..  -DCAD_DIR=\"/home/chuan/Desktop/magic_install/lib\" -DBIN_DIR=\"/home/chuan/Desktop/magic_install/bin\" -DTCL_DIR=\"/home/chuan/Desktop/magic_install/lib/magic/tcl\" -DPACKAGE_NAME=\"\" -DPACKAGE_TARNAME=\"\" -DPACKAGE_VERSION=\"\" -DPACKAGE_STRING=\"\" -DPACKAGE_BUGREPORT=\"\" -DPACKAGE_URL=\"\" -DMAGIC_VERSION=\"8.2\" -DMAGIC_REVISION=\"19\" -DSTDC_HEADERS=1 -DHAVE_SYS_TYPES_H=1 -DHAVE_SYS_STAT_H=1 -DHAVE_STDLIB_H=1 -DHAVE_STRING_H=1 -DHAVE_MEMORY_H=1 -DHAVE_STRINGS_H=1 -DHAVE_INTTYPES_H=1 -DHAVE_STDINT_H=1 -DHAVE_UNISTD_H=1 -DSIZEOF_VOID_P=8 -DSIZEOF_UNSIGNED_INT=4 -DSIZEOF_UNSIGNED_LONG=8 -DSIZEOF_UNSIGNED_LONG_LONG=8 -DSTDC_HEADERS=1 -DHAVE_SETENV=1 -DHAVE_PUTENV=1 -DHAVE_SYS_MMAN_H=1 -DHAVE_DIRENT_H=1 -DHAVE_LIMITS_H=1 -DHAVE_PATHS_H=1 -DHAVE_VA_COPY=1 -DHAVE___VA_COPY=1 -DFILE_LOCKS=1 -DCALMA_MODULE=1 -DCIF_MODULE=1 -DX11_BACKING_STORE=1 -DPLOT_MODULE=1 -DLEF_MODULE=1 -DROUTE_MODULE=1 -DUSE_NEW_MACROS=1 -DVECTOR_FONTS=1 -DHAVE_LIBCAIRO=1 -DMAGIC_WRAPPER=1 -Dlinux=1 -DSYSV=1 -DISC=1 -DNDEBUG -DGCORE=\"/usr/bin/gcore\" -DSHDLIB_EXT=\".so\" -DX11 -DXLIB -DCAIRO -DNDEBUG  -c grTCairo1.c
--- linking libgraphics.o
rm -f libgraphics.o
ld -r grMain.o grLock.o grDStyle.o grText.o grCMap.o grClip.o grGlyphs.o grNull.o W3Dmain.o grTk1.o grTk2.o grTk3.o grTk4.o grTk5.o grTCairo1.o grTCairo2.o grTCairo3.o grTCairo4.o grTCairo5.o grTkCommon.o -o libgraphics.o 
make[2]: Leaving directory `/home/chuan/Desktop/magic-8.2/graphics'
make[2]: Entering directory `/home/chuan/Desktop/magic-8.2/netmenu'
make[2]: Nothing to be done for `module'.
make[2]: Leaving directory `/home/chuan/Desktop/magic-8.2/netmenu'
make[2]: Entering directory `/home/chuan/Desktop/magic-8.2/plow'
make[2]: Nothing to be done for `module'.
make[2]: Leaving directory `/home/chuan/Desktop/magic-8.2/plow'
make[2]: Entering directory `/home/chuan/Desktop/magic-8.2/resis'
make[2]: Nothing to be done for `module'.
make[2]: Leaving directory `/home/chuan/Desktop/magic-8.2/resis'
make[2]: Entering directory `/home/chuan/Desktop/magic-8.2/select'
make[2]: Nothing to be done for `module'.
make[2]: Leaving directory `/home/chuan/Desktop/magic-8.2/select'
make[2]: Entering directory `/home/chuan/Desktop/magic-8.2/sim'
make[2]: Nothing to be done for `module'.
make[2]: Leaving directory `/home/chuan/Desktop/magic-8.2/sim'
make[2]: Entering directory `/home/chuan/Desktop/magic-8.2/textio'
make[2]: Nothing to be done for `module'.
make[2]: Leaving directory `/home/chuan/Desktop/magic-8.2/textio'
make[2]: Entering directory `/home/chuan/Desktop/magic-8.2/tiles'
make[2]: Nothing to be done for `module'.
make[2]: Leaving directory `/home/chuan/Desktop/magic-8.2/tiles'
make[2]: Entering directory `/home/chuan/Desktop/magic-8.2/utils'
make[2]: Nothing to be done for `module'.
make[2]: Leaving directory `/home/chuan/Desktop/magic-8.2/utils'
make[2]: Entering directory `/home/chuan/Desktop/magic-8.2/windows'
make[2]: Nothing to be done for `module'.
make[2]: Leaving directory `/home/chuan/Desktop/magic-8.2/windows'
make[2]: Entering directory `/home/chuan/Desktop/magic-8.2/wiring'
make[2]: Nothing to be done for `module'.
make[2]: Leaving directory `/home/chuan/Desktop/magic-8.2/wiring'
make[2]: Entering directory `/home/chuan/Desktop/magic-8.2/ext2sim'
make[2]: Nothing to be done for `module'.
make[2]: Leaving directory `/home/chuan/Desktop/magic-8.2/ext2sim'
make[2]: Entering directory `/home/chuan/Desktop/magic-8.2/ext2spice'
make[2]: Nothing to be done for `module'.
make[2]: Leaving directory `/home/chuan/Desktop/magic-8.2/ext2spice'
make[2]: Entering directory `/home/chuan/Desktop/magic-8.2/calma'
make[2]: Nothing to be done for `module'.
make[2]: Leaving directory `/home/chuan/Desktop/magic-8.2/calma'
make[2]: Entering directory `/home/chuan/Desktop/magic-8.2/cif'
make[2]: Nothing to be done for `module'.
make[2]: Leaving directory `/home/chuan/Desktop/magic-8.2/cif'
make[2]: Entering directory `/home/chuan/Desktop/magic-8.2/plot'
make[2]: Nothing to be done for `module'.
make[2]: Leaving directory `/home/chuan/Desktop/magic-8.2/plot'
make[2]: Entering directory `/home/chuan/Desktop/magic-8.2/lef'
make[2]: Nothing to be done for `module'.
make[2]: Leaving directory `/home/chuan/Desktop/magic-8.2/lef'
make[2]: Entering directory `/home/chuan/Desktop/magic-8.2/garouter'
make[2]: Nothing to be done for `module'.
make[2]: Leaving directory `/home/chuan/Desktop/magic-8.2/garouter'
make[2]: Entering directory `/home/chuan/Desktop/magic-8.2/grouter'
make[2]: Nothing to be done for `module'.
make[2]: Leaving directory `/home/chuan/Desktop/magic-8.2/grouter'
make[2]: Entering directory `/home/chuan/Desktop/magic-8.2/irouter'
make[2]: Nothing to be done for `module'.
make[2]: Leaving directory `/home/chuan/Desktop/magic-8.2/irouter'
make[2]: Entering directory `/home/chuan/Desktop/magic-8.2/mzrouter'
make[2]: Nothing to be done for `module'.
make[2]: Leaving directory `/home/chuan/Desktop/magic-8.2/mzrouter'
make[2]: Entering directory `/home/chuan/Desktop/magic-8.2/router'
make[2]: Nothing to be done for `module'.
make[2]: Leaving directory `/home/chuan/Desktop/magic-8.2/router'
make[2]: Entering directory `/home/chuan/Desktop/magic-8.2/gcr'
make[2]: Nothing to be done for `module'.
make[2]: Leaving directory `/home/chuan/Desktop/magic-8.2/gcr'
make[2]: Entering directory `/home/chuan/Desktop/magic-8.2/tcltk'
make[2]: Nothing to be done for `module'.
make[2]: Leaving directory `/home/chuan/Desktop/magic-8.2/tcltk'
make[2]: Entering directory `/home/chuan/Desktop/magic-8.2/magic'
make[2]: Nothing to be done for `module'.
make[2]: Leaving directory `/home/chuan/Desktop/magic-8.2/magic'
make[2]: Entering directory `/home/chuan/Desktop/magic-8.2/net2ir'
make[2]: Nothing to be done for `module'.
make[2]: Leaving directory `/home/chuan/Desktop/magic-8.2/net2ir'
make[2]: Entering directory `/home/chuan/Desktop/magic-8.2/tcltk'
make[2]: Nothing to be done for `module'.
make[2]: Leaving directory `/home/chuan/Desktop/magic-8.2/tcltk'
--- making Tcl shared libraries
for dir in magic net2ir tcltk; do \
		(cd $dir && make tcl-main); done
make[2]: Entering directory `/home/chuan/Desktop/magic-8.2/magic'
--- making magic Tcl library (tclmagic.so)
rm -f tclmagic.so
gcc -g -m64 -fPIC -Wimplicit-int -fPIC  -I/usr/include/tcl8.6/tk-private/generic -I/usr/include/tcl8.6 -I. -I..  -o tclmagic.so  -shared -Wl,-soname,tclmagic.so -Wl,--version-script=../magic/symbol.map  \
		../cmwind/libcmwind.o ../commands/libcommands.o ../database/libdatabase.o ../dbwind/libdbwind.o ../drc/libdrc.o ../debug/libdebug.o ../extract/libextract.o ../graphics/libgraphics.o ../select/libselect.o ../textio/libtextio.o ../tiles/libtiles.o ../windows/libwindows.o ../wiring/libwiring.o ../resis/libresis.o ../sim/libsim.o ../netmenu/libnetmenu.o ../plow/libplow.o ../utils/libutils.o ../ext2sim/libext2sim.o ../ext2spice/libext2spice.o ../calma/libcalma.o ../cif/libcif.o ../plot/libplot.o ../lef/liblef.o ../extflat/libextflat.o ../garouter/libgarouter.o 	../mzrouter/libmzrouter.o ../router/librouter.o 	../irouter/libirouter.o ../grouter/libgrouter.o 	../gcr/libgcr.o ../tcltk/libtcltk.o -lc -lX11 -lcairo -lfontconfig -lfreetype    -lm   
make[2]: Leaving directory `/home/chuan/Desktop/magic-8.2/magic'
make[2]: Entering directory `/home/chuan/Desktop/magic-8.2/net2ir'
echo "Nothing to do here"
Nothing to do here
make[2]: Leaving directory `/home/chuan/Desktop/magic-8.2/net2ir'
make[2]: Entering directory `/home/chuan/Desktop/magic-8.2/tcltk'
make[2]: Nothing to be done for `tcl-main'.
make[2]: Leaving directory `/home/chuan/Desktop/magic-8.2/tcltk'
make[1]: Leaving directory `/home/chuan/Desktop/magic-8.2'
make[1]: Entering directory `/home/chuan/Desktop/magic-8.2'
--- making modules
for dir in cmwind commands database dbwind debug drc extflat extract graphics netmenu plow resis select sim textio tiles utils windows wiring ext2sim ext2spice calma cif plot lef garouter grouter irouter mzrouter router gcr tcltk magic net2ir tcltk; do \
		(cd $dir && make module); done
make[2]: Entering directory `/home/chuan/Desktop/magic-8.2/cmwind'
make[2]: Nothing to be done for `module'.
make[2]: Leaving directory `/home/chuan/Desktop/magic-8.2/cmwind'
make[2]: Entering directory `/home/chuan/Desktop/magic-8.2/commands'
make[2]: Nothing to be done for `module'.
make[2]: Leaving directory `/home/chuan/Desktop/magic-8.2/commands'
make[2]: Entering directory `/home/chuan/Desktop/magic-8.2/database'
make[2]: Nothing to be done for `module'.
make[2]: Leaving directory `/home/chuan/Desktop/magic-8.2/database'
make[2]: Entering directory `/home/chuan/Desktop/magic-8.2/dbwind'
make[2]: Nothing to be done for `module'.
make[2]: Leaving directory `/home/chuan/Desktop/magic-8.2/dbwind'
make[2]: Entering directory `/home/chuan/Desktop/magic-8.2/debug'
make[2]: Nothing to be done for `module'.
make[2]: Leaving directory `/home/chuan/Desktop/magic-8.2/debug'
make[2]: Entering directory `/home/chuan/Desktop/magic-8.2/drc'
make[2]: Nothing to be done for `module'.
make[2]: Leaving directory `/home/chuan/Desktop/magic-8.2/drc'
make[2]: Entering directory `/home/chuan/Desktop/magic-8.2/extflat'
make[2]: Nothing to be done for `module'.
make[2]: Leaving directory `/home/chuan/Desktop/magic-8.2/extflat'
make[2]: Entering directory `/home/chuan/Desktop/magic-8.2/extract'
make[2]: Nothing to be done for `module'.
make[2]: Leaving directory `/home/chuan/Desktop/magic-8.2/extract'
make[2]: Entering directory `/home/chuan/Desktop/magic-8.2/graphics'
--- compiling graphics/grTCairo1.o
rm -f grTCairo1.o
gcc -g -m64 -fPIC -Wimplicit-int -fPIC  -I/usr/include/tcl8.6/tk-private/generic -I/usr/include/tcl8.6  -I. -I..  -DCAD_DIR=\"/home/chuan/Desktop/magic_install/lib\" -DBIN_DIR=\"/home/chuan/Desktop/magic_install/bin\" -DTCL_DIR=\"/home/chuan/Desktop/magic_install/lib/magic/tcl\" -DPACKAGE_NAME=\"\" -DPACKAGE_TARNAME=\"\" -DPACKAGE_VERSION=\"\" -DPACKAGE_STRING=\"\" -DPACKAGE_BUGREPORT=\"\" -DPACKAGE_URL=\"\" -DMAGIC_VERSION=\"8.2\" -DMAGIC_REVISION=\"19\" -DSTDC_HEADERS=1 -DHAVE_SYS_TYPES_H=1 -DHAVE_SYS_STAT_H=1 -DHAVE_STDLIB_H=1 -DHAVE_STRING_H=1 -DHAVE_MEMORY_H=1 -DHAVE_STRINGS_H=1 -DHAVE_INTTYPES_H=1 -DHAVE_STDINT_H=1 -DHAVE_UNISTD_H=1 -DSIZEOF_VOID_P=8 -DSIZEOF_UNSIGNED_INT=4 -DSIZEOF_UNSIGNED_LONG=8 -DSIZEOF_UNSIGNED_LONG_LONG=8 -DSTDC_HEADERS=1 -DHAVE_SETENV=1 -DHAVE_PUTENV=1 -DHAVE_SYS_MMAN_H=1 -DHAVE_DIRENT_H=1 -DHAVE_LIMITS_H=1 -DHAVE_PATHS_H=1 -DHAVE_VA_COPY=1 -DHAVE___VA_COPY=1 -DFILE_LOCKS=1 -DCALMA_MODULE=1 -DCIF_MODULE=1 -DX11_BACKING_STORE=1 -DPLOT_MODULE=1 -DLEF_MODULE=1 -DROUTE_MODULE=1 -DUSE_NEW_MACROS=1 -DVECTOR_FONTS=1 -DHAVE_LIBCAIRO=1 -DMAGIC_WRAPPER=1 -Dlinux=1 -DSYSV=1 -DISC=1 -DNDEBUG -DGCORE=\"/usr/bin/gcore\" -DSHDLIB_EXT=\".so\" -DX11 -DXLIB -DCAIRO -DNDEBUG  -c grTCairo1.c
--- linking libgraphics.o
rm -f libgraphics.o
ld -r grMain.o grLock.o grDStyle.o grText.o grCMap.o grClip.o grGlyphs.o grNull.o W3Dmain.o grTk1.o grTk2.o grTk3.o grTk4.o grTk5.o grTCairo1.o grTCairo2.o grTCairo3.o grTCairo4.o grTCairo5.o grTkCommon.o -o libgraphics.o 
make[2]: Leaving directory `/home/chuan/Desktop/magic-8.2/graphics'
make[2]: Entering directory `/home/chuan/Desktop/magic-8.2/netmenu'
make[2]: Nothing to be done for `module'.
make[2]: Leaving directory `/home/chuan/Desktop/magic-8.2/netmenu'
make[2]: Entering directory `/home/chuan/Desktop/magic-8.2/plow'
make[2]: Nothing to be done for `module'.
make[2]: Leaving directory `/home/chuan/Desktop/magic-8.2/plow'
make[2]: Entering directory `/home/chuan/Desktop/magic-8.2/resis'
make[2]: Nothing to be done for `module'.
make[2]: Leaving directory `/home/chuan/Desktop/magic-8.2/resis'
make[2]: Entering directory `/home/chuan/Desktop/magic-8.2/select'
make[2]: Nothing to be done for `module'.
make[2]: Leaving directory `/home/chuan/Desktop/magic-8.2/select'
make[2]: Entering directory `/home/chuan/Desktop/magic-8.2/sim'
make[2]: Nothing to be done for `module'.
make[2]: Leaving directory `/home/chuan/Desktop/magic-8.2/sim'
make[2]: Entering directory `/home/chuan/Desktop/magic-8.2/textio'
make[2]: Nothing to be done for `module'.
make[2]: Leaving directory `/home/chuan/Desktop/magic-8.2/textio'
make[2]: Entering directory `/home/chuan/Desktop/magic-8.2/tiles'
make[2]: Nothing to be done for `module'.
make[2]: Leaving directory `/home/chuan/Desktop/magic-8.2/tiles'
make[2]: Entering directory `/home/chuan/Desktop/magic-8.2/utils'
make[2]: Nothing to be done for `module'.
make[2]: Leaving directory `/home/chuan/Desktop/magic-8.2/utils'
make[2]: Entering directory `/home/chuan/Desktop/magic-8.2/windows'
make[2]: Nothing to be done for `module'.
make[2]: Leaving directory `/home/chuan/Desktop/magic-8.2/windows'
make[2]: Entering directory `/home/chuan/Desktop/magic-8.2/wiring'
make[2]: Nothing to be done for `module'.
make[2]: Leaving directory `/home/chuan/Desktop/magic-8.2/wiring'
make[2]: Entering directory `/home/chuan/Desktop/magic-8.2/ext2sim'
make[2]: Nothing to be done for `module'.
make[2]: Leaving directory `/home/chuan/Desktop/magic-8.2/ext2sim'
make[2]: Entering directory `/home/chuan/Desktop/magic-8.2/ext2spice'
make[2]: Nothing to be done for `module'.
make[2]: Leaving directory `/home/chuan/Desktop/magic-8.2/ext2spice'
make[2]: Entering directory `/home/chuan/Desktop/magic-8.2/calma'
make[2]: Nothing to be done for `module'.
make[2]: Leaving directory `/home/chuan/Desktop/magic-8.2/calma'
make[2]: Entering directory `/home/chuan/Desktop/magic-8.2/cif'
make[2]: Nothing to be done for `module'.
make[2]: Leaving directory `/home/chuan/Desktop/magic-8.2/cif'
make[2]: Entering directory `/home/chuan/Desktop/magic-8.2/plot'
make[2]: Nothing to be done for `module'.
make[2]: Leaving directory `/home/chuan/Desktop/magic-8.2/plot'
make[2]: Entering directory `/home/chuan/Desktop/magic-8.2/lef'
make[2]: Nothing to be done for `module'.
make[2]: Leaving directory `/home/chuan/Desktop/magic-8.2/lef'
make[2]: Entering directory `/home/chuan/Desktop/magic-8.2/garouter'
make[2]: Nothing to be done for `module'.
make[2]: Leaving directory `/home/chuan/Desktop/magic-8.2/garouter'
make[2]: Entering directory `/home/chuan/Desktop/magic-8.2/grouter'
make[2]: Nothing to be done for `module'.
make[2]: Leaving directory `/home/chuan/Desktop/magic-8.2/grouter'
make[2]: Entering directory `/home/chuan/Desktop/magic-8.2/irouter'
make[2]: Nothing to be done for `module'.
make[2]: Leaving directory `/home/chuan/Desktop/magic-8.2/irouter'
make[2]: Entering directory `/home/chuan/Desktop/magic-8.2/mzrouter'
make[2]: Nothing to be done for `module'.
make[2]: Leaving directory `/home/chuan/Desktop/magic-8.2/mzrouter'
make[2]: Entering directory `/home/chuan/Desktop/magic-8.2/router'
make[2]: Nothing to be done for `module'.
make[2]: Leaving directory `/home/chuan/Desktop/magic-8.2/router'
make[2]: Entering directory `/home/chuan/Desktop/magic-8.2/gcr'
make[2]: Nothing to be done for `module'.
make[2]: Leaving directory `/home/chuan/Desktop/magic-8.2/gcr'
make[2]: Entering directory `/home/chuan/Desktop/magic-8.2/tcltk'
make[2]: Nothing to be done for `module'.
make[2]: Leaving directory `/home/chuan/Desktop/magic-8.2/tcltk'
make[2]: Entering directory `/home/chuan/Desktop/magic-8.2/magic'
make[2]: Nothing to be done for `module'.
make[2]: Leaving directory `/home/chuan/Desktop/magic-8.2/magic'
make[2]: Entering directory `/home/chuan/Desktop/magic-8.2/net2ir'
make[2]: Nothing to be done for `module'.
make[2]: Leaving directory `/home/chuan/Desktop/magic-8.2/net2ir'
make[2]: Entering directory `/home/chuan/Desktop/magic-8.2/tcltk'
make[2]: Nothing to be done for `module'.
make[2]: Leaving directory `/home/chuan/Desktop/magic-8.2/tcltk'
--- making Tcl shared libraries
for dir in magic net2ir tcltk; do \
		(cd $dir && make tcl-main); done
make[2]: Entering directory `/home/chuan/Desktop/magic-8.2/magic'
--- making magic Tcl library (tclmagic.so)
rm -f tclmagic.so
gcc -g -m64 -fPIC -Wimplicit-int -fPIC  -I/usr/include/tcl8.6/tk-private/generic -I/usr/include/tcl8.6 -I. -I..  -o tclmagic.so  -shared -Wl,-soname,tclmagic.so -Wl,--version-script=../magic/symbol.map  \
		../cmwind/libcmwind.o ../commands/libcommands.o ../database/libdatabase.o ../dbwind/libdbwind.o ../drc/libdrc.o ../debug/libdebug.o ../extract/libextract.o ../graphics/libgraphics.o ../select/libselect.o ../textio/libtextio.o ../tiles/libtiles.o ../windows/libwindows.o ../wiring/libwiring.o ../resis/libresis.o ../sim/libsim.o ../netmenu/libnetmenu.o ../plow/libplow.o ../utils/libutils.o ../ext2sim/libext2sim.o ../ext2spice/libext2spice.o ../calma/libcalma.o ../cif/libcif.o ../plot/libplot.o ../lef/liblef.o ../extflat/libextflat.o ../garouter/libgarouter.o 	../mzrouter/libmzrouter.o ../router/librouter.o 	../irouter/libirouter.o ../grouter/libgrouter.o 	../gcr/libgcr.o ../tcltk/libtcltk.o -lc -lX11 -lcairo -lfontconfig -lfreetype    -lm   
make[2]: Leaving directory `/home/chuan/Desktop/magic-8.2/magic'
make[2]: Entering directory `/home/chuan/Desktop/magic-8.2/net2ir'
echo "Nothing to do here"
Nothing to do here
make[2]: Leaving directory `/home/chuan/Desktop/magic-8.2/net2ir'
make[2]: Entering directory `/home/chuan/Desktop/magic-8.2/tcltk'
make[2]: Nothing to be done for `tcl-main'.
make[2]: Leaving directory `/home/chuan/Desktop/magic-8.2/tcltk'
make[1]: Leaving directory `/home/chuan/Desktop/magic-8.2'
make[1]: Entering directory `/home/chuan/Desktop/magic-8.2'
--- making modules
for dir in cmwind commands database dbwind debug drc extflat extract graphics netmenu plow resis select sim textio tiles utils windows wiring ext2sim ext2spice calma cif plot lef garouter grouter irouter mzrouter router gcr tcltk magic net2ir tcltk; do \
		(cd $dir && make module); done
make[2]: Entering directory `/home/chuan/Desktop/magic-8.2/cmwind'
make[2]: Nothing to be done for `module'.
make[2]: Leaving directory `/home/chuan/Desktop/magic-8.2/cmwind'
make[2]: Entering directory `/home/chuan/Desktop/magic-8.2/commands'
make[2]: Nothing to be done for `module'.
make[2]: Leaving directory `/home/chuan/Desktop/magic-8.2/commands'
make[2]: Entering directory `/home/chuan/Desktop/magic-8.2/database'
make[2]: Nothing to be done for `module'.
make[2]: Leaving directory `/home/chuan/Desktop/magic-8.2/database'
make[2]: Entering directory `/home/chuan/Desktop/magic-8.2/dbwind'
make[2]: Nothing to be done for `module'.
make[2]: Leaving directory `/home/chuan/Desktop/magic-8.2/dbwind'
make[2]: Entering directory `/home/chuan/Desktop/magic-8.2/debug'
make[2]: Nothing to be done for `module'.
make[2]: Leaving directory `/home/chuan/Desktop/magic-8.2/debug'
make[2]: Entering directory `/home/chuan/Desktop/magic-8.2/drc'
make[2]: Nothing to be done for `module'.
make[2]: Leaving directory `/home/chuan/Desktop/magic-8.2/drc'
make[2]: Entering directory `/home/chuan/Desktop/magic-8.2/extflat'
make[2]: Nothing to be done for `module'.
make[2]: Leaving directory `/home/chuan/Desktop/magic-8.2/extflat'
make[2]: Entering directory `/home/chuan/Desktop/magic-8.2/extract'
make[2]: Nothing to be done for `module'.
make[2]: Leaving directory `/home/chuan/Desktop/magic-8.2/extract'
make[2]: Entering directory `/home/chuan/Desktop/magic-8.2/graphics'
make[2]: Nothing to be done for `module'.
make[2]: Leaving directory `/home/chuan/Desktop/magic-8.2/graphics'
make[2]: Entering directory `/home/chuan/Desktop/magic-8.2/netmenu'
make[2]: Nothing to be done for `module'.
make[2]: Leaving directory `/home/chuan/Desktop/magic-8.2/netmenu'
make[2]: Entering directory `/home/chuan/Desktop/magic-8.2/plow'
make[2]: Nothing to be done for `module'.
make[2]: Leaving directory `/home/chuan/Desktop/magic-8.2/plow'
make[2]: Entering directory `/home/chuan/Desktop/magic-8.2/resis'
make[2]: Nothing to be done for `module'.
make[2]: Leaving directory `/home/chuan/Desktop/magic-8.2/resis'
make[2]: Entering directory `/home/chuan/Desktop/magic-8.2/select'
make[2]: Nothing to be done for `module'.
make[2]: Leaving directory `/home/chuan/Desktop/magic-8.2/select'
make[2]: Entering directory `/home/chuan/Desktop/magic-8.2/sim'
make[2]: Nothing to be done for `module'.
make[2]: Leaving directory `/home/chuan/Desktop/magic-8.2/sim'
make[2]: Entering directory `/home/chuan/Desktop/magic-8.2/textio'
make[2]: Nothing to be done for `module'.
make[2]: Leaving directory `/home/chuan/Desktop/magic-8.2/textio'
make[2]: Entering directory `/home/chuan/Desktop/magic-8.2/tiles'
make[2]: Nothing to be done for `module'.
make[2]: Leaving directory `/home/chuan/Desktop/magic-8.2/tiles'
make[2]: Entering directory `/home/chuan/Desktop/magic-8.2/utils'
make[2]: Nothing to be done for `module'.
make[2]: Leaving directory `/home/chuan/Desktop/magic-8.2/utils'
make[2]: Entering directory `/home/chuan/Desktop/magic-8.2/windows'
make[2]: Nothing to be done for `module'.
make[2]: Leaving directory `/home/chuan/Desktop/magic-8.2/windows'
make[2]: Entering directory `/home/chuan/Desktop/magic-8.2/wiring'
make[2]: Nothing to be done for `module'.
make[2]: Leaving directory `/home/chuan/Desktop/magic-8.2/wiring'
make[2]: Entering directory `/home/chuan/Desktop/magic-8.2/ext2sim'
make[2]: Nothing to be done for `module'.
make[2]: Leaving directory `/home/chuan/Desktop/magic-8.2/ext2sim'
make[2]: Entering directory `/home/chuan/Desktop/magic-8.2/ext2spice'
make[2]: Nothing to be done for `module'.
make[2]: Leaving directory `/home/chuan/Desktop/magic-8.2/ext2spice'
make[2]: Entering directory `/home/chuan/Desktop/magic-8.2/calma'
make[2]: Nothing to be done for `module'.
make[2]: Leaving directory `/home/chuan/Desktop/magic-8.2/calma'
make[2]: Entering directory `/home/chuan/Desktop/magic-8.2/cif'
make[2]: Nothing to be done for `module'.
make[2]: Leaving directory `/home/chuan/Desktop/magic-8.2/cif'
make[2]: Entering directory `/home/chuan/Desktop/magic-8.2/plot'
make[2]: Nothing to be done for `module'.
make[2]: Leaving directory `/home/chuan/Desktop/magic-8.2/plot'
make[2]: Entering directory `/home/chuan/Desktop/magic-8.2/lef'
make[2]: Nothing to be done for `module'.
make[2]: Leaving directory `/home/chuan/Desktop/magic-8.2/lef'
make[2]: Entering directory `/home/chuan/Desktop/magic-8.2/garouter'
make[2]: Nothing to be done for `module'.
make[2]: Leaving directory `/home/chuan/Desktop/magic-8.2/garouter'
make[2]: Entering directory `/home/chuan/Desktop/magic-8.2/grouter'
make[2]: Nothing to be done for `module'.
make[2]: Leaving directory `/home/chuan/Desktop/magic-8.2/grouter'
make[2]: Entering directory `/home/chuan/Desktop/magic-8.2/irouter'
make[2]: Nothing to be done for `module'.
make[2]: Leaving directory `/home/chuan/Desktop/magic-8.2/irouter'
make[2]: Entering directory `/home/chuan/Desktop/magic-8.2/mzrouter'
make[2]: Nothing to be done for `module'.
make[2]: Leaving directory `/home/chuan/Desktop/magic-8.2/mzrouter'
make[2]: Entering directory `/home/chuan/Desktop/magic-8.2/router'
make[2]: Nothing to be done for `module'.
make[2]: Leaving directory `/home/chuan/Desktop/magic-8.2/router'
make[2]: Entering directory `/home/chuan/Desktop/magic-8.2/gcr'
make[2]: Nothing to be done for `module'.
make[2]: Leaving directory `/home/chuan/Desktop/magic-8.2/gcr'
make[2]: Entering directory `/home/chuan/Desktop/magic-8.2/tcltk'
make[2]: Nothing to be done for `module'.
make[2]: Leaving directory `/home/chuan/Desktop/magic-8.2/tcltk'
make[2]: Entering directory `/home/chuan/Desktop/magic-8.2/magic'
make[2]: Nothing to be done for `module'.
make[2]: Leaving directory `/home/chuan/Desktop/magic-8.2/magic'
make[2]: Entering directory `/home/chuan/Desktop/magic-8.2/net2ir'
make[2]: Nothing to be done for `module'.
make[2]: Leaving directory `/home/chuan/Desktop/magic-8.2/net2ir'
make[2]: Entering directory `/home/chuan/Desktop/magic-8.2/tcltk'
make[2]: Nothing to be done for `module'.
make[2]: Leaving directory `/home/chuan/Desktop/magic-8.2/tcltk'
--- making Tcl shared libraries
for dir in magic net2ir tcltk; do \
		(cd $dir && make tcl-main); done
make[2]: Entering directory `/home/chuan/Desktop/magic-8.2/magic'
make[2]: Nothing to be done for `tcl-main'.
make[2]: Leaving directory `/home/chuan/Desktop/magic-8.2/magic'
make[2]: Entering directory `/home/chuan/Desktop/magic-8.2/net2ir'
echo "Nothing to do here"
Nothing to do here
make[2]: Leaving directory `/home/chuan/Desktop/magic-8.2/net2ir'
make[2]: Entering directory `/home/chuan/Desktop/magic-8.2/tcltk'
make[2]: Nothing to be done for `tcl-main'.
make[2]: Leaving directory `/home/chuan/Desktop/magic-8.2/tcltk'
make[1]: Leaving directory `/home/chuan/Desktop/magic-8.2'
make[1]: Entering directory `/home/chuan/Desktop/magic-8.2'
--- making modules
for dir in cmwind commands database dbwind debug drc extflat extract graphics netmenu plow resis select sim textio tiles utils windows wiring ext2sim ext2spice calma cif plot lef garouter grouter irouter mzrouter router gcr tcltk magic net2ir tcltk; do \
		(cd $dir && make module); done
make[2]: Entering directory `/home/chuan/Desktop/magic-8.2/cmwind'
make[2]: Nothing to be done for `module'.
make[2]: Leaving directory `/home/chuan/Desktop/magic-8.2/cmwind'
make[2]: Entering directory `/home/chuan/Desktop/magic-8.2/commands'
make[2]: Nothing to be done for `module'.
make[2]: Leaving directory `/home/chuan/Desktop/magic-8.2/commands'
make[2]: Entering directory `/home/chuan/Desktop/magic-8.2/database'
make[2]: Nothing to be done for `module'.
make[2]: Leaving directory `/home/chuan/Desktop/magic-8.2/database'
make[2]: Entering directory `/home/chuan/Desktop/magic-8.2/dbwind'
make[2]: Nothing to be done for `module'.
make[2]: Leaving directory `/home/chuan/Desktop/magic-8.2/dbwind'
make[2]: Entering directory `/home/chuan/Desktop/magic-8.2/debug'
make[2]: Nothing to be done for `module'.
make[2]: Leaving directory `/home/chuan/Desktop/magic-8.2/debug'
make[2]: Entering directory `/home/chuan/Desktop/magic-8.2/drc'
make[2]: Nothing to be done for `module'.
make[2]: Leaving directory `/home/chuan/Desktop/magic-8.2/drc'
make[2]: Entering directory `/home/chuan/Desktop/magic-8.2/extflat'
make[2]: Nothing to be done for `module'.
make[2]: Leaving directory `/home/chuan/Desktop/magic-8.2/extflat'
make[2]: Entering directory `/home/chuan/Desktop/magic-8.2/extract'
make[2]: Nothing to be done for `module'.
make[2]: Leaving directory `/home/chuan/Desktop/magic-8.2/extract'
make[2]: Entering directory `/home/chuan/Desktop/magic-8.2/graphics'
--- compiling graphics/grTCairo1.o
rm -f grTCairo1.o
gcc -g -m64 -fPIC -Wimplicit-int -fPIC  -I/usr/include/tcl8.6/tk-private/generic -I/usr/include/tcl8.6  -I. -I..  -DCAD_DIR=\"/home/chuan/Desktop/magic_install/lib\" -DBIN_DIR=\"/home/chuan/Desktop/magic_install/bin\" -DTCL_DIR=\"/home/chuan/Desktop/magic_install/lib/magic/tcl\" -DPACKAGE_NAME=\"\" -DPACKAGE_TARNAME=\"\" -DPACKAGE_VERSION=\"\" -DPACKAGE_STRING=\"\" -DPACKAGE_BUGREPORT=\"\" -DPACKAGE_URL=\"\" -DMAGIC_VERSION=\"8.2\" -DMAGIC_REVISION=\"19\" -DSTDC_HEADERS=1 -DHAVE_SYS_TYPES_H=1 -DHAVE_SYS_STAT_H=1 -DHAVE_STDLIB_H=1 -DHAVE_STRING_H=1 -DHAVE_MEMORY_H=1 -DHAVE_STRINGS_H=1 -DHAVE_INTTYPES_H=1 -DHAVE_STDINT_H=1 -DHAVE_UNISTD_H=1 -DSIZEOF_VOID_P=8 -DSIZEOF_UNSIGNED_INT=4 -DSIZEOF_UNSIGNED_LONG=8 -DSIZEOF_UNSIGNED_LONG_LONG=8 -DSTDC_HEADERS=1 -DHAVE_SETENV=1 -DHAVE_PUTENV=1 -DHAVE_SYS_MMAN_H=1 -DHAVE_DIRENT_H=1 -DHAVE_LIMITS_H=1 -DHAVE_PATHS_H=1 -DHAVE_VA_COPY=1 -DHAVE___VA_COPY=1 -DFILE_LOCKS=1 -DCALMA_MODULE=1 -DCIF_MODULE=1 -DX11_BACKING_STORE=1 -DPLOT_MODULE=1 -DLEF_MODULE=1 -DROUTE_MODULE=1 -DUSE_NEW_MACROS=1 -DVECTOR_FONTS=1 -DHAVE_LIBCAIRO=1 -DMAGIC_WRAPPER=1 -Dlinux=1 -DSYSV=1 -DISC=1 -DNDEBUG -DGCORE=\"/usr/bin/gcore\" -DSHDLIB_EXT=\".so\" -DX11 -DXLIB -DCAIRO -DNDEBUG  -c grTCairo1.c
--- linking libgraphics.o
rm -f libgraphics.o
ld -r grMain.o grLock.o grDStyle.o grText.o grCMap.o grClip.o grGlyphs.o grNull.o W3Dmain.o grTk1.o grTk2.o grTk3.o grTk4.o grTk5.o grTCairo1.o grTCairo2.o grTCairo3.o grTCairo4.o grTCairo5.o grTkCommon.o -o libgraphics.o 
make[2]: Leaving directory `/home/chuan/Desktop/magic-8.2/graphics'
make[2]: Entering directory `/home/chuan/Desktop/magic-8.2/netmenu'
make[2]: Nothing to be done for `module'.
make[2]: Leaving directory `/home/chuan/Desktop/magic-8.2/netmenu'
make[2]: Entering directory `/home/chuan/Desktop/magic-8.2/plow'
make[2]: Nothing to be done for `module'.
make[2]: Leaving directory `/home/chuan/Desktop/magic-8.2/plow'
make[2]: Entering directory `/home/chuan/Desktop/magic-8.2/resis'
make[2]: Nothing to be done for `module'.
make[2]: Leaving directory `/home/chuan/Desktop/magic-8.2/resis'
make[2]: Entering directory `/home/chuan/Desktop/magic-8.2/select'
make[2]: Nothing to be done for `module'.
make[2]: Leaving directory `/home/chuan/Desktop/magic-8.2/select'
make[2]: Entering directory `/home/chuan/Desktop/magic-8.2/sim'
make[2]: Nothing to be done for `module'.
make[2]: Leaving directory `/home/chuan/Desktop/magic-8.2/sim'
make[2]: Entering directory `/home/chuan/Desktop/magic-8.2/textio'
make[2]: Nothing to be done for `module'.
make[2]: Leaving directory `/home/chuan/Desktop/magic-8.2/textio'
make[2]: Entering directory `/home/chuan/Desktop/magic-8.2/tiles'
make[2]: Nothing to be done for `module'.
make[2]: Leaving directory `/home/chuan/Desktop/magic-8.2/tiles'
make[2]: Entering directory `/home/chuan/Desktop/magic-8.2/utils'
make[2]: Nothing to be done for `module'.
make[2]: Leaving directory `/home/chuan/Desktop/magic-8.2/utils'
make[2]: Entering directory `/home/chuan/Desktop/magic-8.2/windows'
make[2]: Nothing to be done for `module'.
make[2]: Leaving directory `/home/chuan/Desktop/magic-8.2/windows'
make[2]: Entering directory `/home/chuan/Desktop/magic-8.2/wiring'
make[2]: Nothing to be done for `module'.
make[2]: Leaving directory `/home/chuan/Desktop/magic-8.2/wiring'
make[2]: Entering directory `/home/chuan/Desktop/magic-8.2/ext2sim'
make[2]: Nothing to be done for `module'.
make[2]: Leaving directory `/home/chuan/Desktop/magic-8.2/ext2sim'
make[2]: Entering directory `/home/chuan/Desktop/magic-8.2/ext2spice'
make[2]: Nothing to be done for `module'.
make[2]: Leaving directory `/home/chuan/Desktop/magic-8.2/ext2spice'
make[2]: Entering directory `/home/chuan/Desktop/magic-8.2/calma'
make[2]: Nothing to be done for `module'.
make[2]: Leaving directory `/home/chuan/Desktop/magic-8.2/calma'
make[2]: Entering directory `/home/chuan/Desktop/magic-8.2/cif'
make[2]: Nothing to be done for `module'.
make[2]: Leaving directory `/home/chuan/Desktop/magic-8.2/cif'
make[2]: Entering directory `/home/chuan/Desktop/magic-8.2/plot'
make[2]: Nothing to be done for `module'.
make[2]: Leaving directory `/home/chuan/Desktop/magic-8.2/plot'
make[2]: Entering directory `/home/chuan/Desktop/magic-8.2/lef'
make[2]: Nothing to be done for `module'.
make[2]: Leaving directory `/home/chuan/Desktop/magic-8.2/lef'
make[2]: Entering directory `/home/chuan/Desktop/magic-8.2/garouter'
make[2]: Nothing to be done for `module'.
make[2]: Leaving directory `/home/chuan/Desktop/magic-8.2/garouter'
make[2]: Entering directory `/home/chuan/Desktop/magic-8.2/grouter'
make[2]: Nothing to be done for `module'.
make[2]: Leaving directory `/home/chuan/Desktop/magic-8.2/grouter'
make[2]: Entering directory `/home/chuan/Desktop/magic-8.2/irouter'
make[2]: Nothing to be done for `module'.
make[2]: Leaving directory `/home/chuan/Desktop/magic-8.2/irouter'
make[2]: Entering directory `/home/chuan/Desktop/magic-8.2/mzrouter'
make[2]: Nothing to be done for `module'.
make[2]: Leaving directory `/home/chuan/Desktop/magic-8.2/mzrouter'
make[2]: Entering directory `/home/chuan/Desktop/magic-8.2/router'
make[2]: Nothing to be done for `module'.
make[2]: Leaving directory `/home/chuan/Desktop/magic-8.2/router'
make[2]: Entering directory `/home/chuan/Desktop/magic-8.2/gcr'
make[2]: Nothing to be done for `module'.
make[2]: Leaving directory `/home/chuan/Desktop/magic-8.2/gcr'
make[2]: Entering directory `/home/chuan/Desktop/magic-8.2/tcltk'
make[2]: Nothing to be done for `module'.
make[2]: Leaving directory `/home/chuan/Desktop/magic-8.2/tcltk'
make[2]: Entering directory `/home/chuan/Desktop/magic-8.2/magic'
make[2]: Nothing to be done for `module'.
make[2]: Leaving directory `/home/chuan/Desktop/magic-8.2/magic'
make[2]: Entering directory `/home/chuan/Desktop/magic-8.2/net2ir'
make[2]: Nothing to be done for `module'.
make[2]: Leaving directory `/home/chuan/Desktop/magic-8.2/net2ir'
make[2]: Entering directory `/home/chuan/Desktop/magic-8.2/tcltk'
make[2]: Nothing to be done for `module'.
make[2]: Leaving directory `/home/chuan/Desktop/magic-8.2/tcltk'
--- making Tcl shared libraries
for dir in magic net2ir tcltk; do \
		(cd $dir && make tcl-main); done
make[2]: Entering directory `/home/chuan/Desktop/magic-8.2/magic'
--- making magic Tcl library (tclmagic.so)
rm -f tclmagic.so
gcc -g -m64 -fPIC -Wimplicit-int -fPIC  -I/usr/include/tcl8.6/tk-private/generic -I/usr/include/tcl8.6 -I. -I..  -o tclmagic.so  -shared -Wl,-soname,tclmagic.so -Wl,--version-script=../magic/symbol.map  \
		../cmwind/libcmwind.o ../commands/libcommands.o ../database/libdatabase.o ../dbwind/libdbwind.o ../drc/libdrc.o ../debug/libdebug.o ../extract/libextract.o ../graphics/libgraphics.o ../select/libselect.o ../textio/libtextio.o ../tiles/libtiles.o ../windows/libwindows.o ../wiring/libwiring.o ../resis/libresis.o ../sim/libsim.o ../netmenu/libnetmenu.o ../plow/libplow.o ../utils/libutils.o ../ext2sim/libext2sim.o ../ext2spice/libext2spice.o ../calma/libcalma.o ../cif/libcif.o ../plot/libplot.o ../lef/liblef.o ../extflat/libextflat.o ../garouter/libgarouter.o 	../mzrouter/libmzrouter.o ../router/librouter.o 	../irouter/libirouter.o ../grouter/libgrouter.o 	../gcr/libgcr.o ../tcltk/libtcltk.o -lc -lX11 -lcairo -lfontconfig -lfreetype    -lm   
make[2]: Leaving directory `/home/chuan/Desktop/magic-8.2/magic'
make[2]: Entering directory `/home/chuan/Desktop/magic-8.2/net2ir'
echo "Nothing to do here"
Nothing to do here
make[2]: Leaving directory `/home/chuan/Desktop/magic-8.2/net2ir'
make[2]: Entering directory `/home/chuan/Desktop/magic-8.2/tcltk'
make[2]: Nothing to be done for `tcl-main'.
make[2]: Leaving directory `/home/chuan/Desktop/magic-8.2/tcltk'
make[1]: Leaving directory `/home/chuan/Desktop/magic-8.2'
make[1]: Entering directory `/home/chuan/Desktop/magic-8.2'
--- making modules
for dir in cmwind commands database dbwind debug drc extflat extract graphics netmenu plow resis select sim textio tiles utils windows wiring ext2sim ext2spice calma cif plot lef garouter grouter irouter mzrouter router gcr tcltk magic net2ir tcltk; do \
		(cd $dir && make module); done
make[2]: Entering directory `/home/chuan/Desktop/magic-8.2/cmwind'
make[2]: Nothing to be done for `module'.
make[2]: Leaving directory `/home/chuan/Desktop/magic-8.2/cmwind'
make[2]: Entering directory `/home/chuan/Desktop/magic-8.2/commands'
make[2]: Nothing to be done for `module'.
make[2]: Leaving directory `/home/chuan/Desktop/magic-8.2/commands'
make[2]: Entering directory `/home/chuan/Desktop/magic-8.2/database'
make[2]: Nothing to be done for `module'.
make[2]: Leaving directory `/home/chuan/Desktop/magic-8.2/database'
make[2]: Entering directory `/home/chuan/Desktop/magic-8.2/dbwind'
make[2]: Nothing to be done for `module'.
make[2]: Leaving directory `/home/chuan/Desktop/magic-8.2/dbwind'
make[2]: Entering directory `/home/chuan/Desktop/magic-8.2/debug'
make[2]: Nothing to be done for `module'.
make[2]: Leaving directory `/home/chuan/Desktop/magic-8.2/debug'
make[2]: Entering directory `/home/chuan/Desktop/magic-8.2/drc'
make[2]: Nothing to be done for `module'.
make[2]: Leaving directory `/home/chuan/Desktop/magic-8.2/drc'
make[2]: Entering directory `/home/chuan/Desktop/magic-8.2/extflat'
make[2]: Nothing to be done for `module'.
make[2]: Leaving directory `/home/chuan/Desktop/magic-8.2/extflat'
make[2]: Entering directory `/home/chuan/Desktop/magic-8.2/extract'
make[2]: Nothing to be done for `module'.
make[2]: Leaving directory `/home/chuan/Desktop/magic-8.2/extract'
make[2]: Entering directory `/home/chuan/Desktop/magic-8.2/graphics'
--- compiling graphics/grTCairo1.o
rm -f grTCairo1.o
gcc -g -m64 -fPIC -Wimplicit-int -fPIC  -I/usr/include/tcl8.6/tk-private/generic -I/usr/include/tcl8.6  -I. -I..  -DCAD_DIR=\"/home/chuan/Desktop/magic_install/lib\" -DBIN_DIR=\"/home/chuan/Desktop/magic_install/bin\" -DTCL_DIR=\"/home/chuan/Desktop/magic_install/lib/magic/tcl\" -DPACKAGE_NAME=\"\" -DPACKAGE_TARNAME=\"\" -DPACKAGE_VERSION=\"\" -DPACKAGE_STRING=\"\" -DPACKAGE_BUGREPORT=\"\" -DPACKAGE_URL=\"\" -DMAGIC_VERSION=\"8.2\" -DMAGIC_REVISION=\"19\" -DSTDC_HEADERS=1 -DHAVE_SYS_TYPES_H=1 -DHAVE_SYS_STAT_H=1 -DHAVE_STDLIB_H=1 -DHAVE_STRING_H=1 -DHAVE_MEMORY_H=1 -DHAVE_STRINGS_H=1 -DHAVE_INTTYPES_H=1 -DHAVE_STDINT_H=1 -DHAVE_UNISTD_H=1 -DSIZEOF_VOID_P=8 -DSIZEOF_UNSIGNED_INT=4 -DSIZEOF_UNSIGNED_LONG=8 -DSIZEOF_UNSIGNED_LONG_LONG=8 -DSTDC_HEADERS=1 -DHAVE_SETENV=1 -DHAVE_PUTENV=1 -DHAVE_SYS_MMAN_H=1 -DHAVE_DIRENT_H=1 -DHAVE_LIMITS_H=1 -DHAVE_PATHS_H=1 -DHAVE_VA_COPY=1 -DHAVE___VA_COPY=1 -DFILE_LOCKS=1 -DCALMA_MODULE=1 -DCIF_MODULE=1 -DX11_BACKING_STORE=1 -DPLOT_MODULE=1 -DLEF_MODULE=1 -DROUTE_MODULE=1 -DUSE_NEW_MACROS=1 -DVECTOR_FONTS=1 -DHAVE_LIBCAIRO=1 -DMAGIC_WRAPPER=1 -Dlinux=1 -DSYSV=1 -DISC=1 -DNDEBUG -DGCORE=\"/usr/bin/gcore\" -DSHDLIB_EXT=\".so\" -DX11 -DXLIB -DCAIRO -DNDEBUG  -c grTCairo1.c
--- linking libgraphics.o
rm -f libgraphics.o
ld -r grMain.o grLock.o grDStyle.o grText.o grCMap.o grClip.o grGlyphs.o grNull.o W3Dmain.o grTk1.o grTk2.o grTk3.o grTk4.o grTk5.o grTCairo1.o grTCairo2.o grTCairo3.o grTCairo4.o grTCairo5.o grTkCommon.o -o libgraphics.o 
make[2]: Leaving directory `/home/chuan/Desktop/magic-8.2/graphics'
make[2]: Entering directory `/home/chuan/Desktop/magic-8.2/netmenu'
make[2]: Nothing to be done for `module'.
make[2]: Leaving directory `/home/chuan/Desktop/magic-8.2/netmenu'
make[2]: Entering directory `/home/chuan/Desktop/magic-8.2/plow'
make[2]: Nothing to be done for `module'.
make[2]: Leaving directory `/home/chuan/Desktop/magic-8.2/plow'
make[2]: Entering directory `/home/chuan/Desktop/magic-8.2/resis'
make[2]: Nothing to be done for `module'.
make[2]: Leaving directory `/home/chuan/Desktop/magic-8.2/resis'
make[2]: Entering directory `/home/chuan/Desktop/magic-8.2/select'
make[2]: Nothing to be done for `module'.
make[2]: Leaving directory `/home/chuan/Desktop/magic-8.2/select'
make[2]: Entering directory `/home/chuan/Desktop/magic-8.2/sim'
make[2]: Nothing to be done for `module'.
make[2]: Leaving directory `/home/chuan/Desktop/magic-8.2/sim'
make[2]: Entering directory `/home/chuan/Desktop/magic-8.2/textio'
make[2]: Nothing to be done for `module'.
make[2]: Leaving directory `/home/chuan/Desktop/magic-8.2/textio'
make[2]: Entering directory `/home/chuan/Desktop/magic-8.2/tiles'
make[2]: Nothing to be done for `module'.
make[2]: Leaving directory `/home/chuan/Desktop/magic-8.2/tiles'
make[2]: Entering directory `/home/chuan/Desktop/magic-8.2/utils'
make[2]: Nothing to be done for `module'.
make[2]: Leaving directory `/home/chuan/Desktop/magic-8.2/utils'
make[2]: Entering directory `/home/chuan/Desktop/magic-8.2/windows'
make[2]: Nothing to be done for `module'.
make[2]: Leaving directory `/home/chuan/Desktop/magic-8.2/windows'
make[2]: Entering directory `/home/chuan/Desktop/magic-8.2/wiring'
make[2]: Nothing to be done for `module'.
make[2]: Leaving directory `/home/chuan/Desktop/magic-8.2/wiring'
make[2]: Entering directory `/home/chuan/Desktop/magic-8.2/ext2sim'
make[2]: Nothing to be done for `module'.
make[2]: Leaving directory `/home/chuan/Desktop/magic-8.2/ext2sim'
make[2]: Entering directory `/home/chuan/Desktop/magic-8.2/ext2spice'
make[2]: Nothing to be done for `module'.
make[2]: Leaving directory `/home/chuan/Desktop/magic-8.2/ext2spice'
make[2]: Entering directory `/home/chuan/Desktop/magic-8.2/calma'
make[2]: Nothing to be done for `module'.
make[2]: Leaving directory `/home/chuan/Desktop/magic-8.2/calma'
make[2]: Entering directory `/home/chuan/Desktop/magic-8.2/cif'
make[2]: Nothing to be done for `module'.
make[2]: Leaving directory `/home/chuan/Desktop/magic-8.2/cif'
make[2]: Entering directory `/home/chuan/Desktop/magic-8.2/plot'
make[2]: Nothing to be done for `module'.
make[2]: Leaving directory `/home/chuan/Desktop/magic-8.2/plot'
make[2]: Entering directory `/home/chuan/Desktop/magic-8.2/lef'
make[2]: Nothing to be done for `module'.
make[2]: Leaving directory `/home/chuan/Desktop/magic-8.2/lef'
make[2]: Entering directory `/home/chuan/Desktop/magic-8.2/garouter'
make[2]: Nothing to be done for `module'.
make[2]: Leaving directory `/home/chuan/Desktop/magic-8.2/garouter'
make[2]: Entering directory `/home/chuan/Desktop/magic-8.2/grouter'
make[2]: Nothing to be done for `module'.
make[2]: Leaving directory `/home/chuan/Desktop/magic-8.2/grouter'
make[2]: Entering directory `/home/chuan/Desktop/magic-8.2/irouter'
make[2]: Nothing to be done for `module'.
make[2]: Leaving directory `/home/chuan/Desktop/magic-8.2/irouter'
make[2]: Entering directory `/home/chuan/Desktop/magic-8.2/mzrouter'
make[2]: Nothing to be done for `module'.
make[2]: Leaving directory `/home/chuan/Desktop/magic-8.2/mzrouter'
make[2]: Entering directory `/home/chuan/Desktop/magic-8.2/router'
make[2]: Nothing to be done for `module'.
make[2]: Leaving directory `/home/chuan/Desktop/magic-8.2/router'
make[2]: Entering directory `/home/chuan/Desktop/magic-8.2/gcr'
make[2]: Nothing to be done for `module'.
make[2]: Leaving directory `/home/chuan/Desktop/magic-8.2/gcr'
make[2]: Entering directory `/home/chuan/Desktop/magic-8.2/tcltk'
make[2]: Nothing to be done for `module'.
make[2]: Leaving directory `/home/chuan/Desktop/magic-8.2/tcltk'
make[2]: Entering directory `/home/chuan/Desktop/magic-8.2/magic'
make[2]: Nothing to be done for `module'.
make[2]: Leaving directory `/home/chuan/Desktop/magic-8.2/magic'
make[2]: Entering directory `/home/chuan/Desktop/magic-8.2/net2ir'
make[2]: Nothing to be done for `module'.
make[2]: Leaving directory `/home/chuan/Desktop/magic-8.2/net2ir'
make[2]: Entering directory `/home/chuan/Desktop/magic-8.2/tcltk'
make[2]: Nothing to be done for `module'.
make[2]: Leaving directory `/home/chuan/Desktop/magic-8.2/tcltk'
--- making Tcl shared libraries
for dir in magic net2ir tcltk; do \
		(cd $dir && make tcl-main); done
make[2]: Entering directory `/home/chuan/Desktop/magic-8.2/magic'
--- making magic Tcl library (tclmagic.so)
rm -f tclmagic.so
gcc -g -m64 -fPIC -Wimplicit-int -fPIC  -I/usr/include/tcl8.6/tk-private/generic -I/usr/include/tcl8.6 -I. -I..  -o tclmagic.so  -shared -Wl,-soname,tclmagic.so -Wl,--version-script=../magic/symbol.map  \
		../cmwind/libcmwind.o ../commands/libcommands.o ../database/libdatabase.o ../dbwind/libdbwind.o ../drc/libdrc.o ../debug/libdebug.o ../extract/libextract.o ../graphics/libgraphics.o ../select/libselect.o ../textio/libtextio.o ../tiles/libtiles.o ../windows/libwindows.o ../wiring/libwiring.o ../resis/libresis.o ../sim/libsim.o ../netmenu/libnetmenu.o ../plow/libplow.o ../utils/libutils.o ../ext2sim/libext2sim.o ../ext2spice/libext2spice.o ../calma/libcalma.o ../cif/libcif.o ../plot/libplot.o ../lef/liblef.o ../extflat/libextflat.o ../garouter/libgarouter.o 	../mzrouter/libmzrouter.o ../router/librouter.o 	../irouter/libirouter.o ../grouter/libgrouter.o 	../gcr/libgcr.o ../tcltk/libtcltk.o -lc -lX11 -lcairo -lfontconfig -lfreetype    -lm   
make[2]: Leaving directory `/home/chuan/Desktop/magic-8.2/magic'
make[2]: Entering directory `/home/chuan/Desktop/magic-8.2/net2ir'
echo "Nothing to do here"
Nothing to do here
make[2]: Leaving directory `/home/chuan/Desktop/magic-8.2/net2ir'
make[2]: Entering directory `/home/chuan/Desktop/magic-8.2/tcltk'
make[2]: Nothing to be done for `tcl-main'.
make[2]: Leaving directory `/home/chuan/Desktop/magic-8.2/tcltk'
make[1]: Leaving directory `/home/chuan/Desktop/magic-8.2'
make[1]: Entering directory `/home/chuan/Desktop/magic-8.2'
--- making modules
for dir in cmwind commands database dbwind debug drc extflat extract graphics netmenu plow resis select sim textio tiles utils windows wiring ext2sim ext2spice calma cif plot lef garouter grouter irouter mzrouter router gcr tcltk magic net2ir tcltk; do \
		(cd $dir && make module); done
make[2]: Entering directory `/home/chuan/Desktop/magic-8.2/cmwind'
make[2]: Nothing to be done for `module'.
make[2]: Leaving directory `/home/chuan/Desktop/magic-8.2/cmwind'
make[2]: Entering directory `/home/chuan/Desktop/magic-8.2/commands'
make[2]: Nothing to be done for `module'.
make[2]: Leaving directory `/home/chuan/Desktop/magic-8.2/commands'
make[2]: Entering directory `/home/chuan/Desktop/magic-8.2/database'
make[2]: Nothing to be done for `module'.
make[2]: Leaving directory `/home/chuan/Desktop/magic-8.2/database'
make[2]: Entering directory `/home/chuan/Desktop/magic-8.2/dbwind'
make[2]: Nothing to be done for `module'.
make[2]: Leaving directory `/home/chuan/Desktop/magic-8.2/dbwind'
make[2]: Entering directory `/home/chuan/Desktop/magic-8.2/debug'
make[2]: Nothing to be done for `module'.
make[2]: Leaving directory `/home/chuan/Desktop/magic-8.2/debug'
make[2]: Entering directory `/home/chuan/Desktop/magic-8.2/drc'
make[2]: Nothing to be done for `module'.
make[2]: Leaving directory `/home/chuan/Desktop/magic-8.2/drc'
make[2]: Entering directory `/home/chuan/Desktop/magic-8.2/extflat'
make[2]: Nothing to be done for `module'.
make[2]: Leaving directory `/home/chuan/Desktop/magic-8.2/extflat'
make[2]: Entering directory `/home/chuan/Desktop/magic-8.2/extract'
make[2]: Nothing to be done for `module'.
make[2]: Leaving directory `/home/chuan/Desktop/magic-8.2/extract'
make[2]: Entering directory `/home/chuan/Desktop/magic-8.2/graphics'
--- compiling graphics/grTCairo1.o
rm -f grTCairo1.o
gcc -g -m64 -fPIC -Wimplicit-int -fPIC  -I/usr/include/tcl8.6/tk-private/generic -I/usr/include/tcl8.6  -I. -I..  -DCAD_DIR=\"/home/chuan/Desktop/magic_install/lib\" -DBIN_DIR=\"/home/chuan/Desktop/magic_install/bin\" -DTCL_DIR=\"/home/chuan/Desktop/magic_install/lib/magic/tcl\" -DPACKAGE_NAME=\"\" -DPACKAGE_TARNAME=\"\" -DPACKAGE_VERSION=\"\" -DPACKAGE_STRING=\"\" -DPACKAGE_BUGREPORT=\"\" -DPACKAGE_URL=\"\" -DMAGIC_VERSION=\"8.2\" -DMAGIC_REVISION=\"19\" -DSTDC_HEADERS=1 -DHAVE_SYS_TYPES_H=1 -DHAVE_SYS_STAT_H=1 -DHAVE_STDLIB_H=1 -DHAVE_STRING_H=1 -DHAVE_MEMORY_H=1 -DHAVE_STRINGS_H=1 -DHAVE_INTTYPES_H=1 -DHAVE_STDINT_H=1 -DHAVE_UNISTD_H=1 -DSIZEOF_VOID_P=8 -DSIZEOF_UNSIGNED_INT=4 -DSIZEOF_UNSIGNED_LONG=8 -DSIZEOF_UNSIGNED_LONG_LONG=8 -DSTDC_HEADERS=1 -DHAVE_SETENV=1 -DHAVE_PUTENV=1 -DHAVE_SYS_MMAN_H=1 -DHAVE_DIRENT_H=1 -DHAVE_LIMITS_H=1 -DHAVE_PATHS_H=1 -DHAVE_VA_COPY=1 -DHAVE___VA_COPY=1 -DFILE_LOCKS=1 -DCALMA_MODULE=1 -DCIF_MODULE=1 -DX11_BACKING_STORE=1 -DPLOT_MODULE=1 -DLEF_MODULE=1 -DROUTE_MODULE=1 -DUSE_NEW_MACROS=1 -DVECTOR_FONTS=1 -DHAVE_LIBCAIRO=1 -DMAGIC_WRAPPER=1 -Dlinux=1 -DSYSV=1 -DISC=1 -DNDEBUG -DGCORE=\"/usr/bin/gcore\" -DSHDLIB_EXT=\".so\" -DX11 -DXLIB -DCAIRO -DNDEBUG  -c grTCairo1.c
--- compiling graphics/grTCairo2.o
rm -f grTCairo2.o
gcc -g -m64 -fPIC -Wimplicit-int -fPIC  -I/usr/include/tcl8.6/tk-private/generic -I/usr/include/tcl8.6  -I. -I..  -DCAD_DIR=\"/home/chuan/Desktop/magic_install/lib\" -DBIN_DIR=\"/home/chuan/Desktop/magic_install/bin\" -DTCL_DIR=\"/home/chuan/Desktop/magic_install/lib/magic/tcl\" -DPACKAGE_NAME=\"\" -DPACKAGE_TARNAME=\"\" -DPACKAGE_VERSION=\"\" -DPACKAGE_STRING=\"\" -DPACKAGE_BUGREPORT=\"\" -DPACKAGE_URL=\"\" -DMAGIC_VERSION=\"8.2\" -DMAGIC_REVISION=\"19\" -DSTDC_HEADERS=1 -DHAVE_SYS_TYPES_H=1 -DHAVE_SYS_STAT_H=1 -DHAVE_STDLIB_H=1 -DHAVE_STRING_H=1 -DHAVE_MEMORY_H=1 -DHAVE_STRINGS_H=1 -DHAVE_INTTYPES_H=1 -DHAVE_STDINT_H=1 -DHAVE_UNISTD_H=1 -DSIZEOF_VOID_P=8 -DSIZEOF_UNSIGNED_INT=4 -DSIZEOF_UNSIGNED_LONG=8 -DSIZEOF_UNSIGNED_LONG_LONG=8 -DSTDC_HEADERS=1 -DHAVE_SETENV=1 -DHAVE_PUTENV=1 -DHAVE_SYS_MMAN_H=1 -DHAVE_DIRENT_H=1 -DHAVE_LIMITS_H=1 -DHAVE_PATHS_H=1 -DHAVE_VA_COPY=1 -DHAVE___VA_COPY=1 -DFILE_LOCKS=1 -DCALMA_MODULE=1 -DCIF_MODULE=1 -DX11_BACKING_STORE=1 -DPLOT_MODULE=1 -DLEF_MODULE=1 -DROUTE_MODULE=1 -DUSE_NEW_MACROS=1 -DVECTOR_FONTS=1 -DHAVE_LIBCAIRO=1 -DMAGIC_WRAPPER=1 -Dlinux=1 -DSYSV=1 -DISC=1 -DNDEBUG -DGCORE=\"/usr/bin/gcore\" -DSHDLIB_EXT=\".so\" -DX11 -DXLIB -DCAIRO -DNDEBUG  -c grTCairo2.c
--- linking libgraphics.o
rm -f libgraphics.o
ld -r grMain.o grLock.o grDStyle.o grText.o grCMap.o grClip.o grGlyphs.o grNull.o W3Dmain.o grTk1.o grTk2.o grTk3.o grTk4.o grTk5.o grTCairo1.o grTCairo2.o grTCairo3.o grTCairo4.o grTCairo5.o grTkCommon.o -o libgraphics.o 
make[2]: Leaving directory `/home/chuan/Desktop/magic-8.2/graphics'
make[2]: Entering directory `/home/chuan/Desktop/magic-8.2/netmenu'
make[2]: Nothing to be done for `module'.
make[2]: Leaving directory `/home/chuan/Desktop/magic-8.2/netmenu'
make[2]: Entering directory `/home/chuan/Desktop/magic-8.2/plow'
make[2]: Nothing to be done for `module'.
make[2]: Leaving directory `/home/chuan/Desktop/magic-8.2/plow'
make[2]: Entering directory `/home/chuan/Desktop/magic-8.2/resis'
make[2]: Nothing to be done for `module'.
make[2]: Leaving directory `/home/chuan/Desktop/magic-8.2/resis'
make[2]: Entering directory `/home/chuan/Desktop/magic-8.2/select'
make[2]: Nothing to be done for `module'.
make[2]: Leaving directory `/home/chuan/Desktop/magic-8.2/select'
make[2]: Entering directory `/home/chuan/Desktop/magic-8.2/sim'
make[2]: Nothing to be done for `module'.
make[2]: Leaving directory `/home/chuan/Desktop/magic-8.2/sim'
make[2]: Entering directory `/home/chuan/Desktop/magic-8.2/textio'
make[2]: Nothing to be done for `module'.
make[2]: Leaving directory `/home/chuan/Desktop/magic-8.2/textio'
make[2]: Entering directory `/home/chuan/Desktop/magic-8.2/tiles'
make[2]: Nothing to be done for `module'.
make[2]: Leaving directory `/home/chuan/Desktop/magic-8.2/tiles'
make[2]: Entering directory `/home/chuan/Desktop/magic-8.2/utils'
make[2]: Nothing to be done for `module'.
make[2]: Leaving directory `/home/chuan/Desktop/magic-8.2/utils'
make[2]: Entering directory `/home/chuan/Desktop/magic-8.2/windows'
make[2]: Nothing to be done for `module'.
make[2]: Leaving directory `/home/chuan/Desktop/magic-8.2/windows'
make[2]: Entering directory `/home/chuan/Desktop/magic-8.2/wiring'
make[2]: Nothing to be done for `module'.
make[2]: Leaving directory `/home/chuan/Desktop/magic-8.2/wiring'
make[2]: Entering directory `/home/chuan/Desktop/magic-8.2/ext2sim'
make[2]: Nothing to be done for `module'.
make[2]: Leaving directory `/home/chuan/Desktop/magic-8.2/ext2sim'
make[2]: Entering directory `/home/chuan/Desktop/magic-8.2/ext2spice'
make[2]: Nothing to be done for `module'.
make[2]: Leaving directory `/home/chuan/Desktop/magic-8.2/ext2spice'
make[2]: Entering directory `/home/chuan/Desktop/magic-8.2/calma'
make[2]: Nothing to be done for `module'.
make[2]: Leaving directory `/home/chuan/Desktop/magic-8.2/calma'
make[2]: Entering directory `/home/chuan/Desktop/magic-8.2/cif'
make[2]: Nothing to be done for `module'.
make[2]: Leaving directory `/home/chuan/Desktop/magic-8.2/cif'
make[2]: Entering directory `/home/chuan/Desktop/magic-8.2/plot'
make[2]: Nothing to be done for `module'.
make[2]: Leaving directory `/home/chuan/Desktop/magic-8.2/plot'
make[2]: Entering directory `/home/chuan/Desktop/magic-8.2/lef'
make[2]: Nothing to be done for `module'.
make[2]: Leaving directory `/home/chuan/Desktop/magic-8.2/lef'
make[2]: Entering directory `/home/chuan/Desktop/magic-8.2/garouter'
make[2]: Nothing to be done for `module'.
make[2]: Leaving directory `/home/chuan/Desktop/magic-8.2/garouter'
make[2]: Entering directory `/home/chuan/Desktop/magic-8.2/grouter'
make[2]: Nothing to be done for `module'.
make[2]: Leaving directory `/home/chuan/Desktop/magic-8.2/grouter'
make[2]: Entering directory `/home/chuan/Desktop/magic-8.2/irouter'
make[2]: Nothing to be done for `module'.
make[2]: Leaving directory `/home/chuan/Desktop/magic-8.2/irouter'
make[2]: Entering directory `/home/chuan/Desktop/magic-8.2/mzrouter'
make[2]: Nothing to be done for `module'.
make[2]: Leaving directory `/home/chuan/Desktop/magic-8.2/mzrouter'
make[2]: Entering directory `/home/chuan/Desktop/magic-8.2/router'
make[2]: Nothing to be done for `module'.
make[2]: Leaving directory `/home/chuan/Desktop/magic-8.2/router'
make[2]: Entering directory `/home/chuan/Desktop/magic-8.2/gcr'
make[2]: Nothing to be done for `module'.
make[2]: Leaving directory `/home/chuan/Desktop/magic-8.2/gcr'
make[2]: Entering directory `/home/chuan/Desktop/magic-8.2/tcltk'
make[2]: Nothing to be done for `module'.
make[2]: Leaving directory `/home/chuan/Desktop/magic-8.2/tcltk'
make[2]: Entering directory `/home/chuan/Desktop/magic-8.2/magic'
make[2]: Nothing to be done for `module'.
make[2]: Leaving directory `/home/chuan/Desktop/magic-8.2/magic'
make[2]: Entering directory `/home/chuan/Desktop/magic-8.2/net2ir'
make[2]: Nothing to be done for `module'.
make[2]: Leaving directory `/home/chuan/Desktop/magic-8.2/net2ir'
make[2]: Entering directory `/home/chuan/Desktop/magic-8.2/tcltk'
make[2]: Nothing to be done for `module'.
make[2]: Leaving directory `/home/chuan/Desktop/magic-8.2/tcltk'
--- making Tcl shared libraries
for dir in magic net2ir tcltk; do \
		(cd $dir && make tcl-main); done
make[2]: Entering directory `/home/chuan/Desktop/magic-8.2/magic'
--- making magic Tcl library (tclmagic.so)
rm -f tclmagic.so
gcc -g -m64 -fPIC -Wimplicit-int -fPIC  -I/usr/include/tcl8.6/tk-private/generic -I/usr/include/tcl8.6 -I. -I..  -o tclmagic.so  -shared -Wl,-soname,tclmagic.so -Wl,--version-script=../magic/symbol.map  \
		../cmwind/libcmwind.o ../commands/libcommands.o ../database/libdatabase.o ../dbwind/libdbwind.o ../drc/libdrc.o ../debug/libdebug.o ../extract/libextract.o ../graphics/libgraphics.o ../select/libselect.o ../textio/libtextio.o ../tiles/libtiles.o ../windows/libwindows.o ../wiring/libwiring.o ../resis/libresis.o ../sim/libsim.o ../netmenu/libnetmenu.o ../plow/libplow.o ../utils/libutils.o ../ext2sim/libext2sim.o ../ext2spice/libext2spice.o ../calma/libcalma.o ../cif/libcif.o ../plot/libplot.o ../lef/liblef.o ../extflat/libextflat.o ../garouter/libgarouter.o 	../mzrouter/libmzrouter.o ../router/librouter.o 	../irouter/libirouter.o ../grouter/libgrouter.o 	../gcr/libgcr.o ../tcltk/libtcltk.o -lc -lX11 -lcairo -lfontconfig -lfreetype    -lm   
make[2]: Leaving directory `/home/chuan/Desktop/magic-8.2/magic'
make[2]: Entering directory `/home/chuan/Desktop/magic-8.2/net2ir'
echo "Nothing to do here"
Nothing to do here
make[2]: Leaving directory `/home/chuan/Desktop/magic-8.2/net2ir'
make[2]: Entering directory `/home/chuan/Desktop/magic-8.2/tcltk'
make[2]: Nothing to be done for `tcl-main'.
make[2]: Leaving directory `/home/chuan/Desktop/magic-8.2/tcltk'
make[1]: Leaving directory `/home/chuan/Desktop/magic-8.2'
make[1]: Entering directory `/home/chuan/Desktop/magic-8.2'
--- making modules
for dir in cmwind commands database dbwind debug drc extflat extract graphics netmenu plow resis select sim textio tiles utils windows wiring ext2sim ext2spice calma cif plot lef garouter grouter irouter mzrouter router gcr tcltk magic net2ir tcltk; do \
		(cd $dir && make module); done
make[2]: Entering directory `/home/chuan/Desktop/magic-8.2/cmwind'
make[2]: Nothing to be done for `module'.
make[2]: Leaving directory `/home/chuan/Desktop/magic-8.2/cmwind'
make[2]: Entering directory `/home/chuan/Desktop/magic-8.2/commands'
make[2]: Nothing to be done for `module'.
make[2]: Leaving directory `/home/chuan/Desktop/magic-8.2/commands'
make[2]: Entering directory `/home/chuan/Desktop/magic-8.2/database'
make[2]: Nothing to be done for `module'.
make[2]: Leaving directory `/home/chuan/Desktop/magic-8.2/database'
make[2]: Entering directory `/home/chuan/Desktop/magic-8.2/dbwind'
make[2]: Nothing to be done for `module'.
make[2]: Leaving directory `/home/chuan/Desktop/magic-8.2/dbwind'
make[2]: Entering directory `/home/chuan/Desktop/magic-8.2/debug'
make[2]: Nothing to be done for `module'.
make[2]: Leaving directory `/home/chuan/Desktop/magic-8.2/debug'
make[2]: Entering directory `/home/chuan/Desktop/magic-8.2/drc'
make[2]: Nothing to be done for `module'.
make[2]: Leaving directory `/home/chuan/Desktop/magic-8.2/drc'
make[2]: Entering directory `/home/chuan/Desktop/magic-8.2/extflat'
make[2]: Nothing to be done for `module'.
make[2]: Leaving directory `/home/chuan/Desktop/magic-8.2/extflat'
make[2]: Entering directory `/home/chuan/Desktop/magic-8.2/extract'
make[2]: Nothing to be done for `module'.
make[2]: Leaving directory `/home/chuan/Desktop/magic-8.2/extract'
make[2]: Entering directory `/home/chuan/Desktop/magic-8.2/graphics'
--- compiling graphics/grTCairo1.o
rm -f grTCairo1.o
gcc -g -m64 -fPIC -Wimplicit-int -fPIC  -I/usr/include/tcl8.6/tk-private/generic -I/usr/include/tcl8.6  -I. -I..  -DCAD_DIR=\"/home/chuan/Desktop/magic_install/lib\" -DBIN_DIR=\"/home/chuan/Desktop/magic_install/bin\" -DTCL_DIR=\"/home/chuan/Desktop/magic_install/lib/magic/tcl\" -DPACKAGE_NAME=\"\" -DPACKAGE_TARNAME=\"\" -DPACKAGE_VERSION=\"\" -DPACKAGE_STRING=\"\" -DPACKAGE_BUGREPORT=\"\" -DPACKAGE_URL=\"\" -DMAGIC_VERSION=\"8.2\" -DMAGIC_REVISION=\"19\" -DSTDC_HEADERS=1 -DHAVE_SYS_TYPES_H=1 -DHAVE_SYS_STAT_H=1 -DHAVE_STDLIB_H=1 -DHAVE_STRING_H=1 -DHAVE_MEMORY_H=1 -DHAVE_STRINGS_H=1 -DHAVE_INTTYPES_H=1 -DHAVE_STDINT_H=1 -DHAVE_UNISTD_H=1 -DSIZEOF_VOID_P=8 -DSIZEOF_UNSIGNED_INT=4 -DSIZEOF_UNSIGNED_LONG=8 -DSIZEOF_UNSIGNED_LONG_LONG=8 -DSTDC_HEADERS=1 -DHAVE_SETENV=1 -DHAVE_PUTENV=1 -DHAVE_SYS_MMAN_H=1 -DHAVE_DIRENT_H=1 -DHAVE_LIMITS_H=1 -DHAVE_PATHS_H=1 -DHAVE_VA_COPY=1 -DHAVE___VA_COPY=1 -DFILE_LOCKS=1 -DCALMA_MODULE=1 -DCIF_MODULE=1 -DX11_BACKING_STORE=1 -DPLOT_MODULE=1 -DLEF_MODULE=1 -DROUTE_MODULE=1 -DUSE_NEW_MACROS=1 -DVECTOR_FONTS=1 -DHAVE_LIBCAIRO=1 -DMAGIC_WRAPPER=1 -Dlinux=1 -DSYSV=1 -DISC=1 -DNDEBUG -DGCORE=\"/usr/bin/gcore\" -DSHDLIB_EXT=\".so\" -DX11 -DXLIB -DCAIRO -DNDEBUG  -c grTCairo1.c
--- compiling graphics/grTCairo2.o
rm -f grTCairo2.o
gcc -g -m64 -fPIC -Wimplicit-int -fPIC  -I/usr/include/tcl8.6/tk-private/generic -I/usr/include/tcl8.6  -I. -I..  -DCAD_DIR=\"/home/chuan/Desktop/magic_install/lib\" -DBIN_DIR=\"/home/chuan/Desktop/magic_install/bin\" -DTCL_DIR=\"/home/chuan/Desktop/magic_install/lib/magic/tcl\" -DPACKAGE_NAME=\"\" -DPACKAGE_TARNAME=\"\" -DPACKAGE_VERSION=\"\" -DPACKAGE_STRING=\"\" -DPACKAGE_BUGREPORT=\"\" -DPACKAGE_URL=\"\" -DMAGIC_VERSION=\"8.2\" -DMAGIC_REVISION=\"19\" -DSTDC_HEADERS=1 -DHAVE_SYS_TYPES_H=1 -DHAVE_SYS_STAT_H=1 -DHAVE_STDLIB_H=1 -DHAVE_STRING_H=1 -DHAVE_MEMORY_H=1 -DHAVE_STRINGS_H=1 -DHAVE_INTTYPES_H=1 -DHAVE_STDINT_H=1 -DHAVE_UNISTD_H=1 -DSIZEOF_VOID_P=8 -DSIZEOF_UNSIGNED_INT=4 -DSIZEOF_UNSIGNED_LONG=8 -DSIZEOF_UNSIGNED_LONG_LONG=8 -DSTDC_HEADERS=1 -DHAVE_SETENV=1 -DHAVE_PUTENV=1 -DHAVE_SYS_MMAN_H=1 -DHAVE_DIRENT_H=1 -DHAVE_LIMITS_H=1 -DHAVE_PATHS_H=1 -DHAVE_VA_COPY=1 -DHAVE___VA_COPY=1 -DFILE_LOCKS=1 -DCALMA_MODULE=1 -DCIF_MODULE=1 -DX11_BACKING_STORE=1 -DPLOT_MODULE=1 -DLEF_MODULE=1 -DROUTE_MODULE=1 -DUSE_NEW_MACROS=1 -DVECTOR_FONTS=1 -DHAVE_LIBCAIRO=1 -DMAGIC_WRAPPER=1 -Dlinux=1 -DSYSV=1 -DISC=1 -DNDEBUG -DGCORE=\"/usr/bin/gcore\" -DSHDLIB_EXT=\".so\" -DX11 -DXLIB -DCAIRO -DNDEBUG  -c grTCairo2.c
--- linking libgraphics.o
rm -f libgraphics.o
ld -r grMain.o grLock.o grDStyle.o grText.o grCMap.o grClip.o grGlyphs.o grNull.o W3Dmain.o grTk1.o grTk2.o grTk3.o grTk4.o grTk5.o grTCairo1.o grTCairo2.o grTCairo3.o grTCairo4.o grTCairo5.o grTkCommon.o -o libgraphics.o 
make[2]: Leaving directory `/home/chuan/Desktop/magic-8.2/graphics'
make[2]: Entering directory `/home/chuan/Desktop/magic-8.2/netmenu'
make[2]: Nothing to be done for `module'.
make[2]: Leaving directory `/home/chuan/Desktop/magic-8.2/netmenu'
make[2]: Entering directory `/home/chuan/Desktop/magic-8.2/plow'
make[2]: Nothing to be done for `module'.
make[2]: Leaving directory `/home/chuan/Desktop/magic-8.2/plow'
make[2]: Entering directory `/home/chuan/Desktop/magic-8.2/resis'
make[2]: Nothing to be done for `module'.
make[2]: Leaving directory `/home/chuan/Desktop/magic-8.2/resis'
make[2]: Entering directory `/home/chuan/Desktop/magic-8.2/select'
make[2]: Nothing to be done for `module'.
make[2]: Leaving directory `/home/chuan/Desktop/magic-8.2/select'
make[2]: Entering directory `/home/chuan/Desktop/magic-8.2/sim'
make[2]: Nothing to be done for `module'.
make[2]: Leaving directory `/home/chuan/Desktop/magic-8.2/sim'
make[2]: Entering directory `/home/chuan/Desktop/magic-8.2/textio'
make[2]: Nothing to be done for `module'.
make[2]: Leaving directory `/home/chuan/Desktop/magic-8.2/textio'
make[2]: Entering directory `/home/chuan/Desktop/magic-8.2/tiles'
make[2]: Nothing to be done for `module'.
make[2]: Leaving directory `/home/chuan/Desktop/magic-8.2/tiles'
make[2]: Entering directory `/home/chuan/Desktop/magic-8.2/utils'
make[2]: Nothing to be done for `module'.
make[2]: Leaving directory `/home/chuan/Desktop/magic-8.2/utils'
make[2]: Entering directory `/home/chuan/Desktop/magic-8.2/windows'
make[2]: Nothing to be done for `module'.
make[2]: Leaving directory `/home/chuan/Desktop/magic-8.2/windows'
make[2]: Entering directory `/home/chuan/Desktop/magic-8.2/wiring'
make[2]: Nothing to be done for `module'.
make[2]: Leaving directory `/home/chuan/Desktop/magic-8.2/wiring'
make[2]: Entering directory `/home/chuan/Desktop/magic-8.2/ext2sim'
make[2]: Nothing to be done for `module'.
make[2]: Leaving directory `/home/chuan/Desktop/magic-8.2/ext2sim'
make[2]: Entering directory `/home/chuan/Desktop/magic-8.2/ext2spice'
make[2]: Nothing to be done for `module'.
make[2]: Leaving directory `/home/chuan/Desktop/magic-8.2/ext2spice'
make[2]: Entering directory `/home/chuan/Desktop/magic-8.2/calma'
make[2]: Nothing to be done for `module'.
make[2]: Leaving directory `/home/chuan/Desktop/magic-8.2/calma'
make[2]: Entering directory `/home/chuan/Desktop/magic-8.2/cif'
make[2]: Nothing to be done for `module'.
make[2]: Leaving directory `/home/chuan/Desktop/magic-8.2/cif'
make[2]: Entering directory `/home/chuan/Desktop/magic-8.2/plot'
make[2]: Nothing to be done for `module'.
make[2]: Leaving directory `/home/chuan/Desktop/magic-8.2/plot'
make[2]: Entering directory `/home/chuan/Desktop/magic-8.2/lef'
make[2]: Nothing to be done for `module'.
make[2]: Leaving directory `/home/chuan/Desktop/magic-8.2/lef'
make[2]: Entering directory `/home/chuan/Desktop/magic-8.2/garouter'
make[2]: Nothing to be done for `module'.
make[2]: Leaving directory `/home/chuan/Desktop/magic-8.2/garouter'
make[2]: Entering directory `/home/chuan/Desktop/magic-8.2/grouter'
make[2]: Nothing to be done for `module'.
make[2]: Leaving directory `/home/chuan/Desktop/magic-8.2/grouter'
make[2]: Entering directory `/home/chuan/Desktop/magic-8.2/irouter'
make[2]: Nothing to be done for `module'.
make[2]: Leaving directory `/home/chuan/Desktop/magic-8.2/irouter'
make[2]: Entering directory `/home/chuan/Desktop/magic-8.2/mzrouter'
make[2]: Nothing to be done for `module'.
make[2]: Leaving directory `/home/chuan/Desktop/magic-8.2/mzrouter'
make[2]: Entering directory `/home/chuan/Desktop/magic-8.2/router'
make[2]: Nothing to be done for `module'.
make[2]: Leaving directory `/home/chuan/Desktop/magic-8.2/router'
make[2]: Entering directory `/home/chuan/Desktop/magic-8.2/gcr'
make[2]: Nothing to be done for `module'.
make[2]: Leaving directory `/home/chuan/Desktop/magic-8.2/gcr'
make[2]: Entering directory `/home/chuan/Desktop/magic-8.2/tcltk'
make[2]: Nothing to be done for `module'.
make[2]: Leaving directory `/home/chuan/Desktop/magic-8.2/tcltk'
make[2]: Entering directory `/home/chuan/Desktop/magic-8.2/magic'
make[2]: Nothing to be done for `module'.
make[2]: Leaving directory `/home/chuan/Desktop/magic-8.2/magic'
make[2]: Entering directory `/home/chuan/Desktop/magic-8.2/net2ir'
make[2]: Nothing to be done for `module'.
make[2]: Leaving directory `/home/chuan/Desktop/magic-8.2/net2ir'
make[2]: Entering directory `/home/chuan/Desktop/magic-8.2/tcltk'
make[2]: Nothing to be done for `module'.
make[2]: Leaving directory `/home/chuan/Desktop/magic-8.2/tcltk'
--- making Tcl shared libraries
for dir in magic net2ir tcltk; do \
		(cd $dir && make tcl-main); done
make[2]: Entering directory `/home/chuan/Desktop/magic-8.2/magic'
--- making magic Tcl library (tclmagic.so)
rm -f tclmagic.so
gcc -g -m64 -fPIC -Wimplicit-int -fPIC  -I/usr/include/tcl8.6/tk-private/generic -I/usr/include/tcl8.6 -I. -I..  -o tclmagic.so  -shared -Wl,-soname,tclmagic.so -Wl,--version-script=../magic/symbol.map  \
		../cmwind/libcmwind.o ../commands/libcommands.o ../database/libdatabase.o ../dbwind/libdbwind.o ../drc/libdrc.o ../debug/libdebug.o ../extract/libextract.o ../graphics/libgraphics.o ../select/libselect.o ../textio/libtextio.o ../tiles/libtiles.o ../windows/libwindows.o ../wiring/libwiring.o ../resis/libresis.o ../sim/libsim.o ../netmenu/libnetmenu.o ../plow/libplow.o ../utils/libutils.o ../ext2sim/libext2sim.o ../ext2spice/libext2spice.o ../calma/libcalma.o ../cif/libcif.o ../plot/libplot.o ../lef/liblef.o ../extflat/libextflat.o ../garouter/libgarouter.o 	../mzrouter/libmzrouter.o ../router/librouter.o 	../irouter/libirouter.o ../grouter/libgrouter.o 	../gcr/libgcr.o ../tcltk/libtcltk.o -lc -lX11 -lcairo -lfontconfig -lfreetype    -lm   
make[2]: Leaving directory `/home/chuan/Desktop/magic-8.2/magic'
make[2]: Entering directory `/home/chuan/Desktop/magic-8.2/net2ir'
echo "Nothing to do here"
Nothing to do here
make[2]: Leaving directory `/home/chuan/Desktop/magic-8.2/net2ir'
make[2]: Entering directory `/home/chuan/Desktop/magic-8.2/tcltk'
make[2]: Nothing to be done for `tcl-main'.
make[2]: Leaving directory `/home/chuan/Desktop/magic-8.2/tcltk'
make[1]: Leaving directory `/home/chuan/Desktop/magic-8.2'
make[1]: Entering directory `/home/chuan/Desktop/magic-8.2'
--- making modules
for dir in cmwind commands database dbwind debug drc extflat extract graphics netmenu plow resis select sim textio tiles utils windows wiring ext2sim ext2spice calma cif plot lef garouter grouter irouter mzrouter router gcr tcltk magic net2ir tcltk; do \
		(cd $dir && make module); done
make[2]: Entering directory `/home/chuan/Desktop/magic-8.2/cmwind'
make[2]: Nothing to be done for `module'.
make[2]: Leaving directory `/home/chuan/Desktop/magic-8.2/cmwind'
make[2]: Entering directory `/home/chuan/Desktop/magic-8.2/commands'
make[2]: Nothing to be done for `module'.
make[2]: Leaving directory `/home/chuan/Desktop/magic-8.2/commands'
make[2]: Entering directory `/home/chuan/Desktop/magic-8.2/database'
make[2]: Nothing to be done for `module'.
make[2]: Leaving directory `/home/chuan/Desktop/magic-8.2/database'
make[2]: Entering directory `/home/chuan/Desktop/magic-8.2/dbwind'
make[2]: Nothing to be done for `module'.
make[2]: Leaving directory `/home/chuan/Desktop/magic-8.2/dbwind'
make[2]: Entering directory `/home/chuan/Desktop/magic-8.2/debug'
make[2]: Nothing to be done for `module'.
make[2]: Leaving directory `/home/chuan/Desktop/magic-8.2/debug'
make[2]: Entering directory `/home/chuan/Desktop/magic-8.2/drc'
make[2]: Nothing to be done for `module'.
make[2]: Leaving directory `/home/chuan/Desktop/magic-8.2/drc'
make[2]: Entering directory `/home/chuan/Desktop/magic-8.2/extflat'
make[2]: Nothing to be done for `module'.
make[2]: Leaving directory `/home/chuan/Desktop/magic-8.2/extflat'
make[2]: Entering directory `/home/chuan/Desktop/magic-8.2/extract'
make[2]: Nothing to be done for `module'.
make[2]: Leaving directory `/home/chuan/Desktop/magic-8.2/extract'
make[2]: Entering directory `/home/chuan/Desktop/magic-8.2/graphics'
--- compiling graphics/grTCairo2.o
rm -f grTCairo2.o
gcc -g -m64 -fPIC -Wimplicit-int -fPIC  -I/usr/include/tcl8.6/tk-private/generic -I/usr/include/tcl8.6  -I. -I..  -DCAD_DIR=\"/home/chuan/Desktop/magic_install/lib\" -DBIN_DIR=\"/home/chuan/Desktop/magic_install/bin\" -DTCL_DIR=\"/home/chuan/Desktop/magic_install/lib/magic/tcl\" -DPACKAGE_NAME=\"\" -DPACKAGE_TARNAME=\"\" -DPACKAGE_VERSION=\"\" -DPACKAGE_STRING=\"\" -DPACKAGE_BUGREPORT=\"\" -DPACKAGE_URL=\"\" -DMAGIC_VERSION=\"8.2\" -DMAGIC_REVISION=\"19\" -DSTDC_HEADERS=1 -DHAVE_SYS_TYPES_H=1 -DHAVE_SYS_STAT_H=1 -DHAVE_STDLIB_H=1 -DHAVE_STRING_H=1 -DHAVE_MEMORY_H=1 -DHAVE_STRINGS_H=1 -DHAVE_INTTYPES_H=1 -DHAVE_STDINT_H=1 -DHAVE_UNISTD_H=1 -DSIZEOF_VOID_P=8 -DSIZEOF_UNSIGNED_INT=4 -DSIZEOF_UNSIGNED_LONG=8 -DSIZEOF_UNSIGNED_LONG_LONG=8 -DSTDC_HEADERS=1 -DHAVE_SETENV=1 -DHAVE_PUTENV=1 -DHAVE_SYS_MMAN_H=1 -DHAVE_DIRENT_H=1 -DHAVE_LIMITS_H=1 -DHAVE_PATHS_H=1 -DHAVE_VA_COPY=1 -DHAVE___VA_COPY=1 -DFILE_LOCKS=1 -DCALMA_MODULE=1 -DCIF_MODULE=1 -DX11_BACKING_STORE=1 -DPLOT_MODULE=1 -DLEF_MODULE=1 -DROUTE_MODULE=1 -DUSE_NEW_MACROS=1 -DVECTOR_FONTS=1 -DHAVE_LIBCAIRO=1 -DMAGIC_WRAPPER=1 -Dlinux=1 -DSYSV=1 -DISC=1 -DNDEBUG -DGCORE=\"/usr/bin/gcore\" -DSHDLIB_EXT=\".so\" -DX11 -DXLIB -DCAIRO -DNDEBUG  -c grTCairo2.c
--- linking libgraphics.o
rm -f libgraphics.o
ld -r grMain.o grLock.o grDStyle.o grText.o grCMap.o grClip.o grGlyphs.o grNull.o W3Dmain.o grTk1.o grTk2.o grTk3.o grTk4.o grTk5.o grTCairo1.o grTCairo2.o grTCairo3.o grTCairo4.o grTCairo5.o grTkCommon.o -o libgraphics.o 
make[2]: Leaving directory `/home/chuan/Desktop/magic-8.2/graphics'
make[2]: Entering directory `/home/chuan/Desktop/magic-8.2/netmenu'
make[2]: Nothing to be done for `module'.
make[2]: Leaving directory `/home/chuan/Desktop/magic-8.2/netmenu'
make[2]: Entering directory `/home/chuan/Desktop/magic-8.2/plow'
make[2]: Nothing to be done for `module'.
make[2]: Leaving directory `/home/chuan/Desktop/magic-8.2/plow'
make[2]: Entering directory `/home/chuan/Desktop/magic-8.2/resis'
make[2]: Nothing to be done for `module'.
make[2]: Leaving directory `/home/chuan/Desktop/magic-8.2/resis'
make[2]: Entering directory `/home/chuan/Desktop/magic-8.2/select'
make[2]: Nothing to be done for `module'.
make[2]: Leaving directory `/home/chuan/Desktop/magic-8.2/select'
make[2]: Entering directory `/home/chuan/Desktop/magic-8.2/sim'
make[2]: Nothing to be done for `module'.
make[2]: Leaving directory `/home/chuan/Desktop/magic-8.2/sim'
make[2]: Entering directory `/home/chuan/Desktop/magic-8.2/textio'
make[2]: Nothing to be done for `module'.
make[2]: Leaving directory `/home/chuan/Desktop/magic-8.2/textio'
make[2]: Entering directory `/home/chuan/Desktop/magic-8.2/tiles'
make[2]: Nothing to be done for `module'.
make[2]: Leaving directory `/home/chuan/Desktop/magic-8.2/tiles'
make[2]: Entering directory `/home/chuan/Desktop/magic-8.2/utils'
make[2]: Nothing to be done for `module'.
make[2]: Leaving directory `/home/chuan/Desktop/magic-8.2/utils'
make[2]: Entering directory `/home/chuan/Desktop/magic-8.2/windows'
make[2]: Nothing to be done for `module'.
make[2]: Leaving directory `/home/chuan/Desktop/magic-8.2/windows'
make[2]: Entering directory `/home/chuan/Desktop/magic-8.2/wiring'
make[2]: Nothing to be done for `module'.
make[2]: Leaving directory `/home/chuan/Desktop/magic-8.2/wiring'
make[2]: Entering directory `/home/chuan/Desktop/magic-8.2/ext2sim'
make[2]: Nothing to be done for `module'.
make[2]: Leaving directory `/home/chuan/Desktop/magic-8.2/ext2sim'
make[2]: Entering directory `/home/chuan/Desktop/magic-8.2/ext2spice'
make[2]: Nothing to be done for `module'.
make[2]: Leaving directory `/home/chuan/Desktop/magic-8.2/ext2spice'
make[2]: Entering directory `/home/chuan/Desktop/magic-8.2/calma'
make[2]: Nothing to be done for `module'.
make[2]: Leaving directory `/home/chuan/Desktop/magic-8.2/calma'
make[2]: Entering directory `/home/chuan/Desktop/magic-8.2/cif'
make[2]: Nothing to be done for `module'.
make[2]: Leaving directory `/home/chuan/Desktop/magic-8.2/cif'
make[2]: Entering directory `/home/chuan/Desktop/magic-8.2/plot'
make[2]: Nothing to be done for `module'.
make[2]: Leaving directory `/home/chuan/Desktop/magic-8.2/plot'
make[2]: Entering directory `/home/chuan/Desktop/magic-8.2/lef'
make[2]: Nothing to be done for `module'.
make[2]: Leaving directory `/home/chuan/Desktop/magic-8.2/lef'
make[2]: Entering directory `/home/chuan/Desktop/magic-8.2/garouter'
make[2]: Nothing to be done for `module'.
make[2]: Leaving directory `/home/chuan/Desktop/magic-8.2/garouter'
make[2]: Entering directory `/home/chuan/Desktop/magic-8.2/grouter'
make[2]: Nothing to be done for `module'.
make[2]: Leaving directory `/home/chuan/Desktop/magic-8.2/grouter'
make[2]: Entering directory `/home/chuan/Desktop/magic-8.2/irouter'
make[2]: Nothing to be done for `module'.
make[2]: Leaving directory `/home/chuan/Desktop/magic-8.2/irouter'
make[2]: Entering directory `/home/chuan/Desktop/magic-8.2/mzrouter'
make[2]: Nothing to be done for `module'.
make[2]: Leaving directory `/home/chuan/Desktop/magic-8.2/mzrouter'
make[2]: Entering directory `/home/chuan/Desktop/magic-8.2/router'
make[2]: Nothing to be done for `module'.
make[2]: Leaving directory `/home/chuan/Desktop/magic-8.2/router'
make[2]: Entering directory `/home/chuan/Desktop/magic-8.2/gcr'
make[2]: Nothing to be done for `module'.
make[2]: Leaving directory `/home/chuan/Desktop/magic-8.2/gcr'
make[2]: Entering directory `/home/chuan/Desktop/magic-8.2/tcltk'
make[2]: Nothing to be done for `module'.
make[2]: Leaving directory `/home/chuan/Desktop/magic-8.2/tcltk'
make[2]: Entering directory `/home/chuan/Desktop/magic-8.2/magic'
make[2]: Nothing to be done for `module'.
make[2]: Leaving directory `/home/chuan/Desktop/magic-8.2/magic'
make[2]: Entering directory `/home/chuan/Desktop/magic-8.2/net2ir'
make[2]: Nothing to be done for `module'.
make[2]: Leaving directory `/home/chuan/Desktop/magic-8.2/net2ir'
make[2]: Entering directory `/home/chuan/Desktop/magic-8.2/tcltk'
make[2]: Nothing to be done for `module'.
make[2]: Leaving directory `/home/chuan/Desktop/magic-8.2/tcltk'
--- making Tcl shared libraries
for dir in magic net2ir tcltk; do \
		(cd $dir && make tcl-main); done
make[2]: Entering directory `/home/chuan/Desktop/magic-8.2/magic'
--- making magic Tcl library (tclmagic.so)
rm -f tclmagic.so
gcc -g -m64 -fPIC -Wimplicit-int -fPIC  -I/usr/include/tcl8.6/tk-private/generic -I/usr/include/tcl8.6 -I. -I..  -o tclmagic.so  -shared -Wl,-soname,tclmagic.so -Wl,--version-script=../magic/symbol.map  \
		../cmwind/libcmwind.o ../commands/libcommands.o ../database/libdatabase.o ../dbwind/libdbwind.o ../drc/libdrc.o ../debug/libdebug.o ../extract/libextract.o ../graphics/libgraphics.o ../select/libselect.o ../textio/libtextio.o ../tiles/libtiles.o ../windows/libwindows.o ../wiring/libwiring.o ../resis/libresis.o ../sim/libsim.o ../netmenu/libnetmenu.o ../plow/libplow.o ../utils/libutils.o ../ext2sim/libext2sim.o ../ext2spice/libext2spice.o ../calma/libcalma.o ../cif/libcif.o ../plot/libplot.o ../lef/liblef.o ../extflat/libextflat.o ../garouter/libgarouter.o 	../mzrouter/libmzrouter.o ../router/librouter.o 	../irouter/libirouter.o ../grouter/libgrouter.o 	../gcr/libgcr.o ../tcltk/libtcltk.o -lc -lX11 -lcairo -lfontconfig -lfreetype    -lm   
make[2]: Leaving directory `/home/chuan/Desktop/magic-8.2/magic'
make[2]: Entering directory `/home/chuan/Desktop/magic-8.2/net2ir'
echo "Nothing to do here"
Nothing to do here
make[2]: Leaving directory `/home/chuan/Desktop/magic-8.2/net2ir'
make[2]: Entering directory `/home/chuan/Desktop/magic-8.2/tcltk'
make[2]: Nothing to be done for `tcl-main'.
make[2]: Leaving directory `/home/chuan/Desktop/magic-8.2/tcltk'
make[1]: Leaving directory `/home/chuan/Desktop/magic-8.2'
make[1]: Entering directory `/home/chuan/Desktop/magic-8.2'
--- making modules
for dir in cmwind commands database dbwind debug drc extflat extract graphics netmenu plow resis select sim textio tiles utils windows wiring ext2sim ext2spice calma cif plot lef garouter grouter irouter mzrouter router gcr tcltk magic net2ir tcltk; do \
		(cd $dir && make module); done
make[2]: Entering directory `/home/chuan/Desktop/magic-8.2/cmwind'
make[2]: Nothing to be done for `module'.
make[2]: Leaving directory `/home/chuan/Desktop/magic-8.2/cmwind'
make[2]: Entering directory `/home/chuan/Desktop/magic-8.2/commands'
make[2]: Nothing to be done for `module'.
make[2]: Leaving directory `/home/chuan/Desktop/magic-8.2/commands'
make[2]: Entering directory `/home/chuan/Desktop/magic-8.2/database'
make[2]: Nothing to be done for `module'.
make[2]: Leaving directory `/home/chuan/Desktop/magic-8.2/database'
make[2]: Entering directory `/home/chuan/Desktop/magic-8.2/dbwind'
make[2]: Nothing to be done for `module'.
make[2]: Leaving directory `/home/chuan/Desktop/magic-8.2/dbwind'
make[2]: Entering directory `/home/chuan/Desktop/magic-8.2/debug'
make[2]: Nothing to be done for `module'.
make[2]: Leaving directory `/home/chuan/Desktop/magic-8.2/debug'
make[2]: Entering directory `/home/chuan/Desktop/magic-8.2/drc'
make[2]: Nothing to be done for `module'.
make[2]: Leaving directory `/home/chuan/Desktop/magic-8.2/drc'
make[2]: Entering directory `/home/chuan/Desktop/magic-8.2/extflat'
make[2]: Nothing to be done for `module'.
make[2]: Leaving directory `/home/chuan/Desktop/magic-8.2/extflat'
make[2]: Entering directory `/home/chuan/Desktop/magic-8.2/extract'
make[2]: Nothing to be done for `module'.
make[2]: Leaving directory `/home/chuan/Desktop/magic-8.2/extract'
make[2]: Entering directory `/home/chuan/Desktop/magic-8.2/graphics'
--- compiling graphics/grTCairo2.o
rm -f grTCairo2.o
gcc -g -m64 -fPIC -Wimplicit-int -fPIC  -I/usr/include/tcl8.6/tk-private/generic -I/usr/include/tcl8.6  -I. -I..  -DCAD_DIR=\"/home/chuan/Desktop/magic_install/lib\" -DBIN_DIR=\"/home/chuan/Desktop/magic_install/bin\" -DTCL_DIR=\"/home/chuan/Desktop/magic_install/lib/magic/tcl\" -DPACKAGE_NAME=\"\" -DPACKAGE_TARNAME=\"\" -DPACKAGE_VERSION=\"\" -DPACKAGE_STRING=\"\" -DPACKAGE_BUGREPORT=\"\" -DPACKAGE_URL=\"\" -DMAGIC_VERSION=\"8.2\" -DMAGIC_REVISION=\"19\" -DSTDC_HEADERS=1 -DHAVE_SYS_TYPES_H=1 -DHAVE_SYS_STAT_H=1 -DHAVE_STDLIB_H=1 -DHAVE_STRING_H=1 -DHAVE_MEMORY_H=1 -DHAVE_STRINGS_H=1 -DHAVE_INTTYPES_H=1 -DHAVE_STDINT_H=1 -DHAVE_UNISTD_H=1 -DSIZEOF_VOID_P=8 -DSIZEOF_UNSIGNED_INT=4 -DSIZEOF_UNSIGNED_LONG=8 -DSIZEOF_UNSIGNED_LONG_LONG=8 -DSTDC_HEADERS=1 -DHAVE_SETENV=1 -DHAVE_PUTENV=1 -DHAVE_SYS_MMAN_H=1 -DHAVE_DIRENT_H=1 -DHAVE_LIMITS_H=1 -DHAVE_PATHS_H=1 -DHAVE_VA_COPY=1 -DHAVE___VA_COPY=1 -DFILE_LOCKS=1 -DCALMA_MODULE=1 -DCIF_MODULE=1 -DX11_BACKING_STORE=1 -DPLOT_MODULE=1 -DLEF_MODULE=1 -DROUTE_MODULE=1 -DUSE_NEW_MACROS=1 -DVECTOR_FONTS=1 -DHAVE_LIBCAIRO=1 -DMAGIC_WRAPPER=1 -Dlinux=1 -DSYSV=1 -DISC=1 -DNDEBUG -DGCORE=\"/usr/bin/gcore\" -DSHDLIB_EXT=\".so\" -DX11 -DXLIB -DCAIRO -DNDEBUG  -c grTCairo2.c
--- linking libgraphics.o
rm -f libgraphics.o
ld -r grMain.o grLock.o grDStyle.o grText.o grCMap.o grClip.o grGlyphs.o grNull.o W3Dmain.o grTk1.o grTk2.o grTk3.o grTk4.o grTk5.o grTCairo1.o grTCairo2.o grTCairo3.o grTCairo4.o grTCairo5.o grTkCommon.o -o libgraphics.o 
make[2]: Leaving directory `/home/chuan/Desktop/magic-8.2/graphics'
make[2]: Entering directory `/home/chuan/Desktop/magic-8.2/netmenu'
make[2]: Nothing to be done for `module'.
make[2]: Leaving directory `/home/chuan/Desktop/magic-8.2/netmenu'
make[2]: Entering directory `/home/chuan/Desktop/magic-8.2/plow'
make[2]: Nothing to be done for `module'.
make[2]: Leaving directory `/home/chuan/Desktop/magic-8.2/plow'
make[2]: Entering directory `/home/chuan/Desktop/magic-8.2/resis'
make[2]: Nothing to be done for `module'.
make[2]: Leaving directory `/home/chuan/Desktop/magic-8.2/resis'
make[2]: Entering directory `/home/chuan/Desktop/magic-8.2/select'
make[2]: Nothing to be done for `module'.
make[2]: Leaving directory `/home/chuan/Desktop/magic-8.2/select'
make[2]: Entering directory `/home/chuan/Desktop/magic-8.2/sim'
make[2]: Nothing to be done for `module'.
make[2]: Leaving directory `/home/chuan/Desktop/magic-8.2/sim'
make[2]: Entering directory `/home/chuan/Desktop/magic-8.2/textio'
make[2]: Nothing to be done for `module'.
make[2]: Leaving directory `/home/chuan/Desktop/magic-8.2/textio'
make[2]: Entering directory `/home/chuan/Desktop/magic-8.2/tiles'
make[2]: Nothing to be done for `module'.
make[2]: Leaving directory `/home/chuan/Desktop/magic-8.2/tiles'
make[2]: Entering directory `/home/chuan/Desktop/magic-8.2/utils'
make[2]: Nothing to be done for `module'.
make[2]: Leaving directory `/home/chuan/Desktop/magic-8.2/utils'
make[2]: Entering directory `/home/chuan/Desktop/magic-8.2/windows'
make[2]: Nothing to be done for `module'.
make[2]: Leaving directory `/home/chuan/Desktop/magic-8.2/windows'
make[2]: Entering directory `/home/chuan/Desktop/magic-8.2/wiring'
make[2]: Nothing to be done for `module'.
make[2]: Leaving directory `/home/chuan/Desktop/magic-8.2/wiring'
make[2]: Entering directory `/home/chuan/Desktop/magic-8.2/ext2sim'
make[2]: Nothing to be done for `module'.
make[2]: Leaving directory `/home/chuan/Desktop/magic-8.2/ext2sim'
make[2]: Entering directory `/home/chuan/Desktop/magic-8.2/ext2spice'
make[2]: Nothing to be done for `module'.
make[2]: Leaving directory `/home/chuan/Desktop/magic-8.2/ext2spice'
make[2]: Entering directory `/home/chuan/Desktop/magic-8.2/calma'
make[2]: Nothing to be done for `module'.
make[2]: Leaving directory `/home/chuan/Desktop/magic-8.2/calma'
make[2]: Entering directory `/home/chuan/Desktop/magic-8.2/cif'
make[2]: Nothing to be done for `module'.
make[2]: Leaving directory `/home/chuan/Desktop/magic-8.2/cif'
make[2]: Entering directory `/home/chuan/Desktop/magic-8.2/plot'
make[2]: Nothing to be done for `module'.
make[2]: Leaving directory `/home/chuan/Desktop/magic-8.2/plot'
make[2]: Entering directory `/home/chuan/Desktop/magic-8.2/lef'
make[2]: Nothing to be done for `module'.
make[2]: Leaving directory `/home/chuan/Desktop/magic-8.2/lef'
make[2]: Entering directory `/home/chuan/Desktop/magic-8.2/garouter'
make[2]: Nothing to be done for `module'.
make[2]: Leaving directory `/home/chuan/Desktop/magic-8.2/garouter'
make[2]: Entering directory `/home/chuan/Desktop/magic-8.2/grouter'
make[2]: Nothing to be done for `module'.
make[2]: Leaving directory `/home/chuan/Desktop/magic-8.2/grouter'
make[2]: Entering directory `/home/chuan/Desktop/magic-8.2/irouter'
make[2]: Nothing to be done for `module'.
make[2]: Leaving directory `/home/chuan/Desktop/magic-8.2/irouter'
make[2]: Entering directory `/home/chuan/Desktop/magic-8.2/mzrouter'
make[2]: Nothing to be done for `module'.
make[2]: Leaving directory `/home/chuan/Desktop/magic-8.2/mzrouter'
make[2]: Entering directory `/home/chuan/Desktop/magic-8.2/router'
make[2]: Nothing to be done for `module'.
make[2]: Leaving directory `/home/chuan/Desktop/magic-8.2/router'
make[2]: Entering directory `/home/chuan/Desktop/magic-8.2/gcr'
make[2]: Nothing to be done for `module'.
make[2]: Leaving directory `/home/chuan/Desktop/magic-8.2/gcr'
make[2]: Entering directory `/home/chuan/Desktop/magic-8.2/tcltk'
make[2]: Nothing to be done for `module'.
make[2]: Leaving directory `/home/chuan/Desktop/magic-8.2/tcltk'
make[2]: Entering directory `/home/chuan/Desktop/magic-8.2/magic'
make[2]: Nothing to be done for `module'.
make[2]: Leaving directory `/home/chuan/Desktop/magic-8.2/magic'
make[2]: Entering directory `/home/chuan/Desktop/magic-8.2/net2ir'
make[2]: Nothing to be done for `module'.
make[2]: Leaving directory `/home/chuan/Desktop/magic-8.2/net2ir'
make[2]: Entering directory `/home/chuan/Desktop/magic-8.2/tcltk'
make[2]: Nothing to be done for `module'.
make[2]: Leaving directory `/home/chuan/Desktop/magic-8.2/tcltk'
--- making Tcl shared libraries
for dir in magic net2ir tcltk; do \
		(cd $dir && make tcl-main); done
make[2]: Entering directory `/home/chuan/Desktop/magic-8.2/magic'
--- making magic Tcl library (tclmagic.so)
rm -f tclmagic.so
gcc -g -m64 -fPIC -Wimplicit-int -fPIC  -I/usr/include/tcl8.6/tk-private/generic -I/usr/include/tcl8.6 -I. -I..  -o tclmagic.so  -shared -Wl,-soname,tclmagic.so -Wl,--version-script=../magic/symbol.map  \
		../cmwind/libcmwind.o ../commands/libcommands.o ../database/libdatabase.o ../dbwind/libdbwind.o ../drc/libdrc.o ../debug/libdebug.o ../extract/libextract.o ../graphics/libgraphics.o ../select/libselect.o ../textio/libtextio.o ../tiles/libtiles.o ../windows/libwindows.o ../wiring/libwiring.o ../resis/libresis.o ../sim/libsim.o ../netmenu/libnetmenu.o ../plow/libplow.o ../utils/libutils.o ../ext2sim/libext2sim.o ../ext2spice/libext2spice.o ../calma/libcalma.o ../cif/libcif.o ../plot/libplot.o ../lef/liblef.o ../extflat/libextflat.o ../garouter/libgarouter.o 	../mzrouter/libmzrouter.o ../router/librouter.o 	../irouter/libirouter.o ../grouter/libgrouter.o 	../gcr/libgcr.o ../tcltk/libtcltk.o -lc -lX11 -lcairo -lfontconfig -lfreetype    -lm   
make[2]: Leaving directory `/home/chuan/Desktop/magic-8.2/magic'
make[2]: Entering directory `/home/chuan/Desktop/magic-8.2/net2ir'
echo "Nothing to do here"
Nothing to do here
make[2]: Leaving directory `/home/chuan/Desktop/magic-8.2/net2ir'
make[2]: Entering directory `/home/chuan/Desktop/magic-8.2/tcltk'
make[2]: Nothing to be done for `tcl-main'.
make[2]: Leaving directory `/home/chuan/Desktop/magic-8.2/tcltk'
make[1]: Leaving directory `/home/chuan/Desktop/magic-8.2'
make[1]: Entering directory `/home/chuan/Desktop/magic-8.2'
--- making modules
for dir in cmwind commands database dbwind debug drc extflat extract graphics netmenu plow resis select sim textio tiles utils windows wiring ext2sim ext2spice calma cif plot lef garouter grouter irouter mzrouter router gcr tcltk magic net2ir tcltk; do \
		(cd $dir && make module); done
make[2]: Entering directory `/home/chuan/Desktop/magic-8.2/cmwind'
make[2]: Nothing to be done for `module'.
make[2]: Leaving directory `/home/chuan/Desktop/magic-8.2/cmwind'
make[2]: Entering directory `/home/chuan/Desktop/magic-8.2/commands'
make[2]: Nothing to be done for `module'.
make[2]: Leaving directory `/home/chuan/Desktop/magic-8.2/commands'
make[2]: Entering directory `/home/chuan/Desktop/magic-8.2/database'
make[2]: Nothing to be done for `module'.
make[2]: Leaving directory `/home/chuan/Desktop/magic-8.2/database'
make[2]: Entering directory `/home/chuan/Desktop/magic-8.2/dbwind'
make[2]: Nothing to be done for `module'.
make[2]: Leaving directory `/home/chuan/Desktop/magic-8.2/dbwind'
make[2]: Entering directory `/home/chuan/Desktop/magic-8.2/debug'
make[2]: Nothing to be done for `module'.
make[2]: Leaving directory `/home/chuan/Desktop/magic-8.2/debug'
make[2]: Entering directory `/home/chuan/Desktop/magic-8.2/drc'
make[2]: Nothing to be done for `module'.
make[2]: Leaving directory `/home/chuan/Desktop/magic-8.2/drc'
make[2]: Entering directory `/home/chuan/Desktop/magic-8.2/extflat'
make[2]: Nothing to be done for `module'.
make[2]: Leaving directory `/home/chuan/Desktop/magic-8.2/extflat'
make[2]: Entering directory `/home/chuan/Desktop/magic-8.2/extract'
make[2]: Nothing to be done for `module'.
make[2]: Leaving directory `/home/chuan/Desktop/magic-8.2/extract'
make[2]: Entering directory `/home/chuan/Desktop/magic-8.2/graphics'
--- compiling graphics/grTCairo2.o
rm -f grTCairo2.o
gcc -g -m64 -fPIC -Wimplicit-int -fPIC  -I/usr/include/tcl8.6/tk-private/generic -I/usr/include/tcl8.6  -I. -I..  -DCAD_DIR=\"/home/chuan/Desktop/magic_install/lib\" -DBIN_DIR=\"/home/chuan/Desktop/magic_install/bin\" -DTCL_DIR=\"/home/chuan/Desktop/magic_install/lib/magic/tcl\" -DPACKAGE_NAME=\"\" -DPACKAGE_TARNAME=\"\" -DPACKAGE_VERSION=\"\" -DPACKAGE_STRING=\"\" -DPACKAGE_BUGREPORT=\"\" -DPACKAGE_URL=\"\" -DMAGIC_VERSION=\"8.2\" -DMAGIC_REVISION=\"19\" -DSTDC_HEADERS=1 -DHAVE_SYS_TYPES_H=1 -DHAVE_SYS_STAT_H=1 -DHAVE_STDLIB_H=1 -DHAVE_STRING_H=1 -DHAVE_MEMORY_H=1 -DHAVE_STRINGS_H=1 -DHAVE_INTTYPES_H=1 -DHAVE_STDINT_H=1 -DHAVE_UNISTD_H=1 -DSIZEOF_VOID_P=8 -DSIZEOF_UNSIGNED_INT=4 -DSIZEOF_UNSIGNED_LONG=8 -DSIZEOF_UNSIGNED_LONG_LONG=8 -DSTDC_HEADERS=1 -DHAVE_SETENV=1 -DHAVE_PUTENV=1 -DHAVE_SYS_MMAN_H=1 -DHAVE_DIRENT_H=1 -DHAVE_LIMITS_H=1 -DHAVE_PATHS_H=1 -DHAVE_VA_COPY=1 -DHAVE___VA_COPY=1 -DFILE_LOCKS=1 -DCALMA_MODULE=1 -DCIF_MODULE=1 -DX11_BACKING_STORE=1 -DPLOT_MODULE=1 -DLEF_MODULE=1 -DROUTE_MODULE=1 -DUSE_NEW_MACROS=1 -DVECTOR_FONTS=1 -DHAVE_LIBCAIRO=1 -DMAGIC_WRAPPER=1 -Dlinux=1 -DSYSV=1 -DISC=1 -DNDEBUG -DGCORE=\"/usr/bin/gcore\" -DSHDLIB_EXT=\".so\" -DX11 -DXLIB -DCAIRO -DNDEBUG  -c grTCairo2.c
--- linking libgraphics.o
rm -f libgraphics.o
ld -r grMain.o grLock.o grDStyle.o grText.o grCMap.o grClip.o grGlyphs.o grNull.o W3Dmain.o grTk1.o grTk2.o grTk3.o grTk4.o grTk5.o grTCairo1.o grTCairo2.o grTCairo3.o grTCairo4.o grTCairo5.o grTkCommon.o -o libgraphics.o 
make[2]: Leaving directory `/home/chuan/Desktop/magic-8.2/graphics'
make[2]: Entering directory `/home/chuan/Desktop/magic-8.2/netmenu'
make[2]: Nothing to be done for `module'.
make[2]: Leaving directory `/home/chuan/Desktop/magic-8.2/netmenu'
make[2]: Entering directory `/home/chuan/Desktop/magic-8.2/plow'
make[2]: Nothing to be done for `module'.
make[2]: Leaving directory `/home/chuan/Desktop/magic-8.2/plow'
make[2]: Entering directory `/home/chuan/Desktop/magic-8.2/resis'
make[2]: Nothing to be done for `module'.
make[2]: Leaving directory `/home/chuan/Desktop/magic-8.2/resis'
make[2]: Entering directory `/home/chuan/Desktop/magic-8.2/select'
make[2]: Nothing to be done for `module'.
make[2]: Leaving directory `/home/chuan/Desktop/magic-8.2/select'
make[2]: Entering directory `/home/chuan/Desktop/magic-8.2/sim'
make[2]: Nothing to be done for `module'.
make[2]: Leaving directory `/home/chuan/Desktop/magic-8.2/sim'
make[2]: Entering directory `/home/chuan/Desktop/magic-8.2/textio'
make[2]: Nothing to be done for `module'.
make[2]: Leaving directory `/home/chuan/Desktop/magic-8.2/textio'
make[2]: Entering directory `/home/chuan/Desktop/magic-8.2/tiles'
make[2]: Nothing to be done for `module'.
make[2]: Leaving directory `/home/chuan/Desktop/magic-8.2/tiles'
make[2]: Entering directory `/home/chuan/Desktop/magic-8.2/utils'
make[2]: Nothing to be done for `module'.
make[2]: Leaving directory `/home/chuan/Desktop/magic-8.2/utils'
make[2]: Entering directory `/home/chuan/Desktop/magic-8.2/windows'
make[2]: Nothing to be done for `module'.
make[2]: Leaving directory `/home/chuan/Desktop/magic-8.2/windows'
make[2]: Entering directory `/home/chuan/Desktop/magic-8.2/wiring'
make[2]: Nothing to be done for `module'.
make[2]: Leaving directory `/home/chuan/Desktop/magic-8.2/wiring'
make[2]: Entering directory `/home/chuan/Desktop/magic-8.2/ext2sim'
make[2]: Nothing to be done for `module'.
make[2]: Leaving directory `/home/chuan/Desktop/magic-8.2/ext2sim'
make[2]: Entering directory `/home/chuan/Desktop/magic-8.2/ext2spice'
make[2]: Nothing to be done for `module'.
make[2]: Leaving directory `/home/chuan/Desktop/magic-8.2/ext2spice'
make[2]: Entering directory `/home/chuan/Desktop/magic-8.2/calma'
make[2]: Nothing to be done for `module'.
make[2]: Leaving directory `/home/chuan/Desktop/magic-8.2/calma'
make[2]: Entering directory `/home/chuan/Desktop/magic-8.2/cif'
make[2]: Nothing to be done for `module'.
make[2]: Leaving directory `/home/chuan/Desktop/magic-8.2/cif'
make[2]: Entering directory `/home/chuan/Desktop/magic-8.2/plot'
make[2]: Nothing to be done for `module'.
make[2]: Leaving directory `/home/chuan/Desktop/magic-8.2/plot'
make[2]: Entering directory `/home/chuan/Desktop/magic-8.2/lef'
make[2]: Nothing to be done for `module'.
make[2]: Leaving directory `/home/chuan/Desktop/magic-8.2/lef'
make[2]: Entering directory `/home/chuan/Desktop/magic-8.2/garouter'
make[2]: Nothing to be done for `module'.
make[2]: Leaving directory `/home/chuan/Desktop/magic-8.2/garouter'
make[2]: Entering directory `/home/chuan/Desktop/magic-8.2/grouter'
make[2]: Nothing to be done for `module'.
make[2]: Leaving directory `/home/chuan/Desktop/magic-8.2/grouter'
make[2]: Entering directory `/home/chuan/Desktop/magic-8.2/irouter'
make[2]: Nothing to be done for `module'.
make[2]: Leaving directory `/home/chuan/Desktop/magic-8.2/irouter'
make[2]: Entering directory `/home/chuan/Desktop/magic-8.2/mzrouter'
make[2]: Nothing to be done for `module'.
make[2]: Leaving directory `/home/chuan/Desktop/magic-8.2/mzrouter'
make[2]: Entering directory `/home/chuan/Desktop/magic-8.2/router'
make[2]: Nothing to be done for `module'.
make[2]: Leaving directory `/home/chuan/Desktop/magic-8.2/router'
make[2]: Entering directory `/home/chuan/Desktop/magic-8.2/gcr'
make[2]: Nothing to be done for `module'.
make[2]: Leaving directory `/home/chuan/Desktop/magic-8.2/gcr'
make[2]: Entering directory `/home/chuan/Desktop/magic-8.2/tcltk'
make[2]: Nothing to be done for `module'.
make[2]: Leaving directory `/home/chuan/Desktop/magic-8.2/tcltk'
make[2]: Entering directory `/home/chuan/Desktop/magic-8.2/magic'
make[2]: Nothing to be done for `module'.
make[2]: Leaving directory `/home/chuan/Desktop/magic-8.2/magic'
make[2]: Entering directory `/home/chuan/Desktop/magic-8.2/net2ir'
make[2]: Nothing to be done for `module'.
make[2]: Leaving directory `/home/chuan/Desktop/magic-8.2/net2ir'
make[2]: Entering directory `/home/chuan/Desktop/magic-8.2/tcltk'
make[2]: Nothing to be done for `module'.
make[2]: Leaving directory `/home/chuan/Desktop/magic-8.2/tcltk'
--- making Tcl shared libraries
for dir in magic net2ir tcltk; do \
		(cd $dir && make tcl-main); done
make[2]: Entering directory `/home/chuan/Desktop/magic-8.2/magic'
--- making magic Tcl library (tclmagic.so)
rm -f tclmagic.so
gcc -g -m64 -fPIC -Wimplicit-int -fPIC  -I/usr/include/tcl8.6/tk-private/generic -I/usr/include/tcl8.6 -I. -I..  -o tclmagic.so  -shared -Wl,-soname,tclmagic.so -Wl,--version-script=../magic/symbol.map  \
		../cmwind/libcmwind.o ../commands/libcommands.o ../database/libdatabase.o ../dbwind/libdbwind.o ../drc/libdrc.o ../debug/libdebug.o ../extract/libextract.o ../graphics/libgraphics.o ../select/libselect.o ../textio/libtextio.o ../tiles/libtiles.o ../windows/libwindows.o ../wiring/libwiring.o ../resis/libresis.o ../sim/libsim.o ../netmenu/libnetmenu.o ../plow/libplow.o ../utils/libutils.o ../ext2sim/libext2sim.o ../ext2spice/libext2spice.o ../calma/libcalma.o ../cif/libcif.o ../plot/libplot.o ../lef/liblef.o ../extflat/libextflat.o ../garouter/libgarouter.o 	../mzrouter/libmzrouter.o ../router/librouter.o 	../irouter/libirouter.o ../grouter/libgrouter.o 	../gcr/libgcr.o ../tcltk/libtcltk.o -lc -lX11 -lcairo -lfontconfig -lfreetype    -lm   
make[2]: Leaving directory `/home/chuan/Desktop/magic-8.2/magic'
make[2]: Entering directory `/home/chuan/Desktop/magic-8.2/net2ir'
echo "Nothing to do here"
Nothing to do here
make[2]: Leaving directory `/home/chuan/Desktop/magic-8.2/net2ir'
make[2]: Entering directory `/home/chuan/Desktop/magic-8.2/tcltk'
make[2]: Nothing to be done for `tcl-main'.
make[2]: Leaving directory `/home/chuan/Desktop/magic-8.2/tcltk'
make[1]: Leaving directory `/home/chuan/Desktop/magic-8.2'
make[1]: Entering directory `/home/chuan/Desktop/magic-8.2'
--- making modules
for dir in cmwind commands database dbwind debug drc extflat extract graphics netmenu plow resis select sim textio tiles utils windows wiring ext2sim ext2spice calma cif plot lef garouter grouter irouter mzrouter router gcr tcltk magic net2ir tcltk; do \
		(cd $dir && make module); done
make[2]: Entering directory `/home/chuan/Desktop/magic-8.2/cmwind'
make[2]: Nothing to be done for `module'.
make[2]: Leaving directory `/home/chuan/Desktop/magic-8.2/cmwind'
make[2]: Entering directory `/home/chuan/Desktop/magic-8.2/commands'
make[2]: Nothing to be done for `module'.
make[2]: Leaving directory `/home/chuan/Desktop/magic-8.2/commands'
make[2]: Entering directory `/home/chuan/Desktop/magic-8.2/database'
make[2]: Nothing to be done for `module'.
make[2]: Leaving directory `/home/chuan/Desktop/magic-8.2/database'
make[2]: Entering directory `/home/chuan/Desktop/magic-8.2/dbwind'
make[2]: Nothing to be done for `module'.
make[2]: Leaving directory `/home/chuan/Desktop/magic-8.2/dbwind'
make[2]: Entering directory `/home/chuan/Desktop/magic-8.2/debug'
make[2]: Nothing to be done for `module'.
make[2]: Leaving directory `/home/chuan/Desktop/magic-8.2/debug'
make[2]: Entering directory `/home/chuan/Desktop/magic-8.2/drc'
make[2]: Nothing to be done for `module'.
make[2]: Leaving directory `/home/chuan/Desktop/magic-8.2/drc'
make[2]: Entering directory `/home/chuan/Desktop/magic-8.2/extflat'
make[2]: Nothing to be done for `module'.
make[2]: Leaving directory `/home/chuan/Desktop/magic-8.2/extflat'
make[2]: Entering directory `/home/chuan/Desktop/magic-8.2/extract'
make[2]: Nothing to be done for `module'.
make[2]: Leaving directory `/home/chuan/Desktop/magic-8.2/extract'
make[2]: Entering directory `/home/chuan/Desktop/magic-8.2/graphics'
--- compiling graphics/grTCairo2.o
rm -f grTCairo2.o
gcc -g -m64 -fPIC -Wimplicit-int -fPIC  -I/usr/include/tcl8.6/tk-private/generic -I/usr/include/tcl8.6  -I. -I..  -DCAD_DIR=\"/home/chuan/Desktop/magic_install/lib\" -DBIN_DIR=\"/home/chuan/Desktop/magic_install/bin\" -DTCL_DIR=\"/home/chuan/Desktop/magic_install/lib/magic/tcl\" -DPACKAGE_NAME=\"\" -DPACKAGE_TARNAME=\"\" -DPACKAGE_VERSION=\"\" -DPACKAGE_STRING=\"\" -DPACKAGE_BUGREPORT=\"\" -DPACKAGE_URL=\"\" -DMAGIC_VERSION=\"8.2\" -DMAGIC_REVISION=\"19\" -DSTDC_HEADERS=1 -DHAVE_SYS_TYPES_H=1 -DHAVE_SYS_STAT_H=1 -DHAVE_STDLIB_H=1 -DHAVE_STRING_H=1 -DHAVE_MEMORY_H=1 -DHAVE_STRINGS_H=1 -DHAVE_INTTYPES_H=1 -DHAVE_STDINT_H=1 -DHAVE_UNISTD_H=1 -DSIZEOF_VOID_P=8 -DSIZEOF_UNSIGNED_INT=4 -DSIZEOF_UNSIGNED_LONG=8 -DSIZEOF_UNSIGNED_LONG_LONG=8 -DSTDC_HEADERS=1 -DHAVE_SETENV=1 -DHAVE_PUTENV=1 -DHAVE_SYS_MMAN_H=1 -DHAVE_DIRENT_H=1 -DHAVE_LIMITS_H=1 -DHAVE_PATHS_H=1 -DHAVE_VA_COPY=1 -DHAVE___VA_COPY=1 -DFILE_LOCKS=1 -DCALMA_MODULE=1 -DCIF_MODULE=1 -DX11_BACKING_STORE=1 -DPLOT_MODULE=1 -DLEF_MODULE=1 -DROUTE_MODULE=1 -DUSE_NEW_MACROS=1 -DVECTOR_FONTS=1 -DHAVE_LIBCAIRO=1 -DMAGIC_WRAPPER=1 -Dlinux=1 -DSYSV=1 -DISC=1 -DNDEBUG -DGCORE=\"/usr/bin/gcore\" -DSHDLIB_EXT=\".so\" -DX11 -DXLIB -DCAIRO -DNDEBUG  -c grTCairo2.c
make[1]: Entering directory `/home/chuan/Desktop/magic-8.2'
--- making modules
for dir in cmwind commands database dbwind debug drc extflat extract graphics netmenu plow resis select sim textio tiles utils windows wiring ext2sim ext2spice calma cif plot lef garouter grouter irouter mzrouter router gcr tcltk magic net2ir tcltk; do \
		(cd $dir && make module); done
make[2]: Entering directory `/home/chuan/Desktop/magic-8.2/cmwind'
make[2]: Nothing to be done for `module'.
make[2]: Leaving directory `/home/chuan/Desktop/magic-8.2/cmwind'
make[2]: Entering directory `/home/chuan/Desktop/magic-8.2/commands'
make[2]: Nothing to be done for `module'.
make[2]: Leaving directory `/home/chuan/Desktop/magic-8.2/commands'
make[2]: Entering directory `/home/chuan/Desktop/magic-8.2/database'
make[2]: Nothing to be done for `module'.
make[2]: Leaving directory `/home/chuan/Desktop/magic-8.2/database'
make[2]: Entering directory `/home/chuan/Desktop/magic-8.2/dbwind'
make[2]: Nothing to be done for `module'.
make[2]: Leaving directory `/home/chuan/Desktop/magic-8.2/dbwind'
make[2]: Entering directory `/home/chuan/Desktop/magic-8.2/debug'
make[2]: Nothing to be done for `module'.
make[2]: Leaving directory `/home/chuan/Desktop/magic-8.2/debug'
make[2]: Entering directory `/home/chuan/Desktop/magic-8.2/drc'
make[2]: Nothing to be done for `module'.
make[2]: Leaving directory `/home/chuan/Desktop/magic-8.2/drc'
make[2]: Entering directory `/home/chuan/Desktop/magic-8.2/extflat'
make[2]: Nothing to be done for `module'.
make[2]: Leaving directory `/home/chuan/Desktop/magic-8.2/extflat'
make[2]: Entering directory `/home/chuan/Desktop/magic-8.2/extract'
make[2]: Nothing to be done for `module'.
make[2]: Leaving directory `/home/chuan/Desktop/magic-8.2/extract'
make[2]: Entering directory `/home/chuan/Desktop/magic-8.2/graphics'
--- compiling graphics/grTCairo2.o
rm -f grTCairo2.o
gcc -g -m64 -fPIC -Wimplicit-int -fPIC  -I/usr/include/tcl8.6/tk-private/generic -I/usr/include/tcl8.6  -I. -I..  -DCAD_DIR=\"/home/chuan/Desktop/magic_install/lib\" -DBIN_DIR=\"/home/chuan/Desktop/magic_install/bin\" -DTCL_DIR=\"/home/chuan/Desktop/magic_install/lib/magic/tcl\" -DPACKAGE_NAME=\"\" -DPACKAGE_TARNAME=\"\" -DPACKAGE_VERSION=\"\" -DPACKAGE_STRING=\"\" -DPACKAGE_BUGREPORT=\"\" -DPACKAGE_URL=\"\" -DMAGIC_VERSION=\"8.2\" -DMAGIC_REVISION=\"19\" -DSTDC_HEADERS=1 -DHAVE_SYS_TYPES_H=1 -DHAVE_SYS_STAT_H=1 -DHAVE_STDLIB_H=1 -DHAVE_STRING_H=1 -DHAVE_MEMORY_H=1 -DHAVE_STRINGS_H=1 -DHAVE_INTTYPES_H=1 -DHAVE_STDINT_H=1 -DHAVE_UNISTD_H=1 -DSIZEOF_VOID_P=8 -DSIZEOF_UNSIGNED_INT=4 -DSIZEOF_UNSIGNED_LONG=8 -DSIZEOF_UNSIGNED_LONG_LONG=8 -DSTDC_HEADERS=1 -DHAVE_SETENV=1 -DHAVE_PUTENV=1 -DHAVE_SYS_MMAN_H=1 -DHAVE_DIRENT_H=1 -DHAVE_LIMITS_H=1 -DHAVE_PATHS_H=1 -DHAVE_VA_COPY=1 -DHAVE___VA_COPY=1 -DFILE_LOCKS=1 -DCALMA_MODULE=1 -DCIF_MODULE=1 -DX11_BACKING_STORE=1 -DPLOT_MODULE=1 -DLEF_MODULE=1 -DROUTE_MODULE=1 -DUSE_NEW_MACROS=1 -DVECTOR_FONTS=1 -DHAVE_LIBCAIRO=1 -DMAGIC_WRAPPER=1 -Dlinux=1 -DSYSV=1 -DISC=1 -DNDEBUG -DGCORE=\"/usr/bin/gcore\" -DSHDLIB_EXT=\".so\" -DX11 -DXLIB -DCAIRO -DNDEBUG  -c grTCairo2.c
--- linking libgraphics.o
rm -f libgraphics.o
ld -r grMain.o grLock.o grDStyle.o grText.o grCMap.o grClip.o grGlyphs.o grNull.o W3Dmain.o grTk1.o grTk2.o grTk3.o grTk4.o grTk5.o grTCairo1.o grTCairo2.o grTCairo3.o grTCairo4.o grTCairo5.o grTkCommon.o -o libgraphics.o 
make[2]: Leaving directory `/home/chuan/Desktop/magic-8.2/graphics'
make[2]: Entering directory `/home/chuan/Desktop/magic-8.2/netmenu'
make[2]: Nothing to be done for `module'.
make[2]: Leaving directory `/home/chuan/Desktop/magic-8.2/netmenu'
make[2]: Entering directory `/home/chuan/Desktop/magic-8.2/plow'
make[2]: Nothing to be done for `module'.
make[2]: Leaving directory `/home/chuan/Desktop/magic-8.2/plow'
make[2]: Entering directory `/home/chuan/Desktop/magic-8.2/resis'
make[2]: Nothing to be done for `module'.
make[2]: Leaving directory `/home/chuan/Desktop/magic-8.2/resis'
make[2]: Entering directory `/home/chuan/Desktop/magic-8.2/select'
make[2]: Nothing to be done for `module'.
make[2]: Leaving directory `/home/chuan/Desktop/magic-8.2/select'
make[2]: Entering directory `/home/chuan/Desktop/magic-8.2/sim'
make[2]: Nothing to be done for `module'.
make[2]: Leaving directory `/home/chuan/Desktop/magic-8.2/sim'
make[2]: Entering directory `/home/chuan/Desktop/magic-8.2/textio'
make[2]: Nothing to be done for `module'.
make[2]: Leaving directory `/home/chuan/Desktop/magic-8.2/textio'
make[2]: Entering directory `/home/chuan/Desktop/magic-8.2/tiles'
make[2]: Nothing to be done for `module'.
make[2]: Leaving directory `/home/chuan/Desktop/magic-8.2/tiles'
make[2]: Entering directory `/home/chuan/Desktop/magic-8.2/utils'
make[2]: Nothing to be done for `module'.
make[2]: Leaving directory `/home/chuan/Desktop/magic-8.2/utils'
make[2]: Entering directory `/home/chuan/Desktop/magic-8.2/windows'
make[2]: Nothing to be done for `module'.
make[2]: Leaving directory `/home/chuan/Desktop/magic-8.2/windows'
make[2]: Entering directory `/home/chuan/Desktop/magic-8.2/wiring'
make[2]: Nothing to be done for `module'.
make[2]: Leaving directory `/home/chuan/Desktop/magic-8.2/wiring'
make[2]: Entering directory `/home/chuan/Desktop/magic-8.2/ext2sim'
make[2]: Nothing to be done for `module'.
make[2]: Leaving directory `/home/chuan/Desktop/magic-8.2/ext2sim'
make[2]: Entering directory `/home/chuan/Desktop/magic-8.2/ext2spice'
make[2]: Nothing to be done for `module'.
make[2]: Leaving directory `/home/chuan/Desktop/magic-8.2/ext2spice'
make[2]: Entering directory `/home/chuan/Desktop/magic-8.2/calma'
make[2]: Nothing to be done for `module'.
make[2]: Leaving directory `/home/chuan/Desktop/magic-8.2/calma'
make[2]: Entering directory `/home/chuan/Desktop/magic-8.2/cif'
make[2]: Nothing to be done for `module'.
make[2]: Leaving directory `/home/chuan/Desktop/magic-8.2/cif'
make[2]: Entering directory `/home/chuan/Desktop/magic-8.2/plot'
make[2]: Nothing to be done for `module'.
make[2]: Leaving directory `/home/chuan/Desktop/magic-8.2/plot'
make[2]: Entering directory `/home/chuan/Desktop/magic-8.2/lef'
make[2]: Nothing to be done for `module'.
make[2]: Leaving directory `/home/chuan/Desktop/magic-8.2/lef'
make[2]: Entering directory `/home/chuan/Desktop/magic-8.2/garouter'
make[2]: Nothing to be done for `module'.
make[2]: Leaving directory `/home/chuan/Desktop/magic-8.2/garouter'
make[2]: Entering directory `/home/chuan/Desktop/magic-8.2/grouter'
make[2]: Nothing to be done for `module'.
make[2]: Leaving directory `/home/chuan/Desktop/magic-8.2/grouter'
make[2]: Entering directory `/home/chuan/Desktop/magic-8.2/irouter'
make[2]: Nothing to be done for `module'.
make[2]: Leaving directory `/home/chuan/Desktop/magic-8.2/irouter'
make[2]: Entering directory `/home/chuan/Desktop/magic-8.2/mzrouter'
make[2]: Nothing to be done for `module'.
make[2]: Leaving directory `/home/chuan/Desktop/magic-8.2/mzrouter'
make[2]: Entering directory `/home/chuan/Desktop/magic-8.2/router'
make[2]: Nothing to be done for `module'.
make[2]: Leaving directory `/home/chuan/Desktop/magic-8.2/router'
make[2]: Entering directory `/home/chuan/Desktop/magic-8.2/gcr'
make[2]: Nothing to be done for `module'.
make[2]: Leaving directory `/home/chuan/Desktop/magic-8.2/gcr'
make[2]: Entering directory `/home/chuan/Desktop/magic-8.2/tcltk'
make[2]: Nothing to be done for `module'.
make[2]: Leaving directory `/home/chuan/Desktop/magic-8.2/tcltk'
make[2]: Entering directory `/home/chuan/Desktop/magic-8.2/magic'
make[2]: Nothing to be done for `module'.
make[2]: Leaving directory `/home/chuan/Desktop/magic-8.2/magic'
make[2]: Entering directory `/home/chuan/Desktop/magic-8.2/net2ir'
make[2]: Nothing to be done for `module'.
make[2]: Leaving directory `/home/chuan/Desktop/magic-8.2/net2ir'
make[2]: Entering directory `/home/chuan/Desktop/magic-8.2/tcltk'
make[2]: Nothing to be done for `module'.
make[2]: Leaving directory `/home/chuan/Desktop/magic-8.2/tcltk'
--- making Tcl shared libraries
for dir in magic net2ir tcltk; do \
		(cd $dir && make tcl-main); done
make[2]: Entering directory `/home/chuan/Desktop/magic-8.2/magic'
--- making magic Tcl library (tclmagic.so)
rm -f tclmagic.so
gcc -g -m64 -fPIC -Wimplicit-int -fPIC  -I/usr/include/tcl8.6/tk-private/generic -I/usr/include/tcl8.6 -I. -I..  -o tclmagic.so  -shared -Wl,-soname,tclmagic.so -Wl,--version-script=../magic/symbol.map  \
		../cmwind/libcmwind.o ../commands/libcommands.o ../database/libdatabase.o ../dbwind/libdbwind.o ../drc/libdrc.o ../debug/libdebug.o ../extract/libextract.o ../graphics/libgraphics.o ../select/libselect.o ../textio/libtextio.o ../tiles/libtiles.o ../windows/libwindows.o ../wiring/libwiring.o ../resis/libresis.o ../sim/libsim.o ../netmenu/libnetmenu.o ../plow/libplow.o ../utils/libutils.o ../ext2sim/libext2sim.o ../ext2spice/libext2spice.o ../calma/libcalma.o ../cif/libcif.o ../plot/libplot.o ../lef/liblef.o ../extflat/libextflat.o ../garouter/libgarouter.o 	../mzrouter/libmzrouter.o ../router/librouter.o 	../irouter/libirouter.o ../grouter/libgrouter.o 	../gcr/libgcr.o ../tcltk/libtcltk.o -lc -lX11 -lcairo -lfontconfig -lfreetype    -lm   
make[2]: Leaving directory `/home/chuan/Desktop/magic-8.2/magic'
make[2]: Entering directory `/home/chuan/Desktop/magic-8.2/net2ir'
echo "Nothing to do here"
Nothing to do here
make[2]: Leaving directory `/home/chuan/Desktop/magic-8.2/net2ir'
make[2]: Entering directory `/home/chuan/Desktop/magic-8.2/tcltk'
make[2]: Nothing to be done for `tcl-main'.
make[2]: Leaving directory `/home/chuan/Desktop/magic-8.2/tcltk'
make[1]: Leaving directory `/home/chuan/Desktop/magic-8.2'
make[1]: Entering directory `/home/chuan/Desktop/magic-8.2'
--- making modules
for dir in cmwind commands database dbwind debug drc extflat extract graphics netmenu plow resis select sim textio tiles utils windows wiring ext2sim ext2spice calma cif plot lef garouter grouter irouter mzrouter router gcr tcltk magic net2ir tcltk; do \
		(cd $dir && make module); done
make[2]: Entering directory `/home/chuan/Desktop/magic-8.2/cmwind'
make[2]: Nothing to be done for `module'.
make[2]: Leaving directory `/home/chuan/Desktop/magic-8.2/cmwind'
make[2]: Entering directory `/home/chuan/Desktop/magic-8.2/commands'
make[2]: Nothing to be done for `module'.
make[2]: Leaving directory `/home/chuan/Desktop/magic-8.2/commands'
make[2]: Entering directory `/home/chuan/Desktop/magic-8.2/database'
make[2]: Nothing to be done for `module'.
make[2]: Leaving directory `/home/chuan/Desktop/magic-8.2/database'
make[2]: Entering directory `/home/chuan/Desktop/magic-8.2/dbwind'
make[2]: Nothing to be done for `module'.
make[2]: Leaving directory `/home/chuan/Desktop/magic-8.2/dbwind'
make[2]: Entering directory `/home/chuan/Desktop/magic-8.2/debug'
make[2]: Nothing to be done for `module'.
make[2]: Leaving directory `/home/chuan/Desktop/magic-8.2/debug'
make[2]: Entering directory `/home/chuan/Desktop/magic-8.2/drc'
make[2]: Nothing to be done for `module'.
make[2]: Leaving directory `/home/chuan/Desktop/magic-8.2/drc'
make[2]: Entering directory `/home/chuan/Desktop/magic-8.2/extflat'
make[2]: Nothing to be done for `module'.
make[2]: Leaving directory `/home/chuan/Desktop/magic-8.2/extflat'
make[2]: Entering directory `/home/chuan/Desktop/magic-8.2/extract'
make[2]: Nothing to be done for `module'.
make[2]: Leaving directory `/home/chuan/Desktop/magic-8.2/extract'
make[2]: Entering directory `/home/chuan/Desktop/magic-8.2/graphics'
--- compiling graphics/grTCairo1.o
rm -f grTCairo1.o
gcc -g -m64 -fPIC -Wimplicit-int -fPIC  -I/usr/include/tcl8.6/tk-private/generic -I/usr/include/tcl8.6  -I. -I..  -DCAD_DIR=\"/home/chuan/Desktop/magic_install/lib\" -DBIN_DIR=\"/home/chuan/Desktop/magic_install/bin\" -DTCL_DIR=\"/home/chuan/Desktop/magic_install/lib/magic/tcl\" -DPACKAGE_NAME=\"\" -DPACKAGE_TARNAME=\"\" -DPACKAGE_VERSION=\"\" -DPACKAGE_STRING=\"\" -DPACKAGE_BUGREPORT=\"\" -DPACKAGE_URL=\"\" -DMAGIC_VERSION=\"8.2\" -DMAGIC_REVISION=\"19\" -DSTDC_HEADERS=1 -DHAVE_SYS_TYPES_H=1 -DHAVE_SYS_STAT_H=1 -DHAVE_STDLIB_H=1 -DHAVE_STRING_H=1 -DHAVE_MEMORY_H=1 -DHAVE_STRINGS_H=1 -DHAVE_INTTYPES_H=1 -DHAVE_STDINT_H=1 -DHAVE_UNISTD_H=1 -DSIZEOF_VOID_P=8 -DSIZEOF_UNSIGNED_INT=4 -DSIZEOF_UNSIGNED_LONG=8 -DSIZEOF_UNSIGNED_LONG_LONG=8 -DSTDC_HEADERS=1 -DHAVE_SETENV=1 -DHAVE_PUTENV=1 -DHAVE_SYS_MMAN_H=1 -DHAVE_DIRENT_H=1 -DHAVE_LIMITS_H=1 -DHAVE_PATHS_H=1 -DHAVE_VA_COPY=1 -DHAVE___VA_COPY=1 -DFILE_LOCKS=1 -DCALMA_MODULE=1 -DCIF_MODULE=1 -DX11_BACKING_STORE=1 -DPLOT_MODULE=1 -DLEF_MODULE=1 -DROUTE_MODULE=1 -DUSE_NEW_MACROS=1 -DVECTOR_FONTS=1 -DHAVE_LIBCAIRO=1 -DMAGIC_WRAPPER=1 -Dlinux=1 -DSYSV=1 -DISC=1 -DNDEBUG -DGCORE=\"/usr/bin/gcore\" -DSHDLIB_EXT=\".so\" -DX11 -DXLIB -DCAIRO -DNDEBUG  -c grTCairo1.c
--- linking libgraphics.o
rm -f libgraphics.o
ld -r grMain.o grLock.o grDStyle.o grText.o grCMap.o grClip.o grGlyphs.o grNull.o W3Dmain.o grTk1.o grTk2.o grTk3.o grTk4.o grTk5.o grTCairo1.o grTCairo2.o grTCairo3.o grTCairo4.o grTCairo5.o grTkCommon.o -o libgraphics.o 
make[2]: Leaving directory `/home/chuan/Desktop/magic-8.2/graphics'
make[2]: Entering directory `/home/chuan/Desktop/magic-8.2/netmenu'
make[2]: Nothing to be done for `module'.
make[2]: Leaving directory `/home/chuan/Desktop/magic-8.2/netmenu'
make[2]: Entering directory `/home/chuan/Desktop/magic-8.2/plow'
make[2]: Nothing to be done for `module'.
make[2]: Leaving directory `/home/chuan/Desktop/magic-8.2/plow'
make[2]: Entering directory `/home/chuan/Desktop/magic-8.2/resis'
make[2]: Nothing to be done for `module'.
make[2]: Leaving directory `/home/chuan/Desktop/magic-8.2/resis'
make[2]: Entering directory `/home/chuan/Desktop/magic-8.2/select'
make[2]: Nothing to be done for `module'.
make[2]: Leaving directory `/home/chuan/Desktop/magic-8.2/select'
make[2]: Entering directory `/home/chuan/Desktop/magic-8.2/sim'
make[2]: Nothing to be done for `module'.
make[2]: Leaving directory `/home/chuan/Desktop/magic-8.2/sim'
make[2]: Entering directory `/home/chuan/Desktop/magic-8.2/textio'
make[2]: Nothing to be done for `module'.
make[2]: Leaving directory `/home/chuan/Desktop/magic-8.2/textio'
make[2]: Entering directory `/home/chuan/Desktop/magic-8.2/tiles'
make[2]: Nothing to be done for `module'.
make[2]: Leaving directory `/home/chuan/Desktop/magic-8.2/tiles'
make[2]: Entering directory `/home/chuan/Desktop/magic-8.2/utils'
make[2]: Nothing to be done for `module'.
make[2]: Leaving directory `/home/chuan/Desktop/magic-8.2/utils'
make[2]: Entering directory `/home/chuan/Desktop/magic-8.2/windows'
make[2]: Nothing to be done for `module'.
make[2]: Leaving directory `/home/chuan/Desktop/magic-8.2/windows'
make[2]: Entering directory `/home/chuan/Desktop/magic-8.2/wiring'
make[2]: Nothing to be done for `module'.
make[2]: Leaving directory `/home/chuan/Desktop/magic-8.2/wiring'
make[2]: Entering directory `/home/chuan/Desktop/magic-8.2/ext2sim'
make[2]: Nothing to be done for `module'.
make[2]: Leaving directory `/home/chuan/Desktop/magic-8.2/ext2sim'
make[2]: Entering directory `/home/chuan/Desktop/magic-8.2/ext2spice'
make[2]: Nothing to be done for `module'.
make[2]: Leaving directory `/home/chuan/Desktop/magic-8.2/ext2spice'
make[2]: Entering directory `/home/chuan/Desktop/magic-8.2/calma'
make[2]: Nothing to be done for `module'.
make[2]: Leaving directory `/home/chuan/Desktop/magic-8.2/calma'
make[2]: Entering directory `/home/chuan/Desktop/magic-8.2/cif'
make[2]: Nothing to be done for `module'.
make[2]: Leaving directory `/home/chuan/Desktop/magic-8.2/cif'
make[2]: Entering directory `/home/chuan/Desktop/magic-8.2/plot'
make[2]: Nothing to be done for `module'.
make[2]: Leaving directory `/home/chuan/Desktop/magic-8.2/plot'
make[2]: Entering directory `/home/chuan/Desktop/magic-8.2/lef'
make[2]: Nothing to be done for `module'.
make[2]: Leaving directory `/home/chuan/Desktop/magic-8.2/lef'
make[2]: Entering directory `/home/chuan/Desktop/magic-8.2/garouter'
make[2]: Nothing to be done for `module'.
make[2]: Leaving directory `/home/chuan/Desktop/magic-8.2/garouter'
make[2]: Entering directory `/home/chuan/Desktop/magic-8.2/grouter'
make[2]: Nothing to be done for `module'.
make[2]: Leaving directory `/home/chuan/Desktop/magic-8.2/grouter'
make[2]: Entering directory `/home/chuan/Desktop/magic-8.2/irouter'
make[2]: Nothing to be done for `module'.
make[2]: Leaving directory `/home/chuan/Desktop/magic-8.2/irouter'
make[2]: Entering directory `/home/chuan/Desktop/magic-8.2/mzrouter'
make[2]: Nothing to be done for `module'.
make[2]: Leaving directory `/home/chuan/Desktop/magic-8.2/mzrouter'
make[2]: Entering directory `/home/chuan/Desktop/magic-8.2/router'
make[2]: Nothing to be done for `module'.
make[2]: Leaving directory `/home/chuan/Desktop/magic-8.2/router'
make[2]: Entering directory `/home/chuan/Desktop/magic-8.2/gcr'
make[2]: Nothing to be done for `module'.
make[2]: Leaving directory `/home/chuan/Desktop/magic-8.2/gcr'
make[2]: Entering directory `/home/chuan/Desktop/magic-8.2/tcltk'
make[2]: Nothing to be done for `module'.
make[2]: Leaving directory `/home/chuan/Desktop/magic-8.2/tcltk'
make[2]: Entering directory `/home/chuan/Desktop/magic-8.2/magic'
make[2]: Nothing to be done for `module'.
make[2]: Leaving directory `/home/chuan/Desktop/magic-8.2/magic'
make[2]: Entering directory `/home/chuan/Desktop/magic-8.2/net2ir'
make[2]: Nothing to be done for `module'.
make[2]: Leaving directory `/home/chuan/Desktop/magic-8.2/net2ir'
make[2]: Entering directory `/home/chuan/Desktop/magic-8.2/tcltk'
make[2]: Nothing to be done for `module'.
make[2]: Leaving directory `/home/chuan/Desktop/magic-8.2/tcltk'
--- making Tcl shared libraries
for dir in magic net2ir tcltk; do \
		(cd $dir && make tcl-main); done
make[2]: Entering directory `/home/chuan/Desktop/magic-8.2/magic'
--- making magic Tcl library (tclmagic.so)
rm -f tclmagic.so
gcc -g -m64 -fPIC -Wimplicit-int -fPIC  -I/usr/include/tcl8.6/tk-private/generic -I/usr/include/tcl8.6 -I. -I..  -o tclmagic.so  -shared -Wl,-soname,tclmagic.so -Wl,--version-script=../magic/symbol.map  \
		../cmwind/libcmwind.o ../commands/libcommands.o ../database/libdatabase.o ../dbwind/libdbwind.o ../drc/libdrc.o ../debug/libdebug.o ../extract/libextract.o ../graphics/libgraphics.o ../select/libselect.o ../textio/libtextio.o ../tiles/libtiles.o ../windows/libwindows.o ../wiring/libwiring.o ../resis/libresis.o ../sim/libsim.o ../netmenu/libnetmenu.o ../plow/libplow.o ../utils/libutils.o ../ext2sim/libext2sim.o ../ext2spice/libext2spice.o ../calma/libcalma.o ../cif/libcif.o ../plot/libplot.o ../lef/liblef.o ../extflat/libextflat.o ../garouter/libgarouter.o 	../mzrouter/libmzrouter.o ../router/librouter.o 	../irouter/libirouter.o ../grouter/libgrouter.o 	../gcr/libgcr.o ../tcltk/libtcltk.o -lc -lX11 -lcairo -lfontconfig -lfreetype    -lm   
make[2]: Leaving directory `/home/chuan/Desktop/magic-8.2/magic'
make[2]: Entering directory `/home/chuan/Desktop/magic-8.2/net2ir'
echo "Nothing to do here"
Nothing to do here
make[2]: Leaving directory `/home/chuan/Desktop/magic-8.2/net2ir'
make[2]: Entering directory `/home/chuan/Desktop/magic-8.2/tcltk'
make[2]: Nothing to be done for `tcl-main'.
make[2]: Leaving directory `/home/chuan/Desktop/magic-8.2/tcltk'
make[1]: Leaving directory `/home/chuan/Desktop/magic-8.2'
make[1]: Entering directory `/home/chuan/Desktop/magic-8.2'
--- making modules
for dir in cmwind commands database dbwind debug drc extflat extract graphics netmenu plow resis select sim textio tiles utils windows wiring ext2sim ext2spice calma cif plot lef garouter grouter irouter mzrouter router gcr tcltk magic net2ir tcltk; do \
		(cd $dir && make module); done
make[2]: Entering directory `/home/chuan/Desktop/magic-8.2/cmwind'
make[2]: Nothing to be done for `module'.
make[2]: Leaving directory `/home/chuan/Desktop/magic-8.2/cmwind'
make[2]: Entering directory `/home/chuan/Desktop/magic-8.2/commands'
make[2]: Nothing to be done for `module'.
make[2]: Leaving directory `/home/chuan/Desktop/magic-8.2/commands'
make[2]: Entering directory `/home/chuan/Desktop/magic-8.2/database'
make[2]: Nothing to be done for `module'.
make[2]: Leaving directory `/home/chuan/Desktop/magic-8.2/database'
make[2]: Entering directory `/home/chuan/Desktop/magic-8.2/dbwind'
make[2]: Nothing to be done for `module'.
make[2]: Leaving directory `/home/chuan/Desktop/magic-8.2/dbwind'
make[2]: Entering directory `/home/chuan/Desktop/magic-8.2/debug'
make[2]: Nothing to be done for `module'.
make[2]: Leaving directory `/home/chuan/Desktop/magic-8.2/debug'
make[2]: Entering directory `/home/chuan/Desktop/magic-8.2/drc'
make[2]: Nothing to be done for `module'.
make[2]: Leaving directory `/home/chuan/Desktop/magic-8.2/drc'
make[2]: Entering directory `/home/chuan/Desktop/magic-8.2/extflat'
make[2]: Nothing to be done for `module'.
make[2]: Leaving directory `/home/chuan/Desktop/magic-8.2/extflat'
make[2]: Entering directory `/home/chuan/Desktop/magic-8.2/extract'
make[2]: Nothing to be done for `module'.
make[2]: Leaving directory `/home/chuan/Desktop/magic-8.2/extract'
make[2]: Entering directory `/home/chuan/Desktop/magic-8.2/graphics'
--- compiling graphics/grTCairo1.o
rm -f grTCairo1.o
gcc -g -m64 -fPIC -Wimplicit-int -fPIC  -I/usr/include/tcl8.6/tk-private/generic -I/usr/include/tcl8.6  -I. -I..  -DCAD_DIR=\"/home/chuan/Desktop/magic_install/lib\" -DBIN_DIR=\"/home/chuan/Desktop/magic_install/bin\" -DTCL_DIR=\"/home/chuan/Desktop/magic_install/lib/magic/tcl\" -DPACKAGE_NAME=\"\" -DPACKAGE_TARNAME=\"\" -DPACKAGE_VERSION=\"\" -DPACKAGE_STRING=\"\" -DPACKAGE_BUGREPORT=\"\" -DPACKAGE_URL=\"\" -DMAGIC_VERSION=\"8.2\" -DMAGIC_REVISION=\"19\" -DSTDC_HEADERS=1 -DHAVE_SYS_TYPES_H=1 -DHAVE_SYS_STAT_H=1 -DHAVE_STDLIB_H=1 -DHAVE_STRING_H=1 -DHAVE_MEMORY_H=1 -DHAVE_STRINGS_H=1 -DHAVE_INTTYPES_H=1 -DHAVE_STDINT_H=1 -DHAVE_UNISTD_H=1 -DSIZEOF_VOID_P=8 -DSIZEOF_UNSIGNED_INT=4 -DSIZEOF_UNSIGNED_LONG=8 -DSIZEOF_UNSIGNED_LONG_LONG=8 -DSTDC_HEADERS=1 -DHAVE_SETENV=1 -DHAVE_PUTENV=1 -DHAVE_SYS_MMAN_H=1 -DHAVE_DIRENT_H=1 -DHAVE_LIMITS_H=1 -DHAVE_PATHS_H=1 -DHAVE_VA_COPY=1 -DHAVE___VA_COPY=1 -DFILE_LOCKS=1 -DCALMA_MODULE=1 -DCIF_MODULE=1 -DX11_BACKING_STORE=1 -DPLOT_MODULE=1 -DLEF_MODULE=1 -DROUTE_MODULE=1 -DUSE_NEW_MACROS=1 -DVECTOR_FONTS=1 -DHAVE_LIBCAIRO=1 -DMAGIC_WRAPPER=1 -Dlinux=1 -DSYSV=1 -DISC=1 -DNDEBUG -DGCORE=\"/usr/bin/gcore\" -DSHDLIB_EXT=\".so\" -DX11 -DXLIB -DCAIRO -DNDEBUG  -c grTCairo1.c
--- compiling graphics/grTCairo2.o
rm -f grTCairo2.o
gcc -g -m64 -fPIC -Wimplicit-int -fPIC  -I/usr/include/tcl8.6/tk-private/generic -I/usr/include/tcl8.6  -I. -I..  -DCAD_DIR=\"/home/chuan/Desktop/magic_install/lib\" -DBIN_DIR=\"/home/chuan/Desktop/magic_install/bin\" -DTCL_DIR=\"/home/chuan/Desktop/magic_install/lib/magic/tcl\" -DPACKAGE_NAME=\"\" -DPACKAGE_TARNAME=\"\" -DPACKAGE_VERSION=\"\" -DPACKAGE_STRING=\"\" -DPACKAGE_BUGREPORT=\"\" -DPACKAGE_URL=\"\" -DMAGIC_VERSION=\"8.2\" -DMAGIC_REVISION=\"19\" -DSTDC_HEADERS=1 -DHAVE_SYS_TYPES_H=1 -DHAVE_SYS_STAT_H=1 -DHAVE_STDLIB_H=1 -DHAVE_STRING_H=1 -DHAVE_MEMORY_H=1 -DHAVE_STRINGS_H=1 -DHAVE_INTTYPES_H=1 -DHAVE_STDINT_H=1 -DHAVE_UNISTD_H=1 -DSIZEOF_VOID_P=8 -DSIZEOF_UNSIGNED_INT=4 -DSIZEOF_UNSIGNED_LONG=8 -DSIZEOF_UNSIGNED_LONG_LONG=8 -DSTDC_HEADERS=1 -DHAVE_SETENV=1 -DHAVE_PUTENV=1 -DHAVE_SYS_MMAN_H=1 -DHAVE_DIRENT_H=1 -DHAVE_LIMITS_H=1 -DHAVE_PATHS_H=1 -DHAVE_VA_COPY=1 -DHAVE___VA_COPY=1 -DFILE_LOCKS=1 -DCALMA_MODULE=1 -DCIF_MODULE=1 -DX11_BACKING_STORE=1 -DPLOT_MODULE=1 -DLEF_MODULE=1 -DROUTE_MODULE=1 -DUSE_NEW_MACROS=1 -DVECTOR_FONTS=1 -DHAVE_LIBCAIRO=1 -DMAGIC_WRAPPER=1 -Dlinux=1 -DSYSV=1 -DISC=1 -DNDEBUG -DGCORE=\"/usr/bin/gcore\" -DSHDLIB_EXT=\".so\" -DX11 -DXLIB -DCAIRO -DNDEBUG  -c grTCairo2.c
--- linking libgraphics.o
rm -f libgraphics.o
ld -r grMain.o grLock.o grDStyle.o grText.o grCMap.o grClip.o grGlyphs.o grNull.o W3Dmain.o grTk1.o grTk2.o grTk3.o grTk4.o grTk5.o grTCairo1.o grTCairo2.o grTCairo3.o grTCairo4.o grTCairo5.o grTkCommon.o -o libgraphics.o 
make[2]: Leaving directory `/home/chuan/Desktop/magic-8.2/graphics'
make[2]: Entering directory `/home/chuan/Desktop/magic-8.2/netmenu'
make[2]: Nothing to be done for `module'.
make[2]: Leaving directory `/home/chuan/Desktop/magic-8.2/netmenu'
make[2]: Entering directory `/home/chuan/Desktop/magic-8.2/plow'
make[2]: Nothing to be done for `module'.
make[2]: Leaving directory `/home/chuan/Desktop/magic-8.2/plow'
make[2]: Entering directory `/home/chuan/Desktop/magic-8.2/resis'
make[2]: Nothing to be done for `module'.
make[2]: Leaving directory `/home/chuan/Desktop/magic-8.2/resis'
make[2]: Entering directory `/home/chuan/Desktop/magic-8.2/select'
make[2]: Nothing to be done for `module'.
make[2]: Leaving directory `/home/chuan/Desktop/magic-8.2/select'
make[2]: Entering directory `/home/chuan/Desktop/magic-8.2/sim'
make[2]: Nothing to be done for `module'.
make[2]: Leaving directory `/home/chuan/Desktop/magic-8.2/sim'
make[2]: Entering directory `/home/chuan/Desktop/magic-8.2/textio'
make[2]: Nothing to be done for `module'.
make[2]: Leaving directory `/home/chuan/Desktop/magic-8.2/textio'
make[2]: Entering directory `/home/chuan/Desktop/magic-8.2/tiles'
make[2]: Nothing to be done for `module'.
make[2]: Leaving directory `/home/chuan/Desktop/magic-8.2/tiles'
make[2]: Entering directory `/home/chuan/Desktop/magic-8.2/utils'
make[2]: Nothing to be done for `module'.
make[2]: Leaving directory `/home/chuan/Desktop/magic-8.2/utils'
make[2]: Entering directory `/home/chuan/Desktop/magic-8.2/windows'
make[2]: Nothing to be done for `module'.
make[2]: Leaving directory `/home/chuan/Desktop/magic-8.2/windows'
make[2]: Entering directory `/home/chuan/Desktop/magic-8.2/wiring'
make[2]: Nothing to be done for `module'.
make[2]: Leaving directory `/home/chuan/Desktop/magic-8.2/wiring'
make[2]: Entering directory `/home/chuan/Desktop/magic-8.2/ext2sim'
make[2]: Nothing to be done for `module'.
make[2]: Leaving directory `/home/chuan/Desktop/magic-8.2/ext2sim'
make[2]: Entering directory `/home/chuan/Desktop/magic-8.2/ext2spice'
make[2]: Nothing to be done for `module'.
make[2]: Leaving directory `/home/chuan/Desktop/magic-8.2/ext2spice'
make[2]: Entering directory `/home/chuan/Desktop/magic-8.2/calma'
make[2]: Nothing to be done for `module'.
make[2]: Leaving directory `/home/chuan/Desktop/magic-8.2/calma'
make[2]: Entering directory `/home/chuan/Desktop/magic-8.2/cif'
make[2]: Nothing to be done for `module'.
make[2]: Leaving directory `/home/chuan/Desktop/magic-8.2/cif'
make[2]: Entering directory `/home/chuan/Desktop/magic-8.2/plot'
make[2]: Nothing to be done for `module'.
make[2]: Leaving directory `/home/chuan/Desktop/magic-8.2/plot'
make[2]: Entering directory `/home/chuan/Desktop/magic-8.2/lef'
make[2]: Nothing to be done for `module'.
make[2]: Leaving directory `/home/chuan/Desktop/magic-8.2/lef'
make[2]: Entering directory `/home/chuan/Desktop/magic-8.2/garouter'
make[2]: Nothing to be done for `module'.
make[2]: Leaving directory `/home/chuan/Desktop/magic-8.2/garouter'
make[2]: Entering directory `/home/chuan/Desktop/magic-8.2/grouter'
make[2]: Nothing to be done for `module'.
make[2]: Leaving directory `/home/chuan/Desktop/magic-8.2/grouter'
make[2]: Entering directory `/home/chuan/Desktop/magic-8.2/irouter'
make[2]: Nothing to be done for `module'.
make[2]: Leaving directory `/home/chuan/Desktop/magic-8.2/irouter'
make[2]: Entering directory `/home/chuan/Desktop/magic-8.2/mzrouter'
make[2]: Nothing to be done for `module'.
make[2]: Leaving directory `/home/chuan/Desktop/magic-8.2/mzrouter'
make[2]: Entering directory `/home/chuan/Desktop/magic-8.2/router'
make[2]: Nothing to be done for `module'.
make[2]: Leaving directory `/home/chuan/Desktop/magic-8.2/router'
make[2]: Entering directory `/home/chuan/Desktop/magic-8.2/gcr'
make[2]: Nothing to be done for `module'.
make[2]: Leaving directory `/home/chuan/Desktop/magic-8.2/gcr'
make[2]: Entering directory `/home/chuan/Desktop/magic-8.2/tcltk'
make[2]: Nothing to be done for `module'.
make[2]: Leaving directory `/home/chuan/Desktop/magic-8.2/tcltk'
make[2]: Entering directory `/home/chuan/Desktop/magic-8.2/magic'
make[2]: Nothing to be done for `module'.
make[2]: Leaving directory `/home/chuan/Desktop/magic-8.2/magic'
make[2]: Entering directory `/home/chuan/Desktop/magic-8.2/net2ir'
make[2]: Nothing to be done for `module'.
make[2]: Leaving directory `/home/chuan/Desktop/magic-8.2/net2ir'
make[2]: Entering directory `/home/chuan/Desktop/magic-8.2/tcltk'
make[2]: Nothing to be done for `module'.
make[2]: Leaving directory `/home/chuan/Desktop/magic-8.2/tcltk'
--- making Tcl shared libraries
for dir in magic net2ir tcltk; do \
		(cd $dir && make tcl-main); done
make[2]: Entering directory `/home/chuan/Desktop/magic-8.2/magic'
--- making magic Tcl library (tclmagic.so)
rm -f tclmagic.so
gcc -g -m64 -fPIC -Wimplicit-int -fPIC  -I/usr/include/tcl8.6/tk-private/generic -I/usr/include/tcl8.6 -I. -I..  -o tclmagic.so  -shared -Wl,-soname,tclmagic.so -Wl,--version-script=../magic/symbol.map  \
		../cmwind/libcmwind.o ../commands/libcommands.o ../database/libdatabase.o ../dbwind/libdbwind.o ../drc/libdrc.o ../debug/libdebug.o ../extract/libextract.o ../graphics/libgraphics.o ../select/libselect.o ../textio/libtextio.o ../tiles/libtiles.o ../windows/libwindows.o ../wiring/libwiring.o ../resis/libresis.o ../sim/libsim.o ../netmenu/libnetmenu.o ../plow/libplow.o ../utils/libutils.o ../ext2sim/libext2sim.o ../ext2spice/libext2spice.o ../calma/libcalma.o ../cif/libcif.o ../plot/libplot.o ../lef/liblef.o ../extflat/libextflat.o ../garouter/libgarouter.o 	../mzrouter/libmzrouter.o ../router/librouter.o 	../irouter/libirouter.o ../grouter/libgrouter.o 	../gcr/libgcr.o ../tcltk/libtcltk.o -lc -lX11 -lcairo -lfontconfig -lfreetype    -lm   
make[2]: Leaving directory `/home/chuan/Desktop/magic-8.2/magic'
make[2]: Entering directory `/home/chuan/Desktop/magic-8.2/net2ir'
echo "Nothing to do here"
Nothing to do here
make[2]: Leaving directory `/home/chuan/Desktop/magic-8.2/net2ir'
make[2]: Entering directory `/home/chuan/Desktop/magic-8.2/tcltk'
make[2]: Nothing to be done for `tcl-main'.
make[2]: Leaving directory `/home/chuan/Desktop/magic-8.2/tcltk'
make[1]: Leaving directory `/home/chuan/Desktop/magic-8.2'
make[1]: Entering directory `/home/chuan/Desktop/magic-8.2'
--- making modules
for dir in cmwind commands database dbwind debug drc extflat extract graphics netmenu plow resis select sim textio tiles utils windows wiring ext2sim ext2spice calma cif plot lef garouter grouter irouter mzrouter router gcr tcltk magic net2ir tcltk; do \
		(cd $dir && make module); done
make[2]: Entering directory `/home/chuan/Desktop/magic-8.2/cmwind'
make[2]: Nothing to be done for `module'.
make[2]: Leaving directory `/home/chuan/Desktop/magic-8.2/cmwind'
make[2]: Entering directory `/home/chuan/Desktop/magic-8.2/commands'
make[2]: Nothing to be done for `module'.
make[2]: Leaving directory `/home/chuan/Desktop/magic-8.2/commands'
make[2]: Entering directory `/home/chuan/Desktop/magic-8.2/database'
make[2]: Nothing to be done for `module'.
make[2]: Leaving directory `/home/chuan/Desktop/magic-8.2/database'
make[2]: Entering directory `/home/chuan/Desktop/magic-8.2/dbwind'
make[2]: Nothing to be done for `module'.
make[2]: Leaving directory `/home/chuan/Desktop/magic-8.2/dbwind'
make[2]: Entering directory `/home/chuan/Desktop/magic-8.2/debug'
make[2]: Nothing to be done for `module'.
make[2]: Leaving directory `/home/chuan/Desktop/magic-8.2/debug'
make[2]: Entering directory `/home/chuan/Desktop/magic-8.2/drc'
make[2]: Nothing to be done for `module'.
make[2]: Leaving directory `/home/chuan/Desktop/magic-8.2/drc'
make[2]: Entering directory `/home/chuan/Desktop/magic-8.2/extflat'
make[2]: Nothing to be done for `module'.
make[2]: Leaving directory `/home/chuan/Desktop/magic-8.2/extflat'
make[2]: Entering directory `/home/chuan/Desktop/magic-8.2/extract'
make[2]: Nothing to be done for `module'.
make[2]: Leaving directory `/home/chuan/Desktop/magic-8.2/extract'
make[2]: Entering directory `/home/chuan/Desktop/magic-8.2/graphics'
--- compiling graphics/grTCairo3.o
rm -f grTCairo3.o
gcc -g -m64 -fPIC -Wimplicit-int -fPIC  -I/usr/include/tcl8.6/tk-private/generic -I/usr/include/tcl8.6  -I. -I..  -DCAD_DIR=\"/home/chuan/Desktop/magic_install/lib\" -DBIN_DIR=\"/home/chuan/Desktop/magic_install/bin\" -DTCL_DIR=\"/home/chuan/Desktop/magic_install/lib/magic/tcl\" -DPACKAGE_NAME=\"\" -DPACKAGE_TARNAME=\"\" -DPACKAGE_VERSION=\"\" -DPACKAGE_STRING=\"\" -DPACKAGE_BUGREPORT=\"\" -DPACKAGE_URL=\"\" -DMAGIC_VERSION=\"8.2\" -DMAGIC_REVISION=\"19\" -DSTDC_HEADERS=1 -DHAVE_SYS_TYPES_H=1 -DHAVE_SYS_STAT_H=1 -DHAVE_STDLIB_H=1 -DHAVE_STRING_H=1 -DHAVE_MEMORY_H=1 -DHAVE_STRINGS_H=1 -DHAVE_INTTYPES_H=1 -DHAVE_STDINT_H=1 -DHAVE_UNISTD_H=1 -DSIZEOF_VOID_P=8 -DSIZEOF_UNSIGNED_INT=4 -DSIZEOF_UNSIGNED_LONG=8 -DSIZEOF_UNSIGNED_LONG_LONG=8 -DSTDC_HEADERS=1 -DHAVE_SETENV=1 -DHAVE_PUTENV=1 -DHAVE_SYS_MMAN_H=1 -DHAVE_DIRENT_H=1 -DHAVE_LIMITS_H=1 -DHAVE_PATHS_H=1 -DHAVE_VA_COPY=1 -DHAVE___VA_COPY=1 -DFILE_LOCKS=1 -DCALMA_MODULE=1 -DCIF_MODULE=1 -DX11_BACKING_STORE=1 -DPLOT_MODULE=1 -DLEF_MODULE=1 -DROUTE_MODULE=1 -DUSE_NEW_MACROS=1 -DVECTOR_FONTS=1 -DHAVE_LIBCAIRO=1 -DMAGIC_WRAPPER=1 -Dlinux=1 -DSYSV=1 -DISC=1 -DNDEBUG -DGCORE=\"/usr/bin/gcore\" -DSHDLIB_EXT=\".so\" -DX11 -DXLIB -DCAIRO -DNDEBUG  -c grTCairo3.c
--- linking libgraphics.o
rm -f libgraphics.o
ld -r grMain.o grLock.o grDStyle.o grText.o grCMap.o grClip.o grGlyphs.o grNull.o W3Dmain.o grTk1.o grTk2.o grTk3.o grTk4.o grTk5.o grTCairo1.o grTCairo2.o grTCairo3.o grTCairo4.o grTCairo5.o grTkCommon.o -o libgraphics.o 
make[2]: Leaving directory `/home/chuan/Desktop/magic-8.2/graphics'
make[2]: Entering directory `/home/chuan/Desktop/magic-8.2/netmenu'
make[2]: Nothing to be done for `module'.
make[2]: Leaving directory `/home/chuan/Desktop/magic-8.2/netmenu'
make[2]: Entering directory `/home/chuan/Desktop/magic-8.2/plow'
make[2]: Nothing to be done for `module'.
make[2]: Leaving directory `/home/chuan/Desktop/magic-8.2/plow'
make[2]: Entering directory `/home/chuan/Desktop/magic-8.2/resis'
make[2]: Nothing to be done for `module'.
make[2]: Leaving directory `/home/chuan/Desktop/magic-8.2/resis'
make[2]: Entering directory `/home/chuan/Desktop/magic-8.2/select'
make[2]: Nothing to be done for `module'.
make[2]: Leaving directory `/home/chuan/Desktop/magic-8.2/select'
make[2]: Entering directory `/home/chuan/Desktop/magic-8.2/sim'
make[2]: Nothing to be done for `module'.
make[2]: Leaving directory `/home/chuan/Desktop/magic-8.2/sim'
make[2]: Entering directory `/home/chuan/Desktop/magic-8.2/textio'
make[2]: Nothing to be done for `module'.
make[2]: Leaving directory `/home/chuan/Desktop/magic-8.2/textio'
make[2]: Entering directory `/home/chuan/Desktop/magic-8.2/tiles'
make[2]: Nothing to be done for `module'.
make[2]: Leaving directory `/home/chuan/Desktop/magic-8.2/tiles'
make[2]: Entering directory `/home/chuan/Desktop/magic-8.2/utils'
make[2]: Nothing to be done for `module'.
make[2]: Leaving directory `/home/chuan/Desktop/magic-8.2/utils'
make[2]: Entering directory `/home/chuan/Desktop/magic-8.2/windows'
make[2]: Nothing to be done for `module'.
make[2]: Leaving directory `/home/chuan/Desktop/magic-8.2/windows'
make[2]: Entering directory `/home/chuan/Desktop/magic-8.2/wiring'
make[2]: Nothing to be done for `module'.
make[2]: Leaving directory `/home/chuan/Desktop/magic-8.2/wiring'
make[2]: Entering directory `/home/chuan/Desktop/magic-8.2/ext2sim'
make[2]: Nothing to be done for `module'.
make[2]: Leaving directory `/home/chuan/Desktop/magic-8.2/ext2sim'
make[2]: Entering directory `/home/chuan/Desktop/magic-8.2/ext2spice'
make[2]: Nothing to be done for `module'.
make[2]: Leaving directory `/home/chuan/Desktop/magic-8.2/ext2spice'
make[2]: Entering directory `/home/chuan/Desktop/magic-8.2/calma'
make[2]: Nothing to be done for `module'.
make[2]: Leaving directory `/home/chuan/Desktop/magic-8.2/calma'
make[2]: Entering directory `/home/chuan/Desktop/magic-8.2/cif'
make[2]: Nothing to be done for `module'.
make[2]: Leaving directory `/home/chuan/Desktop/magic-8.2/cif'
make[2]: Entering directory `/home/chuan/Desktop/magic-8.2/plot'
make[2]: Nothing to be done for `module'.
make[2]: Leaving directory `/home/chuan/Desktop/magic-8.2/plot'
make[2]: Entering directory `/home/chuan/Desktop/magic-8.2/lef'
make[2]: Nothing to be done for `module'.
make[2]: Leaving directory `/home/chuan/Desktop/magic-8.2/lef'
make[2]: Entering directory `/home/chuan/Desktop/magic-8.2/garouter'
make[2]: Nothing to be done for `module'.
make[2]: Leaving directory `/home/chuan/Desktop/magic-8.2/garouter'
make[2]: Entering directory `/home/chuan/Desktop/magic-8.2/grouter'
make[2]: Nothing to be done for `module'.
make[2]: Leaving directory `/home/chuan/Desktop/magic-8.2/grouter'
make[2]: Entering directory `/home/chuan/Desktop/magic-8.2/irouter'
make[2]: Nothing to be done for `module'.
make[2]: Leaving directory `/home/chuan/Desktop/magic-8.2/irouter'
make[2]: Entering directory `/home/chuan/Desktop/magic-8.2/mzrouter'
make[2]: Nothing to be done for `module'.
make[2]: Leaving directory `/home/chuan/Desktop/magic-8.2/mzrouter'
make[2]: Entering directory `/home/chuan/Desktop/magic-8.2/router'
make[2]: Nothing to be done for `module'.
make[2]: Leaving directory `/home/chuan/Desktop/magic-8.2/router'
make[2]: Entering directory `/home/chuan/Desktop/magic-8.2/gcr'
make[2]: Nothing to be done for `module'.
make[2]: Leaving directory `/home/chuan/Desktop/magic-8.2/gcr'
make[2]: Entering directory `/home/chuan/Desktop/magic-8.2/tcltk'
make[2]: Nothing to be done for `module'.
make[2]: Leaving directory `/home/chuan/Desktop/magic-8.2/tcltk'
make[2]: Entering directory `/home/chuan/Desktop/magic-8.2/magic'
make[2]: Nothing to be done for `module'.
make[2]: Leaving directory `/home/chuan/Desktop/magic-8.2/magic'
make[2]: Entering directory `/home/chuan/Desktop/magic-8.2/net2ir'
make[2]: Nothing to be done for `module'.
make[2]: Leaving directory `/home/chuan/Desktop/magic-8.2/net2ir'
make[2]: Entering directory `/home/chuan/Desktop/magic-8.2/tcltk'
make[2]: Nothing to be done for `module'.
make[2]: Leaving directory `/home/chuan/Desktop/magic-8.2/tcltk'
--- making Tcl shared libraries
for dir in magic net2ir tcltk; do \
		(cd $dir && make tcl-main); done
make[2]: Entering directory `/home/chuan/Desktop/magic-8.2/magic'
--- making magic Tcl library (tclmagic.so)
rm -f tclmagic.so
gcc -g -m64 -fPIC -Wimplicit-int -fPIC  -I/usr/include/tcl8.6/tk-private/generic -I/usr/include/tcl8.6 -I. -I..  -o tclmagic.so  -shared -Wl,-soname,tclmagic.so -Wl,--version-script=../magic/symbol.map  \
		../cmwind/libcmwind.o ../commands/libcommands.o ../database/libdatabase.o ../dbwind/libdbwind.o ../drc/libdrc.o ../debug/libdebug.o ../extract/libextract.o ../graphics/libgraphics.o ../select/libselect.o ../textio/libtextio.o ../tiles/libtiles.o ../windows/libwindows.o ../wiring/libwiring.o ../resis/libresis.o ../sim/libsim.o ../netmenu/libnetmenu.o ../plow/libplow.o ../utils/libutils.o ../ext2sim/libext2sim.o ../ext2spice/libext2spice.o ../calma/libcalma.o ../cif/libcif.o ../plot/libplot.o ../lef/liblef.o ../extflat/libextflat.o ../garouter/libgarouter.o 	../mzrouter/libmzrouter.o ../router/librouter.o 	../irouter/libirouter.o ../grouter/libgrouter.o 	../gcr/libgcr.o ../tcltk/libtcltk.o -lc -lX11 -lcairo -lfontconfig -lfreetype    -lm   
make[2]: Leaving directory `/home/chuan/Desktop/magic-8.2/magic'
make[2]: Entering directory `/home/chuan/Desktop/magic-8.2/net2ir'
echo "Nothing to do here"
Nothing to do here
make[2]: Leaving directory `/home/chuan/Desktop/magic-8.2/net2ir'
make[2]: Entering directory `/home/chuan/Desktop/magic-8.2/tcltk'
make[2]: Nothing to be done for `tcl-main'.
make[2]: Leaving directory `/home/chuan/Desktop/magic-8.2/tcltk'
make[1]: Leaving directory `/home/chuan/Desktop/magic-8.2'
